0,0.15714763162769532,0.15732678753613238
1,0.1491167720837015,0.14930246089524618
2,0.14230085062571365,0.14249266002773037
3,0.1364900982935079,0.1366915541183869
4,0.1316188932670412,0.13182269717108963
5,0.12259468232328033,0.12280038538184321
6,0.11470237578300081,0.1149135209636038
7,0.107901268711627,0.10811409414016539
8,0.10206504692634347,0.10228006849721591
9,0.0970339943803386,0.09723936114550079
10,0.09273960234090767,0.092940413902999
11,0.08909966111265198,0.0892976051663212
12,0.08613115139779354,0.08631993424402307
13,0.08354460797383594,0.08372475068026682
14,0.07926682646645629,0.07942080548738761
15,0.07556846800363749,0.07569752756795892
16,0.07249542849252606,0.07260155302820402
17,0.06989099232512627,0.06997829826593367
18,0.06764244816874262,0.06771295835177932
19,0.06581459352367305,0.06586869440564212
20,0.0642340628150865,0.0642732613597122
21,0.06291527906322346,0.06294051564889885
22,0.06182215811363591,0.061833139403834725
23,0.060948245217973,0.06095174021070065
24,0.060209435386788995,0.060202002530872885
25,0.0595926312172282,0.05957424148406556
26,0.059112906006996285,0.059087526040762006
27,0.058726903378196665,0.05869537971808927
28,0.05836363619437379,0.05832518647320577
29,0.05807533333413421,0.05803355917448205
30,0.057833584037106936,0.05778688738407964
31,0.0576329162518112,0.05758082537642837
32,0.05746897488111075,0.05741329390197436
33,0.05733997037948722,0.05728079061874304
34,0.05722822122522691,0.05716522440453741
35,0.05713817369526433,0.05707322618490466
36,0.0570575719469046,0.05699017357085143
37,0.05699306444544128,0.05692423775801462
38,0.056934896245735014,0.056864530368924075
39,0.056885381177463064,0.056812705343663616
40,0.05684480158038743,0.0567715192331954
41,0.05680590020938273,0.05673530229632948
42,0.056770770414180535,0.05670470566679197
43,0.056738755890456974,0.05667520787600857
44,0.05671793855550802,0.056654062297314886
45,0.05669257072419387,0.05662971857699525
46,0.056671540618668824,0.056612066645384054
47,0.056654619490794984,0.056597820600684114
48,0.05664124448150563,0.05658574001989651
49,0.056625634666613744,0.056572477322535744
50,0.05661232326459377,0.05655928278453667
51,0.05659683810903281,0.05654381489392209
52,0.05658581670670957,0.05653492772019442
53,0.05657746493613598,0.056526986898657386
54,0.05656772766084833,0.056518770608087285
55,0.05656175558312713,0.05651330890963637
56,0.05655454335232641,0.05650768518633874
57,0.05654624545708943,0.0565001968807336
58,0.05654435987211203,0.05649857573484262
59,0.0565378104123061,0.056491293533743915
60,0.05653551001260503,0.056489606835397214
61,0.0565303306456118,0.05648407714063403
62,0.05652523005169615,0.05647994705601637
63,0.05651898727746658,0.05647607927973224
64,0.056512070437788026,0.056471790148275594
65,0.05650221869960449,0.05646094145842174
66,0.05649417046247033,0.056451678168808805
67,0.056488992642646715,0.05644882153796077
68,0.05648696695304776,0.05644726622170797
69,0.05648177210894894,0.056442445990132345
70,0.05647874247560515,0.056440170016102575
71,0.056476755649371845,0.05643934001575789
72,0.05647290426198958,0.05643622481470687
73,0.05647197505114632,0.056436042526733066
74,0.05646838410972337,0.05643305978705952
75,0.0564596922515858,0.056423866027043884
76,0.056457623616527515,0.056423299359421426
77,0.05645169502889125,0.05641870294827854
78,0.056450531061335324,0.05641874101290881
79,0.05644823647638266,0.05641784327248342
80,0.05644801652109997,0.05641784302951334
81,0.05644628186922916,0.05641661693669989
82,0.056441772456438284,0.05641381659063025
83,0.05643927513832448,0.05641148905748801
84,0.056435677264312284,0.05640798791328755
85,0.05643371293627002,0.05640610888877671
86,0.05643228011581253,0.0564052084431094
87,0.05642612860504724,0.05640014748534067
88,0.056425320333218926,0.05639940721176166
89,0.056418450983692754,0.05639230865298285
90,0.05641462186138652,0.05638981046966665
91,0.05641145039086671,0.05638729152916543
92,0.056408909428015096,0.056385026068197376
93,0.056406465088823285,0.05638326496095502
94,0.056403212462766965,0.05638025802142316
95,0.056401545404979,0.05637928843886271
96,0.05639853206930877,0.05637741072059383
97,0.05639676782611884,0.05637512199024665
98,0.05639463358337312,0.05637367845033377
99,0.05639148616912912,0.05637143856982778
100,0.05638797439563558,0.056368540765551894
101,0.05638437340347469,0.056364397211045046
102,0.0563822173606171,0.056363116386993574
103,0.05638050751360603,0.05636240412005197
104,0.05638041643669585,0.056362404879957195
105,0.0563803318093395,0.05636225439585744
106,0.056375889231853465,0.056357554604772014
107,0.0563723449353013,0.056354149747140946
108,0.05636976224480347,0.05635105169261105
109,0.05636958486786298,0.056350944900142634
110,0.05636522265360966,0.056347563707600336
111,0.056364593033233025,0.05634717619301377
112,0.056363411613490184,0.05634675436226681
113,0.0563620423711859,0.05634564842912269
114,0.05636129338144519,0.056345467302560216
115,0.05636125487453337,0.056345467401776
116,0.05635951022292743,0.056344288497122065
117,0.05635855333175916,0.0563437871880529
118,0.056354144757477444,0.056340574989561645
119,0.05635413465979257,0.05634057511159163
120,0.05635402238392848,0.05634057476890353
121,0.05635113054224677,0.05633929226526671
122,0.056348246697009385,0.05633641734288462
123,0.056343332217313545,0.05633145384681335
124,0.056338105968889156,0.05632678191560585
125,0.05633643780859802,0.05632597978278659
126,0.056333682120529055,0.05632320277629461
127,0.05633348880448668,0.05632320480213441
128,0.056331896138322075,0.056322044810938936
129,0.056327241327935124,0.05631677938315186
130,0.05632167922115678,0.0563126748678023
131,0.05631963002309469,0.05631057566441966
132,0.05631550275633338,0.05630703172968345
133,0.056314195220287765,0.05630618986967925
134,0.05631050684516234,0.05630312420972152
135,0.05630940010222738,0.05630237259274401
136,0.05630543451360261,0.05629873420118599
137,0.05630157591480905,0.05629710060486918
138,0.05629845660985176,0.05629419073011564
139,0.05629520563437603,0.05629175746718048
140,0.05629182576408185,0.05628753165957746
141,0.05629142111153215,0.05628753760008765
142,0.05629133219171604,0.05628753738373965
143,0.056287736765036435,0.05628516767278269
144,0.05628740414809174,0.05628511275644686
145,0.056285455012104836,0.056284497530344445
146,0.05628068050839893,0.05627937451819472
147,0.056277552128797266,0.05627698398573776
148,0.05627481874265818,0.05627524267432916
149,0.05627452013101377,0.056275232936601194
150,0.05627447701884291,0.05627524235521303
151,0.05627152582816868,0.05627201443611895
152,0.056270605993696765,0.05627117948071245
153,0.05626966466883176,0.05627056531056703
154,0.05626683730814284,0.05626817529999381
155,0.056264727276506485,0.056266463205322005
156,0.056262146097135084,0.05626513785803933
157,0.05625917690099506,0.056262349358513326
158,0.056252934342350715,0.05625691548273155
159,0.05625075898789687,0.056254888805416216
160,0.05624801191341668,0.05625253097408487
161,0.05624767054770732,0.05625253044913533
162,0.05624762239062124,0.05625253079059391
163,0.05624553289962115,0.056251025404060594
164,0.05624201419979555,0.05624807712482075
165,0.05624001677180745,0.05624719455287007
166,0.05623914386327159,0.05624588280866367
167,0.056236415141242314,0.056243489828436494
168,0.05623277311428282,0.05623998284447025
169,0.05623254407648013,0.05624002235774668
170,0.05623066355013356,0.05623822136295665
171,0.05623041676993975,0.05623799652581087
172,0.05622951158575965,0.056237199463355855
173,0.056229260193132874,0.05623696436150704
174,0.05622596845659582,0.05623442433175707
175,0.05621908606975804,0.056227742978257306
176,0.05621462446153898,0.05622272166867901
177,0.056214108160072426,0.05622272798092322
178,0.056213616594537295,0.056222371701074685
179,0.05621349922558211,0.05622237108311089
180,0.05621347464649327,0.05622236692463092
181,0.056211285230489925,0.056221278767220106
182,0.056205548857796724,0.0562155064337495
183,0.05620300553269724,0.05621377635052425
184,0.056201312768808374,0.05621314533290367
185,0.05619800782878465,0.05621095803185767
186,0.05619626856084255,0.05620981392430647
187,0.05619257492534137,0.0562082900915403
188,0.05618932703677975,0.056205099815634735
189,0.056187462733283865,0.05620320928242465
190,0.056185249069369114,0.05620139241280791
191,0.056184353970855826,0.056200659377390064
192,0.05618318328353227,0.056199707281309436
193,0.0561830533371838,0.05619970540520626
194,0.056182578738560494,0.05619942426340579
195,0.056180212162970894,0.05619705613325129
196,0.056179258792031964,0.05619641725057791
197,0.05617662831835225,0.056194457836149264
198,0.05617453843631656,0.05619418865878608
199,0.05617411246183539,0.05619399467840873
200,0.056172200395074964,0.05619292280284921
201,0.05616999900360308,0.0561929416026773
202,0.05616869840100265,0.05619222249928718
203,0.05616641912498309,0.05619022493793912
204,0.056165446512691106,0.056189911000530585
205,0.05616536157546872,0.05618985366090491
206,0.05616367916572862,0.05618836604783161
207,0.056161363744854,0.05618667065028929
208,0.056159892304767686,0.05618604139120849
209,0.05615899074228387,0.05618556521282766
210,0.05615438190632206,0.056181649210099806
211,0.056152508864070555,0.056181052407662406
212,0.056151164945379556,0.05618056401673472
213,0.05615029719641533,0.05618016412304494
214,0.05615021752511707,0.05618016336517186
215,0.056149044665581814,0.056180392986194316
216,0.05614815198157265,0.056179944408655105
217,0.05614539810090011,0.05617823730935137
218,0.05614419416984941,0.05617805048884146
219,0.056142678422528125,0.05617713803016844
220,0.0561418737939965,0.05617701319946921
221,0.05613981187112706,0.056175555442017425
222,0.05613812971635919,0.05617391153577414
223,0.05613752952044739,0.0561735367401648
224,0.056134351356388695,0.05617020485081171
225,0.05613327321737671,0.056170178437192915
226,0.05613245877054424,0.05617026284726991
227,0.056130372027251914,0.056170305644140495
228,0.05612861106870638,0.05616912053813569
229,0.05612655707457688,0.056167669589743736
230,0.056126062046504145,0.0561672704580964
231,0.056124219348832265,0.05616617349085404
232,0.05612351425818751,0.05616555559613194
233,0.05611996140413431,0.056162343100906106
234,0.05611927154003643,0.05616200566410567
235,0.0561180588869133,0.0561617442486038
236,0.056117498771508775,0.05616168985374309
237,0.056114747449128206,0.05616013213599218
238,0.05611289586966651,0.056159415868918004
239,0.056111980334317794,0.056159038566697614
240,0.056103320123318506,0.05615279170349804
241,0.05610246487565541,0.05615224919195452
242,0.056100364620431414,0.05615033402053361
243,0.056096387563072656,0.05614662433654946
244,0.05609578049693633,0.05614662450708417
245,0.056095621166403584,0.05614662277573272
246,0.05609511296278044,0.056146446886492354
247,0.05609497591558045,0.05614644179595588
248,0.056093873915869785,0.05614606610562882
249,0.05609073450526315,0.05614293594797056
250,0.05608887087355702,0.05614107573881168
251,0.0560866795339496,0.05613949386897421
252,0.0560860748380661,0.05613917756161539
253,0.05608555093385515,0.05613944876328849
254,0.05608421329485323,0.05613930004939367
255,0.05608355882030084,0.05613902762542926
256,0.056082145380012646,0.056138146586812855
257,0.05607915542201927,0.05613595193696481
258,0.05607701684510621,0.05613346199246555
259,0.05607621528574703,0.05613219826991155
260,0.05607429337782703,0.056131538041771914
261,0.05607423511425888,0.05613154440367464
262,0.05607199078582645,0.056129231167162064
263,0.05607011308432876,0.056128812894041515
264,0.05606853086814827,0.0561266738910585
265,0.05606849966330722,0.0561266737941038
266,0.05606794097533567,0.056126598586256266
267,0.05606625135779944,0.056126281283104595
268,0.05606405025000386,0.05612479171689799
269,0.05606325190233858,0.05612466823323063
270,0.05606318539617012,0.05612466621371374
271,0.056060626762007924,0.05612404011789595
272,0.05605956868164538,0.056123775971019266
273,0.056057799320458984,0.05612308862877317
274,0.05605778905042668,0.056123088542584895
275,0.056056286026616525,0.05612161404895185
276,0.05605496473648283,0.05612040210127509
277,0.056054577139135406,0.056120058261269166
278,0.05605403470694771,0.05611954678364458
279,0.05605217603627154,0.056117766118196716
280,0.056052132219832705,0.05611776570076548
281,0.056051111987414665,0.05611714646407181
282,0.05605010649593946,0.056116530741088064
283,0.056050071851167664,0.056116534917022336
284,0.056048200039014826,0.0561158104192173
285,0.05604662114266603,0.05611482424712482
286,0.056045566516166274,0.056114888504543096
287,0.056045532838475284,0.05611488836889517
288,0.05604387741035481,0.05611407214526428
289,0.056043356673647154,0.056113830202694816
290,0.05604221069420273,0.056112814590119894
291,0.05604115741677532,0.05611215166901248
292,0.056040486333966806,0.05611209350611846
293,0.0560389823965993,0.05611149053920768
294,0.0560388612888585,0.05611158170466043
295,0.05603865455336386,0.05611160696396199
296,0.056037317413832416,0.0561103201625821
297,0.05603602248516247,0.056110289294552
298,0.05603592008435219,0.05611017399402534
299,0.056034857382214885,0.05610983169983059
300,0.0560339004372342,0.056110362236779815
301,0.05603274871767398,0.05611048919291029
302,0.05603209990501184,0.0561104220811443
303,0.056029586156974495,0.0561101966247372
304,0.056026774815453005,0.056109138392411835
305,0.05602519739665576,0.056108379036814766
306,0.05602320993287428,0.05610790652619446
307,0.056022716778397194,0.05610800969913334
308,0.05602039772750525,0.056105689922547934
309,0.0560202762601498,0.056105739417236504
310,0.056018853708404634,0.0561059040561883
311,0.05601810067873391,0.05610551166046027
312,0.05601744168326142,0.05610556246775551
313,0.05601617111028199,0.05610425970270929
314,0.05601411229487387,0.056103793799079524
315,0.05601406546391831,0.05610368401802472
316,0.05601375014810762,0.05610365496058215
317,0.05601210716255177,0.05610321086171081
318,0.05601006288074091,0.05610255496328152
319,0.05600987943474143,0.056102385668243895
320,0.056008073366486125,0.05610144400216427
321,0.05600797117347711,0.05610152179125934
322,0.05600739922267221,0.056101206295758446
323,0.056006077759241116,0.0561010941436689
324,0.05600492711405135,0.05610059238794983
325,0.056003505420610444,0.05610033948857311
326,0.05600307027693254,0.056100123390645865
327,0.056002828524192146,0.05609993854129031
328,0.056001862077582995,0.05609890731572823
329,0.05600032837670135,0.05609854891238826
330,0.05599834541166463,0.05609836987466977
331,0.05599795928106893,0.05609835806045352
332,0.05599572301128991,0.05609645235119387
333,0.05599407370735798,0.05609559304090301
334,0.05599363977089893,0.05609538427023855
335,0.055993298107150785,0.05609518373699304
336,0.0559930971829482,0.05609517852413514
337,0.055993011348238975,0.05609520144247215
338,0.05599167150642364,0.05609367398027258
339,0.0559900576449368,0.05609272719647298
340,0.055989156097003244,0.05609249149018315
341,0.05598883717353418,0.05609230433258061
342,0.055987376215847526,0.056092021565568737
343,0.05598675344993806,0.05609173034798991
344,0.05598643981112298,0.05609151890090383
345,0.055986301163761625,0.05609154169877149
346,0.05598560728946025,0.05609134456702284
347,0.05598496134809358,0.056091239613918535
348,0.055983683837986735,0.0560908261234501
349,0.05597830133410369,0.05608611236841105
350,0.05597686949543999,0.056084789647205875
351,0.05597528890826862,0.05608475145747513
352,0.055975127608220314,0.05608477322479317
353,0.05597437268973809,0.0560843894862399
354,0.05597166283743506,0.056082751747988116
355,0.05597089983995455,0.05608232671132126
356,0.05596980348451657,0.056082348136602476
357,0.055968416188669476,0.056081343966268536
358,0.05596774047445303,0.056081468818595256
359,0.055965534904399504,0.056080171292547554
360,0.05596518741822595,0.05608013181004765
361,0.05596401406546119,0.056079268280952686
362,0.05596311280263727,0.056079198135378865
363,0.05596072609889644,0.05607771911264272
364,0.055960408818950105,0.05607743533296492
365,0.05595992334703796,0.056077404161418196
366,0.05595882593300138,0.056076847457066155
367,0.0559583566270458,0.05607644405665177
368,0.055957701582297445,0.05607581338392597
369,0.055955196208150974,0.056075456338948865
370,0.05595475980062129,0.05607542145978816
371,0.055953833533263886,0.05607587433809525
372,0.05595230292339076,0.05607475527945662
373,0.05595022386114116,0.05607419987678153
374,0.05594941770203829,0.05607381781022581
375,0.055947575930682315,0.056073494104414194
376,0.05594562571112539,0.056072236611297364
377,0.05594293241107835,0.0560710789049141
378,0.055942715689998465,0.05607116347023885
379,0.05594247935557982,0.05607091051994614
380,0.05594127064893177,0.05607005129708256
381,0.05594107722125322,0.056069965167665985
382,0.055940945719069955,0.05606999531441313
383,0.05593691976460426,0.05606772028048865
384,0.05593606384500143,0.05606799941089472
385,0.055935061880165955,0.056067068813352855
386,0.055934816568016334,0.056067195494292704
387,0.05593344256520242,0.05606646652132749
388,0.05593303017247455,0.05606642840678347
389,0.055930441666617786,0.05606399222069974
390,0.05592994725062357,0.0560640314701629
391,0.05592963059247522,0.05606392925592141
392,0.05592949753395912,0.0560640542374648
393,0.05592938389683996,0.05606408513572887
394,0.05592858848059894,0.05606371198266368
395,0.05592846328391778,0.05606373967523059
396,0.055928277196243825,0.056063757239472295
397,0.05592811503450032,0.05606375187094715
398,0.055927528654918957,0.05606408122295902
399,0.05592530857381222,0.05606341079733132
400,0.0559249754676749,0.056063147905365165
401,0.05592412563406157,0.05606283663416701
402,0.055923204410990385,0.05606250154558667
403,0.055922548170907735,0.0560625107106535
404,0.05592236846913731,0.05606251436324016
405,0.05592189881060723,0.05606242413276302
406,0.055921315754952974,0.05606254248093332
407,0.055921114156457355,0.0560625519333333
408,0.05592006348049956,0.05606204044733121
409,0.055918917294761436,0.056061348921630796
410,0.05591861351006476,0.056061156889276036
411,0.05591805844174331,0.0560611120409065
412,0.05591741304529549,0.05606083080516151
413,0.05591696534561713,0.05606083782489904
414,0.05591575417374992,0.05606071897453185
415,0.055914798379555694,0.056060028801649814
416,0.05591317177251757,0.056058414067994396
417,0.05591286286180123,0.05605845672297143
418,0.05591253053747152,0.05605830361072341
419,0.055912057533874814,0.056058141593330384
420,0.055910650095230385,0.05605825374581632
421,0.055909374718418954,0.05605835653153625
422,0.055908320994272925,0.0560583815892571
423,0.05590645340241186,0.05605843549818995
424,0.055906031898761345,0.05605852363116544
425,0.05590455047874638,0.05605842554529349
426,0.05590282735464365,0.05605741351129011
427,0.05590269684352119,0.05605736808462587
428,0.055901496030692166,0.05605667047540731
429,0.05590146925520355,0.05605666127098133
430,0.0559009807172368,0.05605662068262711
431,0.05590081450966591,0.056056480322956896
432,0.05589950231365031,0.05605629815282325
433,0.055898704339304876,0.05605596140851265
434,0.05589759334693666,0.056056406230450675
435,0.05589655228573781,0.05605571140803599
436,0.055895378755313196,0.05605604059609689
437,0.055894449202944924,0.056055606889889927
438,0.05589366759432567,0.05605521290144899
439,0.055893448233404516,0.056055210260156106
440,0.055893022779026524,0.05605512219662619
441,0.0558916796091565,0.056054997015384425
442,0.05589136816105058,0.056054905826604585
443,0.055890297818151254,0.05605442364953143
444,0.055888983562573165,0.05605311056940486
445,0.055888883394964894,0.056053118030402874
446,0.055888078531311586,0.05605327022592791
447,0.05588780718193949,0.05605303572484248
448,0.05588768604880708,0.05605302838873473
449,0.055885596581788356,0.05605114719261914
450,0.055885464125660186,0.056051146869359574
451,0.05588514413832956,0.05605114404541498
452,0.05588451546443632,0.056050521192823145
453,0.05588440165144567,0.056050533452740296
454,0.055884298035473075,0.056050646760686246
455,0.05588411491409126,0.056050722010218865
456,0.05588374089773648,0.05605077952311969
457,0.05588341787499917,0.05605096399494094
458,0.05588049190082017,0.05604976804059097
459,0.05587958442012881,0.05604939896450261
460,0.05587951314963921,0.0560493214460735
461,0.05587882322032057,0.05604940039858624
462,0.055876446650367007,0.05604702428158703
463,0.05587587023777203,0.05604684014581623
464,0.0558755826951468,0.05604687976818015
465,0.05587485322060595,0.05604600703862712
466,0.05587291147726712,0.056045519208295855
467,0.055872243329395964,0.056045600496235255
468,0.05587201359602427,0.056045656776705276
469,0.055870556406852755,0.056045103740699265
470,0.05586990816587575,0.05604486121525686
471,0.055869763069363684,0.05604491861845994
472,0.05586957886364657,0.05604493969830958
473,0.05586868039397801,0.05604501323078446
474,0.055868403946037225,0.056044986199300074
475,0.055867975085609485,0.056044896132026664
476,0.055866735843894164,0.05604489438913692
477,0.05586372024355011,0.056042256566340105
478,0.05586357690305792,0.05604219013360398
479,0.05586219134551285,0.05604125502211669
480,0.05586214177836012,0.056041254810512905
481,0.05586093932587766,0.0560407635217217
482,0.05585981203843283,0.05604059513457731
483,0.055859146504541775,0.05604037938773017
484,0.05585860977466134,0.05604059686548104
485,0.055858391527957296,0.05604029137007421
486,0.055858245378366936,0.05604034639209077
487,0.05585632818159758,0.05603966697001414
488,0.05585526425320583,0.05603967562109848
489,0.05585505019654756,0.05603969624643547
490,0.05585310463914543,0.05603926499541693
491,0.05585221856666931,0.056038966174589075
492,0.05585207463208224,0.05603893718099061
493,0.055851494354520546,0.05603887205888217
494,0.0558513535481608,0.056038827252741404
495,0.055850979658742576,0.056038933651201266
496,0.0558506343208402,0.05603883236403881
497,0.05584978462248963,0.056038622636367635
498,0.05584920309132355,0.05603867554224049
499,0.055848905679453484,0.056038726441052976
500,0.05584734511728487,0.05603933253180976
501,0.05584719861353631,0.05603931432741759
502,0.05584693589175685,0.05603939910064446
503,0.055846857766872905,0.056039390624395155
504,0.0558467224890628,0.05603940083070354
505,0.05584508904408637,0.05603927704707918
506,0.055844823260926116,0.0560392841405418
507,0.05584470025994677,0.05603930919108051
508,0.05584446569508787,0.056039200299432754
509,0.05584242961093429,0.056037419064027615
510,0.055841301356819896,0.056036582286345435
511,0.055840334861909736,0.0560359506250848
512,0.05583841655614846,0.056034185129965275
513,0.055837997527321395,0.05603392979517236
514,0.055836557752800345,0.05603417497642046
515,0.05583654694423123,0.05603417480958246
516,0.0558352853292786,0.056033511453393726
517,0.05583514643712164,0.05603351360092387
518,0.05583507641141036,0.056033514964198936
519,0.055834541819806176,0.05603328287846116
520,0.05583324896368766,0.05603262435129911
521,0.05583268586440682,0.05603258528446468
522,0.05583164089689465,0.056032810221754055
523,0.05583155365354014,0.05603279461462217
524,0.055830829159667264,0.056032927987358996
525,0.05582836541854504,0.05603062534935309
526,0.055826518813966254,0.056030441624187105
527,0.05582601874648417,0.05603033428383287
528,0.05582530554824807,0.05603037033882091
529,0.05582522787359732,0.05603036911398454
530,0.05582367362758706,0.05602928947412561
531,0.055822249757794255,0.05602931975787969
532,0.05582208247764731,0.05602931137443421
533,0.0558214102976628,0.05602942042811336
534,0.05582105168702964,0.05602911078398745
535,0.05581955510764509,0.0560284874544912
536,0.05581946876789983,0.0560282778482004
537,0.05581900486344486,0.05602831726285961
538,0.055818234531234454,0.05602851132752161
539,0.05581721466882204,0.05602789790052091
540,0.055817199762859475,0.05602789763551246
541,0.05581519831123306,0.056026052982852605
542,0.05581508502472189,0.05602605780607875
543,0.05581445927145259,0.05602578433737625
544,0.0558102740685158,0.05602373383368889
545,0.05581000890884028,0.056023658759410164
546,0.05580914524745968,0.05602317370926157
547,0.055808782447481484,0.056023118134213463
548,0.05580801945843876,0.056023487281721254
549,0.05580746477005361,0.056023224587170586
550,0.055803407928077434,0.05602019453110376
551,0.05580328604177469,0.056020159774455305
552,0.05580216592657315,0.05601995368790127
553,0.05580101801023291,0.056019710406334376
554,0.055800698403650234,0.05601986783443939
555,0.05580048201221805,0.05602005418891023
556,0.05580026600102117,0.05602008710741263
557,0.055798934908102435,0.05601912441859941
558,0.05579881824370349,0.05601916413200437
559,0.05579832911752901,0.056019239618836175
560,0.05579805744280154,0.056019262906776925
561,0.05579647025517935,0.05601841465488167
562,0.05579634681499979,0.056018342381848475
563,0.0557951200733619,0.0560171202478217
564,0.055794899452383834,0.056017076759616494
565,0.05579411432556057,0.0560168867706736
566,0.05579347814695053,0.05601653987577535
567,0.0557921102514128,0.05601563032059461
568,0.055791001867829954,0.056015084187926986
569,0.05578971177675624,0.05601442356478457
570,0.05578906308194493,0.056013661643784164
571,0.05578860573369698,0.056013608241013424
572,0.05578785030534602,0.05601341707468803
573,0.0557864744360173,0.05601316719005919
574,0.055786123116225474,0.056012910352045524
575,0.05578595751411142,0.056012963203335604
576,0.05578475246637737,0.05601212606931001
577,0.0557846323427972,0.05601211424032712
578,0.055784533197961256,0.05601217487341393
579,0.055784449795084824,0.05601218302910845
580,0.05578324002894043,0.05601189038687186
581,0.05578304766313489,0.05601197728292952
582,0.05578205713646977,0.05601115860168011
583,0.05578197139431003,0.05601116199210177
584,0.05578182614078872,0.05601117211400914
585,0.05578061506853433,0.05601017181667416
586,0.05578055555178573,0.05601022702152385
587,0.055780444397453666,0.05601022541090984
588,0.05577904514507365,0.05600895314852573
589,0.055777848547662844,0.05600828361627255
590,0.05577781696326978,0.056008306472019154
591,0.055777230482198646,0.05600814131034382
592,0.05577642865258453,0.056008007432320255
593,0.05577614668524916,0.056008036557729735
594,0.055776065695914576,0.056008035332641745
595,0.055775176864902555,0.05600810262836971
596,0.055774477466114414,0.05600793535075732
597,0.05577358336250854,0.056007816472267734
598,0.055772598635449984,0.05600739278378484
599,0.055770273893979073,0.056005452697640054
600,0.05577021912271631,0.05600544707392805
601,0.05577015249907648,0.05600542151276365
602,0.05576990079413283,0.05600540133091975
603,0.05576932548525328,0.056004831477175214
604,0.05576827482504279,0.056005149823291536
605,0.05576755947723533,0.05600521972913901
606,0.05576746992907747,0.05600517064493448
607,0.05576693135146951,0.05600492899103629
608,0.05576643610816738,0.05600507832761367
609,0.05576586321885708,0.056004693138198336
610,0.05576561369244851,0.05600479336863984
611,0.055765301869960045,0.0560049452378567
612,0.05576497269133469,0.05600502185022602
613,0.05576459317463297,0.05600479915004896
614,0.055762930198737404,0.05600544048201257
615,0.05576245181203176,0.056005266646630684
616,0.05576199512380272,0.05600533022319365
617,0.055761518666531645,0.05600530423582406
618,0.05576125087313514,0.05600530234093991
619,0.05576072184072677,0.056005556038398484
620,0.05576061532061402,0.056005547110962756
621,0.05576041899136278,0.05600554643462904
622,0.055758798275757596,0.05600490038868383
623,0.05575867166740268,0.05600491062731882
624,0.05575758660526799,0.05600390126631813
625,0.05575728259448448,0.0560038627103603
626,0.055757204654383684,0.056003834190244
627,0.055756277462620865,0.056003676997726626
628,0.05575605950902621,0.05600367068834881
629,0.05575521054229624,0.056003800532471046
630,0.05575506041074939,0.05600386059719582
631,0.05575481647472222,0.05600388151878917
632,0.055754569997471366,0.05600375121648752
633,0.05575453619180888,0.05600377555360514
634,0.05575449763075312,0.056003775227741234
635,0.05575332990978161,0.05600380820998844
636,0.05575326123368216,0.05600381652461521
637,0.05575294914422452,0.05600380790968938
638,0.05575180570868377,0.056004153491088345
639,0.055751354701052046,0.05600418293678511
640,0.055750994363936025,0.0560041165477471
641,0.05575029259152509,0.056004299377559706
642,0.05574967592065851,0.05600453602335364
643,0.05574950438272637,0.056004556267931035
644,0.05574931777131961,0.05600460233417232
645,0.055749256469357786,0.05600459948346138
646,0.05574822702366406,0.056004082086262716
647,0.055747052697052685,0.05600359268970871
648,0.05574658378962311,0.05600351350240459
649,0.055746502626778646,0.056003500186380645
650,0.05574639063758246,0.05600347599938419
651,0.05574609457968378,0.05600369788925663
652,0.05574599783699442,0.05600375097304449
653,0.05574588545663185,0.0560037955265263
654,0.05574467989756556,0.056003494980597666
655,0.05574386814626481,0.05600354114842421
656,0.05574370671650637,0.05600362530043595
657,0.055742866006073415,0.05600372164781308
658,0.05574265958254285,0.05600373317603098
659,0.05574160387960775,0.056003881230241366
660,0.05574086571871209,0.0560036108864946
661,0.05574055204460204,0.05600352425261335
662,0.05573891546098803,0.056002024143596466
663,0.05573884347394054,0.056001983896529675
664,0.05573819313790862,0.05600169756932718
665,0.0557380318313904,0.05600172440736716
666,0.05573712116015856,0.05600129037949728
667,0.055736404556814174,0.05600054086026564
668,0.05573625243265549,0.056000538735194665
669,0.05573614007567916,0.05600048488418749
670,0.055734919162989664,0.05599991160164181
671,0.05573430515246403,0.055999973152854
672,0.055733490569536685,0.05599937534666515
673,0.05573315570948163,0.05599921081235249
674,0.055732375159055714,0.055999031990067456
675,0.05573185892379109,0.05599921620097245
676,0.05573055411465311,0.05599949772493272
677,0.05573048142674972,0.055999501734029226
678,0.055729320655755275,0.05599956791574495
679,0.05572881974688269,0.055999599953140786
680,0.055727995385566394,0.055999743206658514
681,0.05572786177235231,0.05599971934239846
682,0.055727854482441566,0.055999713696361676
683,0.055727685912789704,0.055999899393535175
684,0.05572711582969265,0.055999854942830725
685,0.055725899512727134,0.05599949742914369
686,0.05572581737607324,0.05599941175228425
687,0.05572574620103988,0.05599940952905655
688,0.05572488759721804,0.055999791856699524
689,0.05572471669748677,0.05599983407145918
690,0.05572461221903056,0.055999849878280224
691,0.05572453102076278,0.055999846670658084
692,0.05572442717341777,0.05599989247849637
693,0.05572334618485461,0.05600002818949299
694,0.055722540225910236,0.05599990970106021
695,0.05572238256273287,0.05599997203399181
696,0.055722196103936694,0.055999923900328104
697,0.05572163566282296,0.055999839077643776
698,0.055720886062105776,0.05599942006684142
699,0.05572086883024942,0.05599941506125537
700,0.055720820960838656,0.05599940285171245
701,0.05572055273855441,0.05599940949803406
702,0.05571924497761468,0.05599961149272856
703,0.0557184030529191,0.05599927702003052
704,0.055717383479319885,0.055999194765416996
705,0.05571691292629131,0.05599926726401857
706,0.05571676928445949,0.05599934715419308
707,0.055716634257654975,0.055999491631999986
708,0.0557165719936956,0.05599949277133494
709,0.05571645856891564,0.055999548379404955
710,0.05571607063745539,0.05599966230304037
711,0.05571596363424022,0.05599966570952453
712,0.05571589943579165,0.055999670572823394
713,0.055715289594117055,0.05599971426185813
714,0.05571516037663046,0.055999697415331486
715,0.05571429120181692,0.05599932803189965
716,0.05571428108788086,0.05599931877099255
717,0.05571376952945098,0.05599923750572551
718,0.055713755138866033,0.05599924806088117
719,0.055713721591087485,0.05599924128509337
720,0.055713065423932485,0.055999434808982576
721,0.055712054443920266,0.05599921623034551
722,0.05571182831953858,0.055999265601704706
723,0.055711215674902184,0.055999137034934865
724,0.05571115429975816,0.05599914425038221
