0,0.15263540107319762,0.15280809400239076
1,0.14042165067000542,0.14058087526268725
2,0.12962990391151966,0.1297936551301585
3,0.12000147685419267,0.12016258034650103
4,0.11177284230947915,0.11193195924639168
5,0.10435631256446959,0.10451107760178532
6,0.09767462407870135,0.09781160218100296
7,0.09178780721868586,0.09190313238931042
8,0.086712852933957,0.08680202480653057
9,0.08226206528116009,0.08233993545544747
10,0.07849291656208872,0.07856641937063374
11,0.0751686450339478,0.07523533510781659
12,0.07236145180931654,0.07240918048338447
13,0.070036846579559,0.07008320647955454
14,0.06795037748116514,0.06798349076516724
15,0.06620076423382726,0.06622409573286867
16,0.06473115290086504,0.06474819620014742
17,0.0634694962202922,0.0634774293538666
18,0.06245391499030799,0.062464009373326565
19,0.061547942258270046,0.06155130984224189
20,0.06080028450539674,0.060803404896592354
21,0.06014687891252923,0.060144342694441466
22,0.059609210395122486,0.059597384320822434
23,0.05915282881044961,0.059134116203280164
24,0.05877837080428005,0.05875720278787748
25,0.05846797438706167,0.058442979040249796
26,0.05818343302231732,0.05815470698445055
27,0.05795008778252579,0.05791861133176464
28,0.057766380469890216,0.05773440461847806
29,0.0576078314140212,0.05757494488663312
30,0.0574737787727763,0.05743900338416559
31,0.057365916782628465,0.05732978095433775
32,0.05728075857824228,0.05724732418592511
33,0.057209152735717014,0.057176921925345486
34,0.05714790109411855,0.05711333957855571
35,0.05709583656239049,0.057062223984196477
36,0.05703769618252629,0.057001962924952236
37,0.05699818889049618,0.05696155219089019
38,0.056959602331140335,0.05692232090608085
39,0.0569286945949956,0.05689025284048856
40,0.056899997029293575,0.0568619806140527
41,0.05687207988042171,0.05683323755192044
42,0.05684633357443088,0.05680538785339979
43,0.05681883780458522,0.05677871057919724
44,0.05679967196353313,0.0567588282448881
45,0.05677737051047535,0.05673788762716844
46,0.05675896826956755,0.05672105887250041
47,0.05674337533294958,0.056707243092228056
48,0.056727963983998125,0.05669226828685115
49,0.056715288844998706,0.05667911685346715
50,0.056702049135132424,0.05666477178427763
51,0.056692414795732914,0.05665603376474285
52,0.05668232547833223,0.056645483560241905
53,0.056668899448210026,0.05663238873693438
54,0.056660462623879256,0.05662407938536309
55,0.05664958884127752,0.05661261787924209
56,0.056641136763416575,0.0566049963413875
57,0.056635475042743216,0.05659965625352562
58,0.056624576578908625,0.05658941353128984
59,0.05661603851266862,0.05658167374687743
60,0.05661052831752362,0.05657602137937676
61,0.056600466421900836,0.05656541563135546
62,0.0565918717934857,0.05655705707195416
63,0.05658145796160483,0.056547352464800416
64,0.05657509829096257,0.05654064166286819
65,0.05656312129548274,0.05652898163486444
66,0.05655626262467654,0.05652151271339636
67,0.056551228399466504,0.05651693016947628
68,0.05654415190479083,0.05651007364206269
69,0.056540400818096394,0.05650829068992477
70,0.05653134964992068,0.056500154709501184
71,0.05652784272572483,0.05649740754026586
72,0.0565278388481415,0.05649740761196744
73,0.05652336570282652,0.056493785599872046
74,0.05651631049640438,0.0564864871928989
75,0.05651196546020195,0.05648262797803203
76,0.05650648258576238,0.05647826262281752
77,0.05650035359735134,0.05647332113944368
78,0.056493961611133674,0.0564678706858868
79,0.05649062643976036,0.05646391710715908
80,0.056486708003292335,0.05645997789454317
81,0.05647946855566671,0.056453525700291565
82,0.05647946163113742,0.05645352587098335
83,0.05647612568326577,0.05645017022744064
84,0.05647223280461755,0.05644642766963684
85,0.05646567113972033,0.05644149189069626
86,0.05646317915547415,0.05643903737258447
87,0.0564595018354703,0.05643701941063484
88,0.05645406466658379,0.05643226521076034
89,0.056449148460693946,0.056427401226578626
90,0.05644541388947749,0.056425211945369036
91,0.05643583534771908,0.05641604974559815
92,0.056432905537917376,0.056414009511853644
93,0.05642930177741411,0.05641073229023457
94,0.05642239846891905,0.05640337142319589
95,0.05641789272497754,0.05639871948974374
96,0.05641332231793326,0.0563953712970208
97,0.05641180644422879,0.05639419710102515
98,0.05641023529249727,0.05639277921666438
99,0.05640804601437785,0.05639189807947888
100,0.056407978549920766,0.05639197380019181
101,0.056407193032402964,0.056391330961767704
102,0.05639949860792086,0.056386478212224755
103,0.05639111330045158,0.05637927609347267
104,0.05638803120262486,0.056376172261555495
105,0.05638746936344063,0.05637586727046206
106,0.05638456153549684,0.05637259068276426
107,0.05638006178219963,0.0563694364842581
108,0.05637575693538741,0.05636568842677161
109,0.05637302243503762,0.056363532867098234
110,0.056372946985836656,0.056363464259328665
111,0.056369063867079974,0.05636132493710152
112,0.05636491786032095,0.05635879740000875
113,0.05636206630731546,0.05635770332773701
114,0.05635851692744694,0.05635523565130615
115,0.05635405423168479,0.056352731354470074
116,0.056348719572743566,0.05634890151768345
117,0.05634611011420209,0.056346171491265064
118,0.056340181619217965,0.05634153242109954
119,0.05633688203976813,0.05633846858950949
120,0.056333200893871116,0.0563354296828834
121,0.056329433417501636,0.05633145021718073
122,0.05632681571450579,0.05632941122134654
123,0.05632477244820067,0.05632847273018658
124,0.056322924490698034,0.05632700514002563
125,0.056319771880872276,0.05632363546496518
126,0.056318002544440866,0.056322714940279586
127,0.056316075311949,0.05632143642014535
128,0.05631488905986772,0.056320025720694236
129,0.056312672429998246,0.0563176774864728
130,0.0563097110128152,0.05631553138103019
131,0.05630756654111035,0.056314512003330326
132,0.05630536169143588,0.05631309041893614
133,0.05629758713663738,0.05630806883625038
134,0.056293104142081184,0.056303880262998214
135,0.0562882738120285,0.05630104182191696
136,0.05628589364653488,0.056300525526825504
137,0.05628233538470788,0.056297847710417015
138,0.056280906835483355,0.05629743752796277
139,0.05627296188869156,0.05629216296332584
140,0.05626924695094476,0.056289611010800863
141,0.056265654121994364,0.05628749788760158
142,0.056261754801982776,0.05628402815191564
143,0.05625911388726482,0.056282252233463434
144,0.05625699886738518,0.0562812296021214
145,0.0562553883138109,0.056280261738752065
146,0.05625002027269898,0.05627764464366281
147,0.05624683097993893,0.05627574997755888
148,0.056244566677791444,0.05627392329791399
149,0.05624203789706087,0.05627357415559907
150,0.056240554233118474,0.05627272425626235
151,0.0562357329075681,0.056269174926521344
152,0.05623170328177029,0.05626640367021652
153,0.056228327498132856,0.056263447080107123
154,0.05622767177214565,0.05626318141141785
155,0.05622394102658883,0.056259762088695035
156,0.05622227687029744,0.05625957376811869
157,0.056219673934877964,0.05625769134172818
158,0.0562172617201088,0.056255600680956704
159,0.056214840241950614,0.056254050628210504
160,0.05621198578358966,0.05625180285045594
161,0.05621057230072637,0.056250839384299
162,0.05620846561560447,0.05624873724728225
163,0.05620526044325801,0.05624691330138813
164,0.056202532565214125,0.05624604248862101
165,0.0561995125611825,0.05624419721711742
166,0.056196896380040294,0.05624160794915049
167,0.056191537569790326,0.05623742729376569
168,0.05618893224454655,0.056236675760532324
169,0.05618888910670607,0.056236698170346315
170,0.05618609695245388,0.0562352166867745
171,0.05618149442732659,0.05623137622359202
172,0.056179819964060164,0.05623020815944923
173,0.05617969270294082,0.05623017552663442
174,0.0561768076669166,0.056227303156668976
175,0.056174918405728115,0.056226225134546046
176,0.05617440356252244,0.056226211579592636
177,0.05617140383166148,0.056224489460623694
178,0.05616836865583698,0.05622176180345951
179,0.056165390807478725,0.056219775162114544
180,0.05616303049749333,0.05621861790864305
181,0.056161392639767486,0.056217537381961696
182,0.05615838356977355,0.05621523085917886
183,0.05615519329258514,0.05621282284609069
184,0.05615504083920605,0.056212696920289844
185,0.056150672066863395,0.05620961744468716
186,0.05614932963297171,0.05620841983642564
187,0.05614627109026631,0.05620624830080064
188,0.05614480769366773,0.05620479824844681
189,0.0561423096035939,0.0562034046684129
190,0.05614075951190215,0.056202244959522064
191,0.05613832067456337,0.05620168063774102
192,0.05613608151187231,0.05620010370240317
193,0.056134885417379876,0.056199155237568306
194,0.05613418468366933,0.0561986707916055
195,0.05613045108570474,0.05619515990076792
196,0.05612994034323002,0.05619491309454651
197,0.05612578317594447,0.05619090851396133
198,0.05612516413844189,0.05619014131483375
199,0.05612361960064499,0.05618946474178887
200,0.0561200976726423,0.05618720118127258
201,0.0561176011823,0.056185727648310896
202,0.056115499143276154,0.05618488688600455
203,0.05611507890611291,0.05618474831648392
204,0.05611296758097992,0.05618410087003439
205,0.05611198105787671,0.056183774262173594
206,0.05611001595501066,0.056182664171937666
207,0.05610749691128632,0.05618061955464587
208,0.05610568658157173,0.05617953669009574
209,0.05610560502386898,0.0561795267812252
210,0.056102924480188957,0.056176360148928364
211,0.056102900444034494,0.05617634059232949
212,0.056100291489646986,0.05617407711172903
213,0.056098398630187896,0.056172267811246616
214,0.056097855143040394,0.05617214711901
215,0.056095768261194716,0.05617211900222962
216,0.056093216742507224,0.05617095632277129
217,0.056090146684069836,0.056168447282819674
218,0.05608893777982884,0.05616719512555913
219,0.05608605010258983,0.05616573796744414
220,0.05608370982672102,0.056163637519087255
221,0.05608364890924236,0.05616364148531008
222,0.05608302001677356,0.056163001100070255
223,0.056082539740462546,0.0561626982720639
224,0.056081116852305775,0.05616177633473033
225,0.05608110523521192,0.05616177639239417
226,0.056078724700621266,0.05615989862906441
227,0.05607799391964172,0.056159617731278505
228,0.056076904384465755,0.05615887246803679
229,0.05607468527235493,0.056158589650424195
230,0.05607284285556415,0.0561575487764648
231,0.0560709406882186,0.05615618068105402
232,0.056068365424907896,0.056154343117954274
233,0.05606828673688847,0.05615434276997966
234,0.056066513831502796,0.056153168085044836
235,0.05606618662834825,0.05615255191781843
236,0.05606544226829676,0.056152077960527146
237,0.05606417336646357,0.056150838345372926
238,0.05606257206762136,0.05615008231808996
239,0.05606256395069368,0.056150082186865714
240,0.056062460840058254,0.05615005988438668
241,0.05606001622733831,0.056147538215842493
242,0.05605998345594766,0.05614753832067803
243,0.056059170186165345,0.05614737373278657
244,0.056057117847515534,0.05614686431939573
245,0.056055273862356925,0.056144967724037174
246,0.056054380223912764,0.05614426274024652
247,0.05605361567041413,0.05614377201681219
248,0.05605360926017572,0.0561437711524857
249,0.056052112274843316,0.05614236325724557
250,0.056049989722100346,0.056141572249661625
251,0.05604929288455267,0.0561408205145921
252,0.05604780212803789,0.05614018171691625
253,0.0560457307243596,0.056138590851141056
254,0.05604533971305915,0.056138634742710775
255,0.05604415013252475,0.0561380611280018
256,0.05604205646339607,0.05613764540469334
257,0.056041161163189745,0.05613679319285732
258,0.05603801870659273,0.05613691776311137
259,0.05603538624775676,0.056136091207917085
260,0.056033048861824614,0.056133270586382844
261,0.05603301953696212,0.05613327043186759
262,0.0560306763993874,0.056131201171107085
263,0.05602979947597425,0.056129977200157034
264,0.05602806648809557,0.05612851477529473
265,0.056028032472931796,0.056128519703684994
266,0.056025826169657705,0.056127847166157964
267,0.05602503094279016,0.05612751592932502
268,0.05602273835755752,0.05612685757097567
269,0.05602134222651641,0.05612572373491583
270,0.05601935537074742,0.05612494198974123
271,0.05601615335104282,0.05612291379286124
272,0.056015676872241904,0.05612275135599606
273,0.05601402134730043,0.05612198837169609
274,0.05601224243968021,0.05612078274528934
275,0.05601017765731537,0.05611936363908427
276,0.05600982456062237,0.05611932193919656
277,0.05600752865007153,0.05611744817031661
278,0.05600640770766377,0.05611666496047178
279,0.0560043574117925,0.056116075490418756
280,0.05600317579547987,0.0561151051645476
281,0.05600174824100804,0.05611429273267075
282,0.056000235124588606,0.056114203468912015
283,0.056000017065464626,0.0561142321955839
284,0.05599940816576368,0.05611386936639389
285,0.055997213504709424,0.05611384878911668
286,0.05599560019676932,0.05611305464728648
287,0.05599412885205263,0.056112961201993876
288,0.055992530050940244,0.05611254527519364
289,0.055990448351481634,0.056112510136428775
290,0.05598916186372841,0.05611178263229855
291,0.055987157781504794,0.05611032182937236
292,0.05598484807891959,0.05610893108298578
293,0.05598430055563213,0.056108766856663446
294,0.055983098946391224,0.05610886128865201
295,0.05598163385625791,0.0561078625112257
296,0.0559808608519352,0.05610763969619691
297,0.055979498817679246,0.05610711121916861
298,0.05597850466848829,0.056106565586902815
299,0.05597718405384686,0.056105870014659186
300,0.05597537822885763,0.056105094285012896
301,0.055973987837908655,0.05610526991937412
302,0.055972136880049886,0.05610339271666217
303,0.05597156953327894,0.05610311308533471
304,0.05597131719525843,0.05610281672265703
305,0.05597104710672573,0.056102773604953804
306,0.05597082902314581,0.05610262977004455
307,0.05596869800819184,0.05610224842338053
308,0.05596621241617389,0.05610123546811807
309,0.05596548449078234,0.056100433886183604
310,0.05596381308822264,0.05609892373909136
311,0.05596176191065454,0.056099004376534936
312,0.05595941784874141,0.05609702088609944
313,0.05595932311056594,0.056097046651324214
314,0.05595904030235374,0.05609716952878975
315,0.05595795839366138,0.05609691821785957
316,0.055957830001718785,0.05609692063500415
317,0.05595668420986015,0.05609624201303725
318,0.055954126618524246,0.05609521458993617
319,0.05595378065230326,0.056095210218084834
320,0.0559525272471926,0.0560943771119401
321,0.05594947769009002,0.056093778677989786
322,0.055947435985154594,0.056092841407922756
323,0.05594611260710586,0.05609184962382273
324,0.055944029927740196,0.05609055348589101
325,0.05594240126940151,0.056090108011949795
326,0.055940968802971426,0.05608884883465423
327,0.055940636055312166,0.05608856355408225
328,0.05593887294703386,0.05608730217082409
329,0.05593646208308892,0.05608674672822462
330,0.055936231190000685,0.0560867437095167
331,0.0559347020720095,0.05608595028569495
332,0.055932461380991505,0.05608488962386101
333,0.05592929194668162,0.05608264388885492
334,0.05592893031545338,0.05608267770141526
335,0.05592639162780516,0.05608149932920112
336,0.05592520304919772,0.056080977775725495
337,0.05592277402435916,0.056081050963920194
338,0.05592257517871713,0.05608094337494144
339,0.05592160112826361,0.05608009550876535
340,0.0559188363509575,0.05607823982456897
341,0.0559168908890551,0.05607804394753269
342,0.055915414053478434,0.05607724517110128
343,0.05591427293783306,0.05607696582494757
344,0.055913249623818176,0.05607651750882382
345,0.05591295017819474,0.05607647171564359
346,0.05591168268169716,0.056075615143207816
347,0.055911639357823735,0.056075484025873645
348,0.055909989513029695,0.056075530720883365
349,0.055909883036895376,0.0560754388633608
350,0.05590822703845662,0.05607392816099269
351,0.05590788244806745,0.056073849806149295
352,0.05590683931556978,0.056073957739704125
353,0.05590682739464217,0.05607395750336481
354,0.055905608664272126,0.056073494207481006
355,0.05590404048532747,0.056072822982027544
356,0.05590353082579497,0.05607256201691056
357,0.055901088072054864,0.05607004760823936
358,0.05589994876084499,0.05606972011224363
359,0.05589903260873641,0.056069582483727544
360,0.05589717411663189,0.0560692334804318
361,0.05589595169885512,0.05606872172241583
362,0.055894109354116366,0.05606729631642979
363,0.05589305171396032,0.05606616691979247
364,0.05589121031734096,0.05606645416292287
365,0.05588930143517672,0.056065428175593804
366,0.05588811760092124,0.05606547758216713
367,0.05588801429085288,0.0560655135847545
368,0.05588635434870547,0.0560650465611978
369,0.055885500677722404,0.05606474359717549
370,0.05588500833373672,0.05606446718460411
371,0.05588377393579548,0.05606451739557352
372,0.055882815612729925,0.05606456356762975
373,0.05587989764937207,0.05606348092132555
374,0.05587974198388576,0.05606346754325702
375,0.05587780267072743,0.056061983106315424
376,0.055877673535872655,0.0560620612469455
377,0.05587654827879001,0.05606229172152467
378,0.05587492880953072,0.05606218693416375
379,0.05587476470396509,0.05606208733859131
380,0.055873213169967115,0.05606220162784253
381,0.055871359654289035,0.056062852510400385
382,0.05587037130251645,0.05606314360556197
383,0.05587033187228928,0.05606314136687674
384,0.05586865787768347,0.05606237448465018
385,0.055868273201868296,0.056062118594601903
386,0.055867231182634536,0.056061510122076406
387,0.05586563331899046,0.05606133513296212
388,0.055864272000991456,0.05606048329001979
389,0.055862923802339357,0.0560596086695463
390,0.05586125613190278,0.05605913442881519
391,0.05585975799563936,0.056058040917656815
392,0.05585822569278917,0.05605833381207675
393,0.055856734407070376,0.05605784428804789
394,0.05585636735047609,0.056057666969172096
395,0.05585588214338077,0.056057226349562464
396,0.05585585002628727,0.05605723322584229
397,0.05585513504117577,0.056057215417667
398,0.05585504325132057,0.05605719885464815
399,0.05585238114893363,0.05605586870926335
400,0.05585041108421106,0.05605652063651875
401,0.05585027408841985,0.056056589898885074
402,0.05584893062382526,0.05605610936267168
403,0.05584870711835564,0.056055810684873135
404,0.05584695847000092,0.05605499437144534
405,0.05584600264449426,0.05605466920843349
406,0.05584587276242154,0.05605466835944164
407,0.0558436190162331,0.056053744384266316
408,0.0558421521620145,0.05605314906175326
409,0.055841847211364065,0.056052954835698804
410,0.055840835535846234,0.056052991091652564
411,0.0558393377080806,0.05605336521722883
412,0.05583908890394022,0.05605332851163131
413,0.05583708769109931,0.05605252319843178
414,0.055836107326285175,0.05605229811095032
415,0.05583440236018076,0.05605168697059433
416,0.055834339345810884,0.05605166924556952
417,0.055834123140704336,0.056051551548308806
418,0.055831723243534116,0.05605152053200514
419,0.0558305095486343,0.05605051077914712
420,0.05582935923278883,0.056050421501772085
421,0.055829072255928494,0.056050022508634036
422,0.055828707415061685,0.056049909583046294
423,0.05582865365443165,0.0560499217417354
424,0.05582744595008269,0.056049150972687256
425,0.055827265790090216,0.05604910932706579
426,0.055827124632473926,0.056049075411957916
427,0.05582539770787508,0.05604838880384802
428,0.055824575941743906,0.05604830081014728
429,0.055823026418372106,0.05604893187860902
430,0.0558226177362594,0.056049205576312905
431,0.05582237505821261,0.05604912879608425
432,0.05582228068322265,0.056049121003099785
433,0.05582186091832456,0.05604878726290233
434,0.055820268359733825,0.056049114820179054
435,0.0558195099995765,0.056048865107878036
436,0.055818502482917705,0.05604851545306743
437,0.05581848991725855,0.056048515518224026
438,0.05581632623143288,0.056047761049856315
439,0.05581527039573607,0.05604819775553826
440,0.055813501087529464,0.056046945020380934
441,0.05581168289730003,0.056045752701852115
442,0.055810796403520053,0.056045122842368955
443,0.05580910466654103,0.05604553843762422
444,0.055807578753841715,0.056044179392645825
445,0.05580656947575583,0.056044187964926925
446,0.05580654509493711,0.056044184424653816
447,0.0558048189936302,0.05604473542685313
448,0.05580368496534898,0.05604457283597874
449,0.055803339552042024,0.05604433711473125
450,0.055802965632704524,0.056044295204935146
451,0.05580236929783347,0.05604396419986754
452,0.05580135129370224,0.05604335683763834
453,0.05580093575435902,0.05604344622078691
454,0.05579932541492072,0.05604198745757752
455,0.05579746720074072,0.056040321281273675
456,0.055796061604921995,0.05604042988507824
457,0.05579533492958436,0.05604024749781207
458,0.05579526274110798,0.05604024582562897
459,0.055794414108159385,0.056040177759915766
460,0.0557927210119025,0.05603865599318373
461,0.055791782237367374,0.056037995123966726
462,0.055791547865696754,0.056037938916027805
463,0.05579033612397801,0.05603756532788235
464,0.05578907292527837,0.0560372960869988
465,0.05578892579134056,0.056037299750113685
466,0.05578744527469184,0.05603852535649059
467,0.055785753823322105,0.0560381923524918
468,0.05578471062919894,0.056038042591202535
469,0.05578457471953295,0.05603804223624292
470,0.05578430919878213,0.05603778718903694
471,0.05578267027631143,0.05603695928822154
472,0.05578168139691667,0.05603670270305791
473,0.055781427779629286,0.05603672194528809
474,0.0557810474211198,0.05603658086517965
475,0.05578063036604873,0.056036347944626114
476,0.05577958194487392,0.05603652798558965
477,0.05577925298641976,0.056036366580664444
478,0.05577801473828468,0.056035711238724764
479,0.05577704759164652,0.056035531009536434
480,0.05577557750068468,0.05603603010309918
481,0.055775489661356766,0.056036024332815466
482,0.05577468455371159,0.056035930342955675
483,0.055773840820877066,0.05603566012732899
484,0.05577337484286678,0.056035689319446656
485,0.05577280402138353,0.05603525102272385
486,0.055772645799902466,0.05603524875732496
487,0.055771407293081644,0.056035078361698354
488,0.05576849283198713,0.056033761821247446
489,0.05576695084639893,0.056033234544585905
490,0.055765654991720946,0.056032617076975495
491,0.055764532453832186,0.05603199679669979
492,0.05576278530998716,0.05603221551755052
493,0.0557612291020259,0.05603139834881266
494,0.055760980656497976,0.05603116850126544
495,0.055759811394394974,0.05603093590185848
496,0.05575880773736959,0.05603058789044057
497,0.055758715218493356,0.05603069054484417
498,0.055758288405676794,0.05603048004288867
499,0.055757272975138314,0.05603022885488846
500,0.05575643548141061,0.056029958012626134
501,0.05575479150075894,0.05602879838384903
502,0.055754162072999415,0.05602850693097336
503,0.055753795758291896,0.05602845153789573
504,0.05575219439232456,0.056027567704266576
505,0.05575154389907919,0.0560276147425234
506,0.055750948867257816,0.05602721719573308
507,0.055750054506034125,0.056026591033848584
508,0.055749960703010575,0.056026603977352804
509,0.055748677125086285,0.05602663136229832
510,0.05574727321811611,0.056026449608633955
511,0.05574704513364487,0.05602645201080506
512,0.055745899723987705,0.05602496001867035
513,0.055744633415484274,0.05602541557909273
514,0.055743289112841966,0.05602594598717011
515,0.055740776354647484,0.056025256577638405
516,0.0557397531179459,0.056024891451691726
517,0.055739399324157966,0.056024802931534376
518,0.055737833662836835,0.05602468418636929
519,0.05573622775779894,0.056023949466067514
520,0.05573539501521111,0.05602319824097453
521,0.05573470618206936,0.05602322020497132
522,0.05573350501243305,0.056022850856110654
523,0.05573269844564026,0.05602266307327797
524,0.05573224650434495,0.05602245163714508
525,0.05573222516855994,0.0560224588430574
526,0.05573208655200052,0.05602247875722068
527,0.05573171031076858,0.0560223104325367
528,0.05573123758703692,0.05602200372444319
529,0.05573056173455489,0.0560215341414236
530,0.055729524399899144,0.05602087236319038
531,0.05572789029255724,0.05602020336687037
532,0.055727517024099886,0.05602016501500323
533,0.05572739710835048,0.05602025578293453
534,0.055726923055104516,0.0560199776478748
535,0.055726005473944684,0.056019953476857745
536,0.0557258992082553,0.05601989777351257
537,0.05572452778127233,0.05602014555984829
538,0.055723579329297064,0.05602028035636578
539,0.055723419940276485,0.056020322649832206
540,0.05572339696456406,0.05602032241332248
541,0.0557215644160842,0.05601891560929884
542,0.055720576676262186,0.05601797237907728
543,0.05571949905848839,0.05601777722755127
544,0.05571795957873444,0.05601660407636966
545,0.05571613402336734,0.056016511932145234
546,0.05571598465622413,0.05601650890065929
547,0.05571471043837703,0.05601620102319836
548,0.055714476637440336,0.056016228948945854
549,0.055713462612316654,0.05601653153177248
550,0.05571316478097407,0.05601646381786781
551,0.05571078601973442,0.05601615149927983
552,0.055709176377980965,0.056016428620939356
553,0.05570883581415904,0.05601644901407807
554,0.055707925909394246,0.05601649706677659
555,0.055707874760754776,0.0560164929428976
556,0.0557078209403409,0.05601653036210722
557,0.05570708823349698,0.05601628036854658
558,0.05570632221613975,0.056016288029417965
559,0.05570499793612401,0.056016144691286796
560,0.05570371539421196,0.05601589633458017
561,0.05570359609850482,0.056015862906308896
562,0.0557032705105938,0.056015931844545834
563,0.05570306305369367,0.056015932662907546
564,0.05570221227854326,0.05601543872188128
565,0.055701433664898874,0.05601539134264319
566,0.055701042155084264,0.056015413259915756
567,0.05569922975318683,0.05601359492647068
568,0.05569820675758455,0.056013536931090485
569,0.05569796496783829,0.05601369355535171
570,0.0556974628304663,0.05601401359443348
571,0.055697380911184036,0.05601400957044094
572,0.05569618466005925,0.05601360730055963
573,0.055694186204072675,0.05601241303512026
574,0.055693094279736746,0.056011680525440276
575,0.055692876820989806,0.05601158251991912
576,0.0556899310750374,0.056011909820613937
577,0.05568964876857109,0.0560120360488621
578,0.055688494734753693,0.056011695633816985
579,0.05568733499049489,0.056011577465217594
580,0.0556869577117717,0.05601158330371894
581,0.05568583416132894,0.056011283450937734
582,0.0556849096660817,0.056010666991164186
583,0.05568437202326496,0.05601031710633506
584,0.05568351986015092,0.05601031188451601
585,0.055682050976943724,0.05601014553776488
586,0.055680876426045134,0.0560101251478239
587,0.055678916188491225,0.056009493354681875
588,0.05567781803902001,0.05600931711412333
589,0.05567666262428852,0.05600945349911363
590,0.055675283149759856,0.05600999860280858
591,0.05567454293282205,0.05600932391461672
592,0.055673563306217214,0.056009159232507925
593,0.055672469271332244,0.05600914114471102
594,0.05567154476073328,0.05600897445465663
595,0.055671313046235404,0.056008885366458205
596,0.055671082547887336,0.05600897639591347
597,0.055670970390805756,0.056008960046115136
598,0.055670924558665805,0.05600897806301562
599,0.05567068354938766,0.05600897224065981
600,0.0556697823218042,0.05600902638469842
601,0.055668572704080155,0.05600943963425413
602,0.05566740850782988,0.05600960354836866
603,0.055666653983837744,0.05600995945885068
604,0.05566542761591255,0.05600948060661893
605,0.05566337124659261,0.056009354963053135
606,0.05566332410618995,0.05600937102049925
607,0.05566330896921195,0.056009371057239556
608,0.055662663317873014,0.056009215811210156
609,0.055662183793007095,0.056009176598062024
610,0.05566060458165368,0.05600939212793637
611,0.05565974908746655,0.05600922006421155
612,0.055658146256451185,0.05600895513361173
613,0.05565711168381127,0.05600915651145195
614,0.05565620989911279,0.05600921743821446
615,0.055655593481540845,0.056009287729726895
616,0.05565479351414882,0.05600926689593253
617,0.05565395186692553,0.05600896882149817
618,0.05565295754311414,0.0560087282332389
619,0.05565290011469272,0.056008745825974766
620,0.05565233426991857,0.05600866353890251
621,0.055652306062372266,0.05600866578212136
622,0.055651215479966876,0.05600796205262881
623,0.055650192465945575,0.05600694346375243
624,0.05564997287833172,0.05600681960411974
625,0.05564983230120176,0.05600671073465466
626,0.05564847656881231,0.056006314568375716
627,0.05564732388126948,0.056006218305346474
628,0.055645918461342876,0.056005473312740375
629,0.055644627817744284,0.05600501346361364
630,0.05564444869643965,0.05600502921525875
631,0.05564373934877636,0.056004908867570175
632,0.05564312911952234,0.056004624123386436
633,0.0556417406920791,0.056004360586191404
634,0.05564086137159783,0.056004615837165116
635,0.0556407755839408,0.05600461662112474
636,0.05563956323326851,0.05600435467877395
637,0.05563772592340428,0.0560038813630726
638,0.05563732767160655,0.05600388268708276
639,0.05563692562826371,0.05600399696901048
640,0.05563683938733992,0.05600404932341792
641,0.05563563376885461,0.05600453842243904
642,0.055634659830642676,0.05600420291328843
643,0.055634049794675226,0.056004411086497626
644,0.055632648967206176,0.05600421664135644
645,0.05563263728186744,0.05600421449022234
646,0.05563165163654245,0.056004583795452034
647,0.0556314871534781,0.05600459062791364
648,0.05562981900907435,0.05600348789527148
649,0.05562975465499726,0.056003439234272145
650,0.055628050104540035,0.056002463767666655
651,0.055627627704228313,0.05600273351710505
652,0.05562705002956743,0.056002477041689785
653,0.0556262724443604,0.056001838203095185
654,0.055625026512948005,0.056002047581427856
655,0.05562452970464625,0.05600202340523141
656,0.05562445528439587,0.056002049141844076
657,0.05562404490866356,0.05600185935739869
658,0.0556237474309171,0.056001699930537045
659,0.055622592248386685,0.056000802286932716
660,0.055621842008966325,0.05600075470720878
661,0.05562075566076095,0.05600056602900027
662,0.05562054803945455,0.05600059837992295
663,0.05561907043572471,0.056000740143663394
664,0.055618707923583074,0.056000786958717456
665,0.05561764505719459,0.056000845681021
666,0.055616427842587274,0.056000749110182435
667,0.055615963032969847,0.056000645884620656
668,0.05561577714566942,0.05600055246911619
669,0.05561440810288959,0.05600053533772948
670,0.0556134112318112,0.05600084676081425
671,0.05561247935476615,0.056000754690815176
672,0.0556121135611211,0.05600065156706151
673,0.05561142807926001,0.0560007623295546
674,0.05561089648984129,0.05600104191852831
675,0.05560948600107938,0.056000721950759356
676,0.05560926978451315,0.05600062127159263
677,0.05560716946935363,0.05599913244199402
678,0.05560701482747145,0.05599909290267834
679,0.0556059442551686,0.0559989328626309
680,0.05560415275074394,0.0559987453492003
681,0.05560298224715923,0.05599875478940879
682,0.055600581629294245,0.05599874509538719
683,0.05559998096240623,0.055998958240760593
684,0.05559890202321653,0.055998940808580845
685,0.055598234352276975,0.05599896676888227
686,0.05559766052392355,0.05599872997199814
687,0.055597037278019776,0.05599886391196317
688,0.0555957174468326,0.055998212184728106
689,0.055595225081403084,0.055998064839317435
690,0.05559493614208541,0.05599803923848949
691,0.0555947221134906,0.055998007325664054
692,0.055594156243946646,0.055998043604176005
693,0.05559283529197223,0.05599769741419513
694,0.055592453138178954,0.05599759572783668
695,0.055590772759740996,0.05599707321489472
696,0.055589811924531114,0.05599705237755148
697,0.055589687001811695,0.055997047912226657
698,0.055588264452618795,0.05599703818565563
699,0.05558734442563513,0.05599701281625103
700,0.055587289948835605,0.05599700184930366
701,0.05558728585422552,0.05599700184533175
702,0.055586210066328974,0.05599605960336038
703,0.055585023833797,0.055995667251294144
704,0.05558470923652925,0.055995914984444096
705,0.05558374436250073,0.05599589464291692
706,0.05558278670921277,0.05599571359299686
707,0.05558269276732699,0.0559957212900939
708,0.05558240456719761,0.05599571235219539
709,0.05558206377046106,0.055995760822541
710,0.05558122244878912,0.05599549481588865
711,0.05558047408614564,0.055995621220784234
712,0.05557932285842079,0.05599496742146389
713,0.055579156307753196,0.05599492110766362
714,0.05557899722916926,0.055994960007359214
715,0.05557830318231408,0.05599447828011225
716,0.05557757289125096,0.05599475384987603
717,0.05557743687631546,0.05599474629750243
718,0.055576373032858006,0.05599432445356331
719,0.05557604273670552,0.055994181020866
720,0.055575955996563633,0.055994156305220845
721,0.05557586237338779,0.05599417271972969
722,0.05557475125161546,0.055994461003929574
723,0.05557384219538289,0.055994790681165585
724,0.05557288179189254,0.05599454468222803
725,0.0555717312191571,0.05599415686561854
726,0.05557067016002011,0.05599423867099636
727,0.05557066061905518,0.05599423872938795
728,0.05557012068678792,0.055994177842195854
729,0.0555695750857272,0.05599388405543909
730,0.05556793213587057,0.05599366126669092
731,0.055566900021774585,0.05599345140794149
732,0.05556632924258343,0.05599332771374623
733,0.05556520828957917,0.05599326117060834
734,0.05556473873063242,0.05599326705150737
735,0.05556406594585982,0.05599330465932822
736,0.055562917622494115,0.05599370650274651
737,0.05556289979769987,0.05599369264620769
738,0.05556200342559532,0.0559933201413296
739,0.05556073222722919,0.05599255010421203
740,0.05556067636675942,0.0559925283848719
741,0.05555989955136942,0.055992930726880545
742,0.055558828023830234,0.05599268164704157
743,0.0555572065572709,0.055992653558152895
744,0.05555628296049427,0.05599265011277329
745,0.05555615033882979,0.055992661987653035
746,0.0555550743122159,0.0559928542824669
747,0.05555458699176839,0.0559928041337075
748,0.05555391035347944,0.05599265157046406
749,0.055553310449544584,0.05599255904667145
750,0.05555234915240897,0.05599263719712697
751,0.055551431989195495,0.055992304843854195
752,0.05555125238520104,0.0559924293623545
753,0.05554992244207085,0.05599288700603336
754,0.05554983911914615,0.055992866703474316
755,0.055548903939701785,0.055992795041458085
756,0.05554790151428727,0.05599308324951878
757,0.0555461550206683,0.05599251268835458
758,0.05554472244333096,0.05599150440877484
759,0.05554417945843396,0.05599149146651988
760,0.05554295853282763,0.05599194575041484
761,0.05554275974190533,0.05599192380293652
762,0.05554227807869996,0.055991839134685154
763,0.05554109340738728,0.05599170151251281
764,0.05553958988818882,0.05599127669202254
765,0.05553894908953258,0.055991090787185276
766,0.05553813211139895,0.0559909169683817
767,0.05553714509121878,0.055990476175881265
768,0.05553709473721872,0.055990579026628844
769,0.055536063414092306,0.05599019201602915
770,0.05553513625030556,0.055989952744334597
771,0.05553487326216849,0.05598990964630175
772,0.05553440732978156,0.05599018228838746
773,0.055533872748505936,0.05599000515096222
774,0.05553371272865687,0.0559899621115007
775,0.05553276035771609,0.05598986362530545
776,0.05553097885007217,0.055990162392860955
777,0.05552905052954034,0.05598920982707498
778,0.055528506962220975,0.055989149940179485
779,0.05552755345747227,0.055989331500969464
780,0.05552617477512067,0.055988836128704554
781,0.05552614857574091,0.05598883543210031
782,0.05552513070606673,0.055988885321781146
783,0.055523983077061044,0.05598920601007013
784,0.0555239554002163,0.05598920693363954
785,0.05552265520245769,0.05598920194211401
786,0.055522159197355724,0.05598915955001484
787,0.05552205721611322,0.055989075054240424
788,0.05552184197513627,0.05598917323078997
789,0.055521519554308466,0.055989137395266966
790,0.05552093973071475,0.05598871680457166
791,0.055519604416973345,0.05598905799704769
792,0.055518937221916684,0.05598862170075026
793,0.05551873130846186,0.055988614809178716
794,0.05551795618559603,0.05598885323237592
795,0.055517741743327,0.055988812254199244
796,0.05551676084929105,0.0559888814301517
797,0.05551583214210768,0.05598866529766547
798,0.05551542450543534,0.05598889921511787
799,0.05551418735928151,0.055989372316391006
800,0.05551215482738612,0.05598875465999983
801,0.05551047696925507,0.05598835783761934
802,0.055510282614309,0.055988316006575424
803,0.055510163535000316,0.05598831143823424
804,0.05550942364144189,0.05598822590641623
805,0.055509369193034494,0.055988208185396154
806,0.055508235378034614,0.05598834181782443
807,0.05550748804599142,0.05598838129712289
808,0.05550681074500539,0.055988093626998005
809,0.055506144007952285,0.05598746969714124
810,0.05550605951371731,0.05598746916717738
811,0.05550603904194692,0.0559874726046806
812,0.055504837259033706,0.055987478999293884
813,0.055504211126512944,0.05598736597471237
814,0.055504007573438936,0.055987329939387924
815,0.05550265018780567,0.055987935798154684
816,0.055501826411021804,0.05598764831788942
817,0.05550100093645866,0.0559869832886579
818,0.05549965577254826,0.055987095439705405
819,0.0554984172618554,0.0559872851626855
820,0.05549811259419763,0.05598714420697054
821,0.05549748618881835,0.05598700801094951
822,0.05549677255702552,0.05598721177019754
823,0.055496660955251874,0.05598722629104561
824,0.05549570591753826,0.05598730916540572
825,0.055495221001514744,0.05598820473339028
826,0.05549510135569982,0.05598817201885453
827,0.05549466176198982,0.05598814956838704
828,0.05549382651730538,0.05598857342719957
829,0.05549189420680179,0.05598881464846171
830,0.0554913770011153,0.05598882946944627
831,0.05549068846695518,0.055988663749109914
832,0.05548979261597748,0.05598852354183427
833,0.055488946876372416,0.05598820746938593
834,0.055488447732732135,0.05598810980561064
835,0.05548702775378886,0.05598814425318549
836,0.05548574247424618,0.05598785381076658
837,0.05548516975187958,0.05598816692657763
838,0.05548469217618037,0.055987641762014276
839,0.05548395905130297,0.05598776008136839
840,0.05548381251998568,0.05598778095690961
841,0.05548340939382656,0.05598758322684548
842,0.05548209116500719,0.05598723790719074
843,0.055481541372382516,0.05598716871017934
844,0.05548072748832835,0.05598760672553524
845,0.0554800886993776,0.05598800002268199
846,0.05547916471660435,0.05598775332077083
847,0.055478808814620285,0.055987385421427956
848,0.05547873555637243,0.05598726935454451
849,0.05547826575579948,0.05598712771708731
850,0.05547816248697354,0.05598712413452735
851,0.055478010030670225,0.05598723743761771
852,0.05547733120771122,0.05598743501168004
853,0.05547694983082639,0.05598737805875041
854,0.05547553846892182,0.055986953782671496
855,0.05547467121475152,0.05598672576072162
856,0.055473178163578475,0.05598607895922329
857,0.05547295995808775,0.05598611980969358
858,0.05547168783576757,0.055985834539606406
859,0.05547149289126952,0.05598574551671537
860,0.05546972275912594,0.055986206314339516
861,0.05546945791236145,0.055986328927648404
862,0.05546820384882509,0.05598580734788346
863,0.05546735499739669,0.05598543001229793
864,0.05546588304128756,0.05598483879996104
865,0.05546492531123373,0.05598463287426933
866,0.055464707340197046,0.055984369000989485
867,0.05546466953086299,0.05598436946411967
868,0.05546361740948071,0.05598372134598757
869,0.05546335481227471,0.05598359667672834
870,0.05546316256740729,0.05598364070483823
871,0.055462073713170974,0.05598337989659813
872,0.05546156088993206,0.05598344784646556
873,0.05546153661075489,0.055983456837159405
874,0.055461234362245704,0.05598357509278149
875,0.05546047923916364,0.05598362268038628
876,0.05546017412024567,0.05598378760503088
877,0.0554592577185062,0.05598416559091022
878,0.05545835761299897,0.055983901947039005
879,0.0554573912276438,0.05598378959605061
880,0.05545652107482289,0.05598342778965166
881,0.055455537177834684,0.05598336428085118
882,0.055455207939204464,0.05598330972851556
883,0.05545476309391585,0.05598342254072776
884,0.05545346042163381,0.055983485632371495
885,0.05545297588677227,0.055983253664849145
886,0.05545285266893726,0.05598318955698876
887,0.05545255723811066,0.05598297176883425
888,0.05545209438695011,0.05598250866150136
889,0.05545204466718111,0.055982328335982746
890,0.05545115240624634,0.05598246121631396
891,0.0554504713093769,0.055982193701557645
892,0.05544983254452778,0.05598178032952724
893,0.05544896256166718,0.055981755702152386
894,0.05544779895581952,0.0559814590716487
895,0.05544687812443487,0.05598098754977487
896,0.055446198441514896,0.05598085123862875
897,0.055445097108506244,0.05598126325757687
898,0.05544485753572973,0.05598123551336273
899,0.05544446621742035,0.05598140347678677
900,0.05544435391927256,0.0559814172138689
901,0.055444195212774425,0.05598143931012645
902,0.05544311385103822,0.055981290938793775
903,0.05544201683690282,0.05598139770510736
904,0.0554412022133041,0.055981493980484735
905,0.055440606055858446,0.055981415093911455
906,0.05543920709380717,0.05598102837363208
907,0.05543849674646134,0.0559808871000269
908,0.0554377627972814,0.05598092662358088
909,0.05543705057151996,0.055980310769249426
910,0.05543646653787573,0.05598035427891282
911,0.05543593337465108,0.055979925566712
912,0.05543521352588238,0.05597978874944446
913,0.0554348364567921,0.05597998544337286
914,0.05543391701903458,0.05598013253913692
915,0.05543362420705109,0.05598008968505845
916,0.05543348606445154,0.05598017687982278
917,0.05543302339933547,0.0559801131049015
918,0.05543208256283997,0.05597959963130706
919,0.05543096109730865,0.05597958621492234
920,0.05543011173362884,0.055979786152035485
921,0.05542896021101549,0.055980134205365864
922,0.05542849467367089,0.05598049904330577
923,0.05542792398809801,0.05598064981416428
924,0.05542675296315595,0.05598067175701338
925,0.055425785944930236,0.055981223454636096
926,0.05542562842450264,0.055981516620018136
927,0.055424952030664734,0.05598098371531913
928,0.055423731353375555,0.05598091528820971
929,0.05542331926434818,0.05598080055204891
930,0.055422809080497105,0.05598058194934231
931,0.05542253448681668,0.05598062722436176
932,0.055422458162428044,0.05598064972073838
933,0.05542220021070572,0.05598074699038944
934,0.05542109412163401,0.055980498378651815
935,0.05541999126832046,0.055980561812374784
936,0.05541930563854187,0.05598057560140039
937,0.05541920956530192,0.0559805293205217
938,0.055417790489254264,0.055979985736147375
939,0.055416876533985804,0.05597964498229751
940,0.05541662872257248,0.055979729390729774
941,0.05541568445003352,0.05597894041348339
942,0.055414682846150184,0.05597887690675201
943,0.055414155765080235,0.05597898234169278
944,0.055413986243461714,0.0559788941125417
945,0.05541301650655862,0.055979069590414196
946,0.055412072685130806,0.05597863789799216
947,0.055411215545081834,0.05597877329847752
948,0.05541106532658383,0.055978796395851474
949,0.05541009610304545,0.05597844792392148
950,0.055409611130309906,0.05597846878462202
951,0.05540875827917375,0.05597807366913242
952,0.05540804932412832,0.05597825283118069
953,0.055407852565181076,0.05597831500855064
954,0.05540782793633601,0.05597832731003714
955,0.055407793768149964,0.05597833164789826
956,0.055407771787644035,0.05597831527533421
957,0.05540653187008818,0.055978341278086916
958,0.05540561739932419,0.05597805596984311
959,0.0554053519082667,0.0559781697356475
960,0.05540529926307876,0.055978176828774054
961,0.05540453575014688,0.055978138536717015
962,0.05540367679080401,0.05597786297377993
963,0.05540296335271346,0.05597775604014914
964,0.0554021801730771,0.05597807778664854
965,0.055401925628574496,0.05597800176859848
966,0.05540156132730555,0.05597822234902155
967,0.05540084674961758,0.055977750386047395
968,0.05540044851369821,0.05597720385421119
969,0.055400028707181616,0.05597701082809179
970,0.05539936042709753,0.05597737198682382
971,0.055398893296199916,0.05597726542126676
972,0.0553988139540099,0.05597728325948317
973,0.05539772965376129,0.055977014129485574
974,0.05539704836224821,0.055976962445741366
975,0.055396063045450056,0.05597716129456922
976,0.055395729333218804,0.0559771929396071
977,0.055395597429635866,0.055977190968783994
978,0.05539443792663571,0.05597744178539955
979,0.05539382803866491,0.05597697779659327
980,0.05539314324086073,0.05597698871469211
981,0.0553929527803861,0.05597678275753418
982,0.05539182882617018,0.055977132795350014
983,0.05539091956278436,0.05597685229875972
984,0.05539049547124326,0.05597690924939991
985,0.055389235602359276,0.05597667202981937
986,0.055388149139867754,0.055977213869673866
987,0.0553875110444013,0.055977313204133294
988,0.05538664944724146,0.05597697688602388
989,0.05538618523864647,0.05597711364047846
990,0.055385849320220004,0.05597725640285471
991,0.05538537030672274,0.05597763659477044
992,0.05538444915930775,0.05597771514682015
993,0.05538345832860881,0.05597711877335117
994,0.055382807921116266,0.05597722284261421
995,0.05538260648943609,0.05597722689894908
996,0.05538230773046289,0.05597719710571253
997,0.05538187535505475,0.05597740024796306
998,0.055381782678609916,0.05597736835164082
999,0.05538075435451839,0.055977245066925696
1000,0.055380200328984434,0.05597706049759955
1001,0.055379686740065506,0.05597696318406963
1002,0.05537951687097448,0.05597700725546866
1003,0.0553789427547668,0.05597721177999592
1004,0.05537806334405246,0.05597719183529872
1005,0.055377993853692874,0.055977208593534715
1006,0.05537676985508226,0.0559772392111478
1007,0.05537608065456532,0.05597691126935677
1008,0.055375574072570204,0.05597699166322335
1009,0.05537544367894478,0.05597682649297463
1010,0.05537451009271419,0.05597674265360365
1011,0.055374379538667376,0.05597676262731423
1012,0.055374259683789485,0.0559767823970903
1013,0.05537380536731129,0.05597691616776805
1014,0.05537379526476879,0.05597692617280581
1015,0.05537289381185517,0.055976870091849644
1016,0.05537204054236023,0.055977047143486815
1017,0.05537114340207674,0.055977286827303234
1018,0.055370956351334245,0.05597727920060104
1019,0.05537024330024563,0.05597723482286094
1020,0.05536919820278337,0.055977008379615355
1021,0.05536908750754375,0.055977004903507786
1022,0.055368502405218456,0.05597699040652568
1023,0.0553676639357106,0.05597715368596625
1024,0.055366905215425165,0.055977068841737775
1025,0.055366661570084276,0.055977014734676186
1026,0.05536580216913084,0.055977392831559204
1027,0.0553646047023473,0.055977671173539155
1028,0.05536339908969444,0.05597782619166763
1029,0.055363246528171164,0.05597784273922975
1030,0.05536284604698784,0.05597782337487679
1031,0.055362522973855736,0.055977579038984496
1032,0.05536239869097967,0.05597758107394906
1033,0.05536189289685693,0.055977670038272385
1034,0.05536157831367614,0.0559778357290217
1035,0.05536135296618103,0.055977939557683085
