0,0.15349764320403803,0.15377098647075407
1,0.14182411055210467,0.14210280538488368
2,0.1313791939128477,0.13164200947137303
3,0.12285394914950307,0.12308926344506231
4,0.11424859760664192,0.11445324834781394
5,0.10671448886349197,0.10691300456047187
6,0.10015783831281608,0.10034825249739665
7,0.09502847709832547,0.09520315481245048
8,0.09020900289756709,0.09037157215257755
9,0.08585431967538772,0.08598888907497403
10,0.08192585383609977,0.08205224765792626
11,0.07859149199322184,0.0786962498610146
12,0.07568936709875349,0.07578526367685878
13,0.07314776152493231,0.07321557155717273
14,0.07079463896284281,0.070847159427422
15,0.06869798179166356,0.06874393633945469
16,0.0669840125468045,0.06701773523593464
17,0.06552705392632918,0.06555882865273205
18,0.06429430071672108,0.06431750380797864
19,0.06329150784191692,0.06330843698438655
20,0.062353767613814656,0.06236225212548827
21,0.06159902117379476,0.06160986202345658
22,0.06096818370837392,0.06097561198385581
23,0.060418939128430035,0.06041938170153785
24,0.059950816130175326,0.05994419068344357
25,0.05958554933380295,0.059579522404705106
26,0.05924521821277261,0.059227366815812636
27,0.0589420291627237,0.05892018146655079
28,0.05868138287587307,0.05865536642961037
29,0.05844500192860951,0.05840702954765289
30,0.05826865794043517,0.05822872351989406
31,0.05810395990277112,0.05805630139801282
32,0.05801139720965191,0.057962983515441546
33,0.05789390058904423,0.0578397408847258
34,0.05779392930854227,0.05773607014862497
35,0.0576953275803401,0.05763900191353446
36,0.0576191667034435,0.05756266327764336
37,0.05754697743697454,0.05748675449505022
38,0.05748884102399264,0.05742798500153854
39,0.057431789002146225,0.05736751901626605
40,0.057387280673932915,0.057318666771718055
41,0.05734238272355305,0.05727365428460224
42,0.05730735303106197,0.05723938836092123
43,0.05727243160348384,0.05720439912350776
44,0.05725025100008368,0.05718086330795128
45,0.057224476866518825,0.05715531811537342
46,0.05718922770479049,0.05712062857897283
47,0.05716580576727381,0.05709616875904407
48,0.057148748227957465,0.05707994869642224
49,0.05712604666861207,0.05705503566506998
50,0.057103244920264945,0.0570302727321742
51,0.05708578402224108,0.0570115012542053
52,0.057066504216872656,0.05699124696260599
53,0.05705548733511485,0.056980510335533786
54,0.05704522324231436,0.0569700830663432
55,0.057025255653491015,0.05694932558441824
56,0.05701064820963979,0.05693321578241021
57,0.056999002955083033,0.05692338184744947
58,0.05699408188622457,0.05691926933069387
59,0.05698425759491675,0.05690995724572233
60,0.05698031223807358,0.05690675279413492
61,0.05696861064889336,0.056895546552776045
62,0.05696369252845464,0.05689108966575687
63,0.05695415368378329,0.0568816965586528
64,0.056940482126418786,0.056869612858508875
65,0.05693069456914643,0.05685846877271113
66,0.056922786139536316,0.0568489239577877
67,0.0569122195321363,0.05683799784165085
68,0.056907992320687176,0.05683427713365703
69,0.05690227403856044,0.05682819337749158
70,0.056895731898137125,0.056821644217776815
71,0.056889963449931406,0.0568159910100295
72,0.0568894476482688,0.056815832994243996
73,0.05688818238888724,0.05681363773539431
74,0.05687864186232719,0.056803425454384354
75,0.05687514553020656,0.05680018191566283
76,0.056871862207561893,0.0567975045913307
77,0.05687164581453582,0.0567972697846411
78,0.05686741598015619,0.05679245007464524
79,0.05685924112321203,0.05678627726579976
80,0.05685238221711253,0.056779671459559554
81,0.056848276852911286,0.056776268430194544
82,0.05683720868324467,0.05676716531563578
83,0.05683243878538671,0.05676270711360658
84,0.05682758351403071,0.056756690734023216
85,0.05682564552946369,0.05675533039886959
86,0.0568174376278116,0.05674772012523932
87,0.05681043789173534,0.05674271827869137
88,0.05680101913257954,0.05673248101458601
89,0.05679485631373794,0.0567264204247651
90,0.05679043634816739,0.0567224643595988
91,0.05678216381687558,0.05671321664005154
92,0.056775229369706005,0.056706713660336215
93,0.056771633787072395,0.056702161863692944
94,0.05676680048651213,0.05669829032214214
95,0.0567633039510409,0.056694847463409324
96,0.05675963266935378,0.05669133695111654
97,0.05675718457941924,0.05668936976096413
98,0.05675039717594924,0.05668443125149227
99,0.056746858796877464,0.056681810217398404
100,0.05674433693276726,0.05667940733068778
101,0.056740521673833685,0.05667533909702675
102,0.05673402956726688,0.05666814509645277
103,0.05673024275248326,0.05666593844844162
104,0.05672864998048362,0.05666515698047078
105,0.05672655544176103,0.05666385516242794
106,0.0567243216205253,0.056661967303801485
107,0.056718585030469094,0.056657308803013555
108,0.056716280247004,0.05665498108031352
109,0.056714423997006734,0.056653752214386455
110,0.056712849858583506,0.056652952358030646
111,0.056712725190991124,0.05665331692482535
112,0.056710694964444974,0.056651660840847544
113,0.05670867693341083,0.056649375164611236
114,0.05670401466418248,0.056645778552321835
115,0.05670133064385389,0.056643339292951025
116,0.05669374217871598,0.05663589742990184
117,0.05668848157963717,0.05663133676075742
118,0.0566854257792484,0.05662818240134282
119,0.05668408528277839,0.05662720991238374
120,0.05668415076203489,0.056627878994148416
121,0.05667995723504869,0.05662351261058906
122,0.05667487397420337,0.05661686401910535
123,0.056673300347094335,0.056616122354797904
124,0.05667105054979111,0.056614532905882815
125,0.056661452605611444,0.056604773864317386
126,0.05665917490595341,0.056604083503206525
127,0.056656461901181704,0.056602010558882254
128,0.05665514391106367,0.05660119197729669
129,0.056648195004370204,0.05659395749388192
130,0.056644145830531005,0.056591127339510564
131,0.056642616428984945,0.056590695432959456
132,0.05664104203531944,0.05658910280360419
133,0.05663748149468893,0.05658526529426914
134,0.05663496096011215,0.05658354692516476
135,0.05663288200331869,0.05658217063747619
136,0.05662884713677375,0.05657805990211095
137,0.056627290893725556,0.05657729481670918
138,0.05662627861536264,0.05657712870325106
139,0.05662262268362996,0.056573741151618916
140,0.05662112423179268,0.05657264452580982
141,0.05661828736927578,0.0565697745641939
142,0.056615391009610626,0.05656730374856827
143,0.05661189523914732,0.05656511578256286
144,0.0566100792571235,0.056563983919968204
145,0.056607160563770936,0.056560930076481705
146,0.05660192521834778,0.056555521062391256
147,0.05659702051129823,0.05655009418822592
148,0.05659412545245027,0.05654685586016448
149,0.05659086907645246,0.056544331186717894
150,0.056588414654839894,0.05654259775023588
151,0.05658691674524019,0.05654154500077389
152,0.056582970113524686,0.05653900465669338
153,0.056580513379608344,0.05653692264949946
154,0.05657885312573472,0.056536157898009545
155,0.056576154247957866,0.05653443707564129
156,0.05657497281379124,0.0565329985505541
157,0.05657246593856049,0.05653011776797841
158,0.05657230734668392,0.05653007843432049
159,0.05657025335058269,0.05652807813453665
160,0.05656822648697399,0.05652645164151043
161,0.056565050646529474,0.05652294575816988
162,0.05656122927196012,0.0565183055264569
163,0.056559824191057026,0.05651714116026617
164,0.056559216951895794,0.05651666309760544
165,0.05655749656951986,0.05651629327750161
166,0.05655521216759927,0.05651429450228699
167,0.05655283399339265,0.05651301031697236
168,0.05655048534565417,0.05651049725268541
169,0.05654922174972717,0.056509942250826235
170,0.0565474747651626,0.05650859699535284
171,0.05654511266148117,0.05650656883807701
172,0.05654332621019493,0.056504692855821215
173,0.05654218843232177,0.056503869761215325
174,0.056540778081095276,0.05650199061718227
175,0.05653913771544792,0.05650031405745413
176,0.05653807287934807,0.056499629022332236
177,0.05653301981164006,0.0564947830803617
178,0.056530974812992345,0.056493892829047175
179,0.05652970142819302,0.05649269836659475
180,0.056526790383674724,0.05648988577940512
181,0.05652553475143232,0.056489414053068836
182,0.05652499303821457,0.05648944646813546
183,0.05652419368953346,0.05648902681825684
184,0.05652406038535449,0.05648906429279625
185,0.05652225778325112,0.05648758000088813
186,0.056517033922758746,0.056483367778902206
187,0.05651631498182021,0.056482866080017756
188,0.05651517213034085,0.05648206385516177
189,0.05651407257745843,0.05648018578736214
190,0.05651339459144486,0.05648019309912217
191,0.056511729462680085,0.056479532436930456
192,0.05650920710549962,0.056477774414205296
193,0.05650732801468055,0.05647644247121675
194,0.056504659385162505,0.056475180231790274
195,0.056503772361619825,0.05647435658609855
196,0.05650209753613084,0.05647215348843479
197,0.05649930155788544,0.05646902872033383
198,0.05649973884826205,0.0564696263413582
199,0.05649876115695441,0.05646913176106282
200,0.056498677967632596,0.056469138660073005
201,0.05649848540960252,0.05646847893143071
202,0.05649526202251779,0.05646438750152123
203,0.05649378447540931,0.056463301547602915
204,0.056492350960957574,0.05646186115648042
205,0.0564910154609239,0.05646120860498936
206,0.056489121797191566,0.05645815445658336
207,0.056488029904125193,0.05645699339835184
208,0.056486821171598374,0.05645614208718602
209,0.056485629246750955,0.056455279639931
210,0.05648513053573944,0.05645443043921016
211,0.056480726694051034,0.05645113007938218
212,0.05647995941459435,0.05645032455676172
213,0.05647807011340638,0.056449775696502724
214,0.05647682651352301,0.05644886485860394
215,0.056475537229689704,0.056448152914989384
216,0.05647320986929187,0.05644567312992855
217,0.05647273428258446,0.05644524192587061
218,0.056471650381785504,0.05644486458251794
219,0.056470002127193136,0.056443330858220155
220,0.056469722660892424,0.05644302744314346
221,0.05646948015646047,0.05644353456046056
222,0.0564681929034142,0.05644190325950203
223,0.05646742399045914,0.05644214805545868
224,0.05646354209949363,0.05644012363459278
225,0.05646169585403415,0.05643829335965595
226,0.056460696143136806,0.05643794109589911
227,0.05645726719463655,0.056435975919133595
228,0.056455606611158754,0.056435547464288915
229,0.05645239047590218,0.05643320919350932
230,0.05645064060451607,0.056432247708704086
231,0.05644931687560657,0.05643155137123785
232,0.05644788784994275,0.056430239958855544
233,0.05644766513776543,0.05643006852355192
234,0.05644588784188325,0.05642909011495341
235,0.056444096092349946,0.05642899585772181
236,0.05644310357290388,0.056428460298912846
237,0.05644131913619351,0.056428152179034005
238,0.05644116306810988,0.05642825327478511
239,0.056440939579728136,0.05642843143966825
240,0.056434420428591106,0.056422857607034686
241,0.056434171241119435,0.05642297074125593
242,0.056432292608344294,0.05642146184081919
243,0.05643189117653906,0.056421278427779324
244,0.05643062807483243,0.05642077797232771
245,0.056429579674589884,0.05641986297478452
246,0.05642689613580628,0.05641770284638479
247,0.05642535668338721,0.05641603600867135
248,0.05642466851935633,0.056415611844235575
249,0.056424506717450036,0.05641604097672232
250,0.05642437980951571,0.056416135315805915
251,0.05642352757929204,0.056416203016056196
252,0.05642285059343431,0.05641588014872096
253,0.05642233854528048,0.05641545878743561
254,0.05642132137846907,0.05641494971733973
255,0.0564185125083905,0.05641179076164821
256,0.05641664187213247,0.05640949754534345
257,0.05641583642441227,0.0564085065829318
258,0.056415114290773415,0.056408081003989745
259,0.056414923349025085,0.05640774434370155
260,0.05641340221449288,0.0564067613185386
261,0.056411321516406855,0.056404977291840436
262,0.05641062066839451,0.05640488338014064
263,0.056410029547450814,0.056404689387001446
264,0.05640894154890423,0.05640356987416979
265,0.05640880268188775,0.05640345323400343
266,0.05640680656344756,0.05640183158239063
267,0.05640473861548899,0.056401840012721326
268,0.05640430286804431,0.056401274971314364
269,0.056403418419701284,0.05640051026375126
270,0.05640260444375851,0.05640055535520982
271,0.056402218933839655,0.056400211790003034
272,0.056399726860699745,0.05639762069522425
273,0.05639877056222531,0.05639700943763332
274,0.05639638792564356,0.05639528244830384
275,0.05639587878841649,0.05639503418454456
276,0.0563958783143677,0.05639504468330529
277,0.05639541172171129,0.05639509901872347
278,0.05639450490887174,0.056394901573904796
279,0.056394456894104536,0.05639496223859529
280,0.056394041662648706,0.05639474514517479
281,0.05639322177913982,0.05639383046850451
282,0.056393077168718095,0.056393761606434056
283,0.05639293446835289,0.05639384281637252
284,0.05639104793194272,0.05639246389959382
285,0.05639059352299039,0.05639259531810341
286,0.05639059444553645,0.05639261871537069
287,0.05638919355286393,0.056391584228089084
288,0.05638878798660211,0.05639151590663557
289,0.05638827811787244,0.05639193898034138
290,0.05638814235639569,0.05639191077351312
291,0.056387368922318486,0.05639137693977709
292,0.05638564383447157,0.056390471513938466
293,0.056384669305358306,0.05638990331462576
294,0.05638275302856763,0.05638762533646545
295,0.05638177015927812,0.05638655496625893
296,0.05637757836878188,0.05638311406709794
297,0.05637743832045091,0.05638298380429537
298,0.05637484671487498,0.056379863454337126
299,0.05637359444102923,0.056379272391909645
300,0.05637345437241744,0.05637925489490087
301,0.05637344529019033,0.0563792365476377
302,0.05637346249806632,0.05637923216316812
303,0.05637170668817027,0.05637736586525345
304,0.05637149409865603,0.05637714487867203
305,0.05637051136459635,0.05637650096373749
306,0.05637010490653844,0.05637618186514843
307,0.05636906438592956,0.05637591982003504
308,0.05636760326768764,0.056374891116959605
309,0.05636690441971575,0.056374255690411615
310,0.056366249201814454,0.05637375416017374
311,0.05636593901933834,0.056373725547956936
312,0.056365646018982536,0.05637358129745655
313,0.056365627887318026,0.056373618854169895
314,0.056364509426200235,0.056372787874565664
315,0.05636373194297693,0.05637205064672728
316,0.05636287115221779,0.056371539793425435
317,0.05636250941069761,0.05637156817067146
318,0.05636236939584759,0.056371518933418664
319,0.056361154549948854,0.05637022768465479
320,0.056361077535232604,0.05637031172688751
321,0.05636040651999144,0.05636975051727361
322,0.056359889640481636,0.056369341156255276
323,0.05635957636827631,0.05636921765724542
324,0.05635896492604728,0.056369613687009296
325,0.05635721118417047,0.056368580119202455
326,0.05635679976026452,0.05636829646283464
327,0.056356377399361016,0.05636800122424929
328,0.0563563693286634,0.0563680069406686
329,0.05635520423731642,0.05636696325174899
330,0.05635470494329363,0.05636649937668209
331,0.05635393280692848,0.05636591214589772
332,0.05635327140425827,0.05636559306928424
333,0.05635321403492877,0.056365607890228854
334,0.056352841918521086,0.05636567133232832
335,0.05635280117284879,0.056365736559366456
336,0.056351556596876885,0.0563650875106905
337,0.0563505510022805,0.056364070106297674
338,0.05635037771540967,0.05636421585134068
339,0.05634748677624483,0.05636163979926848
340,0.056347112249729006,0.05636153021302194
341,0.05634599048208083,0.05636074218139106
342,0.05634586015279847,0.05636068580454453
343,0.05634492706478404,0.05636030214545842
344,0.05634473614424244,0.05636028337393626
345,0.05634431432711604,0.056360147638130895
346,0.05634323390713002,0.05635961769097656
347,0.056343243743246105,0.05635962933021316
348,0.05634269285467042,0.05635928200012776
349,0.056341128516792474,0.056357823009165586
350,0.056339568231324993,0.05635730289706903
351,0.05633573750941443,0.05635334185210128
352,0.05633432963443036,0.056353104303371634
353,0.05633364951387447,0.05635202066438704
354,0.05633131492501832,0.05635073624211018
355,0.056330198227801415,0.05634985358092311
356,0.05632962946789253,0.05634951144224473
357,0.05632948189954908,0.0563495959621003
358,0.05632816850809277,0.05634885128876512
359,0.05632767687559618,0.0563484232281905
360,0.05632718007015168,0.05634775563911017
361,0.0563270538872882,0.056347664476053154
362,0.056326702184504536,0.056347497953705424
363,0.056326556103344215,0.05634738917541766
364,0.0563265390686898,0.05634738948128899
365,0.05632642941440698,0.05634736656201545
366,0.05632629787447128,0.056347272987100475
367,0.05632546263076259,0.0563468594770171
368,0.05632424240399834,0.05634593423818603
369,0.056323654391373955,0.05634542601654974
370,0.05632328056240491,0.05634555017566607
371,0.05632284826783267,0.05634488234679396
372,0.056322847347358734,0.0563448848817354
373,0.05632257695862681,0.056344799297343526
374,0.05632229670261194,0.05634488347165944
375,0.0563215675104357,0.05634440673581937
376,0.056321386920231725,0.05634447972427604
377,0.05632049827755691,0.056344348853775136
378,0.056319878176966126,0.056344629005559296
379,0.056319155561883966,0.05634403706788371
380,0.056319159814698164,0.056344041770527216
381,0.05631935563614201,0.05634462408390095
382,0.05631877711607845,0.05634385649074612
383,0.05631896362714606,0.05634423627794698
384,0.056318636747539806,0.056344439363231635
385,0.05631778313618099,0.05634395379587351
386,0.056317562467694655,0.05634387234958121
387,0.056317458801029514,0.05634389310045443
388,0.056316488212273606,0.056343291933548895
389,0.05631648493087415,0.05634327691572209
390,0.05631637080982015,0.05634310249452218
391,0.05631567005870432,0.056342674887056375
392,0.05631567027578862,0.05634267353958799
393,0.05631434344591473,0.05634190467554796
394,0.05631330701150015,0.05634136247310723
395,0.05631297299074325,0.05634115500580293
396,0.05631241774294492,0.056341093239375035
397,0.056311010372379774,0.05633958184782094
398,0.05631071744356236,0.05633923929024547
399,0.056310436943495905,0.05633911016426778
400,0.056309463933754515,0.056338217289569545
401,0.05630768526983739,0.05633673667070395
402,0.05630712719756969,0.056336288065341286
403,0.05630663311742904,0.05633590187624919
404,0.056304840832317855,0.056334663474323206
405,0.05630469850186777,0.056334512958906416
406,0.05630441532403771,0.05633433768225749
407,0.05630368524909464,0.05633358291410861
408,0.05630279102447155,0.05633262107895035
409,0.0563027882079745,0.056332944464869056
410,0.05630136074928942,0.056331615948061194
411,0.05630140185815018,0.05633167841608196
412,0.056301290687343866,0.0563317027889325
413,0.05630092872210586,0.056331581541487555
414,0.056300209238037385,0.05633142731051451
415,0.05629974389271594,0.05633019136544519
416,0.05629891669899331,0.05632870133644628
417,0.05629837870296349,0.05632842822155724
418,0.05629685083319961,0.056326878804058414
419,0.05629678652508493,0.05632680929981926
420,0.05629642682596675,0.056326137947905884
421,0.05629637325708964,0.05632656036934288
422,0.056296105835935924,0.05632668289934584
423,0.05629595409162668,0.05632677230074316
424,0.0562957948329356,0.05632680610455136
425,0.05629510230400786,0.05632630335859238
426,0.056294516337848106,0.056326678921268095
427,0.05629440366060367,0.05632679362148048
428,0.05629417669694947,0.056326796180443686
429,0.05629408860854837,0.05632676026347187
430,0.05629365549884422,0.05632686142810829
431,0.05629300275511161,0.05632615600497535
432,0.05629299911322246,0.05632612619660973
433,0.05629285915991856,0.05632608284038434
434,0.05629227445438486,0.056325908707365285
435,0.05629185081211594,0.05632574559502073
436,0.05629144902381506,0.056325750349367446
437,0.056291273984743,0.056325711173101374
438,0.05629114963570334,0.05632560985363998
439,0.056290998733389865,0.056325582846136056
440,0.05629044963155751,0.056325180543806745
441,0.05628976404871269,0.056325258183109066
442,0.05628914634128568,0.05632518789727103
443,0.05628859096523096,0.056324572319938086
444,0.05628821023450118,0.05632438450592138
445,0.05628820637372541,0.05632453877094763
446,0.056287250404414485,0.056323507333219905
447,0.056286990755546856,0.05632333801888458
448,0.056286864183649685,0.05632332957728003
449,0.05628651065370074,0.05632304705205432
450,0.05628556895066882,0.05632165277414382
451,0.05628550166922075,0.056321457252521134
452,0.05628445989397579,0.056320787827120286
453,0.056284426255334676,0.05632078574680741
454,0.05628474360519036,0.05632049144951114
455,0.05628462803313331,0.0563209042739038
456,0.05628400229387455,0.05632028643242919
457,0.05628367601131676,0.05632002621852117
458,0.056283245547923196,0.05631984965322833
459,0.056281751795044035,0.056319136345636706
460,0.056281634815582904,0.056318918076684585
461,0.056280459603473006,0.056317659228458626
462,0.056279569820468285,0.056317216866892325
463,0.056277415742582465,0.05631522717554699
464,0.056276832702553084,0.056315034856075134
465,0.0562762816907809,0.0563144988604332
466,0.05627556745332185,0.05631416142704326
467,0.056275363598327154,0.056313684362349334
468,0.056275225240508264,0.05631366799510119
469,0.056274518656158574,0.056313515040703026
470,0.05627349291488363,0.0563133106668555
471,0.056272721999526085,0.05631254917635473
472,0.0562715794278869,0.05631198259211058
473,0.056271705125554475,0.05631222206449522
474,0.05627179627153797,0.05631230724993686
475,0.05627147954511122,0.056312206946660344
476,0.056271190491106245,0.056311961775214664
477,0.05627121566650945,0.05631192487375665
478,0.05627032528915901,0.056311404166375985
479,0.05627023404608351,0.05631134673293477
480,0.05627021901751604,0.05631121551531988
481,0.05627021704760432,0.05631122348087997
482,0.056270047250852454,0.056311111241852535
483,0.05626949965455331,0.05631064641446134
484,0.056269401618140376,0.05631067403059449
485,0.05626939674944056,0.056310684434594
486,0.056269342912472535,0.05631070214058444
487,0.05626925294214697,0.056310709968578725
488,0.05626923176999633,0.05631071252191172
489,0.05626928331007895,0.056310776175589446
490,0.056268140940241566,0.056309865089308825
491,0.05626797620329111,0.056309609177301906
492,0.056266686781007005,0.05630880245558253
493,0.05626667830849622,0.056308832851505106
494,0.05626667251998584,0.05630882937917628
495,0.056265971795760775,0.056307971978086804
496,0.056265975173467264,0.05630796607489835
497,0.05626585720777302,0.05630794645715382
498,0.05626484953668408,0.056306899016091906
499,0.05626450706707577,0.056306631971310105
500,0.05626442379728125,0.056306671225329744
501,0.05626441486869839,0.056306688662990385
502,0.05626353193586463,0.056305618696520884
503,0.05626318886481814,0.056305346565636724
504,0.05626255212971273,0.0563049166798697
505,0.05626234148679263,0.05630475959602453
506,0.0562612652532563,0.05630360583827563
507,0.05626098195667519,0.05630332605883586
508,0.05626065754049763,0.05630316479637492
509,0.056260565868157225,0.05630317855261166
510,0.05626063439897135,0.056303285320914866
511,0.056260589916865916,0.05630329162338152
512,0.05626057065859827,0.05630331543750778
513,0.05626057356251085,0.056303318768133506
514,0.05626012779989852,0.05630287693455516
515,0.056259642646527254,0.056302082041232056
516,0.05625939427086499,0.056301824849111684
517,0.05625818744387865,0.05630085981634695
518,0.0562580962202176,0.056300978965235365
519,0.05625766119932611,0.056300422200333614
520,0.05625699659797953,0.05629990938001567
521,0.0562569649234498,0.056300046520903334
522,0.05625655997043639,0.05629980604238393
523,0.05625645248969208,0.05629978184548521
524,0.05625611353286966,0.05629982740505833
525,0.056254462358988754,0.05629993458785346
526,0.05625437722830183,0.05629994046856729
527,0.05625358876672435,0.05629899571285928
528,0.05625329625593848,0.05629879998968203
529,0.05625296495356226,0.056298657521354996
530,0.05625203078506546,0.056297644384259764
531,0.05625187724522411,0.05629756316570881
532,0.05625165221751679,0.056297571112987464
533,0.0562510751757975,0.056297066671565796
534,0.0562510151045467,0.05629713344451185
535,0.0562508553623046,0.05629716399915516
536,0.05625048763836143,0.05629696152208466
537,0.05625010610427699,0.05629683627589633
538,0.05625009758690502,0.05629683469084537
539,0.05624999556469914,0.05629694301453642
540,0.056249912469251546,0.056296987436017625
541,0.05624878836817215,0.05629665377264843
542,0.056247905858553514,0.05629649467199567
543,0.05624787725802284,0.05629648721118872
544,0.05624690166078383,0.05629663468284117
545,0.05624688139624561,0.056296531409711824
546,0.05624678274551841,0.05629652195260375
547,0.05624615722533882,0.05629601445734675
548,0.05624619435169638,0.056296042396041655
549,0.056246077897979155,0.05629606645535328
550,0.05624612158424854,0.05629608894679856
551,0.056246139371327275,0.05629616612540995
552,0.056246116118717535,0.05629616883350665
553,0.05624582349736308,0.05629616703826213
554,0.05624579346790552,0.056296163116250054
555,0.05624553601380728,0.05629621706297694
556,0.05624539286942626,0.05629567960730016
557,0.05624517206570053,0.05629544732015649
558,0.056244684618894404,0.056295347349122615
559,0.05624401930322636,0.05629481143349322
560,0.0562436077704022,0.05629423790336565
561,0.05624209447120416,0.05629325996338539
562,0.056241970851977366,0.056293173609475465
563,0.056241740654426324,0.05629308477710515
564,0.05624156922213547,0.05629313046027791
565,0.05624153242336147,0.05629311817697284
566,0.056240816541215564,0.05629175573473832
567,0.056240399864312736,0.05629166250705545
568,0.056240329100782076,0.05629167368926958
569,0.05624014553051568,0.05629159001939579
570,0.05623976295320397,0.05629138338976655
571,0.05623968591247558,0.05629147046002983
572,0.05623939763407748,0.05629140370468384
573,0.056237200400038836,0.056290029861156124
574,0.05623730764867773,0.05629022642481973
575,0.05623722802171504,0.05629011561947888
576,0.05623722839656773,0.05629011742866177
577,0.05623670369413205,0.056289837728324965
578,0.0562365528706251,0.0562896253009798
579,0.05623650444404862,0.056289600744343304
580,0.05623647904819149,0.05628964987867546
581,0.05623641493029172,0.05628965686669548
582,0.05623641574144828,0.05628965581990152
583,0.056235627952318304,0.05628976187396952
584,0.05623560871393556,0.056289793974441026
585,0.05623548764862558,0.05628963413979169
586,0.056235225874456375,0.05628990349623678
587,0.056234945527322104,0.05628966259005634
588,0.05623469385418661,0.05628970297372181
589,0.05623309737245044,0.05628900971094253
590,0.05623289476344332,0.05628874809671123
591,0.056232651679747225,0.056288736332663965
592,0.05623293592688229,0.05628884425602222
593,0.05623291723268314,0.056288816195020984
594,0.05623292373712582,0.05628882149324843
595,0.056232780552393266,0.056288801988294376
596,0.05623224574191976,0.056288613304906095
597,0.05623224299829053,0.05628862061489526
598,0.05623218786671744,0.05628862333290385
599,0.05623219057073797,0.056288626606488285
600,0.05623169748660447,0.056288558981165755
601,0.05623142845603813,0.056288712405868115
602,0.05623142611775534,0.056288711260078006
603,0.056231236545368386,0.05628865980098499
604,0.056230933459507075,0.05628824124731892
605,0.0562309502873723,0.05628826966408601
606,0.056230776603215106,0.056288245365033476
607,0.05623077691755612,0.05628824601509975
608,0.05623076290195854,0.056288203816333954
609,0.05623070487629387,0.05628810528347405
610,0.05623059210175472,0.05628799716424877
611,0.05623045023006381,0.05628798877271892
612,0.05622919252372819,0.056286748181511984
613,0.05622913813266984,0.05628675849727381
614,0.05622911902414389,0.05628679953076511
615,0.05622879219475605,0.05628666428788607
616,0.05622878297017364,0.05628665603791178
617,0.056227689006378125,0.056286531405809775
618,0.056227690330853446,0.05628653295041125
619,0.05622750333617531,0.05628652912503227
620,0.0562273614065316,0.05628638422250613
621,0.056226371074010344,0.05628582787974907
622,0.0562263769399939,0.05628583283366665
623,0.05622637629481331,0.05628583820931017
624,0.056226091374734825,0.056285766275324646
625,0.056226066409684784,0.05628572564747226
626,0.0562259792623682,0.056285675511816916
627,0.05622597540571163,0.05628567549396246
628,0.05622586844114829,0.05628558985517475
629,0.05622536288453645,0.056285331604961894
630,0.05622534873774737,0.056285317231864834
631,0.05622531468955464,0.056285345825821474
632,0.05622513416232332,0.056285248741152066
633,0.056225132956073405,0.056285269491998094
634,0.05622498570125421,0.05628491103928388
635,0.056224986470977685,0.056284911821029085
636,0.056224984470239076,0.05628491021765675
637,0.05622462195927933,0.05628477606493662
638,0.05622462626418739,0.05628477816488937
639,0.05622447739117715,0.05628469808256328
640,0.05622425916829813,0.0562845131714689
641,0.056224023273202396,0.05628442684477565
642,0.05622402316295276,0.05628442547290402
643,0.05622400479049468,0.056284422769065305
644,0.05622397409414535,0.05628443693979692
645,0.05622397212875725,0.05628443430768288
646,0.05622387004685777,0.056284466655512885
647,0.056223643923836615,0.05628439234864077
648,0.056220786485595,0.05628274111558902
649,0.05622038841083594,0.05628259563975815
650,0.05622039230708937,0.056282595920584697
651,0.056220375630557415,0.05628257634609658
652,0.05622033783474573,0.056282634126648974
653,0.05622034239453476,0.056282638495291554
654,0.056220157540434586,0.05628249114387497
655,0.05622014761375531,0.05628248714182137
656,0.05622021468235695,0.05628241463205004
657,0.05621946301711601,0.056281969007974844
658,0.05621944821078124,0.05628195306073747
659,0.056218804994542716,0.056281572026031096
660,0.05621875795008786,0.05628137301131231
661,0.05621856896281445,0.05628144084509454
662,0.05621855536096471,0.05628145302957473
663,0.056218300157204436,0.05628126134759439
664,0.05621754773894875,0.05628078331968255
665,0.05621755495391235,0.05628079021643605
666,0.05621754157458513,0.056280819059491186
667,0.05621753032596618,0.05628079215835338
668,0.05621753679455076,0.056280797523877546
669,0.056217524178028465,0.056280818921024156
670,0.05621718439200396,0.05628042159633082
671,0.056217187426981396,0.05628043276632843
672,0.0562171811414952,0.0562804013228915
673,0.05621665585687783,0.05627979185390088
674,0.05621570123925005,0.05627925492724255
675,0.056215672349046585,0.05627923126381978
676,0.05621547230195811,0.05627923971632537
677,0.05621544618261257,0.05627921741002294
678,0.056215447024295866,0.05627921898444917
679,0.05621542435564153,0.05627933896565919
680,0.056215316606956604,0.05627929787824454
681,0.0562152623104558,0.056279254092699287
682,0.05621528424767765,0.05627929496723213
683,0.056215039277849245,0.056278914263367355
684,0.05621505001173313,0.056278965872964125
685,0.05621499880096897,0.0562789645309839
686,0.05621499412572956,0.05627896823486743
687,0.05621498049610297,0.056278952184578256
688,0.05621473115627603,0.05627879764271082
689,0.05621457640417371,0.05627868755739717
690,0.05621446990088057,0.05627890815186602
691,0.056214342728680936,0.056278883203091774
692,0.05621344880197921,0.05627905929162458
693,0.05621232915284218,0.05627750694606063
694,0.05621232307303035,0.05627755556662764
695,0.056212300323958714,0.056277559787194426
696,0.05621233975760917,0.05627761729276107
697,0.05621197470928737,0.05627749454195795
698,0.05621196518245773,0.05627747447947237
699,0.05621196459085308,0.056277474029472245
700,0.0562119114467832,0.056277482879939125
701,0.05621194918930357,0.05627752474859883
702,0.05621192998621121,0.05627753477271183
703,0.05621192949932227,0.05627753463842621
704,0.056211951172749054,0.05627749489217001
705,0.056212007088572755,0.05627757055142412
706,0.05621200847782634,0.05627757173653378
707,0.05621197985549456,0.056277579809391624
708,0.05621198174306872,0.056277581406199616
709,0.0562118680976149,0.056277633426000825
710,0.05621183621015854,0.05627761371583131
711,0.056210794447820664,0.05627681450849993
712,0.056210169208909866,0.05627636507707645
713,0.056210200653275845,0.05627680712377359
714,0.056210155147286736,0.056276795838775234
715,0.05621014782207286,0.05627677802249897
716,0.05620970930266342,0.05627629775610837
717,0.05620957226700716,0.056276108974992564
718,0.05620956874735284,0.05627610829750813
719,0.05620949337752578,0.05627607285398334
720,0.05620949789966783,0.056276078086014404
721,0.056209501946277926,0.056276082542388126
722,0.056208266704514044,0.05627495827878725
723,0.05620826809665815,0.056274959324016625
724,0.056208052385517314,0.056274950013848156
725,0.056207157228520425,0.056274616359099874
726,0.05620675261308918,0.05627435945639932
727,0.05620672438823548,0.05627435760925862
728,0.05620672141227462,0.05627435650025272
729,0.05620673841680739,0.05627437127963079
730,0.05620609463872858,0.05627453735406729
731,0.05620600925189328,0.0562745225103523
732,0.05620598536551287,0.056274495458772424
733,0.056205620495160154,0.05627439374853274
734,0.05620562510689807,0.05627439381348097
735,0.056205439042635176,0.05627429245781048
736,0.05620541026928938,0.05627449940695633
737,0.05620487232217381,0.05627462183384531
738,0.05620486931620903,0.05627463132026976
739,0.05620487027237698,0.05627463200961726
740,0.056204584979039386,0.05627456013267032
741,0.05620409068964871,0.05627400482256108
742,0.05620389691716476,0.05627382617688952
743,0.056203774053036754,0.056273724738383664
744,0.056203813663458835,0.056273688747793295
745,0.056203685666299415,0.05627367397248565
746,0.0562037323398033,0.05627372761061989
747,0.056203639217865864,0.056273694399356144
748,0.05620363197387949,0.05627369537001685
749,0.056203632118194125,0.056273695511924515
750,0.05620328312187156,0.056273694439146746
751,0.05620335013454881,0.05627390293870918
752,0.056203042042514036,0.05627384670631831
753,0.0562026812696606,0.056273600138317365
754,0.056202680978173415,0.05627360080642072
755,0.05620266418458747,0.05627356759195076
756,0.0562025514658513,0.056273558795939864
757,0.056201778617001125,0.0562732954398704
758,0.056201422704858096,0.05627318517144652
759,0.05620140411762858,0.056273254496941316
760,0.0562014090742792,0.05627325404024093
761,0.05620139913005454,0.05627325108865888
762,0.05620136211624627,0.05627320740814923
763,0.056201306886886244,0.05627317076177657
764,0.056201420109917175,0.056273321225015466
765,0.05620066834569772,0.05627346186309287
766,0.056200439155395264,0.05627358356909193
767,0.05620030918946427,0.05627351923159447
768,0.05620033770942695,0.05627355296395161
769,0.056200096434428644,0.05627341043302651
770,0.05619984448567831,0.05627347576102983
771,0.056199856657457053,0.05627350350653103
772,0.05619980300074489,0.05627350562626064
773,0.05619976417097736,0.05627347141613503
774,0.05619973971467539,0.05627344434594885
775,0.05619974685424438,0.05627344162061254
776,0.056199761577682306,0.056273494782906115
777,0.056199664042315946,0.056273502627122184
778,0.05619940680648804,0.056273469266152086
779,0.056199411152112355,0.05627347376992773
780,0.05619941871265287,0.05627348480434449
781,0.05619888252038607,0.05627299325553564
782,0.05619883896872787,0.0562729781816401
783,0.05619884310732999,0.05627298244511192
784,0.056198625338412474,0.05627287665989549
785,0.056198598666284315,0.05627286833730483
786,0.05619853615133007,0.05627296254486998
787,0.056198384599826956,0.05627286809463448
788,0.05619838791895988,0.05627287098216655
789,0.05619840361589296,0.05627289456428014
790,0.05619833841909558,0.05627281438139503
791,0.05619830618042683,0.05627245997448917
792,0.05619819890992141,0.056272537995135256
793,0.05619815303894162,0.05627249439907861
794,0.05619797212613501,0.056272266403126096
795,0.056197763981507366,0.056271934234341445
796,0.05619671972349403,0.05627079674321415
797,0.05619664974483742,0.05627086871652237
798,0.05619626351729937,0.0562706402676704
799,0.05619625926501792,0.05627063554669587
800,0.05619625718087786,0.05627063689622512
801,0.0561962541869591,0.05627063297232007
802,0.05619612782226996,0.056270683601838185
803,0.05619611352591826,0.05627067198554003
804,0.05619610780008467,0.05627067187934532
805,0.056195969353609085,0.056270696378895785
806,0.056195958041995765,0.05627070638318558
807,0.056195957135363794,0.05627070669737508
808,0.05619595621410549,0.05627070744352557
809,0.056195863431168495,0.05627067562678474
810,0.05619509884951714,0.056269700789636425
811,0.05619507545599275,0.05626970139176541
812,0.05619505020480132,0.05626968975775223
813,0.05619504732922364,0.056269688370851195
814,0.05619486452115186,0.056269616466056646
815,0.056194866265395,0.05626967640077699
816,0.05619487235523569,0.056269671896630985
817,0.056194427063298774,0.056269215340379215
818,0.05619433899906631,0.05626913028285643
819,0.05619431933542589,0.056269124671354455
820,0.056194300495030707,0.05626911588796558
821,0.05619432182888952,0.05626918615966936
822,0.056194350068610864,0.05626934778298724
823,0.05619436427635438,0.0562698268979427
824,0.056193576394394804,0.05626980900727741
825,0.05619346379699105,0.05626977143646445
826,0.05619302783152039,0.056269355520962086
827,0.056192939108065484,0.05626935200140779
828,0.056192825940597185,0.05626926770302941
829,0.05619282236950886,0.05626926438179795
830,0.056192799353448716,0.05626925955966686
831,0.05619281343257961,0.05626926199179788
832,0.05619283107299129,0.056269294582603525
833,0.05619260435561967,0.05626916499026535
834,0.056192610386323935,0.05626931310929795
835,0.05619256993614575,0.05626930448879414
836,0.056192462769803574,0.056269319062212796
837,0.05619244354854861,0.05626935452363475
838,0.05619241131165602,0.05626932346017997
839,0.05619236408454898,0.05626933535270631
840,0.05619233834790161,0.056269335394174454
841,0.05619213581014162,0.056269259201707576
842,0.05619147652762687,0.0562691889911932
843,0.05618995407625436,0.05626768500107656
844,0.0561899341338108,0.05626769420388767
845,0.05618932861907689,0.05626715564355597
846,0.05618792249187868,0.0562659021957149
847,0.05618778429666816,0.056265964248699854
848,0.0561876325798773,0.05626590510799024
849,0.056187554110924284,0.05626591680714127
850,0.056187480777338594,0.05626586470482283
851,0.05618741966574954,0.05626598112677674
852,0.05618695897493962,0.05626570185265316
853,0.056186931814033454,0.056265666944274866
854,0.05618693501429307,0.05626566970470243
855,0.056186739474308384,0.05626558860107343
856,0.0561867282310373,0.05626559225389288
857,0.05618662142009578,0.056265524985329496
858,0.05618642625564086,0.056265377029887764
859,0.056186433500591354,0.05626537840424951
860,0.05618606779917591,0.05626533595474926
861,0.05618607009341879,0.05626533353516108
862,0.05618593028667095,0.056265504352077084
863,0.056185581584682134,0.056265155260106704
864,0.05618553035166889,0.05626492445446876
865,0.056185482799331284,0.05626489322109313
866,0.056185477403862524,0.05626488536867646
867,0.05618507520285503,0.05626477623503906
868,0.056185015161745115,0.056264739049000846
869,0.05618420829491228,0.0562646017329344
870,0.05618427100027593,0.05626469778072949
871,0.05618427828719289,0.056264725626184
872,0.05618428022849148,0.05626472724775928
873,0.05618428579903971,0.05626476735477803
874,0.05618399661090535,0.05626478061085993
875,0.05618375976136195,0.05626478701256061
876,0.056183734099262195,0.05626477505311856
877,0.056183641597365844,0.05626477576339962
878,0.056183617119256714,0.0562649332328582
879,0.056183619227540546,0.05626493263871298
880,0.056183529368945294,0.05626496785917339
881,0.056183383433696964,0.05626495896904232
882,0.0561830541696754,0.05626505263896138
883,0.05618305565220724,0.05626506174634575
884,0.056183012394462994,0.056265096401913954
885,0.05618298930867206,0.05626510391485858
886,0.056182998248313916,0.056265105984134256
887,0.05617558369610254,0.05626198451927762
888,0.056175106397802835,0.05626150786408568
889,0.05617502206831913,0.056261434035675864
890,0.05617493848157191,0.05626124516190428
891,0.05617438895327338,0.0562609605880201
892,0.056174056216755655,0.05626079231746347
893,0.05617105277296358,0.056257851952846764
894,0.05617063432162833,0.05625810352140006
895,0.056170171753397315,0.056257754166023584
896,0.056169998064473266,0.05625771268531907
897,0.05616998949951034,0.056257703574738596
898,0.05616878111386354,0.05625711291303232
899,0.05616825117080204,0.05625691381729142
900,0.05616817071055257,0.05625691750624715
901,0.05616809966819691,0.0562568822303542
902,0.056168099618717854,0.05625688529417305
903,0.056166759431602875,0.05625719296652327
904,0.056166763347151684,0.05625719477256678
905,0.05616676297159235,0.05625717680561632
906,0.05616669569661837,0.056257179134962955
907,0.05616664342544263,0.056257125953927366
908,0.05616664617820038,0.05625712830779661
909,0.05616664840393299,0.05625713022305032
910,0.056166637007425954,0.05625712726118011
911,0.05616653599760395,0.05625702307516437
912,0.05616645604525505,0.05625691821781268
913,0.05616600162163233,0.05625623824950163
914,0.05616570008877987,0.056256283864390265
915,0.056165701461744516,0.056256284359637775
916,0.05616563028967663,0.056256270369618576
917,0.056165583332396254,0.05625623394107967
918,0.056165704269263435,0.0562564708354331
919,0.0561654713579307,0.056256353071285486
920,0.05616531084350188,0.05625631663852256
921,0.056165212340739686,0.05625618325749929
922,0.056165195662064155,0.056256180067887955
923,0.05616507989474389,0.05625634294679049
924,0.05616510710206734,0.056256300612414
925,0.056164722169907276,0.05625625174512146
926,0.0561647133253532,0.05625625687302834
927,0.056164771779847765,0.056256323562874085
928,0.05616451867174685,0.05625608189220146
929,0.05616414380527678,0.05625593557348565
930,0.05616413859559895,0.05625596048201252
931,0.0561641127073467,0.056255939640963974
932,0.056163623092894084,0.05625633151379907
933,0.056163603075592386,0.0562563476671183
934,0.05616360689082598,0.05625635076214047
935,0.05616345883802777,0.056256236717463236
936,0.05616345023123225,0.056256241130077426
937,0.05616328270604692,0.05625592282500945
938,0.05616314212254374,0.05625607545613453
939,0.05616304939167872,0.056256012945315556
940,0.0561630504366977,0.0562560167614067
941,0.056162602002445924,0.056255590457044306
942,0.05616258637191666,0.056255584780336924
943,0.056162559278285965,0.05625564066270908
944,0.056162432024829664,0.05625545497365407
945,0.05616244634693655,0.05625547149426684
946,0.05616247368197075,0.05625551863760062
947,0.05616240785402347,0.056255441937735386
948,0.05616205585806799,0.056255231936221804
949,0.056162039023859474,0.056255241769187544
950,0.05616202483626419,0.056255225820807574
951,0.056161946631157415,0.05625529477432641
952,0.05616187106207606,0.05625524205732663
953,0.05616132013193784,0.0562543653382356
954,0.056160999919065334,0.05625421598860344
955,0.05616096466887745,0.05625428593335159
956,0.05616096431211597,0.056254283868744294
957,0.05616081244812472,0.0562542375251442
958,0.05616083706586008,0.05625427520435137
959,0.05616083657900718,0.05625427487037722
960,0.056160532253837436,0.05625423825767957
961,0.05616058337789727,0.05625430211303126
962,0.05616057916129182,0.05625429890782908
963,0.0561602178530129,0.05625424314225546
964,0.0561602237100307,0.05625432341933378
965,0.056160237787684794,0.05625432737279556
966,0.05616023714164352,0.056254347956595764
967,0.05616022084271046,0.05625435885412645
968,0.05616013509886983,0.056254279483039675
969,0.05616013147972998,0.056254283451481764
970,0.05616013669218586,0.05625428787802995
971,0.056160130103726384,0.056254358290184846
972,0.05616015095908243,0.056254387186373156
973,0.05616009850374329,0.056254377425564245
974,0.05615989618049063,0.05625422811111416
975,0.05615990644950456,0.05625426996607988
976,0.05615940486761319,0.05625449926544142
977,0.05615933504457807,0.056254443129146646
978,0.056158905996586524,0.05625416587876191
979,0.05615822310601175,0.05625380680548306
980,0.05615816198986679,0.056253797349065764
981,0.05615809815180681,0.05625369846930211
982,0.056157752867077804,0.05625352774803457
983,0.05615775240492159,0.056253527423548895
984,0.05615774873546079,0.05625352746915769
985,0.05615733292831311,0.056253551906096474
986,0.056156959884535666,0.05625320953815656
987,0.05615695686416134,0.056253213562302964
988,0.05615668379314672,0.05625309820207078
989,0.05615669745606921,0.05625313581907852
990,0.05615647835923232,0.05625314854355085
991,0.056156301967414446,0.05625309622587761
992,0.05615629217477656,0.056253090938856436
993,0.0561557107087375,0.05625283672862255
994,0.05615536964235842,0.05625255122320059
995,0.05615507771457608,0.05625252201284306
996,0.05615410028602934,0.05625245263632711
997,0.05615409909302229,0.05625245247279565
998,0.05615409845794371,0.05625245167543382
999,0.05615383104960584,0.05625231195582737
1000,0.05615353363378926,0.056252411356408495
1001,0.0561532474463242,0.05625229821799069
1002,0.056153165461175186,0.056252328077599334
1003,0.05615264562624506,0.05625199858571043
1004,0.05615264947099697,0.05625199471866995
1005,0.05615233314016835,0.056251914429440546
1006,0.05615239236553063,0.05625199925041397
1007,0.05615239056837713,0.05625198913314049
1008,0.05615235708933042,0.05625198498788916
1009,0.05615232109835709,0.056252014024789014
1010,0.05615227054894313,0.05625201465492593
1011,0.05615225038620943,0.05625201155714436
1012,0.05615222182512906,0.05625199162546207
1013,0.056152138364202436,0.0562520399751175
1014,0.05615213895141112,0.05625204816369018
1015,0.056151990642020075,0.056252070566517154
1016,0.05615199012619886,0.05625207013094525
1017,0.056152009604965365,0.05625209707259498
1018,0.0561519714778924,0.05625210459893688
1019,0.05615196573368328,0.05625210940435997
1020,0.05615195847506848,0.05625209132059484
1021,0.056151954591822185,0.05625217295270382
1022,0.05615153420735765,0.05625185828531845
1023,0.056151535993704066,0.056251864664044485
1024,0.056150884101504296,0.05625172368450924
1025,0.05615068848234254,0.056251823588682304
1026,0.056150566680488234,0.05625174773051509
1027,0.05615009525823945,0.0562514635382427
1028,0.056148992509857575,0.0562509152698095
1029,0.05614903732668331,0.05625097373489681
1030,0.05614853043010569,0.05625040672307132
1031,0.0561485323505247,0.056250408362427784
1032,0.05614798991668505,0.05624981982268982
1033,0.05614725051750161,0.056249598445670616
1034,0.05614725464150955,0.05624959818767618
1035,0.056145969222438676,0.056248261885228974
1036,0.05614601608845541,0.0562484107860626
1037,0.0561459844399071,0.05624842856672312
1038,0.05614582857202839,0.05624847153227417
1039,0.05614568266255208,0.056248594012250706
1040,0.056145392301333044,0.05624855541683201
1041,0.05614517585390365,0.05624834880455367
1042,0.05614508355756599,0.05624812866813004
1043,0.05614493816398924,0.05624798649451723
1044,0.05614491336428821,0.056247943889762536
1045,0.056145036754245405,0.05624806734237545
1046,0.05614504791567837,0.05624806472534898
1047,0.0561437898661918,0.05624690558970533
1048,0.05614378917494767,0.05624690766920298
1049,0.0561436800015735,0.05624678320260163
1050,0.056143670848484595,0.05624675476109928
1051,0.05614370477100162,0.05624678298012351
1052,0.05614367432079604,0.056246752013366416
1053,0.056143667072562686,0.05624675935466399
1054,0.05614362775464107,0.056246745642673734
1055,0.05614362798721381,0.05624674547514337
1056,0.05614363042705436,0.05624675224435427
1057,0.05614360780018789,0.05624673667532863
1058,0.05614360831002781,0.056246736677398455
1059,0.05614313183063775,0.056246617407951144
1060,0.05614305718276326,0.05624656966679979
1061,0.05614303837583939,0.056246579680250326
1062,0.05614296487431833,0.05624652031601875
1063,0.056142966396436705,0.05624659179688599
1064,0.056142301258517206,0.056246031230099344
1065,0.05614219693933521,0.056246036102854176
1066,0.05614147463524796,0.056245680188744235
1067,0.056141479033598,0.05624568494806998
1068,0.05614145199162027,0.05624575849601868
1069,0.05614089214936054,0.05624563318085094
1070,0.05614086977330208,0.05624563919436567
1071,0.056140895472848666,0.0562457591473866
1072,0.05614085865952304,0.05624593859291511
1073,0.05614078089545227,0.056245911663912414
1074,0.05614072425931491,0.056245973328942926
1075,0.05614062605914097,0.056245994229103424
1076,0.05614051295262608,0.056245893899536804
1077,0.0561405146980453,0.056245889238278356
1078,0.056140515738651885,0.0562458906813575
1079,0.05614051938922888,0.05624589940675785
1080,0.05614047613827204,0.056245883783370594
1081,0.056140360742550265,0.05624579345063524
1082,0.056140393287405985,0.056245806005445195
1083,0.05614043705907931,0.056245932526222606
1084,0.0561401504766599,0.056245750555074886
1085,0.056139796196998985,0.0562455545852496
1086,0.05613978662317577,0.05624547788212363
1087,0.056139679532579444,0.05624554411742246
1088,0.05613959889065363,0.05624551498531847
1089,0.056139565957795644,0.05624548045870237
1090,0.0561395740301257,0.056245513449130355
1091,0.05613957631651434,0.05624542740062295
1092,0.056139469208491416,0.05624539009062089
1093,0.05613948842729135,0.056245449674663606
1094,0.05613933615115421,0.05624551878984356
1095,0.05613924931472716,0.05624550534673191
1096,0.05613921674201996,0.05624546084185245
1097,0.056139110003409216,0.05624546929363177
1098,0.05613867549153839,0.05624517282198102
1099,0.056138561322372736,0.05624515641269161
1100,0.056138528255350435,0.056245154602328665
1101,0.056138514691019124,0.05624512943665203
1102,0.05613849181040181,0.0562451786483104
1103,0.05613855936845017,0.05624526431683657
1104,0.0561383751150813,0.05624506446674911
1105,0.05613838076002059,0.05624506919673554
1106,0.05613834646603424,0.05624492837439986
1107,0.056137815616869056,0.05624480105020719
1108,0.056137823892732905,0.05624475088486484
1109,0.05613782424587798,0.05624475330503518
1110,0.056137613858219616,0.0562447234648288
1111,0.056137285347961134,0.056244620493152465
1112,0.056135861092423585,0.05624424012640096
1113,0.056135856135960956,0.05624426153906112
1114,0.05613564907801373,0.05624421974377678
1115,0.05613553283668029,0.0562443599270158
1116,0.05613543505113762,0.05624426526544724
1117,0.05613150679164801,0.05624216477788922
1118,0.056131544322469695,0.05624221355653552
1119,0.056131068761979847,0.056242078022519244
1120,0.0561310677755557,0.0562420772894521
1121,0.056130771460375394,0.056241862136830655
1122,0.05613074610540877,0.05624188409046349
1123,0.05613072291637106,0.056241875341287495
1124,0.056130726298573595,0.056241878153695156
1125,0.05613072335871782,0.05624187779075751
1126,0.05613073151362211,0.05624188828020561
1127,0.05613073956355136,0.05624195854466673
1128,0.05613068945217327,0.05624199391851927
1129,0.056130666515403244,0.05624200436026013
1130,0.056130685191589355,0.05624205198095857
1131,0.05613068622494042,0.05624198550327463
1132,0.056130615899610325,0.056241960234603525
1133,0.05613055687794323,0.0562419557908164
1134,0.05613043006146705,0.056241859060338
1135,0.05613027627594372,0.05624189194458301
1136,0.05613021288247481,0.0562418826203488
1137,0.05612953058455845,0.056241238697716224
1138,0.05612922407413062,0.05624115800491123
1139,0.056129184838862374,0.056241092331178896
1140,0.05612920387805431,0.05624111084260387
1141,0.05612918406960802,0.05624109728819347
1142,0.056129145325691,0.056241088246599256
1143,0.05612912485591779,0.056241093944017814
1144,0.05612893515683819,0.05624094163674041
1145,0.05612889356110237,0.056240893580217305
1146,0.05612893889244818,0.05624076162111914
1147,0.056128897116480045,0.056240723850842354
1148,0.05612889159047478,0.05624073939925816
1149,0.05612877067249761,0.056240720575055705
1150,0.05612877575251487,0.056240724845489184
1151,0.056128627013012695,0.05624065274294131
1152,0.056128566789407225,0.05624065089661789
1153,0.056128466272454776,0.056240584336233086
1154,0.056128439262575325,0.05624063408702322
1155,0.05612826938557937,0.05624046576910683
1156,0.05612832878054447,0.05624069469257577
1157,0.05612810199586724,0.05624049942280144
1158,0.05612799216921727,0.05624056374632971
1159,0.05612813472954748,0.056240741426699194
1160,0.05612807385636753,0.05624084186464232
1161,0.05612806761893216,0.05624084153537355
1162,0.05612807010025789,0.05624084352082927
1163,0.056128082339304296,0.056240850043345385
1164,0.056128045958860416,0.056240845017364864
1165,0.05612792410031544,0.056240982988457325
1166,0.05612782120625979,0.0562409041664468
1167,0.05612754605321762,0.05624078711549544
1168,0.05612752812969581,0.05624081623092532
1169,0.05612676003921383,0.056240583104261596
1170,0.05612681895196369,0.05624062180899645
1171,0.05612681554515579,0.056240619954642315
1172,0.05612681492645436,0.056240620192818086
1173,0.056126734167533,0.05624062938306372
1174,0.05612672981671465,0.05624062647174566
1175,0.05612667257671562,0.05624071445586554
1176,0.05612666438864179,0.0562407126739571
1177,0.056126683616087684,0.05624074575159117
1178,0.056126662874896774,0.056240746591080956
1179,0.05612666022441567,0.056240744130731955
1180,0.05612664564625541,0.056240764816112
1181,0.056126646702379185,0.05624076567387788
1182,0.056126643380980196,0.05624076155695871
1183,0.05612664261389416,0.05624076173529476
1184,0.056126547164663546,0.056240855264441315
1185,0.05612654435584823,0.056240883172102296
1186,0.056126539111767,0.05624087845198578
1187,0.056126365688262174,0.05624085805494839
1188,0.05612636589725893,0.05624086705421281
1189,0.05612636801768648,0.05624086959775202
1190,0.05612617178700992,0.056240794696042
1191,0.05612611593650924,0.05624076789747131
1192,0.05612622525721732,0.05624089326912953
1193,0.05612622417156444,0.05624089240314662
1194,0.05612571501844401,0.05624082736059419
1195,0.05612547215244283,0.05624059979235641
1196,0.0561254115161175,0.05624054697242935
1197,0.05612539428153582,0.05624053101064614
1198,0.056125293395313865,0.05624064187569869
1199,0.05612525172178292,0.056240652581992415
1200,0.05612521219121365,0.056240741081587386
1201,0.05612516164812131,0.056240720708488755
1202,0.05612508888494729,0.05624069743837909
1203,0.05612326550399802,0.05623959831462732
1204,0.05612334016296884,0.0562397678043727
1205,0.05612320565296151,0.05623959992184905
1206,0.056122624881403904,0.056239468324457455
1207,0.056122646875781806,0.05623949442195292
1208,0.05612252512306973,0.05623955001729548
1209,0.056122104449262564,0.056239519020042
1210,0.056121989218592745,0.05623949868922579
1211,0.05612195485308896,0.056239440346870596
1212,0.05612182004838857,0.05623967738062912
1213,0.0561217135248482,0.056239684987792735
1214,0.056121725940162126,0.056239700306203136
1215,0.05612173493643163,0.05623970297764367
1216,0.056120868461251326,0.056239958798056315
1217,0.056120895795053624,0.056240000255307315
1218,0.05612089284815567,0.05624001062967222
1219,0.05612090559253842,0.05624006201517758
1220,0.05612068215384334,0.05623982857657486
1221,0.056120685872940446,0.05623983170667593
1222,0.05612026927479971,0.05623966737924078
1223,0.05612027403318855,0.05623966639266621
1224,0.05612028050658586,0.05623967178727156
1225,0.056120179493515485,0.05623967125109975
1226,0.0561201737981887,0.056239670338411867
1227,0.05612015742573819,0.05623970718926838
1228,0.05612016380106675,0.05623970818159616
1229,0.056119113889918255,0.05623880277994882
1230,0.056119122232221236,0.056238805461353854
1231,0.056119047720524486,0.056238770298344544
1232,0.05611917542737908,0.05623889316216523
1233,0.05611919467464176,0.056238900320574485
1234,0.05611908768676957,0.056238821024676616
1235,0.056119089254184525,0.05623882451069172
1236,0.05611906371508104,0.056238817458872964
1237,0.05611896725956065,0.05623872983320552
1238,0.05611867953980719,0.056238776156238866
1239,0.05611872894498581,0.05623879887873517
1240,0.056118735231861464,0.056238971226707415
1241,0.05611853708375834,0.05623892702227955
1242,0.0561180679614897,0.056238761693520524
1243,0.056118061500749425,0.05623871442583061
1244,0.05611805363293489,0.05623873339166062
1245,0.05611803043551917,0.05623877982657377
1246,0.05611802639801416,0.05623878215427726
1247,0.056118018274502704,0.05623877335632871
1248,0.05611800989889173,0.05623877180550418
1249,0.056118000826607575,0.0562387831532856
1250,0.05611772394504215,0.056238776291683314
1251,0.056117221918584176,0.056238317839589484
1252,0.05611694456864687,0.05623859704102105
1253,0.05611680727087976,0.0562386399961078
1254,0.056116816869860274,0.056238627138424806
1255,0.056116880915818824,0.05623869077378717
1256,0.05611687998270917,0.05623869377050122
1257,0.05611659232464473,0.056238776296877596
1258,0.056116598460983894,0.056238795911179786
1259,0.05611659941468309,0.05623879697880784
1260,0.056116370958666416,0.056238707569657174
1261,0.056116017999551994,0.05623854976420553
1262,0.05611598401339553,0.05623853659766193
1263,0.056115981447331556,0.056238539092485336
1264,0.056115957424514126,0.05623856891981069
1265,0.056115951793108756,0.05623856381010895
1266,0.05611594029247943,0.05623857863589848
1267,0.05611587845993734,0.056238825970820736
1268,0.05611575000915795,0.056238730108338554
1269,0.056115611276367675,0.056239034809333316
1270,0.05611543464215992,0.05623891904247686
1271,0.05611543141064475,0.05623891761240501
1272,0.05611543852007098,0.05623892454137341
1273,0.05611520180840155,0.05623876722545618
1274,0.05611448355417846,0.05623894693207241
1275,0.05611446748376309,0.056238946628436204
1276,0.056113709823971195,0.05623858828331914
1277,0.05611322143083386,0.056238851944517027
1278,0.05611322675824012,0.056238855900474685
1279,0.05611312851211215,0.05623909660681378
1280,0.05611301363670677,0.05623911056731583
1281,0.05611296779250114,0.05623911099665407
1282,0.0561129387087338,0.05623907793446429
1283,0.056112911412986834,0.05623911083896445
1284,0.056112916469117445,0.05623911637607312
1285,0.05611289794199128,0.0562391465716963
1286,0.056112846334806205,0.056239137805344966
1287,0.056112846133935565,0.05623913226951404
1288,0.056112715228447616,0.05623905287853993
1289,0.056112717574297116,0.05623906254186299
1290,0.05611246733879597,0.056239076744734676
1291,0.05611247292819384,0.056239082068555254
1292,0.05611191055982177,0.05623899808415425
1293,0.05611190555542041,0.0562390039766699
1294,0.05611190332993013,0.05623900284199814
1295,0.05611196522776984,0.05623906399433772
1296,0.056111893493973,0.056239029485344275
1297,0.0561116459682039,0.05623892636159829
1298,0.0561117332482964,0.056239027096002085
1299,0.056111446912582165,0.05623938612302876
1300,0.056111023953315554,0.05623911549834707
1301,0.05611104884044109,0.056239153500514324
