0,0.15709289362961973,0.15728369017348207
1,0.1491557146104162,0.14935175447326693
2,0.14238253680653737,0.1425946784308308
3,0.13662454053860465,0.13684142542510394
4,0.131728083377072,0.1319494865349648
5,0.1226991779303265,0.1229258030570396
6,0.11482699179041038,0.1150585089123676
7,0.108031333032401,0.10825608351830313
8,0.10221575287668101,0.10243957127927665
9,0.09719452975424742,0.09740878125828525
10,0.09293714355141476,0.09313945746997572
11,0.08930681406165204,0.08950549857343222
12,0.0862622869493959,0.08645517586484364
13,0.0836861193704273,0.08387364024940512
14,0.08154095885460896,0.08172010999101756
15,0.07755984014998506,0.07771510071254269
16,0.0741867140844792,0.07431758864488872
17,0.0712958765999211,0.07140403325948122
18,0.06887597005825366,0.06896287806468014
19,0.066848122525072,0.06692004070843006
20,0.06513040827707577,0.06518644119769892
21,0.06370070469585826,0.06374044734179203
22,0.06250523211243333,0.0625298483705397
23,0.06150434316650426,0.061518178415735814
24,0.06068181893879565,0.06068505971180526
25,0.06000762996597594,0.060001053678851834
26,0.059430780956119714,0.05941433365977776
27,0.0589808865447859,0.05895971369108551
28,0.05860359919496493,0.058578241634685224
29,0.05828651691580057,0.05825407195032497
30,0.05803047243387718,0.05799164626636216
31,0.05780691328352586,0.05776428961977134
32,0.05762882745861408,0.05758373751438709
33,0.05747900009251128,0.057432983384313796
34,0.05735931560970542,0.05730998178728605
35,0.05726010962796771,0.05720792922357893
36,0.057183086810321276,0.05712796804403012
37,0.057107238656006885,0.05705096349198887
38,0.05704361804109783,0.05698642553096359
39,0.056986698335596664,0.05692657713808265
40,0.05694343243876972,0.05688185225350013
41,0.0569073701941845,0.056844344786583775
42,0.05687180738644046,0.05680829454536238
43,0.05684287253448004,0.05677940790994347
44,0.05681837247259016,0.05675667981505254
45,0.05678870169356603,0.056732420192817545
46,0.05676488489118355,0.05671353951856401
47,0.056748091730984114,0.056695728913775854
48,0.056730271328503154,0.05668213955476455
49,0.056715233576715963,0.05666770236152179
50,0.05670039066028158,0.05665630589812377
51,0.05668517179516678,0.05664424865064596
52,0.056671438859312265,0.05663394957247962
53,0.05666126645865644,0.05662423784279535
54,0.05665125939055677,0.05661478559644532
55,0.05663942295192663,0.05660387876542173
56,0.056630092720601724,0.056597138396748306
57,0.05661832722110652,0.056586672713714814
58,0.0566134683200122,0.05658275032887571
59,0.056607051828910994,0.056576671671948235
60,0.05660204133988954,0.05657238594655673
61,0.05659136929453807,0.05656158604327485
62,0.05658400044712001,0.05655538265050098
63,0.056578594433412295,0.056550508126915526
64,0.056573095954630406,0.056547362047935514
65,0.05656499092723277,0.05653985298457018
66,0.05655860193788897,0.056534541743527095
67,0.05655243622528355,0.05652870001935254
68,0.056541014654079756,0.05651716648217881
69,0.05653304833375958,0.05651054223081428
70,0.05653043934334311,0.056508316518925746
71,0.05652352512879464,0.056500755890446806
72,0.05651550781321173,0.05649245861760851
73,0.0565119889977544,0.05648877931151378
74,0.056509491065871456,0.056486444893059394
75,0.056504930991761744,0.05648226779265999
76,0.05649873706199318,0.0564783019864111
77,0.05648946242088697,0.0564699570678713
78,0.056485252962447184,0.05646824763763958
79,0.05648153823885063,0.056465407148594285
80,0.05647730753558675,0.05646170427172701
81,0.056475873140594046,0.056461096668561875
82,0.05647437410004459,0.05646117123018477
83,0.0564704878495759,0.05645736360817913
84,0.05646419498201254,0.056451913828161275
85,0.0564607068018569,0.05644843307643676
86,0.05645966200194263,0.056447896437926685
87,0.05645936706975471,0.056447937689798854
88,0.05645653726503511,0.0564455310000376
89,0.05645014858076112,0.0564412025309696
90,0.05644997966945132,0.05644109440216452
91,0.05644735839293625,0.0564388971550907
92,0.05644641769931941,0.05643871328983873
93,0.05644517474084493,0.05643752782135727
94,0.05643739964189097,0.056430809500786265
95,0.05643505728331927,0.05642890730880757
96,0.05643168340008791,0.056427261705195214
97,0.05643168267266592,0.0564272617762399
98,0.05642614451273859,0.05642123832332251
99,0.05642246978974767,0.05641911646938969
100,0.05642123000376958,0.05641846646345034
101,0.05641936662243163,0.05641761729747084
102,0.05641864264316948,0.056417700671523185
103,0.05641821620174895,0.05641770022429403
104,0.05641525726209324,0.05641485402780379
105,0.056413690712166197,0.056413927806927555
106,0.056409770680778244,0.056411936877480216
107,0.05640659674524302,0.05641071401926812
108,0.056402628852897006,0.056406884356053254
109,0.056402459611692886,0.056406820434850485
110,0.056399573611142444,0.05640451149433429
111,0.056395124170536555,0.05640050250269856
112,0.05639303019718729,0.05639929013928167
113,0.056387836973530434,0.05639488062533725
114,0.05638373029829366,0.05639248960637927
115,0.05637911395224338,0.05638984057896224
116,0.056374520202510006,0.05638618653742095
117,0.05637452020174465,0.05638618662601635
118,0.05637095751758113,0.05638493474517768
119,0.05636903188405235,0.056382913497046244
120,0.056364625898424565,0.05637860285968449
121,0.05636058808780677,0.05637423054808112
122,0.0563595175664549,0.0563733633277257
123,0.056355981922070496,0.05636977508124951
124,0.05635291709790134,0.05636666505583802
125,0.05634735800219904,0.05636308556710127
126,0.05634550015706409,0.05636303593464146
127,0.05634242743084939,0.05636052241832513
128,0.05634231149190035,0.056360522241195254
129,0.05633742998520708,0.05635599797944618
130,0.05633497998957123,0.05635296147439381
131,0.05633105881144991,0.0563492091245364
132,0.056328822450936844,0.05634821830563744
133,0.0563273756526188,0.056347066775288224
134,0.05632378003719457,0.05634353187768581
135,0.05632237089335616,0.05634303908401626
136,0.0563189129008705,0.05633909592468784
137,0.05631654116162354,0.05633715771176934
138,0.05631531392218232,0.056335975616208976
139,0.05631134987295814,0.056333092755640565
140,0.056308192606025265,0.05633028668940648
141,0.0563013526660402,0.05632408824497941
142,0.0562983405892076,0.05632167837609162
143,0.05629480070266663,0.05632063789149064
144,0.056289754937769686,0.056315314558049924
145,0.056288573045521983,0.05631488463541481
146,0.05628571738967652,0.05631253713248635
147,0.056277616382878426,0.05630545869160869
148,0.056272556155143406,0.05630120630989028
149,0.0562709561544213,0.056299922644771704
150,0.05626719837469702,0.0562975396317389
151,0.05626584916560332,0.05629669294017705
152,0.05626327680840156,0.056294554374300636
153,0.05626050239125223,0.056293100107575746
154,0.056256385684661465,0.05628987723024692
155,0.056252632773551504,0.0562876067305765
156,0.05624927856512537,0.05628559636413168
157,0.056246207863884914,0.0562826041164738
158,0.056243402013089853,0.056279916842185015
159,0.05624054117945366,0.05627791817218314
160,0.056238161270675324,0.05627548445329815
161,0.05623671221401106,0.05627409142436672
162,0.05623378874695521,0.05627193314689254
163,0.056230830268845185,0.056269336829541904
164,0.05622927303502522,0.05626843263350617
165,0.05622641733080448,0.05626714527645482
166,0.05622320356777045,0.056264392203852404
167,0.05622009615685446,0.05626199603704199
168,0.056218186658309056,0.056260193331759266
169,0.056215958384783986,0.05626020295465145
170,0.05621218964189164,0.05625676895589219
171,0.05621106451918064,0.05625693497157826
172,0.05620988722934193,0.05625615633732029
173,0.05620690146571525,0.056253539296834625
174,0.05620384088948663,0.05625115197546427
175,0.05620267037856729,0.05625125306657246
176,0.05620143427674314,0.056250325856877496
177,0.05619826085196575,0.05624736100499034
178,0.05619518473136708,0.0562467778942118
179,0.05619117194294607,0.05624348369413825
180,0.05618844006516684,0.056241748957123305
181,0.05618604598528195,0.05624101951379137
182,0.05618393474847765,0.05623945530391625
183,0.056180403600525904,0.05623636929588209
184,0.056179292064313616,0.05623568004521414
185,0.05617569321332212,0.05623485636689001
186,0.056175636543854594,0.05623485590378618
187,0.05617328523072281,0.05623264989987016
188,0.056170500352455695,0.056230993789606006
189,0.056167400583845416,0.056228183460478254
190,0.05616672335625659,0.056227714608087044
191,0.05616345187973556,0.05622540247712834
192,0.056162821848932704,0.05622493261541642
193,0.056160684787496445,0.056224021070242866
194,0.056159625539768485,0.05622315680799927
195,0.05615890464905605,0.05622287943906503
196,0.056156149095462925,0.056220693163174185
197,0.05615537067073653,0.05622035671456459
198,0.05615319199407844,0.05621900686898071
199,0.05615099766105369,0.05621707090812395
200,0.056148005244778997,0.05621697051574893
201,0.0561459765896182,0.056215712863306316
202,0.05614594887390969,0.0562157161465654
203,0.0561428596663885,0.05621330389577376
204,0.05614094754988975,0.05621140710349016
205,0.05613900701659808,0.05621008969487768
206,0.05613704279371451,0.05620978661508459
207,0.05613538550238204,0.05620870567125405
208,0.056132957880168095,0.05620712271419864
209,0.056131732161822254,0.05620704611208546
210,0.05612928730978388,0.05620646376363461
211,0.056125604209227326,0.056203594803237514
212,0.05612230058725307,0.05620100678106625
213,0.056119811715364926,0.05619973655741763
214,0.05611782734801606,0.05619983890296262
215,0.05611581626876103,0.05619909689650197
216,0.0561144887472157,0.05619886880108059
217,0.05611092759378576,0.056195735152816215
218,0.056109516290740555,0.056195365239655404
219,0.056109490284365196,0.05619536494608106
220,0.05610924638711962,0.056195219073532185
221,0.05610772071131564,0.05619380278377616
222,0.05610669295504077,0.05619254952107531
223,0.05610475500864364,0.05619073405882032
224,0.05610369167225485,0.05619061352797069
225,0.056101726314317674,0.05618927577898731
226,0.056098704821551534,0.05618607989430187
227,0.05609615109577373,0.05618479584639879
228,0.05609561815969878,0.05618487679064203
229,0.056092107866725874,0.0561813932670137
230,0.05609175740685112,0.05618102489102734
231,0.05609112145765772,0.05618069395769655
232,0.056089676651305584,0.056180333479388174
233,0.056089438160412695,0.056180333096790366
234,0.0560893052992565,0.056180316556519005
235,0.05608771920502732,0.05617963013187815
236,0.056085914436414766,0.056179089283776844
237,0.05608382028353445,0.05617903876650789
238,0.056082520559288015,0.056178875217374864
239,0.056081904143842426,0.0561793190981921
240,0.05607979234459677,0.056177824150839537
241,0.05607758543439599,0.05617713032330581
242,0.056077503389606174,0.056177129949001876
243,0.056076413022276596,0.056176685053515724
244,0.05607361716295072,0.05617503127145027
245,0.05607212228378747,0.05617372970579309
246,0.05607058349518761,0.0561733349625835
247,0.056068501157018176,0.05617255999469685
248,0.05606394212535731,0.056169990544181744
249,0.05606206166053612,0.056168732157842426
250,0.05606001219205065,0.056167706934641334
251,0.05605493489899478,0.056164317546965416
252,0.056053156812372336,0.05616255195590187
253,0.0560516357323489,0.056161761105313256
254,0.056048848554895475,0.056160330120684054
255,0.05604739264550218,0.05615967770473055
256,0.0560450018247739,0.05615851344839864
257,0.056043559705424406,0.05615666737574599
258,0.05604271020123744,0.056155948927579594
259,0.05604028484528346,0.05615420713759338
260,0.056039076510720064,0.056152945042361985
261,0.0560368897966808,0.05615275143861002
262,0.056036188102369724,0.0561525254680704
263,0.056033075995688006,0.05615130595046664
264,0.056031280689110764,0.056150870370316616
265,0.05602887538438864,0.05615052314095378
266,0.056027011380615256,0.05614917105920309
267,0.056025498524775966,0.05614881809687935
268,0.05602319864547924,0.05614787815408212
269,0.056019436586602384,0.05614563751619172
270,0.05601866998464479,0.05614471530110224
271,0.056017594962986764,0.05614455625837453
272,0.05601670477614548,0.05614434006179569
273,0.056016074565710866,0.0561438328830896
274,0.05601495926782412,0.05614285548636163
275,0.056011561734917226,0.05613989473725514
276,0.056011456716000135,0.056139825734329143
277,0.056009447769127356,0.056139350574074244
278,0.05600869517333319,0.05613909577413806
279,0.056006975216249144,0.05613829890740751
280,0.05600687078169369,0.05613829895984092
281,0.05600529198023086,0.05613766263965015
282,0.056002716593369854,0.05613751410623083
283,0.05600196703028067,0.056137371001243525
284,0.056001345473262056,0.056137252749213704
285,0.0559985398785424,0.056137774110164955
286,0.05599430341207588,0.0561358298659487
287,0.05599139638841392,0.0561348282599344
288,0.05598845810053609,0.05613202786376512
289,0.0559870692836973,0.05613118980371416
290,0.05598493076286278,0.0561305211757229
291,0.05598359044062515,0.05613035426769046
292,0.05598298486668781,0.056130359655862445
293,0.055981547784332855,0.05612886235454424
294,0.0559803549054934,0.05612822720030296
295,0.0559803008691168,0.05612822711802811
296,0.05597922741677793,0.05612801353341384
297,0.055978871106504915,0.0561280193208293
298,0.05597669726688962,0.05612658232100457
299,0.055976523777374526,0.056126557009322287
300,0.05597470599842092,0.056126141944824265
301,0.055972337351092166,0.05612486315169209
302,0.05597207810409718,0.05612469361333956
303,0.055971668020314926,0.056124743911221825
304,0.05596998693119212,0.05612448452310838
305,0.05596976015584589,0.05612437079965398
306,0.055967155237235715,0.05612276745559725
307,0.055965409470310964,0.05612283345713359
308,0.05596294267343228,0.056121654858350745
309,0.055961835936955855,0.056121202018309946
310,0.05595976125401667,0.05611923269482047
311,0.055957366460685304,0.056119927865989044
312,0.055956717517103974,0.056119869425655
313,0.055954846529140144,0.05611831890337034
314,0.05595349540395498,0.05611837210016176
315,0.05595276381967034,0.05611825871413373
316,0.055951350820848594,0.05611791887545469
317,0.05595090734591865,0.05611799867185969
318,0.05595054146670254,0.0561180921792658
319,0.05594993385120285,0.05611791850458773
320,0.05594796094856325,0.056116291447279566
321,0.05594672760657467,0.056115732798357756
322,0.05594477062160891,0.0561150416983858
323,0.05594349681090222,0.05611460891679909
324,0.05594202367869475,0.05611455256874607
325,0.055940849147403084,0.05611437509275193
326,0.055938499232860185,0.0561125256242645
327,0.055936758607770934,0.05611112287819874
328,0.0559352973320144,0.056109966538275706
329,0.05593316614380354,0.056109521638774196
330,0.05593298965442462,0.05610952139181014
331,0.05593133539707394,0.05610875548518766
332,0.05592966181690303,0.05610749227175833
333,0.05592887941571018,0.05610771376450408
334,0.055927287463017054,0.056106366529947146
335,0.05592694900166505,0.056106261945483744
336,0.05592493175007279,0.056105466224440174
337,0.05592301986152551,0.056105445588677215
338,0.055921343591486594,0.05610552004144815
339,0.05591987801524656,0.056104982487219415
340,0.055919162501944196,0.05610480336959956
341,0.05591798304810234,0.056105219910127645
342,0.05591794710850916,0.05610521902837805
343,0.05591680066669062,0.05610429357691482
344,0.055914860856349,0.05610340550228528
345,0.05591401704111547,0.056103073540970425
346,0.05591281937384268,0.05610276683960913
347,0.0559126818001345,0.056102757800430406
348,0.05591163949618815,0.05610219862618081
349,0.055910030045682534,0.05610184627050024
350,0.0559093138499981,0.05610162674401198
351,0.055907997662475,0.05610125767902899
352,0.055907280884953295,0.05610117426800609
353,0.05590682021234773,0.05610124282336073
354,0.05590493486100029,0.05610138170964896
355,0.05590417740798197,0.05610137975567555
356,0.055902067280787546,0.056101575524156976
357,0.055900776741202494,0.056102049688829335
358,0.055900574642284706,0.056102048664331446
359,0.05589970509423452,0.056101399470515595
360,0.05589786346272568,0.05610014930428203
361,0.05589719614743841,0.056100286809222
362,0.05589593953170764,0.0560991948066629
363,0.05589529540536236,0.05609854769281286
364,0.05589390833239238,0.05609844807711993
365,0.05589224843168024,0.056098172215021835
366,0.055891349240880905,0.0560976338425875
367,0.055891010771573185,0.056097213056380664
368,0.05588915741286281,0.05609604511987089
369,0.055888327940888174,0.05609623550617747
370,0.05588649378248172,0.056095762257034026
371,0.05588588681718681,0.056095766051195296
372,0.055885542495687855,0.05609594795270364
373,0.055884063963157836,0.056094779107813665
374,0.05588357763714319,0.05609486230472305
375,0.05588351018114195,0.05609486366782351
376,0.055883046741336206,0.05609493853531295
377,0.05588270964218381,0.056094719550205396
378,0.05588171681065601,0.05609439406905074
379,0.05588047707656988,0.05609419133854416
380,0.05587950832825098,0.05609386491938675
381,0.05587830781541681,0.056093720237153664
382,0.05587641199065877,0.0560928052115223
383,0.05587607724516671,0.056092545566862405
384,0.055875927380891754,0.056092555038522555
385,0.05587569777002314,0.05609265019043241
386,0.05587434739704443,0.056092300385685974
387,0.055872365318229096,0.056091791997477235
388,0.055870372887270085,0.056091249498273744
389,0.05586875258519836,0.056090758771727346
390,0.05586795917633438,0.056090248526541014
391,0.05586779058824114,0.0560903426069904
392,0.055867389356258186,0.05609014992309372
393,0.05586621117153916,0.05609038131444571
394,0.05586602901961969,0.05609036399587107
395,0.0558644228778542,0.05609061257586293
396,0.055862776879371225,0.056090135305788325
397,0.055861896035090515,0.05608984745926166
398,0.055861738781262105,0.05608984765797789
399,0.05586066857116273,0.05608985079236535
400,0.05585974956666308,0.05608995307429707
401,0.05585888820141815,0.05608950234791952
402,0.05585798692188957,0.056089301574084746
403,0.05585611350648701,0.05608945642262042
404,0.055855243874324056,0.056090029335119786
405,0.0558541865448724,0.05608981791626942
406,0.05585281781069259,0.0560899554358322
407,0.05585235811052041,0.05609045670382605
408,0.05585170445486716,0.05609044485093601
409,0.05585027199148013,0.056089985524032486
410,0.05585011147614945,0.056090066316860226
411,0.055849471759863364,0.05608974978491987
412,0.05584882731833936,0.05609047485544982
413,0.0558480547759448,0.05609002042360569
414,0.05584710439573428,0.05609006711847249
415,0.055845575757105026,0.056088757298443585
416,0.055843250220491046,0.05608893054504138
417,0.055842054174585466,0.0560886954070265
418,0.05584010061878112,0.0560879396601971
419,0.055838804013057464,0.056087052753858856
420,0.055838718401955235,0.05608714144143702
421,0.05583708629922569,0.05608738884840791
422,0.05583500259163641,0.05608659944448447
423,0.055834494740534216,0.05608660836147868
424,0.055832392204776454,0.056085997519730174
425,0.055831265636397454,0.05608548139891345
426,0.05583005405991836,0.0560848023105599
427,0.05582976043935206,0.05608470540431891
428,0.05582938389437859,0.056084695307316114
429,0.05582863515407163,0.05608508316385085
430,0.0558271619587081,0.05608432478762341
431,0.055825736433031355,0.0560839004399674
432,0.05582391642398618,0.05608218474878116
433,0.05582318742015165,0.05608179835805298
434,0.055821814879515895,0.05608139712781154
435,0.05582032460330096,0.05607994709587556
436,0.055819113423124005,0.05607915069906375
437,0.055816920479158816,0.05607818154683643
438,0.055815084914694724,0.05607761328185066
439,0.05581391731041576,0.05607751270737662
440,0.055813869018654254,0.05607748995442992
441,0.055813658003443775,0.0560773013537644
442,0.055813595362557845,0.05607726019644289
443,0.0558133743537387,0.05607722979945695
444,0.05581138235085583,0.056076506658310016
445,0.055810192360302165,0.056076865462464945
446,0.05580922672074684,0.056076304555323565
447,0.05580862425553464,0.056076002451854186
448,0.05580833095319204,0.05607567305343149
449,0.0558062502725071,0.05607385565028687
450,0.05580588541595564,0.056074080601131684
451,0.05580551570891538,0.056073990402673385
452,0.055804455466610434,0.05607354794800438
453,0.055802849551272224,0.056073601752257944
454,0.055801223752043015,0.05607359950397052
455,0.05579975881971294,0.05607324838028218
456,0.05579965027846241,0.05607325785623723
457,0.05579854174208925,0.0560725609265144
458,0.055797398503149694,0.05607224068586074
459,0.055796225099813614,0.05607218002044674
460,0.0557950740854423,0.05607166085001931
461,0.05579312141419968,0.05607049432913596
462,0.055791531250232215,0.05607030105583889
463,0.055790386651361365,0.05607018005515409
464,0.05578862327284593,0.05607029256778211
465,0.05578747794358414,0.056070150647592194
466,0.05578711155116212,0.05606995048695641
467,0.055786231299843614,0.05606943972000477
468,0.05578404514899976,0.05606872199213094
469,0.05578198104112319,0.056068231041207194
470,0.055781553209781856,0.05606823247798095
471,0.05578040456513954,0.056066800302744
472,0.0557798434147826,0.05606644736393046
473,0.05577908508478394,0.0560662101177468
474,0.05577806162087598,0.05606593494468186
475,0.055777562842998805,0.056065949965331756
476,0.055777231033779,0.05606601440152621
477,0.05577697199886218,0.056065946644897
478,0.05577544221887589,0.056066236246302005
479,0.055773654793477,0.05606487281592507
480,0.05577215265786149,0.05606392228588132
481,0.05577112529080687,0.05606364870529144
482,0.05577036402482636,0.05606364138172837
483,0.055767433103014456,0.056061059880261464
484,0.055766846847972854,0.05606087821340908
485,0.055766127866134024,0.056060938913612746
486,0.05576370410768725,0.056060390053133374
487,0.05576321750121483,0.056060237595097
488,0.055762029105702667,0.05605993047320102
489,0.05576157415263004,0.056060219994276426
490,0.05575987218949368,0.05606011001200704
491,0.05575940154516437,0.05606006886632532
492,0.05575868795956437,0.05605969135511295
493,0.05575838690928555,0.05605976165304385
494,0.05575698065006258,0.05605964372105166
495,0.05575628588240365,0.05605968976781276
496,0.055754967749249464,0.05605998345153662
497,0.055754755553843044,0.056060101640817976
498,0.05575401866261406,0.05605947391110118
499,0.05575335076095212,0.05605927520650079
500,0.055751612063719105,0.05605897318356501
501,0.0557511892292361,0.05605895080759143
502,0.05575027493713505,0.05605904850740514
503,0.05574843612619613,0.056058638324615204
504,0.05574774124187692,0.05605867191780965
505,0.05574609948645299,0.05605900174724083
506,0.05574477266658897,0.05605863168921465
507,0.0557443114500637,0.05605907576558683
508,0.05574249679070994,0.05605944546392189
509,0.05574246496685754,0.05605944401652329
510,0.05574148213848484,0.05605951858890731
511,0.055740147011737066,0.056058725236341755
512,0.05574003804337541,0.05605871473697515
513,0.0557384496657371,0.056058687222509264
514,0.05573799088883157,0.0560588742625916
515,0.055737330295091606,0.056059120468901394
516,0.05573602573353116,0.05605919241397134
517,0.055734671521058224,0.05605806782073673
518,0.05573207460569216,0.056056451991202925
519,0.055729510757745314,0.056055760962748294
520,0.05572790796834175,0.05605573835781247
521,0.05572774253385043,0.05605568439931846
522,0.055727136528298735,0.05605541960885505
523,0.05572678092789021,0.05605554666547034
524,0.055725898564663125,0.05605604276866066
525,0.05572518275451939,0.05605610484269524
526,0.05572370752425813,0.05605613858554389
527,0.055722451229987306,0.05605511976092407
528,0.05572147751350361,0.0560550283630773
529,0.05572010982591411,0.05605459206092837
530,0.05571938064973476,0.05605514547793642
531,0.0557189080460112,0.05605503564480853
532,0.05571789343565239,0.05605527798168437
533,0.05571720195731478,0.05605452209750148
534,0.05571660933387212,0.05605442964152949
535,0.055715237807573106,0.05605455023160741
536,0.05571394742215666,0.05605426711952786
537,0.05571327748847978,0.05605415354198801
538,0.05571183232519086,0.05605476824642165
539,0.05571058140452854,0.056054648213296907
540,0.05571056292146978,0.05605465004887923
541,0.055709680310907415,0.056054586030028074
542,0.05570843337148822,0.05605510690695749
543,0.05570702957745247,0.05605541940773274
544,0.05570542295216827,0.05605522718164658
545,0.055704769248179534,0.05605512126918118
546,0.055703311698283735,0.056054725319983165
547,0.05570196249829688,0.05605515752088376
548,0.055700734392633275,0.056054462731302226
549,0.05569992738421337,0.05605439642436205
550,0.055699054324556685,0.05605414863971933
551,0.05569836021499342,0.05605434662454396
552,0.05569790190780358,0.05605413502591495
553,0.05569671217277746,0.056053830178208856
554,0.05569534886177432,0.056054046543700824
555,0.055693444627944406,0.05605292096189944
556,0.055691859174049486,0.056051888427339436
557,0.055691521445398136,0.056051791529062006
558,0.05569088572739044,0.05605147045899357
559,0.05568994629354746,0.056051010973668915
560,0.05568985225733928,0.05605100110460831
561,0.055689691819322075,0.05605104325052964
562,0.055689157565651626,0.05605098933754587
563,0.05568730483325884,0.05605166575600402
564,0.055686152248851616,0.05605144137110233
565,0.05568597399745156,0.056051381741237936
566,0.05568568274061549,0.05605138977975624
567,0.055685259693140504,0.05605121367521829
568,0.05568467825942718,0.05605082375826125
569,0.05568251647983882,0.05604989260809562
570,0.05568058597870493,0.05604867772724442
571,0.055679461984851124,0.056047625711199374
572,0.055678589402907,0.056047662250177606
573,0.055677211672936884,0.056047334580025046
574,0.05567627849889046,0.056047592731233505
575,0.05567605502106989,0.05604755758449264
576,0.055674974141387834,0.0560470662918985
577,0.05567402030903313,0.05604705399563168
578,0.05567285930387177,0.056046981149360624
579,0.05567172862849905,0.056046555685794315
580,0.05567148008425441,0.05604639551400124
581,0.05567079693190306,0.056046590671914316
582,0.05566959361306726,0.05604663561656062
583,0.05566947936273597,0.05604667181527847
584,0.055667431305342394,0.056046279640788024
585,0.055666528667974835,0.05604600512636033
586,0.05566631422682736,0.056046006284341456
587,0.05566564009920876,0.05604622942613607
588,0.05566532237027415,0.05604620259707953
589,0.055663094662304374,0.05604592263944821
590,0.055662997494595794,0.05604593113171007
591,0.055662083639257745,0.05604535779016266
592,0.05566090299190889,0.05604446990669705
593,0.055660380717741154,0.056044412896921046
594,0.055659738152861515,0.05604414428341643
595,0.0556584688517605,0.05604414135362804
596,0.055657540892689754,0.05604390248676546
597,0.05565445552719266,0.05604200750886539
598,0.05565352949661627,0.056042260936522904
599,0.055652182718080416,0.05604164929197391
600,0.0556514184401006,0.05604169984942407
601,0.05565071331822929,0.05604260580949844
602,0.05564871805515002,0.05604115471625173
603,0.055647658707574314,0.05604141390480636
604,0.05564626336933689,0.05604105770091167
605,0.0556461479716071,0.05604103823933295
606,0.055644674623689584,0.05604086929926701
607,0.055643376671430524,0.05604050276534327
608,0.0556410678515425,0.056039373545825055
609,0.05564002702668879,0.05603922466332693
610,0.055637870015601755,0.056037314476544656
611,0.055636113287484225,0.05603648556576218
612,0.05563426866961409,0.05603481935832054
613,0.055634012912763785,0.05603489713532272
614,0.05563302010812817,0.05603513861176831
615,0.05563197197987769,0.056034785291348
616,0.055630752129484845,0.056034662081738476
617,0.05563039680527301,0.05603472952305769
618,0.05562917634867144,0.056034636099610936
619,0.05562825071658415,0.056034856184926915
620,0.055627344476202975,0.05603475416159587
621,0.0556260014833196,0.056034946979836686
622,0.05562471355087926,0.056034336010515925
623,0.0556236547379569,0.0560336658555512
624,0.055622948403710515,0.056033631339171254
625,0.05562224278766908,0.056033826011205844
626,0.055621031433236406,0.05603358470489424
627,0.05561977767922771,0.05603275877391739
628,0.05561880083469602,0.05603289423198516
629,0.055617905917275494,0.056032592476676184
630,0.05561676794562183,0.05603269570267964
631,0.05561557941225301,0.05603278087100975
632,0.05561354983512824,0.056032513385968645
633,0.05561328828420561,0.056032528615533726
634,0.055612394936133965,0.056032185776423556
635,0.055611688009115444,0.05603181298051581
636,0.05561093128181074,0.05603160460625128
637,0.055609824205010636,0.05603179779784486
638,0.05560879509997216,0.05603137895584044
639,0.055608157653164784,0.05603101541787709
640,0.05560807196470719,0.0560309914280463
641,0.05560779035577531,0.056031014838487124
642,0.05560749888416589,0.056030991502000096
643,0.05560663728047535,0.0560308828069489
644,0.05560598828127867,0.0560308096101148
645,0.05560589107910612,0.05603086385904494
646,0.05560536675459098,0.05603087369794635
647,0.055605168150985325,0.056030848539634415
648,0.05560417950372599,0.05603066822068156
649,0.05560397817663636,0.05603076159226806
650,0.0556032858603495,0.05603048273063794
651,0.05560151828805411,0.05603035076918239
652,0.05560101575136295,0.05603058641853233
653,0.055600722987702814,0.05603048385239359
654,0.05559980519212453,0.05603012506670096
655,0.05559829534874744,0.05602992784323588
656,0.05559776346428455,0.056030156864540846
657,0.05559768336752489,0.056030179775860695
658,0.055596335223055536,0.05603001303298174
659,0.05559431169161495,0.056029481739040224
660,0.05559386741419774,0.056029570489269154
661,0.05559291746216715,0.056029873198317565
662,0.05559258307743113,0.05602985222798336
663,0.05559175492985504,0.05602981509383479
664,0.05559128780868627,0.05602989225053171
665,0.05558878936343966,0.05602843602515118
666,0.0555886610268651,0.05602841905968351
667,0.05558794645671222,0.05602838363416434
668,0.055586619112311636,0.05602827423587869
669,0.05558610604285482,0.05602826882503177
670,0.0555856082406424,0.05602821625355506
671,0.05558402990044916,0.05602786098178078
672,0.055583600090601655,0.05602773750667789
673,0.055583480746198295,0.056027747934566406
674,0.05558215858071561,0.05602745513860496
675,0.05558102220518085,0.05602735529999257
676,0.05558003357984446,0.05602725902170656
677,0.055578962412008624,0.05602753468561918
678,0.055578832826050625,0.05602751783316103
679,0.05557745202769909,0.05602782595120439
680,0.05557628346522132,0.0560278487128552
681,0.05557546906727538,0.056027965753536864
682,0.05557529488792224,0.05602792989022357
683,0.0555750042900838,0.056027976968831536
684,0.055573984195745156,0.05602757222216751
685,0.05557337482064479,0.05602757785772582
686,0.055573298350947625,0.05602758639986832
687,0.05557215063318821,0.05602772630984091
688,0.055571331913019044,0.0560272887339317
689,0.055570858441424155,0.056027319458353736
690,0.05557066880290357,0.0560272500506203
691,0.05557048588113294,0.05602727128391759
692,0.055570214316482715,0.05602719929710709
693,0.05556918657798933,0.05602683022252436
694,0.055569096611359475,0.05602681870946582
695,0.055568815992745976,0.05602665632213165
696,0.05556788091915693,0.05602645020166146
697,0.05556712057185893,0.056026447930633314
698,0.05556680736983572,0.05602639276570586
699,0.055565818816175505,0.056026307118109825
700,0.055565611919403415,0.056026393107103944
701,0.05556543043233904,0.056026430665349916
702,0.05556409095962944,0.05602621615880743
703,0.05556396897102531,0.05602624213483043
704,0.05556346479810467,0.056026372751515396
705,0.05556259553588513,0.05602618523418154
706,0.055562424247223303,0.0560262875719058
707,0.055562403615139824,0.05602628771321478
708,0.05556162279561716,0.05602658694199315
709,0.055561575738830984,0.056026585643237224
710,0.05556143090748068,0.0560265631963047
711,0.05556120731338315,0.0560266176872784
712,0.05556108164381454,0.05602672563579055
713,0.055560296900117656,0.056026884211857836
714,0.05555953574368472,0.056026840734457274
715,0.0555592500108235,0.056026606477827576
716,0.05555919311161465,0.05602661440736416
717,0.05555914380742829,0.05602661458539197
718,0.0555581546477138,0.056025813737437244
719,0.055557274957618495,0.05602597141605691
720,0.05555581036470662,0.05602590280752548
721,0.05555568519465709,0.056025969281999016
722,0.05555444051742488,0.056025080717012114
723,0.05555429159337952,0.05602511163476111
724,0.05555351982563937,0.05602460493521729
725,0.055552846324751486,0.056024608086377346
726,0.05555147010386794,0.05602453242466787
727,0.055551398144348355,0.05602453239856606
728,0.05555105656033134,0.05602449225806006
729,0.055549455074885824,0.056025021719168205
730,0.055548595281528244,0.05602486902064953
731,0.05554756141986746,0.05602448885226492
732,0.05554666721418089,0.05602427042490971
733,0.0555463292928065,0.05602445389480333
734,0.055546177037769914,0.05602447463695567
735,0.0555444068162783,0.0560236763924259
736,0.055543951248168875,0.05602404483623671
737,0.055543715032264455,0.05602371231676059
738,0.05554319286069367,0.056023837658492795
739,0.055543107887280445,0.05602385307802476
740,0.05554150411993941,0.05602380165271679
741,0.055541402443935156,0.05602380426279844
742,0.05554125829019682,0.05602382938821481
743,0.055540740140563316,0.05602413541603562
744,0.05554046309157961,0.056024240139732555
745,0.055539928817950106,0.056024316341068775
746,0.055539766406153206,0.056024325420160274
747,0.055538408789808556,0.05602440728919326
748,0.055538238593112035,0.05602466426872183
749,0.05553717267507007,0.056024309006368234
750,0.05553672530559596,0.05602434443970343
751,0.055535980813786794,0.0560242244770342
752,0.055534795420161626,0.05602342294191604
753,0.055534163958377306,0.05602321342370354
754,0.055533259768017935,0.056023317791172624
755,0.055531759828054895,0.056022166684111176
756,0.05553166269394015,0.05602213054506276
757,0.05553011331617579,0.05602165469490582
758,0.055529838676288044,0.05602153676408286
759,0.05552919219855343,0.05602173984267652
760,0.05552892344338217,0.05602167842210645
761,0.05552733979596122,0.05602217021127921
762,0.05552619336130519,0.05602221711831143
763,0.05552301257665557,0.05601958093044197
764,0.05552288955420221,0.0560196165020738
765,0.055521738246036595,0.056019356807910224
766,0.055521336626457016,0.056019653876719755
767,0.05552073512891702,0.0560194222502773
768,0.05552017565581406,0.05601939778596935
769,0.05551962727639276,0.05601935910102672
770,0.055518977083448925,0.056019400633827154
771,0.05551871762103782,0.05601915669212447
772,0.05551851653998502,0.05601916667866791
773,0.055517798408125416,0.05601915180689568
774,0.05551710686307664,0.0560193679209834
775,0.05551662824325903,0.056019491730019126
776,0.05551567396183737,0.056019783439343725
777,0.05551560560189352,0.056019784909195514
778,0.055515322875397656,0.05601976333204099
779,0.05551377949686575,0.05601899733109177
780,0.05551293100649739,0.05601891492669961
781,0.055511975420467145,0.056018909710665934
782,0.055511246283993,0.0560192480893334
783,0.0555104501524234,0.05601860560241861
784,0.055509552195141865,0.05601859091697992
785,0.05550908721664861,0.05601913743031992
786,0.05550870518870001,0.0560191258116492
787,0.055508044219896,0.05601906970401803
788,0.05550751206293595,0.056019013317278044
789,0.055507089696568014,0.056018791693276795
790,0.05550660067671002,0.05601875266477667
791,0.05550548934965697,0.0560181868421555
792,0.055504878896183676,0.05601830501936911
793,0.05550436655521162,0.05601846411300149
794,0.05550346802707022,0.056018318503744516
795,0.05550262236106804,0.05601841747958177
796,0.055501971815125034,0.05601840003340738
797,0.05550135890756635,0.05601825425356225
798,0.055501115315725436,0.05601808489211259
799,0.055501001487791475,0.056018109136313214
800,0.05550091885882646,0.056018097542396776
801,0.055500682704012046,0.05601809745200334
802,0.05550019591469492,0.05601823093772933
803,0.05549933824265508,0.056017827775920855
804,0.05549819574858871,0.056017151003638584
805,0.05549808763680189,0.05601728122023235
806,0.055497557700095956,0.056017404638568656
807,0.055497123975106956,0.056017304019504256
808,0.055495863754306214,0.056017212232626026
809,0.055495231606030745,0.0560170615689037
810,0.05549475594018164,0.056016998505167996
811,0.05549456923001417,0.05601694918238255
812,0.055493726643257184,0.056016659009681925
813,0.05549327032634123,0.05601699238142269
814,0.05549245966090631,0.05601737703934252
815,0.05549120621080464,0.056017026844399534
816,0.05549097468359849,0.05601690507061884
817,0.05549070673435841,0.05601706564167794
818,0.05549052576169775,0.0560171447675384
819,0.05549003137657975,0.056017049930291
820,0.055489934832355696,0.05601706047862136
821,0.05548945965113898,0.056017029885842125
822,0.05548786941947698,0.05601679394990215
823,0.055487520921691125,0.05601678798866874
824,0.05548630496003784,0.05601670195587882
825,0.055486171060421585,0.056016756930598446
826,0.05548442711488859,0.056015680693790426
827,0.05548362403931377,0.05601608239326554
828,0.055483222809997394,0.056016337071737386
829,0.05548304741930097,0.05601637453667546
830,0.055481770061454314,0.05601659099836218
831,0.055480657420466574,0.056016532598884075
832,0.05548057648763056,0.05601653388443175
833,0.05547940976199889,0.0560168908955486
834,0.05547935771312107,0.05601690911006205
835,0.05547930934208271,0.056016942814382006
836,0.05547912621211043,0.05601692137983707
837,0.05547832800228595,0.05601719030867271
838,0.05547822355953446,0.05601717150867595
839,0.055478126231708856,0.056017102724614645
840,0.05547794956590773,0.05601710025955808
841,0.055477652730886215,0.05601708683805822
842,0.0554768835580447,0.05601733861029732
843,0.05547637489003987,0.056017045589347524
844,0.05547482085590592,0.0560168347925282
845,0.05547385754026424,0.05601688592121834
846,0.055472970945439654,0.056016967732160285
847,0.05547220920541376,0.056016776746192876
848,0.05547167376866534,0.05601670449087157
849,0.055471334288664506,0.05601674346591633
850,0.05547055880543922,0.0560165715214157
851,0.05547040971990031,0.05601664802705997
852,0.05546989888172361,0.056016606239966626
853,0.055469426186686537,0.056016501735682796
854,0.05546930321065208,0.05601659425151051
855,0.055469096418699355,0.056016441186125275
856,0.055468835876173433,0.05601627091144866
857,0.05546849273919759,0.056016252298150784
858,0.05546752295923407,0.05601580620565289
859,0.05546630015164221,0.056016173380476784
860,0.05546544244585222,0.056016034330574976
861,0.05546525405429978,0.056016042568284005
862,0.05546512640155698,0.05601607481988339
863,0.0554650715881287,0.05601607033190362
864,0.05546376114024836,0.05601636173808544
865,0.05546337023731771,0.05601631725257302
866,0.055462179499038186,0.05601624148289211
867,0.05546123211494068,0.056015893254884756
868,0.055460639166077144,0.05601603618614728
869,0.05546054411430109,0.056016074897600514
870,0.055458362925770784,0.05601469068110679
871,0.05545790615098785,0.05601467343818867
872,0.05545727245659417,0.0560151061020906
873,0.05545641294238337,0.056015002199918236
874,0.055455225044052134,0.056014782689154
875,0.05545486413411139,0.05601467883071693
876,0.055454656070549224,0.05601465769801617
877,0.055453321476801716,0.05601450723609629
878,0.055452444913887886,0.056014655728252635
879,0.05545231915344339,0.0560145992621155
880,0.055452030264443515,0.05601449614519977
881,0.05545107254423643,0.056014374469994826
882,0.05545090921677663,0.056014334704510504
883,0.055449331854524705,0.056013884656842865
884,0.05544884128333645,0.05601397934255777
885,0.055447940712955265,0.056014224316133315
886,0.05544721212577765,0.05601432859815358
887,0.05544632666737582,0.056014472745970836
888,0.055446105381617296,0.05601446397079115
889,0.05544602356905634,0.056014504534286594
890,0.05544465291821564,0.056015005964372686
891,0.055444466203164955,0.05601523518883756
892,0.05544326499341275,0.056015036845773816
893,0.05544249448809056,0.05601498802927986
894,0.055441526154747095,0.05601511531689092
895,0.055440778885758685,0.05601513356000274
896,0.05544002348371521,0.05601472344244748
897,0.05543921882823562,0.056014337986835444
898,0.05543780242758809,0.056014415040813906
899,0.05543654162318086,0.05601424378322556
900,0.05543582893449626,0.05601429204190929
901,0.05543582596731126,0.05601429206584846
902,0.05543553809993333,0.05601437609645816
903,0.0554352421693599,0.05601447620058421
904,0.05543479294667404,0.05601466731533379
905,0.05543418787741435,0.05601492872238254
906,0.055432763170167855,0.0560149803070704
907,0.05543170583129276,0.05601476125401883
908,0.055431430882084784,0.05601473031143389
909,0.05543125952638558,0.05601472334293469
910,0.05543067671093954,0.05601476978314056
911,0.05543028295140766,0.05601506300165929
912,0.055428950095493465,0.056015359398288576
913,0.05542894266235454,0.05601535996298343
914,0.05542802965865734,0.05601546448757821
915,0.055427775217494264,0.05601531207309806
916,0.055426763266586174,0.056015201493130794
917,0.055425607668048,0.056014863100157616
918,0.05542439533835451,0.05601435717546351
919,0.05542339694792793,0.05601434626911678
920,0.055422813873022815,0.05601410585062449
921,0.05542190288053293,0.05601420754994891
922,0.055421375337656044,0.05601409945386564
923,0.0554204505995982,0.05601435023181699
924,0.05541963661853109,0.05601432797123118
925,0.05541950254949169,0.056014329619832444
926,0.055418852406453604,0.05601390766457791
927,0.05541755715085658,0.056012695545130685
928,0.05541737353474096,0.05601280464070718
929,0.05541687438863406,0.056012519611028745
930,0.0554165914658761,0.056012550186032274
931,0.05541568814359434,0.056012156744397315
932,0.055415369694724444,0.05601210880743291
933,0.05541498621041881,0.05601206166082343
934,0.055414920553325885,0.05601204369146429
935,0.055414763846669164,0.05601231958873537
936,0.055414039023636626,0.056012287815330256
937,0.05541389926071593,0.05601235146662851
938,0.05541317692411307,0.056012269219534436
939,0.05541314950022426,0.05601228087059224
940,0.055411698064020555,0.05601239541710707
941,0.055411406414806276,0.056012455593715475
942,0.0554111752325974,0.05601262695188457
943,0.05541028964460752,0.05601276201099121
944,0.05540955720942414,0.056012588839733764
945,0.05540940099447969,0.05601257380023354
946,0.055408823275720866,0.05601254112738452
947,0.055408246022996446,0.05601270581016944
948,0.055407581815259115,0.05601231940990334
949,0.05540618763736158,0.056012408364797754
950,0.055405701920388954,0.05601270289381338
951,0.05540542126639981,0.05601273809864073
952,0.055405289005608774,0.05601271937361558
953,0.055404746183001036,0.056012749208597896
954,0.055404502889770384,0.05601268258444681
955,0.055404180347145005,0.05601279560810746
956,0.05540404917476679,0.05601279425538526
957,0.05540369376197228,0.05601297350442212
958,0.055402861872551834,0.05601268575427196
959,0.055402717502250766,0.05601273383697047
960,0.05540231670474205,0.05601263627724533
961,0.05540227174269691,0.056012636303991274
962,0.0554013917595362,0.05601290942541304
963,0.055400097099020586,0.05601237749647244
964,0.05539942060522769,0.05601251239290342
965,0.05539797389715429,0.05601267660570855
966,0.0553978421536239,0.056012619265156674
967,0.05539661063297843,0.05601209186662067
968,0.05539509592445069,0.056012293663984705
969,0.055394776477494884,0.0560122926476996
970,0.05539463564206751,0.05601233630849308
971,0.05539455157209867,0.05601221971509061
972,0.055392978699855024,0.05601230456093858
973,0.05539243071179761,0.05601280850073043
974,0.055391719810132106,0.056013075587899565
975,0.05539163854887136,0.056013077284490786
976,0.05539137932060942,0.05601314672663434
977,0.055391326557751426,0.05601308985989255
978,0.05539012186222571,0.0560132047128224
979,0.05538998842566638,0.056013567099051004
980,0.05538853090042393,0.0560136783561365
981,0.05538842605626491,0.05601367039279184
982,0.055387066050053335,0.05601352730248353
983,0.05538520149323474,0.056013220389232975
984,0.05538426367429285,0.056012875121560675
