0,0.16155390795939217,0.16173178804051647
1,0.1552021385171992,0.15538431208890982
2,0.14922885364215474,0.14941473189321502
3,0.14357820405359722,0.14377018347764906
4,0.1382927625117414,0.13849495833734685
5,0.13333872207857467,0.13354775728206378
6,0.1287169216388419,0.12892942765444967
7,0.12433807761844437,0.12455550773737174
8,0.12030977535840272,0.1205306987543112
9,0.11650825035041633,0.11672980346483505
10,0.11295900268725223,0.1131860962965276
11,0.10976089734705063,0.10999298736572172
12,0.10666999249258591,0.10690406598644094
13,0.103801761584271,0.10403452843481785
14,0.10123006093830199,0.10146711555159564
15,0.09877703619155878,0.09901310781306115
16,0.09651234891330719,0.09674637195096891
17,0.09439528735939343,0.09462991766849017
18,0.09242922199500234,0.09266114481916557
19,0.09077273175985283,0.09100501157123309
20,0.08815016682805062,0.08837182824400854
21,0.08566578443348127,0.08587438086008388
22,0.08332455355711328,0.08352101509194342
23,0.08117954558489299,0.08136459272712888
24,0.07918239438218119,0.07935879782497521
25,0.07733472901546672,0.07749986873839906
26,0.07560545302729427,0.07575959529595486
27,0.07401566891484852,0.07416193493710699
28,0.07255950134610036,0.07269550615701459
29,0.07129401596871207,0.07142290680742551
30,0.07002910757510937,0.07014874417914048
31,0.06889105697864713,0.06900338757591415
32,0.06784042595652004,0.06794345601223797
33,0.06686214163240625,0.0669573967776644
34,0.06596876300983558,0.06605640262611803
35,0.06518778705696843,0.06526862757774467
36,0.06443257048922386,0.06450776335728625
37,0.06374348961355521,0.06381352248670318
38,0.06310464594772003,0.06316810540747289
39,0.06252592746011831,0.06258452614023613
40,0.06200105450439369,0.062055242508648474
41,0.06153413655640881,0.061584401203242725
42,0.06108705556991735,0.061131331324593995
43,0.060689455997624035,0.06072855484977504
44,0.06032058329796054,0.06035563471817181
45,0.05998254203424604,0.06001318893752838
46,0.05969215470484388,0.05971859302303582
47,0.05942341100709594,0.05944672616677233
48,0.0591714878186672,0.0591914602506095
49,0.05894146526137103,0.05895899067249121
50,0.05873345626377915,0.05874817776489911
51,0.05853796546229545,0.058550155403617105
52,0.058364662980898555,0.05837438357596474
53,0.05820648693821437,0.058213519736877876
54,0.05806447252017312,0.058069802075520274
55,0.05793218578848021,0.057936186090588454
56,0.05781289894696492,0.05781576001611853
57,0.05770414303201932,0.05770456241220878
58,0.05760450952090257,0.05760322738984562
59,0.05751370836482133,0.05751121474478042
60,0.057439312753495404,0.05743533564100616
61,0.057362213248309445,0.057356594397189466
62,0.05729127203789193,0.05728541709954918
63,0.05722679137563084,0.057219034792014484
64,0.05716886065329899,0.05716068197448754
65,0.05711574757285539,0.057106630918088416
66,0.0570655760705987,0.05705604686676928
67,0.05702279558710208,0.05701255998190535
68,0.05698067589776834,0.05697009327798869
69,0.05694173730572253,0.05693002451553279
70,0.056907130165408465,0.05689502638234708
71,0.05687572156781502,0.05686358844248511
72,0.05684640516075385,0.0568339149569926
73,0.05682058718423654,0.05680682583578286
74,0.05679691272336242,0.056782947024436
75,0.0567790216902636,0.05676566737886399
76,0.056757165873604326,0.05674338501549161
77,0.05673521818800554,0.05672064485490537
78,0.05671343564537829,0.05669883136150141
79,0.05669552658772992,0.05668168196844972
80,0.05667987198679742,0.05666805304066097
81,0.05666306732274606,0.0566518030421684
82,0.05665068433853838,0.05663919264432309
83,0.05663978808800502,0.05662855745315267
84,0.05662888055847262,0.05661707610961711
85,0.05661437826200308,0.05660255020460806
86,0.05660597567500876,0.05659357562736102
87,0.056594110236250515,0.05658157878055346
88,0.056583810989644726,0.056572134573256175
89,0.05657139061746104,0.056560446366950554
90,0.05656405833742053,0.05655352194941772
91,0.05655734484152343,0.05654739682939815
92,0.056548010898451545,0.05653766203335811
93,0.05654278184659971,0.056532751023535194
94,0.05653492866523455,0.05652495533024499
95,0.05652807559600004,0.056519651853469514
96,0.056524516843584005,0.05651578081452338
97,0.05651730548434679,0.056508070565462934
98,0.05651058759018204,0.05650143521077467
99,0.05650579204061071,0.0564979546519476
100,0.056500729328481915,0.056493578032980905
101,0.056495638548593075,0.05648975146220325
102,0.0564901838275934,0.056485272978503
103,0.056487463253169445,0.056483241845228876
104,0.0564822785105529,0.05647821379120798
105,0.056476523725790116,0.056472200195980655
106,0.05647192706833794,0.056467866429898796
107,0.0564696123289238,0.056466356038634626
108,0.05646858169956189,0.056465485312744645
109,0.05646392216023236,0.056461695853378804
110,0.056458752894494,0.05645629506733704
111,0.05645560765167674,0.05645381613893218
112,0.05644855788245115,0.056447628198262156
113,0.056443622111073614,0.05644397644876842
114,0.05643918195117698,0.056440231084383424
115,0.056435569939541186,0.056437775773723636
116,0.05643318224717224,0.056435698734744376
117,0.05643017567140644,0.056433024630346974
118,0.056427356283056604,0.05643030626609042
119,0.05642601295641934,0.05642902754003371
120,0.05642507676306628,0.056428204291931586
121,0.056420237847261204,0.056423748669336984
122,0.056416734922070146,0.05642082168576419
123,0.05641166357065541,0.056416497492286034
124,0.05640698237764677,0.056411078073092966
125,0.05640153806265742,0.05640589401087198
126,0.0563992063016101,0.05640528130720738
127,0.05639680663839758,0.0564042165818798
128,0.05639292423988225,0.0564015513472746
129,0.05639077950365821,0.05640059101828651
130,0.05639050389016479,0.05640032046352984
131,0.056387320821535775,0.05639860623367895
132,0.05638619182297497,0.056397585036075386
133,0.05638561669111382,0.05639688411429378
134,0.05638371881217326,0.056394894067307653
135,0.056382928340405834,0.05639420935823401
136,0.05637956469428775,0.05639172916222221
137,0.05637679622893615,0.05638961296334375
138,0.056375558921756885,0.05638889696319146
139,0.05637514504959665,0.056388618852843395
140,0.056372824194192046,0.05638632378495026
141,0.05637143934686739,0.05638564885994289
142,0.05637141662899262,0.05638564247315846
143,0.05636987275100032,0.05638434487606701
144,0.05636926878043433,0.05638378823830385
145,0.05636620736566371,0.056382023567358046
146,0.05636481047586301,0.056381006484943555
147,0.056362535238819046,0.05638008121613698
148,0.05636062233916335,0.05637926500817197
149,0.05635960364065119,0.05637858119110402
150,0.05635855799108681,0.05637753121225769
151,0.05635842715023268,0.05637736040553245
152,0.05635827675242037,0.05637720523332919
153,0.05635419282552512,0.05637308364540956
154,0.05635261158951551,0.05637261304234486
155,0.05635211732725925,0.05637244823045588
156,0.05635132200706302,0.05637173445767662
157,0.056349395300386296,0.056369943191956234
158,0.05634759342080817,0.056368280888790916
159,0.05634667855585331,0.056367789917262226
160,0.05634500079658477,0.05636713737331891
161,0.056344136012207925,0.0563665948145424
162,0.056344049499329245,0.05636649509359513
163,0.056341129584160925,0.05636414685990665
164,0.056341016059094494,0.05636397164070342
165,0.056338825214088735,0.056362202993885856
166,0.056337291987891266,0.056360874303394363
167,0.05633680149253289,0.0563603514748489
168,0.05633678643538946,0.056360351637647896
169,0.056336338166663384,0.05636025188467774
170,0.05633581805399382,0.056359601376670475
171,0.0563327660866194,0.056356940112548624
172,0.056328994401856396,0.05635347666525748
173,0.056326624799945324,0.05635105325291846
174,0.05632452578893996,0.05634855956615783
175,0.056319794607472246,0.056344835911947326
176,0.056319165206918514,0.05634462137984395
177,0.05631788154555244,0.056343575506466716
178,0.05631412219448741,0.056340037490728856
179,0.056312026392428556,0.05633779346698946
180,0.05630947291329733,0.05633565406969067
181,0.05630935741291386,0.05633555728077615
182,0.05630757296253074,0.056334637942333864
183,0.0563057561029037,0.056333550612666816
184,0.05630349629429157,0.05633262859751862
185,0.05630173182184989,0.05633131486308835
186,0.05630098558922307,0.05633101815644975
187,0.056299248475380904,0.05633050256327982
188,0.056298422568180885,0.05632999566750153
189,0.056298414995343465,0.05632999586832489
190,0.056298409016348805,0.05632999593853486
191,0.05629567663254529,0.05632719458525236
192,0.056294105103124034,0.05632618369515374
193,0.05629316273206097,0.056325206998929754
194,0.05629310387339482,0.056325104165698435
195,0.05629219422455893,0.05632407138200574
196,0.05628843671728729,0.05632064431513749
197,0.05628697263315081,0.056319622455806774
198,0.05628649027777599,0.05631938784055515
199,0.05628495151811153,0.05631849357508847
200,0.05628430923883633,0.056318062841737654
201,0.05628366094513904,0.056317551421451374
202,0.05628275061252794,0.05631707448820171
203,0.05628265355588775,0.056316938184116885
204,0.05628218467855391,0.056316476888794036
205,0.05628198399537767,0.05631642284002248
206,0.05627921385732276,0.056314120178877845
207,0.05627915124567921,0.05631402976778622
208,0.056277915849517114,0.05631335755044432
209,0.05627645304095434,0.05631204501840172
210,0.05627507791772928,0.05631085708637164
211,0.056272859077835455,0.05630958151476049
212,0.05627235391269275,0.05630937776347556
213,0.05627228452855029,0.05630932362209482
214,0.05627138616334912,0.05630878132839954
215,0.056269993125042925,0.05630785262776658
216,0.05626999312483801,0.05630785266597525
217,0.056267985841535,0.05630649873278912
218,0.05626604723132729,0.05630448138354912
219,0.05626366010975283,0.05630323779326821
220,0.05626128070932537,0.0563026918129818
221,0.05626128070674331,0.05630269183798134
222,0.056259460007706194,0.0563018487715517
223,0.05625566858654486,0.05629910785475433
224,0.05625411781664453,0.05629797224346857
225,0.05625240280110486,0.05629652673613112
226,0.05625179579587038,0.05629625493059611
227,0.05625174809675736,0.05629625572345783
228,0.05624980666935595,0.05629583445270377
229,0.05624883649746505,0.05629539063547966
230,0.0562475920021516,0.056295189892549814
231,0.05624699641495364,0.0562947418330187
232,0.056244091913078234,0.05629242323234084
233,0.05624055567573168,0.05628950606561027
234,0.05623906961501344,0.05628850175971495
235,0.056239018036489785,0.05628850183720291
236,0.056238968816991135,0.05628847657107213
237,0.05623834094751257,0.05628805942311577
238,0.0562358485653301,0.05628666237103084
239,0.05623499785626264,0.056285663562697985
240,0.05623280159990576,0.056283659305801544
241,0.05623160926570391,0.05628289278303303
242,0.05623006536058531,0.05628233252784998
243,0.05623001995052651,0.05628229841420931
244,0.056229208080645,0.05628164719408871
245,0.05622858083351053,0.05628130681910651
246,0.05622743594479555,0.05628040851053227
247,0.05622683218333202,0.05627982010634396
248,0.0562262239180311,0.056279367273962086
249,0.05622437416725259,0.05627758950525424
250,0.05622283498982107,0.05627637376810871
251,0.05622100984474637,0.05627555046648341
252,0.05622026488075019,0.05627500093491807
253,0.05622026207659027,0.05627500105429118
254,0.056219894856857675,0.05627472663639647
255,0.05621937797897714,0.056274392105923436
256,0.056219375805917286,0.056274392213658694
257,0.056218877776922534,0.05627422451473051
258,0.056216256649469214,0.0562718384423183
259,0.056210217445952664,0.05626662440380742
260,0.05620803629780417,0.05626529711408167
261,0.05620699243215989,0.05626466324439773
262,0.05620526607830551,0.05626388883741801
263,0.056205017510263564,0.05626382857508389
264,0.056205005971939066,0.05626382854050933
265,0.05620369166647019,0.05626246630862167
266,0.05620204299991041,0.05626114004640697
267,0.056200062896628857,0.056259327086792266
268,0.056197511028421326,0.05625785284049354
269,0.05619531495000453,0.0562559031372661
270,0.05619368241780566,0.05625466421027494
271,0.05619142281302985,0.05625211366991811
272,0.056190883322289886,0.05625203219675192
273,0.05618907849770406,0.05625064351854965
274,0.05618777237906628,0.05624957717892965
275,0.05618777075239363,0.056249577292289105
276,0.05618719240107225,0.05624926941927185
277,0.05618468373138943,0.056247060557174405
278,0.05618319675186833,0.05624619185471584
279,0.056181677596335064,0.05624492598071834
280,0.05618065909870341,0.05624395437872777
281,0.056178881944959125,0.05624216869433156
282,0.056178880432890474,0.056242168800361834
283,0.056178027602339226,0.056241277192764214
284,0.056177898081124535,0.05624113096873026
285,0.05617554978460862,0.056239916818379726
286,0.056172570376867625,0.05623759005606807
287,0.056170611390276,0.05623590770020933
288,0.056168692800054563,0.05623376340389307
289,0.056167720063965226,0.0562327054785831
290,0.056165770232384345,0.05623229762058575
291,0.05616278530122716,0.056229813580979414
292,0.056161391231765945,0.05622970997740154
293,0.05616093963795815,0.05622940086511249
294,0.05615860709759785,0.05622793689142679
295,0.05615724920697656,0.05622706564059339
296,0.05615557746997739,0.056226122143522614
297,0.056155576210908165,0.05622612222638849
298,0.056155171608128336,0.05622589044567333
299,0.05615393966119225,0.05622492103936161
300,0.05615272543886001,0.056224316402236824
301,0.05615109231157594,0.05622324436032563
302,0.05614944893547424,0.05622257780241977
303,0.05614553609179972,0.05621948689390694
304,0.05614387915099355,0.05621839460849067
305,0.05614328868611759,0.05621790904847878
306,0.056139678381935745,0.0562155378755955
307,0.05613874568735911,0.05621469975975055
308,0.0561372800297932,0.05621321740347999
309,0.056134842813989075,0.056211079848889574
310,0.05613274624388106,0.0562101365676311
311,0.05613268830384667,0.05621013768896622
312,0.05613106674382139,0.05620880325209617
313,0.05612901971531434,0.05620830949718131
314,0.05612626176728187,0.05620561534059662
315,0.056125465238694855,0.05620540781125378
316,0.05612397993121196,0.05620492316629533
317,0.05612250632488504,0.05620414108127188
318,0.0561206905993289,0.056202844870167364
319,0.05611842471603474,0.05620171378534885
320,0.05611652610887569,0.056199477692052725
321,0.056114969184205964,0.05619877769723302
322,0.056114345658977584,0.05619819731456581
323,0.05611399498410958,0.056197860260621596
324,0.05611269021909183,0.056197360059568914
325,0.05611159624177445,0.056196546763712586
326,0.05611012780125197,0.056195680373495954
327,0.05610995624155784,0.056195595289785544
328,0.056108740354974145,0.05619507654446217
329,0.056107369858801215,0.05619373206312342
330,0.056104896179903566,0.05619160610020878
331,0.056103026234615945,0.056189981740162556
332,0.05610300300071855,0.05618998568974945
333,0.05610011491265647,0.0561878538377991
334,0.05609935456055803,0.05618752919958082
335,0.056097508053954165,0.05618760633644092
336,0.05609693057938818,0.05618724624388513
337,0.0560950821411748,0.056186785511399794
338,0.056094021753448506,0.05618677215477275
339,0.056093106129067594,0.0561864839053771
340,0.05609199498879205,0.05618541901128924
341,0.056090984461264766,0.05618450474428981
342,0.05608948997175144,0.05618387976806659
343,0.05608858272140526,0.05618310566439986
344,0.056086955118485694,0.056182836903576026
345,0.05608542622627792,0.056181099051123895
346,0.05608478819211034,0.05618108698881536
347,0.056083897689099195,0.05618068741638863
348,0.056082467829485894,0.05617969240102288
349,0.056081292575859455,0.05617876228924552
350,0.05608125878818185,0.056178763058934524
351,0.05607886341407899,0.056177113232521565
352,0.056077157879368,0.056176929476969145
353,0.05607589135709458,0.056176244300997116
354,0.05607461955184883,0.056175806717272576
355,0.05607385245965992,0.05617545953976771
356,0.05607270393825178,0.0561747545588776
357,0.05606932480077885,0.056172126800260236
358,0.05606867035533664,0.0561721284487531
359,0.05606735084277456,0.05617192561620467
360,0.056066833367785056,0.056171367571733216
361,0.05606409195737841,0.056168885982165545
362,0.05606394329316876,0.05616872831678879
363,0.05606289811510666,0.05616824002194701
364,0.05606171600266696,0.05616745172000179
365,0.05606121081045743,0.05616713652607988
366,0.05605906021825324,0.056165107800155635
367,0.05605818052529913,0.05616442830975694
368,0.056057435563865846,0.05616378598476225
369,0.05605610980333053,0.056163024084070604
370,0.056054434817706195,0.056162006192116504
371,0.05605200838972118,0.05616031587473885
372,0.05605188781011857,0.05616031903149025
373,0.056050446604384505,0.056158884595601276
374,0.05604923467547301,0.056158451633487025
375,0.056048185712109615,0.056158107018502594
376,0.056045236743424966,0.05615564229935346
377,0.05604444623230616,0.056155383483283916
378,0.05604374017034339,0.056154878800037625
379,0.05604305811491534,0.056154555082515614
380,0.05604098873127374,0.05615344689923227
381,0.05603959674936189,0.056152683773587085
382,0.05603875056146867,0.056152332864452176
383,0.05603868159489131,0.05615234902422266
384,0.0560381486678489,0.05615191930550578
385,0.056036177643601096,0.05615064539692045
386,0.05603612778257891,0.056150645173827625
387,0.05603597853909486,0.056150639191265214
388,0.056034814112555856,0.05614997657506387
389,0.05603365526115696,0.05614927469080864
390,0.056031971139353855,0.056148400822399976
391,0.05603140302192289,0.05614810421633902
392,0.056030070354489314,0.05614749873758184
393,0.05602913712402711,0.05614700540250678
394,0.0560275196293313,0.05614587081020713
395,0.05602708441832333,0.05614560107874086
396,0.05602552633336285,0.05614393637904888
397,0.05602495605308879,0.056143515830766176
398,0.0560237649996797,0.056143255599533516
399,0.05602276636448142,0.05614277437414747
400,0.05602059499327037,0.056140964883609076
401,0.056018572434459325,0.05613930891932214
402,0.056016980500914165,0.05613863692734306
403,0.056016101083287154,0.05613837641541479
404,0.05601530988438461,0.0561379096042254
405,0.056014883539511874,0.056137715176975606
406,0.056013634234190604,0.05613747915610775
407,0.05601279011443835,0.05613708725455277
408,0.056012701347981274,0.05613711953144533
409,0.056012648012362824,0.056137119589037526
410,0.05601260039173635,0.05613711951535194
411,0.056011797949189805,0.056136759476083355
412,0.056010492235787676,0.05613631635353709
413,0.05600856420481979,0.056135271808917746
414,0.056007856336447205,0.05613520477002188
415,0.056007480633399574,0.056134747812437186
416,0.05600704595909921,0.05613457877522676
417,0.056005811304544025,0.056133900487827196
418,0.0560051564469017,0.05613339970561853
419,0.05600386932284771,0.056132870660610526
420,0.056002905765344536,0.0561328047074418
421,0.05600200911287047,0.05613284259357597
422,0.056000879887998935,0.05613215406102154
423,0.0560008157902554,0.05613215981950869
424,0.05600076797247229,0.05613216034741553
425,0.05599986266661675,0.056131545255461095
426,0.055999228798263294,0.0561315806497068
427,0.055998828193027206,0.05613135756576686
428,0.05599738204628876,0.05613130612746951
429,0.055996728408479524,0.056130870582629465
430,0.05599622610419678,0.05613068409221531
431,0.055995388660098275,0.05613020151060417
432,0.05599474622514998,0.05612975257587495
433,0.0559929597702227,0.05612823364453752
434,0.055991922726825454,0.05612784699163568
435,0.05599166633062192,0.05612779187879822
436,0.055991623906468516,0.0561278057481032
437,0.055990087713875134,0.056126433187231296
438,0.055989919497887265,0.056126378248380036
439,0.05598986419693305,0.05612637389032951
440,0.055989723293110805,0.05612640290959481
441,0.055988667067331806,0.05612589985975804
442,0.055987240288157616,0.056124408813106125
443,0.05598693342157411,0.05612436089825634
444,0.05598660525574094,0.056124281906689846
445,0.055986288471180326,0.05612401852069874
446,0.055985170746156984,0.05612337416539765
447,0.055985108728381826,0.05612331008222611
448,0.05598418334085888,0.056123287387871236
449,0.05598204714844484,0.05612169890593868
450,0.0559817661422589,0.056121634724322876
451,0.0559807559182842,0.05612091694279853
452,0.05597975607379935,0.056120321691147355
453,0.055979296544117214,0.056120320550744
454,0.055978555672715063,0.056120232395710894
455,0.055978218282643884,0.0561201646226309
456,0.05597663683923766,0.05611931648075924
457,0.05597528246395997,0.05611846699461068
458,0.05597528106483894,0.05611846698153783
459,0.055974471416761706,0.05611869610023613
460,0.05597408834011148,0.056118830574225995
461,0.055973823292072976,0.05611872450940634
462,0.05597334502375784,0.0561184552256095
463,0.05597246267629015,0.056118089785153195
464,0.05597163400043452,0.05611801474762708
465,0.05597145095325235,0.05611806597749482
466,0.055970336553321204,0.05611762018698807
467,0.05596826598403692,0.05611611488294189
468,0.055967918305663424,0.05611614808758995
469,0.055967066053261544,0.05611590221319234
470,0.05596623730024479,0.05611487005410695
471,0.05596543606392459,0.05611446530455953
472,0.055964369192954194,0.056113972851371374
473,0.05596334005814349,0.056113406391590265
474,0.055962188000358105,0.05611324980887031
475,0.05596031689678093,0.056111707099991366
476,0.05596015798927788,0.056111684197048914
477,0.05595987623838795,0.056111488181535364
478,0.05595853806123871,0.056110483513755756
479,0.05595807604072012,0.056110080167562484
480,0.055958042503206094,0.05611008023292542
481,0.055956867412872285,0.05610936677070771
482,0.05595653840272479,0.0561091991045065
483,0.05595644576960843,0.05610921174058261
484,0.0559557615969075,0.056109113750182106
485,0.05595480582918657,0.056109058046402295
486,0.05595360669001304,0.056107917841953826
487,0.055951574910754504,0.056105918103619916
488,0.05595076765890236,0.056105455646382994
489,0.05595063053627339,0.05610545526901099
490,0.05594936596359294,0.05610483112472668
491,0.055949321713250934,0.05610483116432014
492,0.0559480894202192,0.056103649093700074
493,0.05594657612763585,0.056103656211001655
494,0.055946524668311376,0.056103670190531515
495,0.05594533072578824,0.05610289595451779
496,0.05594462237493772,0.056102473239601575
497,0.055943956387906724,0.05610236008610377
498,0.055942655205864,0.05610183959592618
499,0.055942249686797355,0.05610178274816098
500,0.05594093604952548,0.05610199923675515
501,0.05593884095984886,0.05610060870127556
502,0.05593778502865843,0.05609995572357212
503,0.055937301058979684,0.05609981083140534
504,0.05593602210661338,0.05609851663455902
505,0.05593528243895722,0.05609788333259829
506,0.05593447125108374,0.0560980026400141
507,0.05593325385414235,0.05609751970206457
508,0.055931983828938665,0.0560970558959732
509,0.05593053713547,0.05609692320555558
510,0.055929736377103544,0.0560970061706441
511,0.05592942361698359,0.05609687455460505
512,0.055928437739990684,0.056096432843140885
513,0.05592750799436569,0.05609564425198766
514,0.05592745152590059,0.0560957135775121
515,0.05592613668860974,0.05609419559508677
516,0.05592535331471159,0.056093983934471355
517,0.05592499544526131,0.056093982276345586
518,0.05592405557364258,0.05609382461012053
519,0.05592320487688204,0.05609303041314389
520,0.05592312806990532,0.05609303250309285
521,0.055922366182772375,0.05609246895825672
522,0.05592042214339945,0.056090680799786435
523,0.05591950861893268,0.0560904338464868
524,0.05591794499681593,0.056089370614810556
525,0.05591671545691386,0.05608893403040607
526,0.055916147624528505,0.0560889084011399
527,0.05591509262283448,0.056088561812127055
528,0.05591431326775484,0.05608853857899819
529,0.055914293533652085,0.05608854006863967
530,0.055914089191414315,0.05608843397838807
531,0.055914046885993704,0.05608843390245692
532,0.05591227333090731,0.056086697587381815
533,0.055911819274302575,0.056086977260420064
534,0.05591113373666672,0.05608685329814647
535,0.055910403553163034,0.05608648136642428
536,0.05590917215303591,0.056086073191555806
537,0.055908547801423535,0.05608582911838266
538,0.05590740310357522,0.056085858316985836
539,0.05590703988030368,0.05608586983594996
540,0.0559069012178609,0.056085872372419035
541,0.055906364188537755,0.05608575842609147
542,0.055905525537624984,0.05608563278741838
543,0.05590550142567716,0.05608563261857448
544,0.0559038035953482,0.05608446058031298
545,0.05590328973051964,0.05608403228115592
546,0.05590282150423767,0.05608374657936721
547,0.05590247115131932,0.05608321904103055
548,0.05590087273934244,0.05608271351496148
549,0.055899346299535274,0.056081245843492535
550,0.05589840124694385,0.056081002866243485
551,0.05589802997217782,0.056080922138456946
552,0.055897246673638906,0.05608044747838095
553,0.055895979493385796,0.056080492039028755
554,0.055895723653010494,0.05608038838549842
555,0.0558949162976437,0.05608016832973321
556,0.05589380642179614,0.0560799421295461
557,0.05589359514657787,0.05607970599467236
558,0.05589302709903224,0.05607966442818051
559,0.055892643396218786,0.05607967069154079
560,0.0558925920146118,0.056079647096841774
561,0.05589251138362131,0.05607964936649166
562,0.055891350111129945,0.05607908944919804
563,0.05589021466181364,0.05607829902809936
564,0.05589014153137148,0.056078294836648085
565,0.05588992472207398,0.05607826916541137
566,0.055889877789465976,0.05607825557083954
567,0.05588954337515176,0.056077946654117916
568,0.055889127509057154,0.05607794570368368
569,0.05588902693748716,0.056077921568874964
570,0.0558889771701953,0.056077921380215126
571,0.055888329946540534,0.05607751187851866
572,0.055887444649578524,0.056077645157537846
573,0.05588629271140165,0.05607726901772667
574,0.055885817570209224,0.05607689060456645
575,0.05588375734928548,0.05607677679359162
576,0.05588242701415542,0.05607676297886997
577,0.05588106172785569,0.05607623523348629
578,0.05587987837147235,0.05607600211702186
579,0.05587921476961634,0.056076040435107596
580,0.055878390348224324,0.056075920035124
581,0.05587753060379448,0.05607574893511026
582,0.05587580574433209,0.056074545284004504
583,0.05587575621178272,0.05607457583283445
584,0.05587472088431805,0.05607447258874362
585,0.05587414558683744,0.056074337047640734
586,0.0558731437758655,0.0560739516987823
587,0.05587210874505757,0.05607340412938376
588,0.05587183306868988,0.05607311660322721
589,0.05587157757543777,0.05607318134868286
590,0.05587128894536597,0.056073240716834366
591,0.055870866223025235,0.05607301185873135
592,0.055869868090019745,0.056072306707570276
593,0.055869178789570206,0.05607194876560488
594,0.0558689202279412,0.0560717733523316
595,0.0558688680389952,0.05607177357376285
596,0.05586867714938855,0.05607166990201566
597,0.055867826203092136,0.056071202391230104
598,0.055867602044076876,0.0560712119796059
599,0.05586647433845698,0.05607122257864314
600,0.05586593340864904,0.05607061266353474
601,0.055865699585744076,0.056070620256290796
602,0.05586466826492006,0.05607028267740123
603,0.05586457268655717,0.05607026577573757
604,0.055864342722451145,0.056070268080550344
605,0.055863932897021774,0.056070123394443075
606,0.05586314981628798,0.05606950154256611
607,0.05586260478665625,0.05606923274763873
608,0.05586228639293273,0.05606931537325879
609,0.05586164115962865,0.056068900706834054
610,0.05586081844294398,0.05606863160351477
611,0.055860566605512786,0.05606840082225062
612,0.055859509877488264,0.05606847070687385
613,0.05585892980846112,0.05606825116617986
614,0.05585730272005773,0.05606718303905181
615,0.055857037143738485,0.05606681493598182
616,0.05585672177875199,0.05606678724998194
617,0.05585634974955689,0.056066416835031566
618,0.055856041878957215,0.0560661287090049
619,0.055855933869961065,0.056066182751344215
620,0.055855212047712016,0.056065844723351625
621,0.05585494708557538,0.05606585362748499
622,0.05585420519282077,0.05606586685779989
623,0.05585403010324419,0.056065832648556066
624,0.055853505819242075,0.05606539910326757
625,0.055853237309959815,0.05606540597090114
626,0.05585300298338447,0.05606545771817009
627,0.05585299696396087,0.05606545768448379
628,0.05585263317282311,0.056065174933177135
629,0.05585204838662246,0.05606482228845673
630,0.055851904370533695,0.056064808077106114
631,0.0558509723933011,0.05606455689213323
632,0.05585003333660139,0.05606452339074368
633,0.055849824421441874,0.0560643498116476
634,0.055849241203859944,0.05606413976191743
635,0.055848896908975924,0.05606373127359145
636,0.05584695713153538,0.05606238128850422
637,0.055846861999885096,0.05606234574914083
638,0.05584672717459348,0.0560622665384047
639,0.05584632263446744,0.05606203638123884
640,0.05584566594215718,0.05606191778897953
641,0.05584473078359593,0.056061980371606625
642,0.055843907129781094,0.05606146144557655
643,0.05584345368553466,0.05606133029890329
644,0.05584312913994392,0.05606132070068368
645,0.05584109983073586,0.05606159864064293
646,0.05584051190912855,0.05606123045839464
647,0.055839931085959714,0.05606112680640631
648,0.05583901766558719,0.05606120889588022
649,0.05583835932215123,0.05606116027426365
650,0.05583812839064079,0.056061247374046705
651,0.055837190196718935,0.056061441371661455
652,0.055836435552322955,0.05606085201276836
653,0.05583599698661036,0.056060392837592836
654,0.05583561029713241,0.056060527081319304
655,0.055835518540675,0.05606048783393053
656,0.05583518717261754,0.05606012851015553
657,0.05583417841939585,0.05605976745288205
658,0.05583325887455719,0.05605948455110412
659,0.05583323201522437,0.056059485396672805
660,0.05583280105890732,0.05605946165926973
661,0.055831914517062035,0.05605945185061346
662,0.055831021791273375,0.056059133513066815
663,0.05583026208327202,0.05605843488358494
664,0.05582913930536381,0.05605747434088398
665,0.05582895893603681,0.0560574696776187
666,0.05582868307948578,0.05605747421762632
667,0.055826812184925335,0.056055554455588144
668,0.05582617815762165,0.05605531613150206
669,0.055826138378130385,0.056055335458575106
670,0.05582604397056979,0.05605534276231121
671,0.05582492473441124,0.05605494280958925
672,0.05582439452690693,0.05605495348656901
673,0.05582436452899674,0.056054928775606735
674,0.055823509347591484,0.056054842361649856
675,0.05582346976857996,0.05605484426806955
676,0.05582300728472432,0.0560550202521847
677,0.05582259307215597,0.056055094668754205
678,0.05582224778109778,0.056055081287167595
679,0.05582057893342401,0.05605411701938317
680,0.055820283446763395,0.05605405400646507
681,0.05582003425689501,0.05605404425851526
682,0.05581943031298254,0.05605369237114452
683,0.05581872206898853,0.05605336831574755
684,0.05581738132617585,0.05605258886792901
685,0.055816283167821355,0.05605208288857428
686,0.05581526074626599,0.056051023056824835
687,0.05581378651823989,0.05605075699411597
688,0.05581283281298579,0.05605081041983024
689,0.055812819026343184,0.056050812360350345
690,0.05581228808455393,0.056050798257785674
691,0.05581206466079141,0.056050810469245475
692,0.055811464676597526,0.05605082415275024
693,0.05581087662894477,0.05605058519677224
694,0.05581068560189242,0.056050416494394004
695,0.0558095360779968,0.05604988588900636
696,0.05580922082376476,0.056049828236864996
697,0.05580882301548548,0.056049760391216834
698,0.055808014897260845,0.05604971040664041
699,0.05580758681757464,0.05604945643082002
700,0.05580755250685643,0.05604944769195942
701,0.055806930507252224,0.05604904911284248
702,0.055806824148968974,0.056049051228442184
703,0.05580665361393128,0.0560489326570836
704,0.05580651690975938,0.05604888936136245
705,0.05580581997137157,0.056048525586700905
706,0.05580514556484186,0.05604819166831021
707,0.055805070689281026,0.05604819106600982
708,0.05580324887743854,0.0560482489128788
709,0.05580264158697891,0.05604813570938017
710,0.055801935416766146,0.05604721381910279
711,0.05580190146470189,0.056047204200395516
712,0.055800957900447604,0.0560471181785614
713,0.05580006828848419,0.05604709393387023
714,0.05579962922313879,0.05604715377571259
715,0.055799260481308156,0.05604714339350924
716,0.055798307062535094,0.056046304432749744
717,0.055797882911877233,0.056046297068138
718,0.05579746141108105,0.05604635209175543
719,0.05579709886754197,0.056046582243551225
720,0.05579637729036467,0.05604640665638318
721,0.05579453101267849,0.05604501719383675
722,0.05579410112154723,0.05604507665711789
723,0.05579403359441967,0.056045072717039235
724,0.05579320337231869,0.05604496399007722
725,0.055791907871681104,0.05604408252316217
726,0.055791294045753836,0.05604343865342462
727,0.05579084515102882,0.05604300928576525
728,0.05578985550056063,0.05604353412925859
729,0.055789217788548964,0.056043458558857784
730,0.05578891508012779,0.05604316807893946
731,0.055787879582813775,0.05604215543092177
732,0.05578787504767763,0.05604215541503333
733,0.055787108459147805,0.056041777962694585
734,0.055785696204503646,0.05604164650104913
735,0.05578558461011023,0.056041682222449686
736,0.05578480169335744,0.05604151931612088
737,0.05578429723422405,0.05604153007585192
738,0.05578298943995863,0.056041048322906996
739,0.05578219771928582,0.056040850874665454
740,0.0557818184734914,0.056040973389029435
741,0.0557808502260531,0.05604055722929081
742,0.05578035928891009,0.05604054392257034
743,0.0557794638189008,0.05604050135346508
744,0.05577913341502401,0.05604048284016113
745,0.05577873505256733,0.056040508174934923
746,0.05577829132378486,0.05604055374116826
747,0.055777378948656794,0.056040369106781576
748,0.05577691581135486,0.05603996102568867
749,0.05577641974278658,0.056039929950039036
750,0.05577610670531177,0.05603979390755935
751,0.05577497100163276,0.05603900556011715
752,0.05577473284020956,0.0560389810443564
753,0.05577436218231568,0.0560386382700209
754,0.0557736310304162,0.05603896790254102
755,0.05577294002302982,0.05603895670726695
756,0.05577238585756239,0.056038424847921126
757,0.055771959807419016,0.05603798783870133
758,0.05577119720702058,0.05603772714705528
759,0.05577105132161527,0.056037801041574686
760,0.055770642148958036,0.0560376893810788
761,0.05577058514251344,0.056037737142309064
762,0.05576918132498518,0.05603695219995626
763,0.05576836259718548,0.05603674149231785
764,0.055767330958485274,0.056036474132295816
765,0.0557666271931875,0.056035991309384504
766,0.055765956955509836,0.05603602092147332
767,0.055764207854916835,0.056034937373602066
768,0.055762787431295945,0.05603485184583329
769,0.05576244973968206,0.05603478336647348
770,0.05576122927587421,0.05603430373404661
771,0.0557604883346166,0.056034130028970806
772,0.05575983423080076,0.05603409641743649
773,0.05575857736607074,0.056033745484181545
774,0.0557574401895265,0.05603357705713383
775,0.05575705810373849,0.05603362034458474
776,0.05575578343225524,0.05603338820868309
777,0.05575542117396365,0.05603335890376017
778,0.055754346435902324,0.05603292412869764
779,0.055753501131618234,0.05603298162413978
780,0.05575147659456366,0.05603322185451487
781,0.05575071900319579,0.056033146207338375
782,0.05575061157941837,0.056033163066639975
783,0.05574973877276786,0.05603267368275862
784,0.05574908270318106,0.05603204548092777
785,0.05574836893893108,0.056032175729995276
786,0.055748351510876336,0.05603220735386748
787,0.05574820339844815,0.056032144554677484
788,0.05574762963599574,0.05603211076579388
789,0.05574684661967562,0.056031640128882634
790,0.05574629041350019,0.05603163416254196
791,0.055745728500554814,0.05603170919063916
792,0.0557440280411827,0.05603098837850081
793,0.05574345848252914,0.05603077029035616
794,0.05574281158277887,0.05603078262103433
795,0.05574278800113816,0.05603078717716622
796,0.055742047908963324,0.05603024517044506
797,0.05574186581362505,0.056030179108399476
798,0.055741446855575603,0.05603005410146329
799,0.055741252713441124,0.05603007348235822
800,0.0557411273118302,0.056030017738508464
801,0.05574066802754261,0.05603008944348773
802,0.05574008895909091,0.05602986415196453
803,0.05574004845257277,0.05602986462911286
804,0.05573972121269346,0.056029802538639324
805,0.055739155111512874,0.056029602586344096
806,0.0557384004290707,0.05602950656185736
807,0.05573709657489691,0.05602954295279817
808,0.05573696096428645,0.05602946584305618
809,0.05573658905420587,0.0560294149767633
810,0.055736535363322424,0.05602941250257051
811,0.05573638413792071,0.0560293037869627
812,0.055736293860804836,0.056029304737920047
813,0.05573624223467559,0.05602930487614089
814,0.055735578650348505,0.056028891585665604
815,0.05573531914561714,0.05602894916270588
816,0.05573519538854579,0.05602888516248998
817,0.05573418088018793,0.05602925002677981
818,0.05573361594823229,0.056029471539413886
819,0.05573329102747566,0.05602948152429617
820,0.055731969700844035,0.056029338946501944
821,0.05573105224475978,0.056029159772951954
822,0.05573094904945323,0.05602915581233056
823,0.05573048311206983,0.05602922992491292
824,0.05573039668072251,0.05602930161110658
825,0.05573012603200706,0.056029290126987465
826,0.05572976426787406,0.056029274162828394
827,0.055729613681310575,0.05602919853555921
828,0.055728858328984485,0.05602880239466064
829,0.055728108881079846,0.05602894142154303
830,0.05572743161025262,0.056028498094835594
831,0.05572549928854105,0.056026816455710726
832,0.0557252367438386,0.05602659342038067
833,0.055724726351445084,0.05602653776834294
834,0.05572395013431827,0.056026403145137994
835,0.055723551453037715,0.05602611062964318
836,0.05572335525915737,0.05602604159092732
837,0.05572226570467593,0.0560258070644229
838,0.055721805507621444,0.05602550624571211
839,0.05572175101512002,0.05602550311846713
840,0.0557215932551748,0.05602523457568628
841,0.055721584620531665,0.05602523447370575
842,0.05572088144403934,0.05602466574471529
843,0.05572080893902492,0.05602467804961567
844,0.05571980891618748,0.056024398988586535
845,0.055718742556216255,0.05602443242886857
846,0.05571736388741115,0.05602441753527826
847,0.05571632020153452,0.05602460959699131
848,0.055715678090020294,0.056024354111852255
849,0.055714996658441554,0.056024027700150365
850,0.055714093612590054,0.05602401392393078
851,0.055713733633710225,0.056024004758362306
852,0.05571287715486509,0.05602428538257946
853,0.05571263038174393,0.05602421603901356
854,0.05571225212759824,0.05602418820291724
855,0.05571193151683704,0.05602423464201175
856,0.055710909193370746,0.056024057465115504
857,0.055710295349648276,0.05602360550394188
858,0.0557102025266159,0.0560235048064514
859,0.055709785592134596,0.05602324186444903
860,0.05570962308112071,0.05602324937958945
861,0.05570810417339962,0.05602210503877713
862,0.05570733459440445,0.05602216630612346
863,0.05570730095419438,0.05602216578408473
864,0.0557072701185878,0.056022157786666124
865,0.0557061315846112,0.056021855575347716
866,0.055705908414820315,0.05602187957248605
867,0.05570549304159375,0.05602177664942043
868,0.05570498269784005,0.056021624616670256
869,0.05570467364905477,0.056021575350017457
870,0.05570345790302804,0.05602109619734452
871,0.05570260817391913,0.0560208856128642
872,0.055700917530077707,0.05601964486240561
873,0.05570018617558403,0.05601904128373271
874,0.05570006246065149,0.05601892783608447
875,0.0556995586354912,0.05601863833762641
876,0.05569854828064626,0.05601795686894279
877,0.055698359840963364,0.056017923206783
878,0.055697446690926786,0.05601784161422
879,0.0556973722947859,0.05601782595776212
880,0.05569727758701191,0.0560178314775307
881,0.055697081257024446,0.05601783167860957
882,0.0556965824397567,0.056017527185736535
883,0.05569643005658654,0.05601753244670254
884,0.05569580758030886,0.056017622874696395
885,0.0556953475069586,0.056017636119607105
886,0.055694921045964775,0.05601732537142053
887,0.0556946120574736,0.05601723619650942
888,0.05569445637968973,0.05601718245701009
889,0.055694446225086,0.056017182353176806
890,0.05569406625911851,0.056017095096278044
891,0.0556931221646475,0.05601695653599407
892,0.05569254974381763,0.05601696826423382
893,0.05569192295004307,0.05601682330745232
894,0.05569161889873203,0.056016782557017177
895,0.055691508259708776,0.056016790047113116
896,0.0556914034023019,0.056016823360499644
897,0.0556909163490564,0.05601699547817017
898,0.05569026486907512,0.05601690721336318
899,0.05569006345315727,0.05601686583964503
900,0.05568803605104323,0.05601526218145394
901,0.05568785231945201,0.05601529939915543
902,0.0556875383061255,0.05601541429445164
903,0.05568737808513201,0.05601539504560323
904,0.05568653111425273,0.05601483535561433
905,0.05568572396210966,0.05601462488365215
906,0.055685362969883315,0.05601430650456746
907,0.05568513629825265,0.05601423464298117
908,0.055684415614624984,0.056013827647524585
909,0.055683729595780045,0.0560135072391019
910,0.055683454457911785,0.05601345538759033
911,0.05568291155932712,0.05601330415129839
912,0.055682650455984924,0.056013183932149824
913,0.055682249643474714,0.056013265210196686
914,0.05568167333718576,0.05601336882864293
915,0.05568139479951208,0.05601335478914459
916,0.05568117831812219,0.05601333438705083
917,0.055680348026743785,0.05601310638224545
918,0.05567973702756302,0.056012995612222415
919,0.05567933994248839,0.05601281688848013
920,0.055678376733157064,0.05601284501283086
921,0.0556780206599404,0.056012866111241365
922,0.055677552989246634,0.056012855516287624
923,0.05567689489740118,0.05601270531313499
924,0.05567646010624574,0.05601259036825876
925,0.05567630744790601,0.05601254132590663
926,0.05567546587725098,0.0560124183701381
927,0.055675368951766814,0.05601241514949124
928,0.05567526864208425,0.056012397415327285
929,0.05567496659776953,0.0560124475891893
930,0.05567494961503414,0.05601244750616146
931,0.05567486366609949,0.056012446001565595
932,0.055674769080891605,0.05601241593683676
933,0.05567425927308625,0.05601238287557388
934,0.055674178705921507,0.05601237477667063
935,0.05567392401657316,0.05601241661019887
936,0.05567378228523026,0.05601248545868789
937,0.05567357577437201,0.056012433015301955
938,0.055672721221985536,0.05601248474108911
939,0.05567226506050657,0.05601196197439156
940,0.055671961204504926,0.05601195722252325
941,0.05567170844889629,0.056011998902499534
942,0.05567158052111731,0.05601199302984841
943,0.05567134232793163,0.0560120406706384
944,0.05567106525853539,0.05601203912476736
945,0.055669872403174864,0.056011488317699566
946,0.05566968750098155,0.05601145953133693
947,0.05566894563460446,0.05601150337021087
948,0.05566860395630622,0.056011531943154017
949,0.05566819006180972,0.05601153151825757
950,0.05566767705039168,0.05601119010288978
951,0.055667348835954956,0.05601115530231604
952,0.05566692670741886,0.056010969701077114
953,0.05566675187450822,0.056010877859911885
954,0.05566607824621266,0.056010834294312695
955,0.05566553590695786,0.05601078383438767
956,0.0556653028942189,0.056010803455603726
957,0.055664559566661116,0.056010572298995503
958,0.055664062634040855,0.05601056264015084
959,0.055663642540960394,0.05601047974885297
960,0.05566355684301565,0.05601047306591518
961,0.05566311966950381,0.056010347790457715
962,0.05566250288984851,0.05601027659528374
963,0.05566137050251849,0.056010579071373044
964,0.05566037017441841,0.05601051343898962
965,0.05566032222975974,0.05601049703107012
966,0.05566006413851203,0.05601052899714602
967,0.05565987410990631,0.05601034954878808
968,0.055659520106234484,0.05601031698956465
969,0.055659377897500355,0.05601024818916823
970,0.05565860608223568,0.05600951531236081
971,0.055658564959528076,0.0560095371228166
972,0.05565764726340066,0.05600905408019103
973,0.05565739128271003,0.05600906260472636
974,0.05565714127322879,0.056008919749540025
975,0.055656283431950636,0.0560088400181689
976,0.055655572427130984,0.056008690525988156
977,0.055655169904843795,0.05600867602472766
978,0.05565466102761141,0.05600864422084293
979,0.05565445215072445,0.056008639045831574
980,0.055654095140636066,0.05600860834900978
981,0.05565339468565703,0.05600858440559034
982,0.055653283948531154,0.05600852577278672
983,0.05565313769354803,0.056008475951125576
984,0.055652677733717716,0.05600853412535669
985,0.05565239889830497,0.056008607499533215
986,0.05565209736028479,0.0560086229686614
987,0.05565179863956193,0.05600834811490271
988,0.05564989282934385,0.056006879717777805
989,0.05564938992822828,0.05600665544363311
990,0.05564892076511593,0.056006717601269344
991,0.055648065865656425,0.05600658038590892
992,0.055647980651407074,0.05600661775176839
993,0.0556475548226374,0.056006368850294676
994,0.055647192438256145,0.05600641518068589
995,0.05564641764499387,0.05600612118613781
996,0.05564624904694767,0.05600606477492247
997,0.0556453962741622,0.05600590734161474
998,0.055645078050552986,0.05600575974569212
999,0.05564435919559691,0.05600591610023323
1000,0.05564307483138045,0.05600524171324016
1001,0.05564305515267117,0.05600524448516895
1002,0.055641964183849583,0.05600499081829369
1003,0.0556416449479002,0.05600499169856712
1004,0.05564084185777913,0.05600517099422104
1005,0.05564017913362179,0.05600501708041315
1006,0.0556398817568526,0.05600476015952091
1007,0.055639823202527916,0.05600474837497515
1008,0.05563922411698813,0.056004547872784104
1009,0.05563897921209173,0.05600445493899339
1010,0.05563803553376293,0.05600401765711073
1011,0.05563711137684456,0.05600406460591767
1012,0.05563670977877693,0.056004150285253504
1013,0.05563665506466144,0.05600411315651278
1014,0.05563662467261354,0.05600411965003892
1015,0.05563627628323214,0.056004349463504646
1016,0.0556353978041497,0.056004417154251834
1017,0.05563457025443462,0.05600413659225573
1018,0.055634311637224564,0.056004081043101527
1019,0.05563382283016981,0.05600401117030499
1020,0.05563381078086277,0.05600401108086969
1021,0.05563372647344424,0.056004040913899614
1022,0.055633637252625275,0.056004046919611375
1023,0.055633527739214476,0.05600403052978707
1024,0.055633339676771074,0.056004033378940055
1025,0.05563296493304492,0.05600401334975437
1026,0.055632889700063595,0.05600405248313742
1027,0.05563286862489749,0.05600404958654099
1028,0.05563233788962938,0.05600393905939744
1029,0.05563215749531242,0.05600388338832945
1030,0.05563126412971469,0.056003928809585254
1031,0.05563122863725608,0.056003928575692086
1032,0.055631035861744796,0.05600390642698759
1033,0.055630694351667176,0.05600391258673674
1034,0.05563057650733815,0.056003812919135955
1035,0.05563001486934734,0.05600357994223255
1036,0.05562945053320901,0.05600320915282285
1037,0.05562870603092329,0.05600313167705945
1038,0.05562781736251198,0.0560031500783011
1039,0.055627517894475696,0.05600316457076598
1040,0.055626776519278075,0.056002935783572315
1041,0.05562666100245872,0.0560029606211011
1042,0.05562582493026771,0.05600299443021941
1043,0.055625205026821424,0.05600244453289082
1044,0.05562451425694478,0.05600256279685185
1045,0.05562402399429159,0.05600255762568466
1046,0.05562360668625101,0.05600243836755896
1047,0.05562212461454873,0.05600130526956585
1048,0.05562183407478703,0.056001342043353865
1049,0.05561955878652803,0.05599928196123532
1050,0.05561940406075329,0.05599928163581949
1051,0.055618712941683614,0.055998656625019176
1052,0.055617984726444046,0.055998587559209466
1053,0.05561784121220875,0.05599857699906948
1054,0.0556174107926809,0.05599859662543707
1055,0.055617078392416634,0.05599853929459295
1056,0.05561599172921047,0.05599855761691814
1057,0.05561580950035189,0.055998577643009056
1058,0.05561553918902848,0.05599857010618248
1059,0.05561433279224856,0.05599771712851078
1060,0.05561432193257941,0.05599771707702228
1061,0.05561386006576145,0.055997726112766974
1062,0.05561325096493124,0.05599807392162964
1063,0.055612939262489204,0.055997982006485945
1064,0.055612827366197146,0.05599799535792528
1065,0.05561271267217849,0.05599801187340536
1066,0.055611889256082986,0.05599815115500344
1067,0.05561087496529163,0.055998043689471165
1068,0.055610709288961224,0.055998043216712194
1069,0.05560995404310405,0.055997872770977807
1070,0.05560940513359949,0.055997756322111646
1071,0.05560886220826876,0.05599724098433062
1072,0.05560871884281099,0.05599709240516643
1073,0.055608129736872576,0.055997051553494534
1074,0.05560778491091047,0.05599712230338694
1075,0.05560676223911226,0.05599746520026694
1076,0.05560520320324962,0.05599728318837857
1077,0.05560460565834063,0.05599716385652065
1078,0.05560380164577486,0.055996891489237414
1079,0.055603392284800934,0.05599682987540775
1080,0.055602659005949746,0.05599678277653459
1081,0.05560215855102715,0.05599668565642548
1082,0.05560205929331695,0.05599668366035407
1083,0.055601310430702586,0.055996384770528186
1084,0.055601249891658495,0.05599637392990438
1085,0.05560110686029739,0.0559962997690828
1086,0.05560052015702212,0.055996438451270975
1087,0.055600245655552334,0.05599642687004185
1088,0.05560013761175869,0.0559964245089907
1089,0.05560007375666102,0.055996424316936175
1090,0.05559906693870838,0.05599677669684458
1091,0.055598733323010914,0.05599680312593462
1092,0.05559779756443907,0.05599653757906097
1093,0.05559717895682962,0.05599657096469021
1094,0.05559716826431797,0.05599657073756552
1095,0.055596666506311655,0.05599637320655364
1096,0.05559662271260988,0.05599640841718194
1097,0.05559621857505075,0.05599644924727545
1098,0.0555959658294135,0.05599641362520199
1099,0.05559525927071857,0.0559961204597969
1100,0.05559512424952354,0.05599603144720186
1101,0.05559467029475086,0.05599592946723105
1102,0.055593769427822876,0.05599556293756522
1103,0.05559305245399622,0.05599521536983869
1104,0.055592539115535904,0.05599515850203833
1105,0.055592304918655265,0.05599512981717863
1106,0.055592246758797155,0.05599511261444998
1107,0.05559137041063587,0.055995048180838974
1108,0.05559111304368457,0.0559952590644527
1109,0.05559086405481598,0.055995216958709765
1110,0.05558970301589828,0.05599503513206392
1111,0.055589375258478485,0.05599503825820111
1112,0.05558929869984007,0.055995049754487165
1113,0.05558914671754613,0.05599494737301068
1114,0.05558848650026494,0.055995172924725986
1115,0.05558762863805571,0.05599512742413549
1116,0.055587266109495166,0.05599500090143713
1117,0.05558654519234407,0.05599485032232968
1118,0.055586427962960656,0.05599489427491663
1119,0.05558638342634264,0.055994898599230396
1120,0.05558589606769104,0.05599486910331319
1121,0.05558521399056484,0.055994857336869375
1122,0.055584555002462795,0.05599483411020255
1123,0.055584045249509474,0.05599453421873002
1124,0.05558342501063596,0.05599448972387115
1125,0.05558298013992989,0.055994501696475386
1126,0.05558227311288643,0.05599466736332964
1127,0.05558214307057983,0.05599468400591072
1128,0.05558209852263411,0.0559946939104813
1129,0.05558146223466944,0.055994607257267605
1130,0.055580615132057,0.05599457937379026
1131,0.05557987700525249,0.05599456647766852
1132,0.05557971653533229,0.05599458323514363
1133,0.0555795944448574,0.05599459207211344
1134,0.05557951847478803,0.055994547833948825
1135,0.05557917857152376,0.05599444707353632
1136,0.055578543543839794,0.055994364500949856
1137,0.055578525192450774,0.055994363460726684
1138,0.055577871840275295,0.055994335822111684
1139,0.055577436317236606,0.05599409521220246
1140,0.05557730355559201,0.05599411829933118
1141,0.05557686345558235,0.05599395502705208
1142,0.05557649001795839,0.05599392211083821
1143,0.05557592665159503,0.05599399613064832
1144,0.05557584397700063,0.05599398490941557
1145,0.05557582380763582,0.05599398444037631
1146,0.05557521060432507,0.055994073503204934
1147,0.05557510875831152,0.055994072659289705
1148,0.055574777201231794,0.055994061997197093
1149,0.05557470693375031,0.055994062706581645
1150,0.05557449762351182,0.05599412904548825
1151,0.0555731230012677,0.055994044651493706
1152,0.055572457454391225,0.05599389720591033
1153,0.05557134528595706,0.05599394775433179
1154,0.05557050699591795,0.05599349091424848
1155,0.055570447817169806,0.055993485173230724
1156,0.05557009771516915,0.05599339302636878
1157,0.05556970356610387,0.05599324128780623
1158,0.055568892332935625,0.05599279326504028
1159,0.05556886393582983,0.05599280613251736
1160,0.0555682105946373,0.055992742124903405
1161,0.05556818042952565,0.055992695597092856
1162,0.05556758025655987,0.05599273993983969
1163,0.05556726569056496,0.055992740378310854
1164,0.05556711737701343,0.055992744847267656
1165,0.0555656882423279,0.05599200915447391
1166,0.055565183061593706,0.0559921170240168
1167,0.055564899376520864,0.055992124900222484
1168,0.05556411613503633,0.05599213431817009
1169,0.05556376399666947,0.05599213464715894
1170,0.05556356137388861,0.05599213542445615
1171,0.05556344815604453,0.05599212996527988
1172,0.05556326417056616,0.05599217063366282
1173,0.05556154328777791,0.05599079870776989
1174,0.0555612528914391,0.05599076883329083
1175,0.055561045163897385,0.05599092460677106
1176,0.05556025487405863,0.05599072567291968
1177,0.05556013369798004,0.05599072553714207
1178,0.05555933839223616,0.05599044735039175
1179,0.05555827688088415,0.05599028756442544
1180,0.05555739303756774,0.0559903359497697
1181,0.05555700188740701,0.055990390731745776
1182,0.05555682767266901,0.05599039584268642
1183,0.05555456798669841,0.0559885578734801
1184,0.05555408192060952,0.05598824572370631
1185,0.05555322683442164,0.055988410585717706
1186,0.055553136218503024,0.05598840806389347
1187,0.055552718198961765,0.055988572027788536
1188,0.05555244485171663,0.0559885909260145
1189,0.055552322490860846,0.05598858586221452
1190,0.05555197205635255,0.055988570985558275
1191,0.055551253671525865,0.055988126834043035
1192,0.05555108873152146,0.05598820953737596
1193,0.05555005262591522,0.05598779417348541
1194,0.05555004831593696,0.055987811522512795
1195,0.05554931869853916,0.05598744036826671
1196,0.05554896180303571,0.05598744271790468
1197,0.05554887876334258,0.05598744202422371
1198,0.05554828914100681,0.05598750742184978
1199,0.05554809424417577,0.0559875443124503
1200,0.05554734188372483,0.05598776358923461
1201,0.055546746885722,0.05598787484667293
1202,0.0555459700268691,0.05598793337455705
1203,0.055545538707559176,0.0559879600934161
1204,0.055545378056604235,0.055987962030064446
1205,0.055545324592347435,0.05598794349371475
1206,0.055545096820768906,0.05598793417920376
1207,0.05554341900277981,0.05598828388116001
1208,0.05554330834623004,0.05598827742532212
1209,0.0555431600318197,0.05598823090713971
1210,0.055542981502951255,0.05598818240561202
1211,0.05554286179393561,0.05598818656359672
1212,0.05554262043353932,0.055988067826274704
1213,0.0555418287723334,0.055988077968785854
1214,0.05554114309178251,0.05598803607641635
1215,0.05554074109565636,0.05598801538855017
1216,0.05554051122761507,0.055987956105066544
1217,0.05553986064872513,0.0559880121999757
1218,0.055539649058498626,0.0559880084628525
1219,0.0555396063333851,0.055987999261240935
1220,0.05553928434134666,0.05598805081618566
1221,0.05553898615115349,0.05598811167125728
1222,0.055538905594893336,0.05598810630369444
1223,0.05553827320875785,0.05598832804705639
1224,0.05553782239493172,0.0559883907685593
1225,0.05553712014838201,0.055988384129207404
1226,0.05553672767096434,0.05598839299143833
1227,0.05553559051139342,0.05598853326197594
1228,0.05553509706338747,0.05598847640042304
1229,0.05553444472765509,0.05598860839935022
1230,0.05553353077310372,0.05598777271514828
1231,0.055533414752766005,0.055987734946250964
1232,0.055531738106812494,0.05598656477560632
1233,0.05553161235589347,0.0559865882433152
1234,0.0555314341413262,0.05598666603102112
1235,0.05553107619098389,0.055986557966791355
1236,0.055530558922334966,0.05598653514507368
1237,0.05553027898343622,0.055986431425483534
1238,0.05552880060237569,0.05598559307698806
1239,0.0555284183941045,0.05598573382227447
1240,0.055527748529385926,0.05598565186107528
1241,0.05552682910277782,0.05598561466308457
1242,0.055526717976850215,0.05598557444584893
1243,0.055525990361539025,0.05598571911647911
1244,0.05552585991771396,0.05598582922068958
1245,0.055524720133537785,0.05598539477136596
1246,0.055524081173247426,0.055985072829183975
1247,0.05552345341087709,0.05598501087095048
1248,0.05552333349216742,0.055985001494747305
1249,0.05552247723559312,0.05598510577729507
1250,0.05552241233830598,0.05598511461849251
1251,0.055522204916212604,0.05598518349358912
1252,0.05552199653771924,0.05598501973348124
1253,0.055521236029250194,0.055985127137638764
1254,0.05552010534648882,0.05598432961395136
1255,0.055519658754196254,0.05598437831791548
1256,0.05551865456383284,0.05598408975500488
1257,0.055517567584052574,0.05598427513014733
1258,0.05551738413814846,0.055984351635946734
1259,0.05551736484070457,0.05598435667009884
1260,0.05551598676841746,0.05598334491089944
1261,0.055515203998547195,0.05598334618125504
1262,0.05551434886762785,0.05598317011570522
1263,0.05551374875669362,0.05598327897398212
1264,0.0555133089748577,0.055983267754327576
1265,0.05551307306616427,0.055983246319055394
1266,0.05551281609615071,0.05598324449024785
1267,0.05551264464231283,0.05598323599742143
1268,0.05551256191973071,0.05598323807535362
1269,0.05551214747956403,0.055983289415630626
1270,0.05551203905888923,0.055983324728499595
1271,0.0555115405615023,0.055983411477481114
1272,0.05551121916523175,0.05598304075071531
1273,0.05551112097090859,0.05598304911483767
1274,0.055510380941206416,0.055983179047993055
1275,0.055509789986141644,0.05598327795244896
1276,0.05550939438726353,0.055983201991804975
1277,0.05550887973122905,0.05598284107442039
1278,0.055508115170869975,0.05598272904306755
1279,0.05550786899406549,0.05598272044773509
1280,0.055507048598790645,0.05598271135926126
1281,0.055506516064318896,0.055982621786374705
1282,0.05550625800438245,0.05598260625234521
1283,0.055505568308841395,0.05598250598239751
1284,0.05550533806662276,0.0559825251003049
1285,0.05550494800688768,0.055982217640347505
1286,0.05550410392675409,0.055982162034920076
1287,0.05550347517760413,0.055981957218051576
1288,0.05550305455503388,0.05598196093708719
1289,0.055502936660202166,0.05598196663443443
1290,0.055502123502620085,0.055981855363774466
1291,0.05550193103539891,0.055981813229366656
1292,0.055501435611090305,0.05598181897978941
1293,0.0555009494892604,0.055981710704865205
1294,0.05550053094262476,0.05598141499500996
1295,0.05549898508267477,0.055980072324713276
1296,0.05549844366860802,0.05598008235795285
1297,0.05549756304281921,0.055980024249142744
1298,0.05549734039901482,0.055980113601559106
1299,0.05549706054940794,0.05598004906660429
1300,0.05549582070053193,0.055980292853850644
1301,0.055495533739244166,0.05598036021666863
1302,0.05549547411669955,0.055980347804171986
1303,0.05549533526380786,0.055980293383333685
1304,0.05549516902480272,0.055980313469957896
1305,0.055494556282064934,0.05598037547143133
1306,0.05549378269033301,0.05598034391457194
1307,0.0554928609166286,0.055979874177958265
1308,0.05549245763558276,0.055979893319988955
1309,0.05549235138881728,0.05597990919971506
1310,0.05549176816000156,0.05597988461811907
1311,0.05549157548520853,0.05597986516841863
1312,0.055491129137373946,0.05597981515431581
1313,0.05549075634451309,0.05597985175441156
1314,0.0554905620165592,0.05597978897437871
1315,0.055490099044562695,0.05597966960850651
1316,0.05548916710180573,0.055979668563420744
1317,0.05548850585413379,0.0559796434539021
1318,0.055487457485843425,0.05597977085349425
1319,0.05548737846723175,0.05597977916510786
1320,0.055487239148695695,0.055979785350779056
1321,0.05548660529048778,0.05597988693419951
1322,0.055486173329615224,0.055979517777389104
1323,0.05548580977934354,0.055979521688978094
1324,0.05548579153720885,0.055979538260586006
1325,0.05548501166701102,0.05597929562977661
1326,0.05548443427090114,0.05597904615713365
1327,0.05548418523531432,0.05597891007511804
1328,0.05548356145846271,0.055979018052755625
1329,0.055483075558173695,0.05597913778844019
1330,0.05548278205253111,0.055978979933811145
1331,0.05548245164223218,0.05597899544394707
1332,0.05548219356128334,0.055978962129700424
1333,0.055482135740639094,0.055978963772231854
1334,0.0554813312537737,0.055978469747517114
1335,0.055481128531598436,0.055978482979922285
1336,0.05548099460257754,0.05597842122229805
1337,0.05548083162782971,0.05597843449093088
1338,0.055480619304661,0.05597842797338568
1339,0.055479400167472194,0.05597851188902827
1340,0.05547911192574963,0.05597854919690913
1341,0.05547898940013556,0.055978599510122067
1342,0.05547886900306542,0.05597862633189569
1343,0.055477959012475285,0.055978691720702564
1344,0.05547730254760999,0.055978397281693876
1345,0.05547659885768417,0.0559785819932499
1346,0.055475260035781376,0.055978590372543026
1347,0.05547522549620525,0.055978590388634904
1348,0.055474276165914674,0.055978495348607514
1349,0.055474157938958345,0.055978550065112175
1350,0.05547348656764861,0.0559782055028049
1351,0.05547330147773973,0.05597820858739466
1352,0.055472609430557436,0.05597808858424119
1353,0.055472554684649775,0.05597808642418766
1354,0.05547167521344843,0.055977716315627826
1355,0.055471317249338604,0.05597771157632051
1356,0.05547055256759129,0.05597746817785533
1357,0.05547053570801155,0.055977460602199026
1358,0.05546968719590451,0.055977269571642056
1359,0.0554687184889268,0.05597726808234505
1360,0.05546750875984472,0.055977843981116104
1361,0.05546701957751304,0.05597784198436548
1362,0.05546685925468835,0.05597781497895279
1363,0.05546611421736029,0.05597793979637914
1364,0.05546504825442718,0.05597776515216988
1365,0.055464516565710574,0.055977644765664004
1366,0.05546407872803115,0.05597763121207908
1367,0.05546347445467818,0.05597761782478434
1368,0.055462897077645866,0.05597765828304085
1369,0.055462013754197195,0.05597718087610971
1370,0.055461282537215086,0.055977082191339185
1371,0.05546121978545482,0.055977187662318316
1372,0.05546034290658501,0.05597742492137171
1373,0.05546019480966065,0.0559773857075213
1374,0.055459951517287435,0.055977386083014724
1375,0.05545919534455581,0.05597695990284063
1376,0.05545909634546402,0.055976974420316725
1377,0.055458986533031385,0.05597700430950486
1378,0.05545893784696303,0.05597699911262138
1379,0.05545872518220467,0.05597699041631442
1380,0.05545838445495459,0.05597697056550627
1381,0.05545812029877681,0.055976923478199686
1382,0.05545742610259457,0.05597639905214562
1383,0.0554573234175983,0.05597633694680129
1384,0.05545718488812169,0.055976328113008574
1385,0.055456215404186326,0.05597637922743687
1386,0.055455951712564885,0.055976377300705864
1387,0.05545513468240766,0.055976155754876265
1388,0.05545495517473817,0.05597610035792493
1389,0.05545494630751879,0.05597610246417838
1390,0.05545446330249716,0.05597614238702425
1391,0.055453935772567214,0.05597606392585702
1392,0.05545376882752389,0.055976120229052954
1393,0.055453381606662557,0.0559759878378962
1394,0.055453322722023496,0.05597602696386935
1395,0.055452401038579666,0.05597554806818718
1396,0.05545228353809915,0.05597556785811038
1397,0.05545203229360719,0.05597560757887285
1398,0.05545191958632885,0.05597559552704006
1399,0.055451888470316846,0.05597559591774943
1400,0.05545168738491447,0.055975501198483074
1401,0.05545125519608824,0.05597568065267011
1402,0.05545062782154854,0.05597568421436316
1403,0.05544988162059211,0.05597561371260699
1404,0.05544955476638362,0.0559756103030281
1405,0.05544902399155913,0.05597563840295427
1406,0.055448133726439024,0.05597548125605302
1407,0.05544685268303923,0.05597513692221415
1408,0.055446356809283656,0.0559751753482245
1409,0.05544632505353642,0.05597517228558781
1410,0.05544544715462166,0.05597535665114385
1411,0.05544518514006756,0.05597538251206833
1412,0.055444543626554814,0.05597535284513854
1413,0.05544444968678498,0.05597538185609944
1414,0.05544377322659792,0.055975359729531986
1415,0.0554436619026152,0.0559753583347884
1416,0.05544350254094143,0.05597522573263386
1417,0.05544325162572999,0.055975222623340926
1418,0.05544290076069933,0.055975202490559504
1419,0.05544183403627897,0.05597512480941348
1420,0.055441550061873686,0.05597514046885224
1421,0.055441349940146906,0.055974899843938976
1422,0.055440367249234686,0.055974464076816194
1423,0.05543980468181271,0.0559745301449406
1424,0.05543919608381606,0.05597409814120186
1425,0.05543867105638845,0.055974137461964724
1426,0.055438120608298044,0.05597419090781969
1427,0.05543803680821118,0.05597419082918851
1428,0.05543753237944739,0.055973979825707475
1429,0.055437208436757,0.05597394588473121
1430,0.055436916507344815,0.05597392548048899
1431,0.05543588654047729,0.0559736716839072
1432,0.055435464270694006,0.05597363793396321
1433,0.0554352027141649,0.05597374144657732
1434,0.05543448602307966,0.05597368988189424
1435,0.05543375080433642,0.05597369767108701
1436,0.05543306723172745,0.055973630347858135
1437,0.05543226081778057,0.05597345442957618
1438,0.05543173891755889,0.05597330773826555
1439,0.05543096286000562,0.05597342645236868
1440,0.05543025549291985,0.055973595636000816
1441,0.05542982582239282,0.05597354059546552
1442,0.05542873231071639,0.0559735781118699
1443,0.05542816684505461,0.05597379046894419
1444,0.05542725343990491,0.0559738161261141
1445,0.05542715361245917,0.05597367592010309
1446,0.055426854952470045,0.055973487000669814
1447,0.05542640843025398,0.05597359605630064
1448,0.05542618093720129,0.055973637893543426
1449,0.05542614436358106,0.055973609131384265
1450,0.055425555781886314,0.05597356782486998
1451,0.055425477726812035,0.05597358532385248
1452,0.055424726887348306,0.0559738061637747
1453,0.055423967315913536,0.05597389258208345
1454,0.05542387887849866,0.05597390961585815
1455,0.05542371370468618,0.055973952371806975
1456,0.05542344845680321,0.05597390162657411
1457,0.05542318838924988,0.05597389612065276
1458,0.055422985267300384,0.05597393502655839
1459,0.055422512609704246,0.0559735605357879
1460,0.055422263956367845,0.055973533941468055
1461,0.055422184425503715,0.05597360613012751
1462,0.0554218547390547,0.055973625928215774
1463,0.05542174677048817,0.05597363961466838
1464,0.05542167004872954,0.05597358267815567
1465,0.055421462854391736,0.05597343916345069
1466,0.05542112774195289,0.05597341535550131
1467,0.055421073264639485,0.055973380721205696
1468,0.05542097617875195,0.055973390383455904
1469,0.055420429998180254,0.05597354684508378
1470,0.05541960622860681,0.05597363516910014
1471,0.05541919108308016,0.05597350350506145
1472,0.055418989695926,0.05597352589069218
1473,0.05541863772535373,0.055973615636956776
1474,0.05541854973023849,0.055973612932601946
1475,0.05541819104013034,0.055973648704803945
1476,0.055417275377697785,0.055973802727355894
1477,0.05541636819558993,0.05597376567579765
1478,0.05541525651345719,0.055973805600333874
1479,0.05541482095663806,0.055973979162122774
1480,0.05541434080628405,0.05597381547986091
1481,0.055413162905564875,0.05597381581977107
1482,0.05541266222666737,0.05597369425706552
1483,0.05541191501385454,0.055973676393747965
1484,0.05541145668154094,0.055973689654379065
1485,0.05541059894696723,0.055973921505489355
1486,0.05540964706247344,0.055973707372362215
1487,0.05540955562741302,0.055973721552480996
1488,0.05540826028821493,0.05597359268888063
