0,0.16164308271079872,0.1618255789836701
1,0.15724429487754799,0.15742630363900012
2,0.15315780266844037,0.15334100488085867
3,0.1494129696407008,0.1495971403899068
4,0.14593006852851959,0.1461165435012657
5,0.14268474907270212,0.14287557467134004
6,0.13969750346499146,0.13988971727274752
7,0.1369138792191169,0.13710967683546374
8,0.13435058431580632,0.1345499964521736
9,0.12959005568416995,0.12979372817039342
10,0.1251682715528648,0.12537541414141556
11,0.12101170392022445,0.12122005049330967
12,0.11714891053375454,0.1173583356395992
13,0.11354694578656399,0.11375606517036188
14,0.11018433296000198,0.11039399605441927
15,0.10706697767087928,0.10727873104517642
16,0.10414819965577041,0.10435982722582902
17,0.10144446834121859,0.10165536974564728
18,0.09893661028122223,0.09914616118499431
19,0.0966139977292746,0.09682478320878239
20,0.09356142498220615,0.09376448274538642
21,0.09069587242859921,0.09088923203710197
22,0.08799433705643955,0.08817500773084823
23,0.08550343891678404,0.08567329561607928
24,0.0831807738757663,0.08333882544224304
25,0.0810319476584334,0.0811804011530084
26,0.07902551340869854,0.0791638889919318
27,0.07721141095066333,0.07733875070566813
28,0.07551030387037536,0.07562861078787667
29,0.07392004546409953,0.07402903748033632
30,0.07245206905359794,0.07255049969594411
31,0.07110674357842184,0.07119516751934932
32,0.06986189077973493,0.06994272300524235
33,0.06871666981297546,0.06878849425370519
34,0.06766708705323904,0.06772981298404376
35,0.06670055971884953,0.06675638792967303
36,0.0658108386597816,0.06586039781980964
37,0.06499455861787828,0.06503793842200788
38,0.06425614127826171,0.06429360614535949
39,0.0635958182784409,0.06362746140239023
40,0.06298639072372365,0.06301279487332193
41,0.062411455432849455,0.062432784302936806
42,0.06188644988992621,0.06190136860389152
43,0.06140929372838206,0.061419998271789775
44,0.06096997067872926,0.06097619406194421
45,0.06057405623741638,0.06057571705371343
46,0.06021522298638753,0.060213341183039476
47,0.059885416154244975,0.05988044690416001
48,0.059588337789313314,0.059581244880044536
49,0.059314158057131014,0.059302781531318766
50,0.05906279484251041,0.059048763487539103
51,0.05883554122369001,0.058819264712615726
52,0.0586297706086483,0.058609684038835874
53,0.05844532715448842,0.058423346406829016
54,0.058281321315457525,0.05825862230750051
55,0.05812782285073329,0.058102989332216914
56,0.057991388316575444,0.057964053016808285
57,0.05786272604310196,0.05783323868452834
58,0.057745405040437014,0.057713745458535734
59,0.0576415360959598,0.057609122458889626
60,0.0575447638429532,0.05751199839270783
61,0.05746222378792337,0.05742819008128071
62,0.05738142194338364,0.05734673816921135
63,0.057310726771163154,0.05727517877024647
64,0.05724088454525816,0.05720438138252374
65,0.057180162481034635,0.05714316406267885
66,0.05712319088884313,0.05708514370449453
67,0.057072671250190755,0.057034149628725564
68,0.057024766808899875,0.05698466826870058
69,0.05698054193665791,0.056938695365367165
70,0.056942210867809435,0.05690003417157392
71,0.05690554352555426,0.05686284067675497
72,0.05687458295532679,0.056831659932039764
73,0.05684537604739286,0.05680159012927064
74,0.05681946246923023,0.05677529567379546
75,0.056796010160912694,0.05675204342824579
76,0.056770725502249604,0.0567262050842296
77,0.05675289863503506,0.05670805755779043
78,0.05673219569711941,0.05668760023930732
79,0.05671674100992981,0.056672244750556176
80,0.056699392642255056,0.056654414980600636
81,0.056680869139974006,0.05663552803930779
82,0.056665808401100734,0.056622034824507866
83,0.05665030338840144,0.056607229756126226
84,0.05663553486279274,0.056593071194032424
85,0.05662632073555618,0.05658401102249402
86,0.05661431426147673,0.05657357155736108
87,0.05660326673505689,0.05656325931910631
88,0.05659494985817404,0.05655518439924218
89,0.05658503903253768,0.05654555903278506
90,0.056572859649868724,0.056533683610409335
91,0.05656624593549976,0.056527245437780455
92,0.05655791990152204,0.05651988254182321
93,0.05654879359323251,0.05651139352262972
94,0.05654050547238727,0.05650304869028805
95,0.05653134884792632,0.05649503522961224
96,0.05652278317753285,0.056486616470921944
97,0.0565168840094266,0.05648079140607662
98,0.056511521267389606,0.05647658279480534
99,0.056502759520852645,0.056468349986650915
100,0.056496348002105914,0.05646235853679204
101,0.056490220272974095,0.05645650269450726
102,0.056486862252439166,0.056453708298134196
103,0.05648535339941214,0.05645229695717617
104,0.05647985552520358,0.05644711381174378
105,0.0564744087215914,0.0564425839380963
106,0.056469775841821813,0.0564378050812298
107,0.05646581865556122,0.05643500673454131
108,0.05646314372806301,0.05643281130738052
109,0.056458416595442186,0.05642876545438735
110,0.05645465028160988,0.05642514764526105
111,0.056452454549615214,0.05642283942932042
112,0.056447717109592316,0.05641878025802861
113,0.05644192518905929,0.05641338066267357
114,0.05644126765929276,0.05641281242807594
115,0.05643773807208142,0.056410161339541236
116,0.05643452345340805,0.05640736259646637
117,0.05643311406365449,0.0564062864079681
118,0.05642968433550724,0.05640331802723974
119,0.05642930512800341,0.05640292243460077
120,0.05642795409007681,0.056402162993960406
121,0.05642377617340281,0.05639823137204546
122,0.05642108606156969,0.05639526908456489
123,0.056417951301582975,0.056393411577106485
124,0.056416419935327845,0.05639185410171582
125,0.05641490209700864,0.056390566734069045
126,0.0564130929863521,0.05638915406091918
127,0.05641154824073711,0.05638774890839013
128,0.05640748241037463,0.05638517998441988
129,0.05640665127822659,0.05638485271545907
130,0.05640528909313175,0.056383810072589496
131,0.0564035402443764,0.05638202734833318
132,0.05640265740960246,0.05638156686669009
133,0.05640010269002037,0.05638046714547911
134,0.05640000953278642,0.056380447061936866
135,0.05639698324957732,0.05637755693611797
136,0.05639379755014842,0.05637581318831911
137,0.05639109603260566,0.05637459509408542
138,0.05638998556084335,0.056373982360857125
139,0.05638817926426395,0.05637316867461677
140,0.0563867650066394,0.05637223226659486
141,0.056385138190083235,0.056371446634247147
142,0.05638432605173547,0.05637119434578068
143,0.05638327174421586,0.0563703166049744
144,0.05638171668084827,0.056369232984511075
145,0.056380568254220165,0.05636852445222225
146,0.05637995319008911,0.056368096069485764
147,0.056377599044606784,0.05636668407386914
148,0.056374695581677695,0.056364289132321
149,0.05637313213112387,0.056363324619574495
150,0.05637170443302193,0.056361981716662325
151,0.056370037958382295,0.05636068370721591
152,0.05636967890462714,0.05636039230292411
153,0.056367838650765285,0.05635903275571793
154,0.05636670302699406,0.056358609356639305
155,0.05636656500245427,0.05635841696465883
156,0.05636130824805557,0.056353378518389195
157,0.05635836946999875,0.05635025928427195
158,0.05635463816994394,0.05634640133916566
159,0.05635393464873962,0.05634568349585919
160,0.056352810284344926,0.05634528548138775
161,0.05635022521045038,0.0563440288797796
162,0.056350210965159526,0.05634402904905736
163,0.05634737110503521,0.05634117477269507
164,0.056347349530446116,0.05634117504931514
165,0.05634653922859901,0.05634085847667718
166,0.056343689460486124,0.056338288536265914
167,0.056341335066089036,0.056336991840755885
168,0.056337326477518046,0.05633384664282582
169,0.056334777799039316,0.056332266816123445
170,0.0563327248008322,0.05633050711640596
171,0.056330112067252296,0.05632906587104196
172,0.05632958691006093,0.05632882900230997
173,0.05632571101369198,0.0563255844344397
174,0.0563240032068549,0.05632456909839708
175,0.0563231712687609,0.05632370973694176
176,0.05632253126175221,0.05632344577417473
177,0.05632086079753801,0.056321818300144856
178,0.05631919923536326,0.05632053968995233
179,0.05631905865386154,0.05632053951003953
180,0.05631736330149262,0.05631939949211671
181,0.05631663450673917,0.05631913076789612
182,0.056316169032792046,0.05631903995669257
183,0.05631561138938274,0.05631879982934094
184,0.05631554286161124,0.056318720867380136
185,0.05631426601880408,0.0563175320757057
186,0.056311749269167474,0.05631550647755551
187,0.056311301107104486,0.056315288768729446
188,0.05631119574715,0.056315235603910566
189,0.056308533732193466,0.05631364079999891
190,0.05630819670606608,0.05631366934189376
191,0.05630792084169271,0.05631353976615853
192,0.056305167206573394,0.05631123320806504
193,0.05630502515217337,0.05631124472645621
194,0.05630476069494694,0.056311039654132186
195,0.0563040982037927,0.05631074502828415
196,0.056303177202192904,0.0563097702864107
197,0.05630253507636554,0.05630926032413547
198,0.05630109525333366,0.05630883441769235
199,0.05629937469754908,0.056307853100389174
200,0.05629827797716852,0.056306893972155034
201,0.05629706973522321,0.05630633971097664
202,0.05629640234938058,0.056305989383088284
203,0.05629565857527149,0.05630548972733715
204,0.05629563913398107,0.056305489733551074
205,0.05629381154469246,0.0563039533304152
206,0.05629322219056447,0.05630362764330632
207,0.05629314930110931,0.05630356805833297
208,0.05629035262113748,0.05630178230527647
209,0.05628868059311926,0.05630107437535657
210,0.05628529340813019,0.056298763561976
211,0.05628379961930523,0.05629725771230833
212,0.05628269108516972,0.056297094073686785
213,0.05628180994130497,0.05629673759578153
214,0.05627714530314837,0.05629291504425837
215,0.05627596796160742,0.056292218233464586
216,0.05627595905130123,0.056292218492991646
217,0.056275411428710356,0.05629209262964249
218,0.056274005613308815,0.05629112892884502
219,0.05627132965839687,0.056289667777263734
220,0.0562700677326594,0.05628944601785428
221,0.056268120686674125,0.05628854596897076
222,0.05626646479128163,0.056287591062546105
223,0.056261952713125965,0.05628300005664032
224,0.056259982262671177,0.05628138496148829
225,0.05625954176751532,0.0562811420661999
226,0.056259065159769084,0.05628078398010411
227,0.05625658136460104,0.05627864613559404
228,0.05625655786884302,0.05627857089493735
229,0.056254278057901876,0.05627681053421626
230,0.05625372141929216,0.05627661318271478
231,0.056252199285120326,0.05627615835193509
232,0.056249193673743245,0.05627263876991801
233,0.056249170457654304,0.05627263980710855
234,0.05624916100775421,0.056272639823213184
235,0.05624910559283606,0.05627259950095907
236,0.05624755247904114,0.05627187563046857
237,0.056246085325243625,0.05627204409202352
238,0.056245986704237305,0.056272011707900735
239,0.0562457863013637,0.05627200766652207
240,0.05624578630085654,0.05627200772769915
241,0.05624559693545798,0.056271851682376584
242,0.056244819615224734,0.05627134891662051
243,0.05624477078225744,0.056271348814310236
244,0.05624452297303367,0.05627136000682754
245,0.05624094663806848,0.05626861794761486
246,0.05624058700668717,0.056268507288740076
247,0.05623998727849062,0.056267830293193245
248,0.056239548362777086,0.056267663635201186
249,0.056239542426115244,0.056267663839342036
250,0.056238869206870774,0.056266949985775944
251,0.056238856321141395,0.05626695194923735
252,0.05623644140254988,0.056264635177403356
253,0.05623346893956622,0.056262582935613294
254,0.05623185808024407,0.056261293156977525
255,0.05623168315359879,0.056261278942378104
256,0.05623017092809041,0.0562597330906094
257,0.0562278631530134,0.05625799724538667
258,0.05622603412424022,0.056256372159550885
259,0.05622599320931064,0.05625637202528608
260,0.05622484083834846,0.05625507175210824
261,0.056218772986804985,0.05625030561031508
262,0.056216536319814436,0.0562483883936219
263,0.056215405738051845,0.05624786048593532
264,0.05621439112316073,0.05624773094908389
265,0.05621365215859691,0.0562473420925388
266,0.05621206053298245,0.05624593314941606
267,0.05621129882643805,0.056245548493637845
268,0.05620879432294649,0.056243248098233986
269,0.05620680680644471,0.05624172622229017
270,0.05620611550350641,0.05624129120623776
271,0.056205178525387665,0.056240454443863795
272,0.05620473607319804,0.056240193777745626
273,0.05620425816243367,0.056239912822607104
274,0.056202358167431896,0.0562385043556955
275,0.05620035592110314,0.0562373876529694
276,0.05619849374945432,0.056236161930212664
277,0.05619703901436611,0.05623486419379982
278,0.05619413950650507,0.05623244611762571
279,0.05619336842437209,0.05623203405548244
280,0.056191417632951116,0.05623122813073801
281,0.0561895054523921,0.056229993890081924
282,0.056189172299785754,0.0562297454341929
283,0.05618693547030117,0.05622860894919951
284,0.05618393825951181,0.0562258384338827
285,0.05618325873309421,0.05622579830099826
286,0.056182174119452144,0.056224795694509715
287,0.056181138058923434,0.056223914531521424
288,0.05617948560512915,0.05622333789604623
289,0.0561782385244358,0.05622271572835001
290,0.05617680580674315,0.05622193300682016
291,0.05617592231450735,0.056221882927117224
292,0.05617439815327329,0.05622083353728356
293,0.056172762353628426,0.05621971456929447
294,0.05616992289694243,0.05621804391487606
295,0.056169190849883824,0.05621761932602714
296,0.05616819809076397,0.056216983534883185
297,0.056166056537998714,0.05621515575574474
298,0.056164149993233076,0.05621460665519583
299,0.056164108756989704,0.0562146065353877
300,0.05616214341690656,0.056212381369751756
301,0.05616152355198762,0.05621207710417395
302,0.056160993974398485,0.05621202122618695
303,0.05615992358070828,0.05621094066234054
304,0.05615947431519554,0.056210398571668076
305,0.05615830917860421,0.05620915089648389
306,0.0561575144580831,0.05620843295540656
307,0.056157358700035895,0.05620830934514976
308,0.056155194348088314,0.056208452047299635
309,0.05615372437174088,0.0562073869006159
310,0.05615365558592727,0.056207386865314596
311,0.05615169579850033,0.05620644173356252
312,0.05615163439919166,0.05620643313147681
313,0.05614926124455709,0.056205174551443436
314,0.056148414747895475,0.056204509933077886
315,0.056148359810348304,0.05620450973341077
316,0.05614645897738465,0.05620368137107101
317,0.056144457472191954,0.05620151590461767
318,0.056143016655150195,0.05620046758895787
319,0.0561415528885499,0.0561992419490419
320,0.05614113138124242,0.056199081277507903
321,0.05614105272594956,0.056199052557306395
322,0.0561399728447165,0.05619896860056303
323,0.05613930186096566,0.05619849607905401
324,0.05613842914482112,0.056197952165144255
325,0.056137086761803436,0.05619717485376724
326,0.05613685587422916,0.056197014951093194
327,0.056135136685054994,0.05619571587749254
328,0.05613444046417306,0.056195291907203807
329,0.056133704577779255,0.05619490712002998
330,0.0561324898117675,0.056194026204337374
331,0.05613242770706095,0.05619402588498841
332,0.05613131137805405,0.05619329963091382
333,0.05613057190729149,0.056192642202059995
334,0.056127540927569705,0.056190672867634864
335,0.05612605907521285,0.05619020026435369
336,0.05612111042741839,0.056186017903606604
337,0.05612016449428246,0.05618483075264181
338,0.0561170812765993,0.056182327879133555
339,0.05611620243915023,0.05618119834034591
340,0.05611525895162414,0.056180374772323544
341,0.05611456994139264,0.05617980692254309
342,0.05611453707883345,0.056179806739697906
343,0.056112535158307685,0.05617875814021052
344,0.0561113179516478,0.056178542619852855
345,0.05611022659909216,0.05617876718485407
346,0.05610910656753697,0.05617790213413903
347,0.05610817598083742,0.05617694333543528
348,0.056106812073048,0.05617608324270593
349,0.05610552969363781,0.05617509851532387
350,0.0561054519716007,0.056175113255584906
351,0.05610421240816348,0.056174459459837574
352,0.0561040883159719,0.05617445184527806
353,0.05610403902561773,0.056174452661763796
354,0.0561034950448651,0.056174001852880705
355,0.05610208877793319,0.05617297130510055
356,0.056099214354708125,0.05617057428384239
357,0.056097798716485806,0.05616979402817408
358,0.05609765804032727,0.056169752985343976
359,0.05609696185371936,0.05616943812796591
360,0.056095582582881345,0.05616802418786177
361,0.05609207806248802,0.05616458145073886
362,0.056092029923030265,0.05616455779279253
363,0.0560919893932893,0.05616455776121249
364,0.05609105402147412,0.05616428195854427
365,0.05609025399609487,0.056163691167515725
366,0.05608818417580024,0.05616387416782391
367,0.05608697127296486,0.05616331067579511
368,0.05608604332165684,0.05616277375678773
369,0.05608501532139743,0.05616240154248358
370,0.05608414087971367,0.05616184382213029
371,0.05608411778252969,0.05616184374673263
372,0.05608409456193563,0.0561618445409526
373,0.05608162129421692,0.05615983389826186
374,0.05608158779541806,0.05615983351046061
375,0.05607943788236697,0.05615858527398935
376,0.0560791983516055,0.056158413792447286
377,0.05607638681430737,0.05615591818170459
378,0.05607635387695101,0.0561559181706319
379,0.05607470455056908,0.056155030230742364
380,0.05607420556792295,0.05615464382172842
381,0.05607284809236894,0.05615316489732649
382,0.056072478227039944,0.056153185659050794
383,0.05607035545115451,0.056151215811626035
384,0.0560697521256879,0.05615103098100702
385,0.05606866361378103,0.05615009859882576
386,0.05606805291951931,0.05614975210302212
387,0.05606768918681828,0.05614973597009979
388,0.05606645593695231,0.05614863267484555
389,0.05606535859161585,0.0561481057571679
390,0.05606342648715748,0.05614672123801846
391,0.05606096330674638,0.05614658619609123
392,0.056060070266377396,0.056146445165365065
393,0.05605889462779436,0.056146159503024755
394,0.056058092409434594,0.056146113127904705
395,0.05605731749017925,0.05614542597212796
396,0.05605618811283375,0.05614467177450154
397,0.05605529453962767,0.056143654430814816
398,0.05605385838190651,0.05614240640503997
399,0.056051702526774994,0.05614104436213621
400,0.05605077814034659,0.056140842561638
401,0.05605000929328644,0.056140489653000294
402,0.056049997704919106,0.056140489435151354
403,0.056049949258438536,0.05614049393303833
404,0.056049760742426326,0.0561404194394136
405,0.0560477145510139,0.05613881028435011
406,0.05604464250902819,0.05613649787516235
407,0.05604394057860981,0.05613600048100693
408,0.056043863442308016,0.0561360026304259
409,0.05604384313426548,0.056136002623091825
410,0.05604136287005254,0.056133946070153616
411,0.05604134943062965,0.05613394607156368
412,0.05604133031337579,0.05613394608865467
413,0.056040446220560036,0.056133664341657355
414,0.05603964759132622,0.05613290041985192
415,0.0560383824547819,0.05613241480152448
416,0.05603630890221185,0.05613057518597888
417,0.05603543355401616,0.056129980277255034
418,0.05603467125180876,0.05612992443979305
419,0.05603374565428935,0.0561298858297269
420,0.056033706582768475,0.056129898393826524
421,0.05603316876250914,0.05612938739505044
422,0.05603292936428699,0.0561289984639908
423,0.05603182327316458,0.05612876815519728
424,0.05602826511295981,0.056126046726161755
425,0.05602785968575815,0.05612572165671047
426,0.05602601440011369,0.05612429160800519
427,0.05602541746348272,0.05612372021414315
428,0.05602538886804818,0.05612372017433223
429,0.05602416681123343,0.05612326173817039
430,0.05602355888530735,0.056122717072048245
431,0.056021396773592316,0.056120961900989697
432,0.05602136363137231,0.056120958514622774
433,0.05601985549281514,0.05612032464448207
434,0.05601894830540164,0.05611976943882921
435,0.05601818879119776,0.056119517674421436
436,0.05601767160735085,0.05611877309522665
437,0.056017101657674304,0.05611823806039722
438,0.056016480680020124,0.05611812346743366
439,0.056015167115219894,0.0561165490136861
440,0.05601467947259182,0.05611629535121754
441,0.056012652632957335,0.05611500410474033
442,0.05601181753941925,0.056114398976074134
443,0.0560107519268968,0.056113771845875696
444,0.05600903458586621,0.05611367444384765
445,0.05600900819415267,0.056113674621955247
446,0.05600866628853819,0.05611347562970247
447,0.0560082803783899,0.056113367847556446
448,0.05600713522621662,0.05611309069720698
449,0.056007121342022195,0.05611309070331622
450,0.056007028037065434,0.056113109489138134
451,0.05600687982055476,0.05611310492707094
452,0.05600591179247853,0.05611316182903455
453,0.05600589622420317,0.05611316175310811
454,0.05600482910173673,0.056112685139861326
455,0.056003472269983305,0.056111308537193885
456,0.05600345852723041,0.05611130852259815
457,0.05600268649219083,0.05611094242007848
458,0.05600164074292208,0.05610997752238741
459,0.05600150681325522,0.056110004225646964
460,0.05600084716690302,0.05610976464258603
461,0.05599861849422627,0.05610967897463473
462,0.05599731122909569,0.056108902687203116
463,0.05599690303319819,0.05610864919962567
464,0.05599577073467544,0.05610829010230128
465,0.0559953982299415,0.05610833180700622
466,0.05599414039561951,0.05610799603251903
467,0.05599351126773816,0.05610750599986287
468,0.05599306438665332,0.05610725171419022
469,0.05599229029499133,0.05610698090510503
470,0.05599066312424883,0.056106147682168456
471,0.055989032441009716,0.05610471931274037
472,0.05598895047950555,0.056104656807936935
473,0.05598881015053506,0.056104633839888604
474,0.05598764872150526,0.05610355055854034
475,0.05598763900449789,0.056103550533240454
476,0.05598724205863046,0.05610328616674222
477,0.05598721955953939,0.05610329436481053
478,0.05598617552424748,0.05610288189643659
479,0.05598465710812032,0.05610205953551931
480,0.05598371240438724,0.05610122764078661
481,0.05598293109636322,0.05610115210406489
482,0.055981468226606726,0.056100085780302886
483,0.05598056536075325,0.05609980722822563
484,0.05597952045433587,0.05609927113342131
485,0.05597850839109374,0.05609895841914653
486,0.05597774295498893,0.05609867745830533
487,0.05597674003095211,0.05609800132399518
488,0.05597669561469352,0.0560980004996777
489,0.05597583703131871,0.05609762112752472
490,0.055975516410588844,0.056097386791865385
491,0.05597411047129532,0.05609648662985077
492,0.05597280607504579,0.05609571209160166
493,0.05597171695266585,0.05609485947433782
494,0.055970738004125636,0.05609497311516943
495,0.05596991085874984,0.056094674884436084
496,0.055969902375437044,0.056094674886572896
497,0.0559682824465286,0.05609388908909232
498,0.05596707750834183,0.05609303582093606
499,0.05596586724962842,0.0560920316660355
500,0.055965027039437974,0.056091761204067295
501,0.05596487658925073,0.05609172702733601
502,0.05596485707769202,0.056091727036354865
503,0.05596395316118218,0.05609119556930897
504,0.05596259436725274,0.05609064872119249
505,0.055962365374380735,0.056090531456279104
506,0.05596070336037989,0.056089512286146156
507,0.0559591541082459,0.05608848504543776
508,0.05595790590605755,0.056087855589193436
509,0.05595708123171254,0.05608770447718978
510,0.05595656540932059,0.056087193004265255
511,0.05595500006225764,0.056086911117225996
512,0.05595496588666916,0.056086911008224646
513,0.05595494194714753,0.056086903135749315
514,0.05595297293910559,0.0560864721091999
515,0.05595264671852656,0.0560862458472791
516,0.0559521738147346,0.0560857365456294
517,0.05595124241426517,0.05608520423433708
518,0.05595109291868863,0.0560852144424485
519,0.05595028771694131,0.05608494565388308
520,0.05594892337110933,0.05608464326667468
521,0.05594832651019481,0.056084201648119586
522,0.05594720586002824,0.05608389200446373
523,0.05594633821213062,0.056083350646053
524,0.05594617873120936,0.05608328103139523
525,0.05594500862150711,0.05608296899308548
526,0.05594348687039205,0.056081376715932475
527,0.05594267425812976,0.05608064502835268
528,0.055940621501948014,0.056080813073928475
529,0.05593983529829977,0.05608055786036574
530,0.055938683414535416,0.05607975776023891
531,0.05593846516565494,0.056079732465693054
532,0.05593813855096637,0.05607973643429932
533,0.05593798329089174,0.05607971644772539
534,0.055937033208393744,0.05607946641201155
535,0.055936012259852994,0.05607937959802069
536,0.055935451288955856,0.05607909967917728
537,0.055934490538205074,0.05607865513344595
538,0.05593308103458462,0.05607751544055923
539,0.05593287585792532,0.05607751377251473
540,0.055931932655138114,0.05607699910481036
541,0.055931249405280416,0.056076712126329455
542,0.05592974231610583,0.05607555862498618
543,0.05592915031141559,0.056075056459730696
544,0.055928139377294524,0.056074587420847054
545,0.05592794971926237,0.05607459984221923
546,0.05592676789597941,0.05607378396993983
547,0.055926688989493885,0.05607375615312241
548,0.055926071138082824,0.056073527469292374
549,0.05592592669159581,0.05607352834285396
550,0.05592494362250549,0.05607349236625018
551,0.05592404441980621,0.05607298222528502
552,0.05592350471078738,0.05607303586608982
553,0.05592275584065191,0.056073023645091966
554,0.05592209486539474,0.05607269753403687
555,0.055921777728618415,0.05607236204476253
556,0.05592141175687518,0.056072294694638855
557,0.05592129995484019,0.05607227598697448
558,0.055921004395805815,0.05607235669823783
559,0.055918942312629304,0.056070374081260164
560,0.05591854566651338,0.05607028657756877
561,0.05591770184738338,0.05606997130730689
562,0.05591663299495353,0.05606972944330367
563,0.05591603346022131,0.0560694164990952
564,0.055914683460452176,0.056068404209021726
565,0.05591363923640285,0.05606819980432838
566,0.055912947981798564,0.05606806423424057
567,0.05591259492434193,0.05606770396731799
568,0.05591257842474736,0.05606770394053973
569,0.0559125640043739,0.05606770396198804
570,0.05591153095760151,0.05606727437462683
571,0.055910716327586325,0.05606661842680133
572,0.05591032004865562,0.056066343012160624
573,0.055910142132667894,0.05606617400105111
574,0.05590983554733838,0.05606621266817089
575,0.055908111518817485,0.05606466060944566
576,0.05590778408421009,0.056064508542663
577,0.05590742804750578,0.05606437022780898
578,0.05590629197163623,0.056064081208941054
579,0.05590409089688343,0.05606398036335315
580,0.05590401874519734,0.05606397949018241
581,0.05590374148044613,0.056063904606180624
582,0.05590315171775373,0.05606376516585028
583,0.05590211239028476,0.056063096021489234
584,0.05590028998753931,0.056061742786088914
585,0.05589923399455062,0.056061824432364585
586,0.05589863527385776,0.056061649645901046
587,0.05589750382018705,0.05606100747023862
588,0.055896803386406145,0.0560606762396947
589,0.05589625787898609,0.05606052772931072
590,0.05589622494206365,0.05606053586959754
591,0.05589449229897967,0.056059198304437244
592,0.0558938978697835,0.05605921098978709
593,0.055893032271715416,0.05605924270942813
594,0.055892919843432476,0.05605925629922846
595,0.05589173831345195,0.056059109995684725
596,0.05589064473207929,0.05605863709315199
597,0.05588977599033174,0.0560583046638882
598,0.055889135372846906,0.05605825613798867
599,0.05588910027889498,0.056058256086064615
600,0.055888080850709815,0.05605781252358779
601,0.05588659209003844,0.05605705200048678
602,0.05588489272720667,0.0560569835193463
603,0.05588375694744194,0.05605595299990272
604,0.055882790271367215,0.05605554937832509
605,0.05588266966440943,0.05605554021150882
606,0.05588219279377905,0.05605530853168036
607,0.055879993331085405,0.056054826400427735
608,0.055879643777033194,0.056054610083789785
609,0.05587893978787774,0.056054578447001034
610,0.05587779949152353,0.056054129962838116
611,0.05587684307054839,0.05605413033200355
612,0.05587667025896014,0.05605410643462139
613,0.05587594032664654,0.05605413781530043
614,0.05587385139285613,0.05605218537900354
615,0.055873601200070365,0.056051997260271366
616,0.05587272288401111,0.05605141513562391
617,0.05587236124118216,0.0560511143029409
618,0.05587103241963594,0.056050112886172454
619,0.05587087227531468,0.05605010986999618
620,0.055870647048278786,0.05605006135063728
621,0.05586987510616399,0.05604974015884389
622,0.055869420755559396,0.056049433653679946
623,0.055869217613360826,0.056049447094961756
624,0.0558689476900243,0.05604953800951188
625,0.05586771274230895,0.056049411904051376
626,0.055866243178547444,0.056049258465815405
627,0.055866085617975375,0.0560490905389341
628,0.055864990223580706,0.05604825448152837
629,0.05586441822135508,0.056047992900139905
630,0.05586340828286871,0.05604722623214177
631,0.05586308611041285,0.056047205110016075
632,0.05586254068653856,0.05604721349323281
633,0.055862128120120626,0.056047241251247985
634,0.055860989473366617,0.05604613852871
635,0.055860815168680605,0.056046102835663844
636,0.05586039492245229,0.05604610759263729
637,0.055859933297302176,0.0560460224472492
638,0.05585980365045488,0.056045899374384284
639,0.05585849495961385,0.0560453201116178
640,0.05585758003040077,0.05604514327978781
641,0.05585639148570928,0.05604538463205144
642,0.05585565741434795,0.056045289503297305
643,0.055855372062492054,0.056045283378797384
644,0.05585526993960159,0.05604525028838079
645,0.05585516141423321,0.05604524478494257
646,0.0558551585663317,0.05604524480295414
647,0.05585416753065179,0.05604501793592695
648,0.05585347997121859,0.05604431195902522
649,0.05585267976813497,0.056043851379000025
650,0.05585245334789204,0.05604365794606166
651,0.05585245049759213,0.05604365826582038
652,0.05585157334934887,0.05604334225422228
653,0.05585156201812859,0.056043342209152656
654,0.05585123233500069,0.05604328058819748
655,0.05585029903921975,0.056043297634267686
656,0.055848397957835146,0.05604256252179016
657,0.05584812879871044,0.05604250691073823
658,0.05584771147332358,0.056042499257911396
659,0.05584745931230214,0.056042506814172104
660,0.055846485196564925,0.05604168796136373
661,0.05584564890761862,0.056041568250052375
662,0.055845157447249515,0.05604104816730745
663,0.055843904348672625,0.056040868287141096
664,0.05584351138347196,0.05604081872407727
665,0.05584326729344531,0.05604066495424325
666,0.0558425317337885,0.056040424351304644
667,0.0558415765385841,0.05604028947197588
668,0.05584101387984243,0.05603977839225572
669,0.055840498300083474,0.05603938715542419
670,0.055839957925312315,0.05603929714073108
671,0.05583995553675961,0.05603929710557285
672,0.05583896117216895,0.056039010532203865
673,0.055838675760114684,0.05603891020979239
674,0.05583838604709317,0.05603886190019218
675,0.05583775716545969,0.056038787224634325
676,0.0558373977977414,0.056038734419605114
677,0.055835934125503105,0.05603762360337448
678,0.055834875495424326,0.056036942066018655
679,0.055834052479761115,0.05603698460400797
680,0.05583368159417569,0.05603647569126968
681,0.055832273602122694,0.05603561733046223
682,0.055831598937211804,0.056035044113649575
683,0.05583049101263677,0.05603464878281057
684,0.05582988862253245,0.056034117976913364
685,0.05582935076336918,0.05603422530186222
686,0.05582888506458949,0.05603366232406353
687,0.05582881797908999,0.05603363029820134
688,0.05582765342927117,0.05603339946585772
689,0.055826569160332885,0.05603277639718238
690,0.05582539094439817,0.05603250837446643
691,0.05582534120999654,0.05603251629523608
692,0.0558251903462208,0.05603248741962712
693,0.05582500308532267,0.0560324464258768
694,0.055824809043917095,0.056032406036522917
695,0.05582431242785876,0.05603242432460569
696,0.05582405820979385,0.056032277220868364
697,0.05582356056411252,0.056032348589159196
698,0.055823118353877835,0.05603202337196504
699,0.05582251019075217,0.0560319842916145
700,0.055821533868391976,0.056032136161277675
701,0.05582050127465729,0.05603166327997706
702,0.0558201329207926,0.05603152008580626
703,0.055819802420227986,0.05603159831299992
704,0.05581903729240306,0.056031119090906356
705,0.05581819395550849,0.05603099810703305
706,0.05581794946155715,0.05603108874001333
707,0.05581626714831886,0.05602948781479834
708,0.05581602269591121,0.05602946297400426
709,0.05581514058449281,0.05602936388909949
710,0.05581497849214753,0.05602935579163761
711,0.055814316695646876,0.05602903949629293
712,0.055813477954083444,0.05602881390486566
713,0.05581274809613391,0.05602868704381004
714,0.05581157417654345,0.056028595640414264
715,0.05581115353343868,0.056028395813415885
716,0.05581023641105321,0.05602801374495256
717,0.055809603807876106,0.05602745389740496
718,0.05580935478295457,0.05602752571018914
719,0.055808676094462877,0.056027237950348134
720,0.05580836886555213,0.056027225718416326
721,0.05580748381929932,0.05602770848490594
722,0.055806535580206776,0.05602784448176419
723,0.055805830222818986,0.05602784955595676
724,0.055805369587600455,0.05602832613667199
725,0.05580503656606922,0.05602808233729296
726,0.05580455954344724,0.056028065716758405
727,0.055803573544604655,0.056027664621076015
728,0.05580326883634664,0.05602770876455743
729,0.0558026508212641,0.05602690438481776
730,0.05580182950017536,0.05602664570349611
731,0.055800382015641393,0.05602610602157047
732,0.055799024554209244,0.05602479404449958
733,0.05579864216531452,0.05602477009576699
734,0.055797981205195885,0.05602480742281837
735,0.05579768728973536,0.05602467774075755
736,0.05579678228868458,0.056024754129600944
737,0.055795853927408365,0.056024612743202765
738,0.055795782752686804,0.05602460989956177
739,0.05579548678760954,0.05602467966519834
740,0.055795309745487284,0.05602468908899662
741,0.05579506833289507,0.05602456469718467
742,0.055794844360993905,0.0560245450667719
743,0.05579450648176369,0.05602418117407414
744,0.05579418348726682,0.056024131484593405
745,0.05579393397807248,0.05602390444439243
746,0.055793692142653215,0.05602372165656223
747,0.055793394926532666,0.05602348718726325
748,0.055793000607462354,0.05602347435523416
749,0.055792852902436366,0.05602335811555058
750,0.055792125501468316,0.05602328702126832
751,0.05579133212206145,0.05602272090586471
752,0.055790901951571915,0.05602276430548927
753,0.0557888104198725,0.05602198194550669
754,0.05578856528061818,0.05602194988507641
755,0.05578802520627632,0.05602189107337605
756,0.05578801755253863,0.05602189107684302
757,0.05578745227388196,0.056021845476430944
758,0.05578680174993831,0.056021682091946155
759,0.05578489880095171,0.056020079707370114
760,0.05578383326393187,0.056020397441630114
761,0.05578364309536708,0.05602030041843664
762,0.055781718187445435,0.056018446765258606
763,0.05578124054439293,0.056018482561991594
764,0.05578072111292508,0.05601841184117243
765,0.05578057968790522,0.05601838670065074
766,0.05578036278103394,0.056018344250733064
767,0.055779619673143974,0.05601847671863097
768,0.055778361369086885,0.056018422959052745
769,0.05577826698026944,0.05601838433772873
770,0.055777082464428765,0.05601815336655178
771,0.05577640769607028,0.05601778999127738
772,0.055776193227274326,0.05601778381932865
773,0.05577583668149615,0.05601765762706988
774,0.05577552835821244,0.05601763386331307
775,0.05577515056096341,0.05601746235869919
776,0.05577488031168789,0.05601750440752532
777,0.05577443603640095,0.05601749436196224
778,0.05577231555797986,0.056015869263367234
779,0.05577225448689926,0.05601586848645441
780,0.05577212564913064,0.056015872782818776
781,0.05577156566554966,0.05601538376629371
782,0.055770927824639924,0.056015344769662426
783,0.05577009451137965,0.056015073372782026
784,0.05577000122757431,0.05601508980274454
785,0.055769425160760965,0.05601464833432384
786,0.055769400208580504,0.056014657374937514
787,0.05576809648158339,0.05601417660047289
788,0.05576720781664442,0.056014306785781384
789,0.055766887761294896,0.05601418348405187
790,0.05576602451004551,0.05601392758802831
791,0.05576522454046125,0.05601397838226268
792,0.05576478801091742,0.05601398393946312
793,0.05576447346339449,0.056013990411853704
794,0.05576436777021791,0.05601395339276615
795,0.05576352231050751,0.056013492417364426
796,0.055762335897255474,0.056012867305169294
797,0.05576224070668642,0.056012884092318777
798,0.05576183911105563,0.05601335824879856
799,0.055761533190030924,0.05601341766540432
800,0.05575924910444215,0.05601164670298018
801,0.055758691277467104,0.056011661800397856
802,0.055758218904081766,0.056011312481290175
803,0.05575814380462561,0.056011282094507724
804,0.05575801274759227,0.056011289204556794
805,0.05575682790999963,0.05601093733170895
806,0.055756078081579404,0.05601073505259186
807,0.05575535186541766,0.056010683747975416
808,0.055755151146925024,0.05601067564889622
809,0.05575514826375769,0.0560106756499592
810,0.055755073430669065,0.05601065814931026
811,0.05575435593795759,0.05601057059394803
812,0.05575363910565595,0.05601043660094288
813,0.05575268072014168,0.05601016177385456
814,0.055752294265382835,0.05600974299408973
815,0.055751134194791926,0.0560097067900485
816,0.05575066868666422,0.056009306005592834
817,0.05574946552993291,0.056008286734200045
818,0.05574945613059338,0.05600828671115634
819,0.055748711449888785,0.05600832193888535
820,0.055748672987094225,0.05600831295961303
821,0.055748601002840965,0.0560083114020672
822,0.055748436526949614,0.05600833633535039
823,0.05574817964039552,0.05600805572686453
824,0.05574707832861851,0.056007750323569666
825,0.05574592598772071,0.05600760132579245
826,0.055745204885054425,0.056007648125304135
827,0.05574419148668167,0.05600769360159246
828,0.05574290655999912,0.05600657300960625
829,0.055742675040179455,0.05600650103683844
830,0.05574120696535377,0.056006531520959225
831,0.0557398134842587,0.05600515778872415
832,0.05573929420736652,0.056005129817994756
833,0.05573923778089446,0.05600506993444139
834,0.055738559744450196,0.05600480147079444
835,0.055737951102589965,0.05600470649022139
836,0.05573759463850475,0.056004519016400224
837,0.05573755698846402,0.05600450494530016
838,0.05573685178577277,0.05600397605144412
839,0.05573673769059023,0.056003990550128245
840,0.05573607205668097,0.056003410450649965
841,0.0557358528364172,0.056003254500238804
842,0.05573582780374943,0.05600322413885238
843,0.0557352269428902,0.056002797061628
844,0.05573498501834578,0.05600262525848274
845,0.05573461890164576,0.05600244400850824
846,0.05573408680769728,0.05600241643948924
847,0.05573295040668632,0.05600248344062408
848,0.05573223397601744,0.05600217139519627
849,0.05573198984721406,0.056002146883684295
850,0.05573095440864032,0.056001685255747634
851,0.055730757216546904,0.05600157261292895
852,0.055730252600031734,0.05600160034547478
853,0.05572993968942502,0.056001466567893954
854,0.0557294746269721,0.05600140322895607
855,0.055729137820150175,0.056001182570467815
856,0.055728890079365524,0.05600118754031369
857,0.055728839226435345,0.056001182972920824
858,0.05572847340812472,0.056001246545243764
859,0.055727865573994124,0.05600116596037332
860,0.055727462106242735,0.056001177902473165
861,0.05572741424516634,0.05600118735407678
862,0.05572639803788876,0.05600093854801728
863,0.0557261459537243,0.056000700184654126
864,0.05572542851034219,0.0560006395668676
865,0.05572517127707981,0.05600063312268225
866,0.0557246261503814,0.056000937698185496
867,0.0557238733917113,0.056000692232404926
868,0.05572329544770968,0.05600091642668493
869,0.055722803698176,0.05600106655845345
870,0.055722579935871805,0.056000947129925795
871,0.05572220344498102,0.05600095439407516
872,0.05572141624932041,0.056000577452319754
873,0.05571989855570092,0.0559993816283197
874,0.05571868455973845,0.055998995865995105
875,0.05571761487601429,0.055998821961077104
876,0.05571708213544207,0.055998658122239114
877,0.055716884566152355,0.05599870661850639
878,0.05571633229175975,0.05599840344770923
879,0.055716193626446475,0.05599844621911771
880,0.05571446835893215,0.05599801581277255
881,0.055713397692035566,0.055997931637230165
882,0.055713125748211315,0.055998004852938786
883,0.055712494188517654,0.055997513304810606
884,0.05571227577098991,0.05599731638776801
885,0.055711727059906596,0.05599684022993761
886,0.05571041935712421,0.055996562183111165
887,0.055710152939876155,0.05599655980834644
888,0.05570955322726082,0.05599640583102236
889,0.05570852892353917,0.05599582327205041
890,0.05570815116824496,0.05599567559558682
891,0.05570785575096852,0.055995826849987336
892,0.05570695424208138,0.05599557856415479
893,0.05570620486548071,0.05599556451677874
894,0.055705977428334615,0.05599583509650464
895,0.055704385093862725,0.05599478224851154
896,0.05570384011883674,0.0559947463981945
897,0.055703500794062784,0.05599442703128896
898,0.05570327584238038,0.05599429056089326
899,0.055702848888515975,0.05599389703066323
900,0.055702389088707005,0.055994017141594236
901,0.0557009084280855,0.05599292804676521
902,0.0557005484740137,0.05599281964371394
903,0.05570050243434527,0.05599281965485284
904,0.05569945025744375,0.05599269348185237
905,0.05569909861422108,0.055992731231022164
906,0.055698806871067756,0.05599260538554576
907,0.05569878713583334,0.055992602421276245
908,0.05569811028408897,0.05599231894844702
909,0.05569780500122092,0.055992325369455025
910,0.05569719478777907,0.05599215592798622
911,0.05569662416750089,0.05599189286247932
912,0.05569540230286681,0.05599204965490219
913,0.05569487970247618,0.05599179840060549
914,0.0556945424850805,0.0559917172372267
915,0.0556937406482796,0.05599149986400471
916,0.05569344649296251,0.05599144113469568
917,0.05569329914626939,0.055991354963144134
918,0.055693243331242974,0.05599136466260687
919,0.055693052223188995,0.05599142607897605
920,0.0556929313964691,0.0559914253557086
921,0.055692035155454525,0.05599164695949886
922,0.05569117025846227,0.055991478156548716
923,0.055690497078221754,0.05599148414909333
924,0.05568994028397708,0.05599139666560543
925,0.055689846523635414,0.05599140762181149
926,0.05568978872234432,0.05599140683580325
927,0.05568961603000733,0.055991403059598516
928,0.055689171446388956,0.05599133409987715
929,0.055688884361653535,0.055991179111660495
930,0.055688824412671915,0.055991177665743054
931,0.055687763056949134,0.05599105460305608
932,0.05568751498682875,0.055991094225052204
933,0.05568708302815753,0.0559910292883451
934,0.05568667316166886,0.055990926531862426
935,0.0556865188170666,0.05599099860345357
936,0.055685792978964255,0.05599096292031608
937,0.05568552137448177,0.055990929543892703
938,0.055685352515442973,0.05599097707038944
939,0.055685332413913796,0.05599097496118969
940,0.05568525985840266,0.05599098504161112
941,0.05568443498395886,0.05599045188725755
942,0.05568439807056764,0.05599043804495886
943,0.05568402844686881,0.05599028331426
944,0.05568297569207597,0.055990456414846804
945,0.05568291839447441,0.05599044229047333
946,0.05568282200971969,0.055990447084418755
947,0.055682226349553235,0.05599052714110002
948,0.055682108378961995,0.0559905300686544
949,0.05568153949188232,0.055990441562991586
950,0.05568092639736538,0.05599052726883555
951,0.05567931772124501,0.05599059796681005
952,0.05567882276799707,0.05599052750708762
953,0.05567829947948515,0.05599022483500524
954,0.05567822109060353,0.05599026676859719
955,0.05567772908746546,0.05599016218628553
956,0.0556775406926194,0.05599017683674927
957,0.0556772361876424,0.05599003834523279
958,0.055676017563371843,0.055989792369956624
959,0.05567569698183635,0.055989727556513116
960,0.05567506968218504,0.05598942763484008
961,0.055673783799564794,0.05598942638831873
962,0.05567333837807325,0.05598931316411241
963,0.055672635236811145,0.05598916444635168
964,0.05567240320814084,0.05598914228916233
965,0.05567125031233031,0.05598869643449142
966,0.05567102251844961,0.055988701251801797
967,0.05567044652374906,0.055988347382610944
968,0.05566978937572839,0.0559884263525361
969,0.055669720236338475,0.055988422212243136
970,0.05566863730684063,0.05598857259092587
971,0.05566785401817938,0.05598815931525655
972,0.05566680041274524,0.05598807130574947
973,0.055665866830713076,0.0559876918102079
974,0.055665415910315125,0.05598766752528688
975,0.055665129883431246,0.05598750858678663
976,0.055664213473097815,0.055987517723646046
977,0.05566378459943224,0.055987352292741745
978,0.055663622349010185,0.05598734445610465
979,0.055662742113191575,0.055986900006209456
980,0.05566256051700108,0.055986955173013865
981,0.05566216198475495,0.05598683110953373
982,0.05566120332928007,0.055986767642584825
983,0.055660792234619956,0.0559867922978056
984,0.055659738524486725,0.055986828669836425
985,0.0556594884677392,0.05598666541718883
986,0.05565864683113774,0.05598673178615511
987,0.05565854564517037,0.05598676099628808
988,0.055656778164208616,0.055986821618088586
989,0.0556565629452768,0.055986527838421236
990,0.055655658501571365,0.055986419466446766
991,0.05565504800818978,0.055986542341559115
992,0.055654614123599844,0.05598647934304126
993,0.05565400598021201,0.055986391934419795
994,0.05565256677027293,0.05598639466302579
995,0.05565210034889351,0.05598634100423609
996,0.05565146832521259,0.05598602311366068
997,0.05565063543250364,0.055986185181598945
998,0.05565034720509283,0.055986111123776924
999,0.05564954711665578,0.05598605340493259
1000,0.05564835580127431,0.05598567238715236
1001,0.05564801672536944,0.05598564654350267
1002,0.05564743283537506,0.055985055663017
1003,0.055647233112241394,0.0559849926798946
1004,0.05564691633403702,0.055984846012192675
1005,0.05564686988774848,0.05598484203111814
1006,0.055646501778151024,0.05598484395321834
1007,0.05564619311547502,0.05598481748055736
1008,0.05564564318570887,0.05598487763157596
1009,0.05564544840750185,0.055984788524068976
1010,0.05564519024331267,0.05598480785025973
1011,0.05564494452228894,0.05598479102466759
1012,0.05564471442264333,0.0559848201829137
1013,0.0556446109591046,0.05598476213589564
1014,0.055644484869255044,0.05598472229472996
1015,0.05564370428235413,0.05598445850343851
1016,0.05564238355974367,0.05598396159736543
1017,0.05564201430843336,0.05598392375432921
1018,0.05564077143890156,0.05598363229210142
1019,0.055640340137293326,0.05598333766673769
1020,0.05564031216622508,0.05598333172966978
1021,0.05563929518020147,0.05598317306922825
1022,0.05563827372588294,0.05598315085204597
1023,0.055637224918974895,0.05598268585462219
1024,0.05563688065804871,0.05598262951751832
1025,0.05563640491167121,0.05598243160387203
1026,0.05563609840304579,0.05598225541473632
1027,0.05563604071711244,0.055982256500622676
1028,0.05563516070329255,0.055982293110259373
1029,0.05563483471204042,0.055982327288245815
1030,0.05563386125635883,0.05598209073939498
1031,0.05563348907394804,0.05598210751326002
1032,0.05563318171727947,0.05598209647005218
1033,0.05563272705296318,0.05598206076575483
1034,0.055631741729735576,0.0559819735848411
1035,0.055630748685849385,0.05598147288891536
1036,0.05563066174096446,0.055981403339537834
1037,0.05562976767491216,0.05598152560335647
1038,0.05562899092277711,0.05598119942954311
1039,0.055628376755237324,0.05598105873330666
1040,0.05562823202143878,0.05598105337366625
1041,0.055627333234885404,0.05598034488508464
1042,0.055626748864967546,0.055980495573067605
1043,0.05562563594690713,0.05598056019997358
1044,0.05562528532378371,0.055980567221699626
1045,0.05562457606567398,0.05598047178975935
1046,0.05562399972954161,0.055980481288903795
1047,0.05562378022766863,0.05598048345841269
1048,0.055622921016187966,0.05598028880471435
1049,0.05562261198536575,0.05598023626664913
1050,0.05562174368597271,0.05598013637723195
1051,0.05562111365410047,0.05598001788877041
1052,0.05562072469550488,0.0559797652630867
1053,0.05562021437411931,0.05597983551510361
1054,0.055619953622851784,0.05597982363415853
1055,0.055619312789717684,0.055979839052475576
1056,0.05561905574527509,0.05597978022589516
1057,0.055618981237339625,0.0559797800399936
1058,0.05561815199419714,0.05597943763731027
1059,0.05561726034145521,0.055979401692401634
1060,0.05561642944206342,0.05597949298235605
1061,0.05561604789809354,0.05597949008938594
1062,0.05561548275061162,0.05597909854841495
1063,0.055615016949243444,0.05597911344103523
1064,0.05561468198549956,0.05597912934570245
1065,0.05561462800837304,0.05597909215237364
1066,0.05561382142571422,0.055978567358232284
1067,0.05561375050456254,0.055978643001846635
1068,0.05561310100783614,0.055978700131098645
1069,0.0556120901065447,0.055978726044650325
1070,0.0556115708645131,0.05597869125932949
1071,0.055611444906065954,0.055978726344718684
1072,0.05561123124376506,0.05597874075486636
1073,0.0556110241322202,0.055978699020898956
1074,0.055610881870798025,0.05597867024429846
1075,0.05560986473356806,0.055978404159198906
1076,0.05560909402157956,0.055978345799962706
1077,0.055608510426987764,0.05597841404222335
1078,0.05560831987748554,0.055978437553888594
1079,0.05560823554992208,0.055978450544862356
1080,0.05560790809042388,0.055978643263430064
1081,0.05560753095885889,0.05597866362094885
1082,0.055607066484541785,0.05597865484621868
1083,0.05560629534569638,0.05597829171450468
1084,0.05560559154205782,0.05597784763313929
1085,0.05560519832454512,0.055977728544578505
1086,0.055605156338717265,0.055977769480886376
1087,0.05560503351389448,0.05597775542680049
1088,0.055604876426305204,0.055977792169993275
1089,0.055604786891042104,0.05597777878857544
1090,0.05560429061793652,0.055977960745823126
1091,0.055604204017830304,0.05597796795871666
1092,0.055603372360152996,0.05597789338150225
1093,0.055602558426973245,0.055978260404966694
1094,0.0556021822031083,0.05597811645229941
1095,0.055601862822534945,0.055977761940649184
1096,0.055601714811244186,0.05597783376196301
1097,0.055601282122878654,0.05597783268213617
1098,0.05560091879850056,0.0559778340669864
1099,0.055600610454042146,0.05597783350248889
1100,0.05559965849389782,0.05597823403668471
1101,0.05559886409321111,0.05597835609876134
1102,0.05559842361386426,0.05597844903675314
1103,0.055598253803911084,0.05597855299654154
1104,0.05559816148433525,0.055978578119851685
1105,0.055597823779836165,0.05597853278575425
1106,0.05559774822035304,0.05597852619344397
1107,0.05559687037923159,0.055978685993846505
1108,0.05559649898204957,0.05597871055576348
1109,0.05559592413945008,0.055978564155553245
1110,0.05559583737510699,0.05597854027078258
1111,0.05559568020526111,0.05597856762074443
1112,0.055595439362546795,0.05597848332340687
1113,0.05559496091662268,0.05597824107067648
1114,0.05559428197932745,0.05597843334199098
1115,0.05559423504119159,0.05597846673459015
1116,0.05559265878596369,0.05597766458752522
1117,0.055592049867907445,0.05597775147154223
1118,0.055591656625830085,0.0559778183332808
1119,0.055591563291910805,0.05597782968146089
1120,0.055591257372640465,0.05597785755447031
1121,0.05559060750419315,0.05597741445088644
1122,0.05559042153344242,0.0559773373353944
1123,0.05559022187325252,0.05597743046563364
1124,0.055590041046726456,0.05597745633034329
1125,0.055589052258489376,0.055977587587815895
1126,0.05558878395932537,0.05597750171978588
1127,0.0555877681999703,0.05597655966938975
1128,0.05558775222909655,0.055976561476334646
1129,0.055586453675138474,0.0559766548117028
1130,0.05558631105012993,0.05597662367016437
1131,0.05558545630155507,0.0559765419572301
1132,0.05558534989399842,0.055976539691925654
1133,0.05558428801680855,0.05597660800074922
1134,0.055583601415287426,0.05597650232206926
1135,0.05558324678596361,0.055976591676548365
1136,0.05558309333837652,0.05597659862781245
1137,0.055582606086341656,0.05597660106683954
1138,0.05558209728117526,0.05597662388758782
1139,0.055580930712276114,0.05597619258903802
1140,0.055580435355018054,0.0559759938488071
1141,0.05558009788497294,0.05597596326097792
1142,0.05557919869844634,0.05597617629897341
1143,0.05557892557343547,0.05597633781671784
1144,0.05557855141496474,0.05597634873255675
1145,0.05557778649921464,0.055975957985839896
1146,0.055576534168985364,0.0559752549048789
1147,0.05557613316883133,0.0559752409122217
1148,0.055575988223206814,0.055975259091765955
1149,0.055575470191183175,0.05597536607716153
1150,0.05557513921041287,0.05597516836814185
1151,0.055574550124800656,0.05597519473296328
1152,0.05557421950288869,0.05597514524681263
1153,0.05557381983947696,0.055975118077569094
1154,0.05557268559718997,0.05597457246990777
1155,0.05557208261981284,0.05597450961118122
1156,0.055572011080704066,0.05597458871279838
1157,0.05557115614731476,0.05597432477093444
1158,0.055570427659666945,0.05597429095310922
1159,0.05557022220247865,0.05597428923371342
1160,0.0555693600750919,0.055974030744776596
1161,0.05556905974509354,0.055974000030313796
1162,0.05556820899109782,0.05597368185460723
1163,0.055567715384994026,0.05597362163564616
1164,0.05556687933549718,0.055972909796604034
1165,0.05556614166897832,0.05597302602270932
1166,0.05556567124960852,0.055972749471841096
1167,0.055565133182101295,0.05597302040081699
1168,0.05556499395860868,0.05597302486369202
1169,0.05556484429101755,0.05597301233398193
1170,0.05556401933757978,0.05597341683362009
1171,0.05556373501907638,0.05597342480706076
1172,0.05556336724275936,0.055973491656553555
1173,0.055563042999183784,0.05597347934497933
1174,0.0555628523699352,0.05597347612768753
1175,0.05556231344020921,0.05597352928639234
1176,0.055561358750635934,0.05597326921873537
1177,0.05556101531479584,0.05597326077958424
1178,0.05556060138176046,0.05597324542557817
1179,0.05555976844763443,0.05597314334588423
1180,0.05555969915931469,0.05597313636364623
1181,0.055559275686179806,0.055973195237897524
1182,0.05555917830061785,0.055973348696102515
1183,0.055558635783413954,0.05597312733236729
1184,0.055558381379270334,0.05597318763991957
1185,0.05555813472249279,0.05597319633818769
1186,0.055557143753843866,0.05597341319213424
1187,0.05555663700308447,0.055973461051597444
1188,0.05555580350108207,0.05597306758880587
1189,0.05555486939445025,0.055973156740114716
1190,0.055554695926855746,0.05597316446371111
1191,0.05555392952524308,0.05597256262991886
1192,0.05555347622090705,0.055972654909084575
1193,0.05555340604746233,0.055972639992644055
1194,0.05555318768441597,0.05597256962349438
1195,0.05555316072611475,0.05597256955410649
1196,0.05555275627771866,0.05597252573847058
1197,0.05555274891405856,0.05597252291842274
1198,0.05555196018245569,0.05597252979101398
1199,0.0555508579759597,0.05597278530178619
1200,0.05555063806697573,0.05597269752998146
1201,0.05554984523352987,0.05597254046419367
1202,0.0555495535955938,0.05597242423726908
1203,0.05554933710066424,0.05597236799482234
1204,0.055548883727381024,0.05597234214318245
1205,0.05554863781878824,0.05597227902510006
1206,0.0555480197308746,0.055972336237166284
1207,0.05554719598831347,0.055972431256696445
1208,0.055546741958605705,0.05597247169244551
1209,0.055546229008541996,0.055972548761664846
1210,0.05554588691558313,0.0559725419257166
1211,0.05554519020739683,0.055972017661507494
1212,0.05554499657926405,0.05597196057029458
1213,0.055544457826202376,0.05597156122617119
1214,0.05554358244752989,0.05597172849571462
1215,0.055543392355048134,0.05597166848895817
1216,0.055542706571443265,0.055971646178841795
1217,0.05554246432541961,0.05597166494276585
1218,0.05554195070008394,0.055971642332685825
1219,0.055541421528897725,0.055971545300702676
1220,0.05554094773471004,0.05597142750869674
1221,0.05554020574373555,0.055971456635250084
1222,0.05553936942242073,0.05597189198673725
1223,0.05553919265690186,0.05597188129086812
1224,0.055538056173739164,0.05597174585879588
1225,0.05553761342599155,0.05597187721710267
1226,0.0555374127939646,0.05597170504409039
1227,0.055536516546674,0.05597091838480853
1228,0.05553633786787619,0.05597090640718242
1229,0.05553563701489559,0.05597091438565199
1230,0.05553556447913212,0.05597092892166925
1231,0.055535261420435085,0.05597085945397544
1232,0.05553487686380702,0.055970856157187526
1233,0.055534797666576305,0.05597083084853738
1234,0.05553447271321435,0.05597076884062411
1235,0.05553385696883745,0.05597091129872216
1236,0.05553376179196687,0.05597092377731449
1237,0.055533405206485704,0.055971146561935275
1238,0.05553322584961233,0.055971144287327565
1239,0.05553308191229851,0.05597117189230723
1240,0.055532455568012694,0.05597073054268091
1241,0.05553224926539731,0.05597069662610372
1242,0.05553172795968246,0.05597069480294921
1243,0.05553149568085068,0.05597065078428907
1244,0.05553101794342991,0.055970614199519014
1245,0.055530585449116196,0.05597073102457151
1246,0.05552991345633948,0.05597072313818283
1247,0.05552962060933065,0.05597072563073507
1248,0.055528719740423615,0.05597102128397009
1249,0.05552865127898041,0.055971005121221655
1250,0.05552781087963896,0.05597032202190482
1251,0.055527684264109145,0.05597034259772262
1252,0.05552687090794003,0.055970035770881645
1253,0.05552623003979936,0.05596996085526785
1254,0.05552593248040505,0.05596994049748125
1255,0.05552566388279029,0.0559699081179076
1256,0.05552515074448532,0.055969745485904616
1257,0.05552500223245273,0.055969697175854524
1258,0.05552434027449749,0.05596957241745335
1259,0.055524195978842304,0.05596963251485963
1260,0.055524167466066095,0.055969612324144886
1261,0.05552379310336661,0.055969465834653245
1262,0.05552360238378318,0.05596940671157673
1263,0.05552337116788393,0.055969391995367115
1264,0.055522399590029504,0.055969063372502834
1265,0.05552136174846022,0.055968943442483106
1266,0.055520892976545826,0.05596877440787567
1267,0.055520107180560004,0.055968349381279744
1268,0.05551993083371448,0.05596833745681573
1269,0.055519524070832924,0.055968388237028634
1270,0.05551829197745607,0.05596797902888942
1271,0.055517490040108496,0.05596802279677806
1272,0.05551688319755859,0.05596797467028124
1273,0.05551649101110819,0.05596796177477391
1274,0.055516354622285435,0.05596796330206938
1275,0.05551594882629951,0.05596794611497346
1276,0.055515369666168476,0.055968142772641186
1277,0.05551513443563395,0.055968096307680695
1278,0.05551477151862435,0.05596799790381806
1279,0.05551402311381123,0.05596800532184139
1280,0.05551365795280527,0.05596790415141888
1281,0.05551284285048027,0.055967828932668086
1282,0.05551271825001466,0.05596783320858281
1283,0.0555122707238027,0.055967758879448846
1284,0.05551220002980041,0.05596776192530592
1285,0.055511771581560496,0.05596766467944499
1286,0.055511480156641306,0.055967666212514214
1287,0.055510977463534256,0.05596763193580221
1288,0.055510933827220596,0.05596763512054306
1289,0.055510452225167,0.055967534845086216
1290,0.05551044713699376,0.05596752152957321
1291,0.05551008982452033,0.055967588954312704
1292,0.05550975034927386,0.05596764445194463
1293,0.05550952706480582,0.05596770574589329
1294,0.055509095975767975,0.05596764002147206
1295,0.05550850183445582,0.05596766989737086
1296,0.055508472067013113,0.05596766655549089
1297,0.05550842603237043,0.05596766441507081
1298,0.05550833114433475,0.05596760842153284
1299,0.05550764879398239,0.05596746611743599
1300,0.05550690575810346,0.055967407110683105
1301,0.05550590679532702,0.0559671569007546
1302,0.055504903633962106,0.0559665420780192
1303,0.05550488470144906,0.055966546765764444
1304,0.05550394683147139,0.05596626423015079
1305,0.05550381877633819,0.055966268717962626
1306,0.05550317006441394,0.055965948003403425
1307,0.055502648492259415,0.05596596614434242
1308,0.05550140457892504,0.055965811481636346
1309,0.055500757417095876,0.0559655503498817
1310,0.05550041660992427,0.0559655301487989
1311,0.05549977236118695,0.05596560634246417
1312,0.055498790276868167,0.05596555893957981
1313,0.055498254432258566,0.05596545998450723
1314,0.0554980751677641,0.05596556823432535
1315,0.05549787231107792,0.055965547907301114
1316,0.05549723607147081,0.05596550310061819
1317,0.0554966504588666,0.055965365622659406
1318,0.05549521885791606,0.055965035392465314
1319,0.05549455284374642,0.05596513119914031
1320,0.05549442442147988,0.05596513361982836
1321,0.05549409022416692,0.05596501396029794
1322,0.055493576610489606,0.05596483348384629
1323,0.05549247902761684,0.05596472552257577
1324,0.05549165481862304,0.05596483328420485
1325,0.05549061129755737,0.05596487266103434
1326,0.05549055277420188,0.05596487470656293
1327,0.05549035360850332,0.055964937189406254
1328,0.05548970841921419,0.05596477776311005
1329,0.055489162264853835,0.05596461200442091
1330,0.055488179922487856,0.05596479189081547
1331,0.05548712891223518,0.05596467543874199
1332,0.055487093569544586,0.05596467099390227
1333,0.0554866589982179,0.0559646734008931
1334,0.0554859702559441,0.055964408344440594
1335,0.05548592468552516,0.0559644241469478
1336,0.05548549479889071,0.05596452437443355
1337,0.05548459978891237,0.055964724487184626
1338,0.05548427364992581,0.05596474676069808
1339,0.05548350347148141,0.05596489751320943
1340,0.05548349467178372,0.05596489754297985
1341,0.05548289960386361,0.05596485938389867
1342,0.055482687073685366,0.05596486275182521
1343,0.05548209567656937,0.055964736892336026
1344,0.05548167424484634,0.05596475464242512
1345,0.05548064867726262,0.055964552176933545
1346,0.055480349957610815,0.055964509857222504
1347,0.05547996394136455,0.05596454847960318
1348,0.055479269287151224,0.05596450656375858
1349,0.055479080738304765,0.0559645067342182
1350,0.055478974377325865,0.05596451743505836
1351,0.05547864689224565,0.05596455707673139
1352,0.05547846736627847,0.05596452105774811
1353,0.055478384869519115,0.05596454906942196
1354,0.05547833449902064,0.055964551864120735
1355,0.05547811501665989,0.05596444396747982
1356,0.05547800571944021,0.055964437750787875
1357,0.055477980286695344,0.05596443846620937
1358,0.05547796181309242,0.05596442497197442
1359,0.05547791737917312,0.05596441061605691
1360,0.05547773278688325,0.055964383206240295
1361,0.055477301375456395,0.055964312847460555
1362,0.055476991428248364,0.05596433638143985
1363,0.05547614590751627,0.05596442808619509
1364,0.05547559070654938,0.05596424542786786
1365,0.05547529391282106,0.05596419923320097
1366,0.055474687777058024,0.055964342807439255
1367,0.055474351097520906,0.05596416171059812
1368,0.05547343888461008,0.055964003041661575
1369,0.0554729100627286,0.05596396630597078
1370,0.055472217059643295,0.05596406166128582
1371,0.05547144873959379,0.05596391117413297
1372,0.055470745674486704,0.05596389560259165
1373,0.05547002431729464,0.055963748269139434
1374,0.05546939359220352,0.0559636607727905
1375,0.05546879512918845,0.0559633206279555
1376,0.05546847251061104,0.05596334611351517
1377,0.05546846575647466,0.055963344129253315
1378,0.05546748367368209,0.05596342551734617
1379,0.05546672377511847,0.05596311835947393
1380,0.05546639618919324,0.05596312612531504
1381,0.05546631724622596,0.055963136852348584
1382,0.05546552303289847,0.055963395621206835
1383,0.055464539748081826,0.05596257713420752
1384,0.05546393533914325,0.0559621169225209
1385,0.055463748527830495,0.05596216749554045
1386,0.05546302233658363,0.05596218417359617
1387,0.05546286711381904,0.055962189827507586
1388,0.055461733175026895,0.05596213772739801
1389,0.05546090213830098,0.05596242795917285
1390,0.05546074990499898,0.055962487936657423
1391,0.05546025268923797,0.055962546666977905
1392,0.05545976726839274,0.05596249555435658
1393,0.05545893618361924,0.05596244622439657
1394,0.055458064237679884,0.05596240482937918
1395,0.055456981961603875,0.05596263617053143
1396,0.0554564986448437,0.05596243514936348
1397,0.05545596964625249,0.055962354023020314
1398,0.05545569196659524,0.055962307409369465
1399,0.05545483604113719,0.055962187049163746
1400,0.05545452109932463,0.05596217755409137
1401,0.055454281529639986,0.055962213416837554
1402,0.05545382089916643,0.055962170722710924
1403,0.05545371387567265,0.055962170087145054
1404,0.05545310783394739,0.05596191755865918
1405,0.05545259020796271,0.0559619465513219
1406,0.055451659289469296,0.055962254688135225
1407,0.05545162328267041,0.05596218026136178
1408,0.05545132144554509,0.0559622979803525
1409,0.05545079042817437,0.05596217073637872
1410,0.05545025631346805,0.05596217800752098
1411,0.05544941924374872,0.05596170760670894
1412,0.055449337749069585,0.0559617069168977
1413,0.05544917885483157,0.05596190524978697
1414,0.05544881903095634,0.05596175452350058
1415,0.055447918266034055,0.05596181964399912
1416,0.055447818121429085,0.055961640216254334
1417,0.0554476432274671,0.055961678025606434
1418,0.05544706662421301,0.05596165247145913
1419,0.055446799816855956,0.05596165350107168
1420,0.055446695364044556,0.055961693029520906
1421,0.05544652064742329,0.05596170255766255
1422,0.055446471995536595,0.05596170585824651
1423,0.055445304090539965,0.05596159941840916
1424,0.055445180408298496,0.05596160609604351
1425,0.05544506313549328,0.0559616090626602
1426,0.05544449953854565,0.055961389589628485
1427,0.05544432543658147,0.05596144605121855
1428,0.05544363502102589,0.05596160165099512
1429,0.055443222345813344,0.055961321738087724
1430,0.05544288134965403,0.055961100924935794
1431,0.055442136884923866,0.05596097577427285
1432,0.0554419957538695,0.05596097510141082
1433,0.05544164326573575,0.05596116508781945
1434,0.0554412985046839,0.055961223244840534
1435,0.05544113928918984,0.05596122028181073
1436,0.0554408003485969,0.055961181868276505
1437,0.055440766006241454,0.055961179264302885
1438,0.05544005061432313,0.0559612439548373
1439,0.055439306230747366,0.05596132775264954
1440,0.05543895609616739,0.0559612387269551
1441,0.055438568617557055,0.05596115314051039
1442,0.05543828273699151,0.05596128726809019
1443,0.05543790587351031,0.05596128229084116
1444,0.0554375925687507,0.05596125820107034
1445,0.05543719130307196,0.05596104646337348
1446,0.055436631482767486,0.05596133302482775
1447,0.05543662099663418,0.055961333645344745
1448,0.05543624689298221,0.05596130231754838
1449,0.05543564036542361,0.05596130723466461
1450,0.055434406164051854,0.05596109426760328
1451,0.05543439609326981,0.05596109197778025
1452,0.055434291875070756,0.055961128627609553
1453,0.05543355487464367,0.05596110896981688
1454,0.05543300061921815,0.05596115692616413
1455,0.05543295610850317,0.05596115830356744
1456,0.05543278242251385,0.05596105783673455
1457,0.05543256880706074,0.055961077589257086
1458,0.055431930018754766,0.05596115875534365
1459,0.055431038134027694,0.05596037949077579
1460,0.05543096492412541,0.05596040887679242
1461,0.05543089188698373,0.055960442739141025
1462,0.05543073526557208,0.05596039084932018
1463,0.05542957212428463,0.055960249436769825
1464,0.05542914186364865,0.055960204982343935
1465,0.055429083763322104,0.0559602472811336
1466,0.055428162864405016,0.05596055886432731
1467,0.05542711553674917,0.055960353079509625
1468,0.05542656714260579,0.05596026390734362
1469,0.05542581843416275,0.05596046910014854
1470,0.055425672888608335,0.055960469273660836
1471,0.05542482639230882,0.05596062037634727
1472,0.05542413406702157,0.055960752508684694
1473,0.05542390961414683,0.05596072345569775
1474,0.05542323420330867,0.055960768034080184
1475,0.05542277847520761,0.05596067000395509
1476,0.055422407274366606,0.055960738758873654
1477,0.055421429401459804,0.05596070611861402
1478,0.05542125922409615,0.055960755910336155
1479,0.055420941733515555,0.055960873454914004
1480,0.05542079507489936,0.055960875271089
1481,0.0554206766543907,0.05596090975019614
1482,0.055420482221153776,0.055960969189696126
1483,0.05542030274246612,0.05596096527271437
1484,0.055419757665625104,0.055960995034620147
1485,0.055419145695254135,0.05596042889729985
1486,0.05541839504426777,0.05596017930147731
1487,0.055417633035711344,0.055960314740983404
1488,0.0554169065377606,0.0559602285686702
1489,0.05541669907705302,0.055960228848485755
1490,0.05541591919129215,0.05596026449098898
1491,0.05541508225283283,0.055960351725194445
1492,0.05541427595581684,0.055960320987574835
1493,0.05541403797805708,0.055960320539079775
1494,0.055413832092517726,0.05596036775141677
1495,0.055413162747760564,0.05596033255925966
1496,0.05541265501429524,0.055960205448153055
1497,0.05541211974223962,0.05596030292625751
1498,0.0554111960302064,0.055960408846948244
1499,0.055411098480128144,0.05596048095818204
1500,0.05541090085187399,0.055960535604200785
1501,0.05541027878302938,0.05596075530570825
1502,0.05540963783806087,0.055960877458584087
1503,0.0554093503895438,0.055960863092923765
1504,0.055408477449243064,0.055960125657687876
1505,0.05540753996452489,0.05595998931060425
1506,0.05540682620763026,0.05596010377496709
1507,0.055406529567622896,0.055960198434084056
1508,0.05540613036644454,0.05596027258553769
1509,0.05540556839964193,0.0559604642258627
1510,0.055405118285358324,0.055960302041658645
1511,0.055404191457901555,0.055960259954650766
1512,0.05540413746056851,0.05596026470043536
1513,0.05540402658732221,0.05596027338040013
1514,0.055403523556308454,0.05595999314269415
1515,0.05540266526984369,0.05596021012488414
1516,0.05540230977603064,0.05596020774456772
1517,0.05540127756394908,0.055960024997458495
1518,0.055400545883636555,0.05596019544108228
1519,0.05540025400319233,0.055960165701207286
1520,0.05539899280540683,0.05596039920071916
1521,0.05539821759797638,0.055960134356583334
1522,0.05539748654562309,0.055960215999555266
1523,0.05539725339783349,0.05596018540659846
1524,0.05539717043347528,0.05596016890687452
1525,0.05539625264386069,0.05596007432378321
1526,0.05539566396675085,0.055960275865185836
1527,0.05539493184513113,0.05596012536943392
1528,0.055394836682015364,0.05596010574196847
1529,0.05539393755092052,0.0559603327067223
1530,0.05539327108662981,0.0559604031201887
1531,0.0553927742492081,0.05596042860985081
1532,0.055392153371325685,0.05596036465442804
1533,0.055391832488378104,0.055960480160394455
1534,0.0553906412084331,0.05596074639631692
1535,0.055390215693115225,0.05596095766964251
1536,0.05539019994283546,0.05596094176020332
1537,0.05538995144557716,0.055960904002442656
1538,0.05538978348012599,0.05596091012469898
1539,0.05538963468499737,0.05596084311483699
1540,0.05538922855092449,0.05596064674730631
1541,0.05538869552476768,0.05596042296920318
1542,0.05538861205928469,0.05596047746658404
1543,0.055387645438317236,0.05596020586572784
1544,0.05538700628418096,0.05596018917737343
1545,0.05538680796715624,0.055960114397050446
1546,0.05538615199982178,0.05595970736207895
1547,0.05538572157378759,0.05595976061844732
1548,0.05538539951410533,0.055959816121996214
1549,0.05538486639124562,0.05595942245600159
1550,0.055383940105532964,0.05595922502314347
1551,0.05538354427236629,0.055959183710381416
1552,0.05538301849341973,0.05595903807176363
1553,0.05538280575070158,0.05595891885097212
1554,0.05538275629269391,0.05595893129029691
1555,0.05538244642934521,0.05595898560179467
1556,0.05538184823523027,0.05595834040471157
1557,0.05538142762800707,0.05595835606513313
1558,0.05538049748946568,0.055958405389598634
1559,0.0553797423455065,0.05595827334945228
1560,0.055379400398157655,0.05595833243896168
1561,0.05537930253278771,0.055958334165468006
1562,0.05537878080879266,0.05595830519531605
1563,0.055378251540385004,0.05595849523927034
1564,0.05537718571841304,0.05595843573756237
1565,0.05537669220762434,0.055958519599890184
1566,0.05537653804305081,0.05595848448451564
1567,0.05537602741055328,0.055958460309883995
1568,0.05537555859550886,0.055958660722526976
1569,0.05537525252170353,0.05595861926227859
1570,0.05537405018370502,0.055958316627717386
1571,0.055373105644203155,0.05595817558619323
1572,0.055372269195406214,0.0559584328605847
1573,0.055371935532524987,0.05595846009171701
1574,0.055371581100488024,0.055958331114767515
1575,0.0553714785269532,0.05595829983722677
1576,0.05537073015764843,0.05595833675622258
1577,0.05537052094186178,0.05595824397556216
1578,0.05537007747194304,0.055958276004819174
1579,0.05536995964933876,0.05595832653950134
1580,0.05536987835818287,0.05595831510107333
1581,0.055369046614234106,0.055958309422136164
1582,0.055368749715036934,0.05595831036066283
1583,0.05536866751099173,0.05595831271501941
1584,0.055367921057904494,0.0559581904681981
1585,0.055367727168192014,0.055958180218868704
1586,0.05536762860542805,0.05595820472811854
1587,0.05536679279020796,0.05595832270255599
1588,0.05536625861954069,0.05595826839894454
1589,0.05536495580583794,0.05595801059247776
1590,0.05536468759995406,0.05595799313946528
1591,0.05536465855013393,0.055957990044755365
1592,0.05536436010456207,0.055958094595123534
1593,0.055363587358475005,0.05595772294653629
1594,0.055363236963531424,0.05595775566975808
1595,0.05536267214341633,0.05595768681483019
1596,0.055362344277264046,0.055957605467883455
1597,0.05536218076239832,0.05595760940685674
1598,0.05536129541472489,0.05595764177206505
1599,0.05536111051388463,0.05595765940799086
1600,0.055360914732913644,0.055957777549088115
1601,0.05536020248879961,0.055957688620240545
1602,0.05535998930379381,0.05595764607807407
1603,0.0553599575084811,0.055957647784721655
1604,0.055359442798118316,0.055957096070118235
1605,0.05535880245970406,0.05595718900879765
1606,0.05535832763216081,0.05595701742582535
1607,0.055358173224856526,0.05595701611872793
1608,0.055357463966629473,0.05595670184028361
1609,0.05535664514138686,0.05595667259466986
1610,0.05535632582139494,0.05595674608382065
1611,0.05535549381162398,0.05595622146008745
1612,0.05535503784531215,0.055956186235704794
1613,0.055354142092013975,0.05595614178441122
1614,0.055354014365865185,0.05595617918222367
1615,0.05535345857886057,0.05595625847322568
1616,0.055353044566591264,0.05595626137176991
1617,0.05535297309682647,0.055956277860302266
1618,0.055352708635810065,0.05595628354524254
1619,0.05535234594809285,0.0559562922845127
1620,0.055352022396797686,0.05595621580907484
1621,0.055351113372684474,0.05595620340653709
1622,0.05535111059697703,0.055956203446090605
1623,0.05535082343411967,0.05595626199197004
1624,0.05535048342157378,0.055956237605219124
1625,0.055349924622908414,0.05595625609120296
1626,0.05534958717255859,0.05595620794219861
1627,0.055349470117542744,0.05595618673272441
1628,0.05534915716976479,0.055955886282429
1629,0.055349138429648705,0.05595588681747748
1630,0.05534833989026955,0.055955879123549705
1631,0.055348213523598255,0.0559558147632145
1632,0.055347540050920574,0.05595540618439872
1633,0.055347502814918625,0.055955417013405055
1634,0.05534728424779599,0.05595532328637254
1635,0.05534681750899173,0.055955175685990295
1636,0.05534598828224024,0.05595460331209752
1637,0.055345908805900595,0.05595458545312628
1638,0.055345624592662505,0.05595435634384559
1639,0.05534521888682417,0.055954201258024215
1640,0.05534501361340203,0.055954187712985715
1641,0.055344734619371665,0.055954196747467835
1642,0.055344104855701626,0.05595410161248116
1643,0.05534349115784549,0.055954126443106426
1644,0.05534322711566641,0.0559540621631083
1645,0.055342950784985794,0.055954114018463556
1646,0.055342719301385956,0.0559541321935569
1647,0.05534229249775887,0.055954217951981036
1648,0.05534154142050587,0.05595371245352987
1649,0.05534099525155688,0.05595357497530575
1650,0.05534088476442729,0.05595358144982481
1651,0.055340624334235713,0.05595360901388898
1652,0.05534039744874857,0.05595346484793989
1653,0.05533971522261288,0.055953462499844064
1654,0.05533970330932779,0.05595348249939948
1655,0.055339333767620215,0.05595347491174598
1656,0.055339196777093126,0.05595347434453617
1657,0.05533916439863713,0.055953497310156045
1658,0.05533852387359884,0.055953588934150034
1659,0.055338471065200644,0.05595368589988874
1660,0.05533803358602263,0.05595379148090065
1661,0.05533792919126611,0.05595386123989206
1662,0.05533784727583527,0.05595384674449071
1663,0.05533740212770177,0.055953691316424276
1664,0.05533634016793778,0.05595367599478432
1665,0.0553360662623106,0.05595360184782353
1666,0.05533537224902735,0.05595323468977287
1667,0.055335076703141035,0.055953179672273735
1668,0.055334538384286765,0.055953311399980304
1669,0.05533443231769926,0.0559533395239433
1670,0.0553340231671299,0.0559532974406465
1671,0.055333775313019584,0.05595330218730259
1672,0.05533371995312455,0.05595332208843514
1673,0.05533359552617272,0.05595331724137445
1674,0.055332932236100064,0.055953454253173385
1675,0.0553325591126885,0.05595342106267715
1676,0.055332427387701846,0.05595341939994753
1677,0.055332229607553435,0.05595342005300409
1678,0.05533199423132712,0.05595350938072441
1679,0.05533194018578784,0.0559535202660885
1680,0.05533132123681557,0.05595341892202548
1681,0.05533110428288652,0.05595341509491828
1682,0.05533044752826554,0.055953500261363975
1683,0.05532996429530393,0.05595323168285
1684,0.05532942119816638,0.055953385921769454
1685,0.05532883445739737,0.05595360811823907
1686,0.055328160395671684,0.05595356734294699
1687,0.05532782920671656,0.0559536417511637
1688,0.05532758939295108,0.05595349633270813
1689,0.05532664084061311,0.055953788294664214
1690,0.055326397903005,0.055953747634682055
1691,0.055326281699393506,0.05595370835754468
1692,0.05532595502909705,0.05595357177380287
1693,0.05532591198320583,0.05595357224549534
1694,0.05532485502347107,0.055953799630941485
1695,0.05532473906444261,0.05595377706010086
1696,0.05532446913744929,0.05595389439676918
1697,0.05532421538503257,0.05595389813647801
1698,0.055323023899399616,0.05595372988977779
1699,0.05532213282403195,0.05595372800227134
1700,0.05532182291387819,0.0559536524239118
1701,0.0553211634817851,0.05595366592947755
1702,0.05532091949193005,0.05595363886189119
1703,0.05532027721618965,0.05595358983651804
1704,0.05531970878068139,0.05595322584632769
1705,0.05531940454556079,0.05595310781784544
1706,0.05531920669737928,0.05595314359933697
1707,0.05531906414712352,0.055953158205866674
1708,0.055318416484832135,0.055953297034867136
1709,0.05531793202379266,0.05595365459832828
1710,0.05531753905959839,0.05595351221973395
1711,0.05531748436972254,0.05595350527114859
1712,0.05531717208403887,0.05595353088610443
1713,0.05531686369510321,0.055953491819543955
1714,0.055316608755603895,0.05595350696966106
1715,0.055315470774526726,0.05595370331114165
1716,0.055314653335966676,0.05595378707294842
1717,0.05531436314950162,0.055953855206285506
1718,0.055314095691930465,0.055953843665590586
1719,0.05531407445294007,0.05595384249038668
1720,0.05531365629549252,0.05595376917976672
1721,0.055313318155865904,0.0559538145969116
1722,0.05531268575904412,0.055953361884500584
1723,0.05531154552603425,0.055953299537932655
1724,0.05531070525344912,0.05595351104347652
1725,0.055309901985033785,0.055953451206771754
1726,0.0553093967462639,0.05595373022514167
1727,0.05530928052630059,0.05595368998164981
1728,0.05530916581249277,0.05595382194404116
1729,0.05530902002915877,0.05595382121225805
1730,0.05530873478865788,0.055953661503166
1731,0.055307875015053916,0.05595376826368436
1732,0.05530703413969014,0.05595381682300748
1733,0.05530626429011713,0.05595377612621901
1734,0.0553056591275393,0.05595362365764753
1735,0.055305641405309226,0.05595362370371361
1736,0.055305356399631585,0.055953625096686235
1737,0.055304536976595084,0.05595341850074953
1738,0.055304077597499855,0.05595336679777428
1739,0.05530359866205052,0.055953049696862954
1740,0.05530348404199756,0.0559530309955851
1741,0.055302854234353736,0.055953117616345485
1742,0.05530272966076075,0.05595309140633058
1743,0.05530225757343134,0.05595282047117698
1744,0.05530142996669359,0.05595289333555819
1745,0.055300808563851105,0.05595297795811919
1746,0.05530013494893213,0.05595281616771522
1747,0.055300118495358055,0.05595280030793912
1748,0.055299434735289546,0.05595221700803186
1749,0.05529919989272359,0.05595222281724896
1750,0.05529914587955128,0.05595218360931374
1751,0.05529901605596911,0.055952198406595426
1752,0.05529875423769321,0.05595228495653572
1753,0.05529817023937419,0.05595204420069736
1754,0.055298021183894486,0.055952043945090436
1755,0.05529765482206619,0.05595217884352847
1756,0.055297608471597676,0.05595218831918557
1757,0.05529696585591683,0.0559523736964951
1758,0.05529680711777152,0.055952278410308136
1759,0.05529674436198988,0.05595226257592065
1760,0.05529615553427442,0.05595222824184254
1761,0.05529566698768018,0.055952124840480004
1762,0.055295107537148794,0.0559521563476847
1763,0.055294745327604145,0.05595203130965992
1764,0.05529448520953544,0.05595207663502229
1765,0.055293764839968416,0.055952282861074495
1766,0.05529376145217321,0.055952296682737615
1767,0.055293517425086515,0.05595230691820169
1768,0.05529330973553648,0.05595227778766178
1769,0.05529253521290991,0.055952379885990375
1770,0.055292321546173646,0.05595251676741581
1771,0.055292121945014934,0.05595253502949707
1772,0.055291251015480665,0.055952655941175475
1773,0.055290173622664654,0.055952570084452154
1774,0.05529006844220775,0.05595257504242778
1775,0.05528920008647138,0.055952398176391346
1776,0.055288762046444784,0.055952170819634425
1777,0.0552882526832109,0.055952330293429366
1778,0.05528822780663377,0.055952317260502094
1779,0.05528761700583163,0.055952574954650336
1780,0.05528734719028126,0.05595257630212911
1781,0.05528732727312754,0.05595258508204135
1782,0.055287165121167416,0.05595258989926274
1783,0.055286632296093124,0.05595229084173539
1784,0.055286147202840044,0.05595232112602104
1785,0.055285851203225836,0.05595233597337995
1786,0.05528518917997076,0.05595207072298864
1787,0.05528440411653239,0.05595190644462177
1788,0.055283810463834175,0.05595214820092274
1789,0.055283430266533415,0.055952157229843515
1790,0.055282701845799725,0.05595179642720593
1791,0.05528261053466008,0.05595171213062356
1792,0.05528167988394039,0.05595170910425592
1793,0.05528144508817021,0.055951681676889936
1794,0.055281401430556584,0.05595164759210349
1795,0.05528124830513447,0.05595166020580991
1796,0.055281115094956514,0.05595168744457048
1797,0.055281002706776335,0.05595169724394297
1798,0.05528068230069657,0.05595180946735353
1799,0.05528054836754756,0.05595186691257064
1800,0.05528017716324511,0.055951834605393116
1801,0.05528012716478952,0.055951839776302734
1802,0.0552796975435182,0.05595182115020471
1803,0.05527880534058534,0.055951734058535055
1804,0.055278714234244755,0.05595170665370605
1805,0.05527831452658454,0.05595182791922518
1806,0.055277616695867025,0.05595189396544806
1807,0.05527734425742437,0.05595191664589085
1808,0.055277194918746365,0.055951957869616514
1809,0.055276503155094026,0.05595201297964582
1810,0.05527575372536043,0.055952134034138984
1811,0.05527556566902962,0.055952095625094636
1812,0.055275374200026775,0.055952027090356446
1813,0.055275225201949475,0.05595210904681278
1814,0.055274808500692316,0.05595214299583987
1815,0.05527403382491872,0.05595207384008446
1816,0.055273909530303054,0.055951985410455596
1817,0.05527381192930263,0.05595194873935966
1818,0.05527311249528297,0.055951913561146566
1819,0.05527194473578673,0.05595167885332275
1820,0.055271591853662407,0.05595158677497686
1821,0.05527129243425543,0.055951615608584686
1822,0.05527107791478442,0.05595157838062148
1823,0.05527028655060307,0.05595154872438968
1824,0.055270126161560254,0.05595153579684071
1825,0.05526942028009783,0.055951618159434925
1826,0.05526847206763114,0.05595182687647095
1827,0.05526825017535303,0.055951777416512194
1828,0.05526703516659035,0.05595177939572033
1829,0.05526660478354879,0.05595182660765123
1830,0.05526565202654727,0.05595167148831887
1831,0.05526532526478627,0.05595161038134061
1832,0.055264965040104,0.055951726403786914
1833,0.05526466347949422,0.0559517223704534
1834,0.05526400395668012,0.055951973833999795
1835,0.0552637586777322,0.055951992571150855
1836,0.05526289520091183,0.05595204735819545
1837,0.05526254232202751,0.05595206698985246
1838,0.055262483944524425,0.05595203702632368
1839,0.0552614943761262,0.055951997120990776
1840,0.05526034696875833,0.05595219453802607
1841,0.055259910674429175,0.05595231699387609
1842,0.05525975820074862,0.05595235399311127
1843,0.0552593632957182,0.055952412662855854
1844,0.055258980730869794,0.055952334078347384
1845,0.05525826079472278,0.055952552278920625
1846,0.055257825149416184,0.055952621099523515
1847,0.05525721655775211,0.05595278935205127
1848,0.05525703346176102,0.05595279637849957
1849,0.055256279148444394,0.0559528698446325
1850,0.055255920410906836,0.05595292755107056
1851,0.055255885995275277,0.055952926119119645
1852,0.05525476469893051,0.05595295590279497
1853,0.05525428351495012,0.055953044187168455
1854,0.05525342324867616,0.05595309222687599
1855,0.055253125067943124,0.05595314234192898
1856,0.055252995011756866,0.05595312691223206
1857,0.05525274217748238,0.05595312157011754
1858,0.055251945015297864,0.05595340813696021
1859,0.05525150527613207,0.05595341812849761
1860,0.055251215119643975,0.05595352965268887
1861,0.055251027134181716,0.055953515876849
1862,0.055250348490774044,0.05595367291461957
1863,0.05524973232243116,0.055953841978391934
1864,0.055249703417270334,0.055953834589915076
1865,0.05524931585790367,0.055953841421161755
1866,0.05524881756633095,0.05595377399187477
1867,0.05524848022739496,0.05595372202089349
1868,0.05524843523178273,0.055953727352879026
1869,0.055248284455475596,0.05595364609052148
1870,0.05524769950862257,0.05595369133048948
1871,0.05524672155185502,0.0559536943594781
1872,0.05524651825746525,0.055953666046550624
1873,0.055245821181334,0.05595361119607146
1874,0.05524568319450934,0.05595357132730097
