0,0.15964889909978566,0.15984508585270257
1,0.15309747755985556,0.15329107710651152
2,0.1466214674828414,0.14680906879158373
3,0.14084167733607506,0.1410334965953619
4,0.13520820277390638,0.13540649119220688
5,0.1301191119471461,0.13032345862983116
6,0.12510235592858615,0.12530906868734437
7,0.12025749024700069,0.12045765398033859
8,0.11578640519252192,0.11598465129487977
9,0.11142660792085213,0.11162227370761074
10,0.10755966735203833,0.10775745080009831
11,0.10374079387083199,0.10394007322808055
12,0.10039938049997138,0.10059788929742867
13,0.09713725451627529,0.0973371811148329
14,0.09413641828216687,0.09433896022891271
15,0.09131214722760767,0.09152259866557019
16,0.08871933518781097,0.0889335392540795
17,0.08616351042298155,0.0863760726143837
18,0.08390476375649168,0.08412012090858725
19,0.08176409677461642,0.08197983006717573
20,0.07979038092102499,0.08000760908800642
21,0.0779321400505834,0.07814769329717754
22,0.07629300643129504,0.07651218543626527
23,0.07470313092108359,0.07492776296617777
24,0.07325007679838666,0.07347510384290781
25,0.07190426477073782,0.07213186635580206
26,0.07065582443108752,0.0708888346036624
27,0.0695377154810371,0.06977374236061129
28,0.0684491790252801,0.06868642382567056
29,0.06746765136467972,0.06770594320600602
30,0.0665290963618183,0.06676705154456922
31,0.06565925524911094,0.06589674727047458
32,0.06483783370740272,0.06507274354642642
33,0.06412047254643397,0.06435775271254614
34,0.06347412333096138,0.0637148677220418
35,0.06287354544520526,0.06311458499916321
36,0.062328416741441815,0.06257202831692528
37,0.061812082338669354,0.06205472622281937
38,0.061332631666503386,0.06157344023756376
39,0.06088901381017371,0.06112928255580218
40,0.06050003545123704,0.06074240906677539
41,0.06015783434180142,0.06040227166417992
42,0.059845187697691975,0.0600926409885889
43,0.05956782747253944,0.0598175609370272
44,0.05930670131458926,0.05955920384153748
45,0.05903944188465128,0.05929213372965896
46,0.05879192058426038,0.05904404322951594
47,0.05859214481627389,0.058847079203526345
48,0.05839704336311988,0.05865462208289054
49,0.05821710624845335,0.058476004623632824
50,0.058045358073669576,0.05830690796595298
51,0.057880604035624415,0.05814433971206223
52,0.05773551572779849,0.058000573743990355
53,0.05761501259831946,0.057883557926357694
54,0.05750800854724057,0.05777818456598543
55,0.05739239808193136,0.05766569007982024
56,0.057280064623433456,0.05755407523024277
57,0.05718140153012593,0.05745684406469155
58,0.05709340767482731,0.05736933500367437
59,0.05701507579097508,0.057291481562285106
60,0.056943241104586574,0.057223457553920096
61,0.05687113836610869,0.05715399210053241
62,0.05680368795621889,0.05708884288385119
63,0.056743720962666416,0.05702982936946366
64,0.05668119336233826,0.05696818663303168
65,0.05663218879722389,0.056921796229097564
66,0.056587997603697114,0.056879849401185574
67,0.0565441923464982,0.056836192202815924
68,0.05651098664773636,0.05680716926766138
69,0.05647310377535297,0.05677448360062514
70,0.05644144178678587,0.05674751418675495
71,0.05641168400578627,0.05672148002615214
72,0.05637791494259728,0.05669140047260655
73,0.056349852381146114,0.056666108554632666
74,0.05631416930776206,0.05663250745262601
75,0.05628926491687689,0.05661173679884438
76,0.0562667970843755,0.05659211035832525
77,0.05624068713365308,0.056571647713950686
78,0.05621549424225677,0.05655048939259908
79,0.05619819163290474,0.05653763123172943
80,0.05617724914163184,0.05652002403475802
81,0.056156321785333356,0.056504407861768725
82,0.05613491019962261,0.05648702159317228
83,0.0561180662087158,0.056473280191846324
84,0.056102002100994246,0.056462153829875704
85,0.05608681887937243,0.056450244119135386
86,0.056073693179106,0.05644193962278114
87,0.05605345581452444,0.056426637495202
88,0.05604082844428493,0.056418476813666955
89,0.05602855524986523,0.056409820723343516
90,0.05601628760783396,0.056402339918239605
91,0.05600487178585681,0.05639502547702335
92,0.055991141504745164,0.05638466745387992
93,0.05597974922669332,0.05637977218920836
94,0.05596695644125129,0.056371403132933574
95,0.055952554652507064,0.056361044164032516
96,0.055939872142769104,0.05635242616391795
97,0.05592987717198558,0.05634747485906866
98,0.05591680195511706,0.056338245296139296
99,0.05590565428343099,0.0563329912082535
100,0.05589493197368808,0.05632541173870701
101,0.055884399670622475,0.05632102668930417
102,0.05587650437592165,0.05631752386616926
103,0.055868594377482116,0.05631435145623304
104,0.05585490548199163,0.05630424673771939
105,0.05584609346714477,0.05630132850109389
106,0.05583602083504987,0.05629601208361304
107,0.05582690354156752,0.05629220522372873
108,0.05581895709884388,0.05629003354709094
109,0.05581142438905777,0.05628681708366285
110,0.055804034341655886,0.056284743165510326
111,0.0557966290033899,0.05628147929415718
112,0.055787257452070534,0.05627692688092008
113,0.05577873179872378,0.0562740391685788
114,0.055771332648734497,0.05627265496906835
115,0.05576442660850965,0.05627003524609851
116,0.05575697494964711,0.05626817057011234
117,0.055750126319834815,0.056266395519562924
118,0.055743929306054964,0.05626376304989875
119,0.05573806364816382,0.05626177256333165
120,0.05572759125931857,0.05625746011780498
121,0.05571956398176503,0.05625545702347727
122,0.05571338165850026,0.05625466268677342
123,0.05570397189739757,0.056249943978121025
124,0.055698136028598834,0.05624986842862684
125,0.05569138395361052,0.056249227907635535
126,0.05568380622928292,0.05624899688277922
127,0.055677043870883305,0.05624814506208569
128,0.05566827346045724,0.05624484674068449
129,0.05565887692299717,0.05624014535855319
130,0.05565235002274077,0.056239284909496236
131,0.05564379733533466,0.05623494521265207
132,0.05563637632610727,0.056235103130942744
133,0.05563022949734771,0.05623445141696014
134,0.055625415033890284,0.05623354755565961
135,0.05561783372464425,0.05623116825397947
136,0.05561093518967846,0.05623031425625686
137,0.05560361855142983,0.056229535276507335
138,0.055596963188904974,0.05622903685241698
139,0.05558914527137772,0.056227536781332514
140,0.05558199358765461,0.05622599645145422
141,0.05557459298378112,0.056224941860708144
142,0.055567425224505064,0.056223413497628515
143,0.05556233979319579,0.056222330183678344
144,0.05555604538096384,0.056221283873505425
145,0.055549060796169156,0.056219514126683426
146,0.05554242652139772,0.056219566533832574
147,0.05553600737072434,0.0562193692215659
148,0.05552951921892612,0.05621776842817221
149,0.05552360030658534,0.056217819347076155
150,0.05551803297735492,0.05621711599892753
151,0.05551319680752034,0.05621677529940318
152,0.055507830408371706,0.056216175066604326
153,0.05550324428399154,0.05621682606979794
154,0.05549730147682783,0.056214712075886825
155,0.05549144344721861,0.056213496995369525
156,0.055486539924686856,0.05621293112122669
157,0.05548027530557155,0.05621254117650791
158,0.055474250377390295,0.05621270018021279
159,0.05546829739964886,0.05621285166424157
160,0.055463740636816826,0.056212405096184435
161,0.05545638512569009,0.056210187470513776
162,0.05544968892992713,0.05621105633914315
163,0.055445045745961874,0.05621089318709275
164,0.055440545920137106,0.056210685194322374
165,0.05543557179129563,0.05621148153760307
166,0.055429306861117446,0.05620922599645233
167,0.055424010441074804,0.05620842434930615
168,0.05541947931420929,0.05620814438952507
169,0.05541435623152184,0.056207684268924515
170,0.055408758171451536,0.056206467054662125
171,0.05540357506322312,0.05620666674732162
172,0.0553987018757862,0.056206558208182635
173,0.05539437994287799,0.05620695323755211
174,0.05538934337321379,0.05620595560454207
175,0.05538405848586486,0.05620588005130284
176,0.05537869059757124,0.056205001719806164
177,0.05537297019233211,0.05620319777534526
178,0.05536729972502055,0.05620290524401055
179,0.05536204900635468,0.056203298359192404
180,0.05535721031477587,0.05620234347185311
181,0.055352458724310154,0.056202590244448944
182,0.05534760059138313,0.05620207662493336
183,0.055343310079379766,0.056201766740110404
184,0.0553386697478198,0.056201293713169814
185,0.05533408197019409,0.05620089850769338
186,0.05532973559361966,0.056201122519999314
187,0.05532551746948073,0.05620170617638498
188,0.05532047544680315,0.056200556312565736
189,0.05531536438934345,0.0561998851460794
190,0.055310866873770154,0.056199865936447234
191,0.05530667506965203,0.056199597946948884
192,0.055302805566691836,0.05619902575684124
193,0.05529843630426522,0.0561990659216275
194,0.05529376865951478,0.056197675912383685
195,0.05528870302843776,0.05619864136713937
196,0.05528295295554319,0.05619679715880284
197,0.055278879562088,0.0561963734883769
198,0.05527354289003797,0.05619617183723245
199,0.0552704367767119,0.056195908068707376
200,0.055265059426630785,0.056195959584438036
201,0.055259897392483846,0.05619575650091962
202,0.05525592390440613,0.056195945094703846
203,0.05525151849017448,0.056195631196594445
204,0.055246261865697456,0.05619624653939115
205,0.05524160839648224,0.05619606632604283
206,0.055238048775618415,0.056195882865418746
207,0.0552331580566427,0.056196190023182324
208,0.055228518666318324,0.056195868604508106
209,0.055224169519232966,0.05619647112389943
210,0.05522094658965959,0.05619704911095556
211,0.055217006625065894,0.05619687386548035
212,0.055210807714095776,0.05619599108496686
213,0.05520633822713837,0.05619609509511947
214,0.05520081907027848,0.05619592930982842
215,0.05519604922985753,0.0561962696595904
216,0.05519208637823776,0.05619575389672532
217,0.05518820211849978,0.05619565214030466
218,0.055183822074022164,0.05619464555214792
219,0.05517978235261037,0.05619468844666887
220,0.05517499022413161,0.05619494730382171
221,0.05517074631885871,0.056195278493699874
222,0.05516363983181535,0.056192727331933916
223,0.05516063637249886,0.0561927927250163
224,0.055156748727805585,0.0561926924512856
225,0.05515316649082273,0.05619311099774221
226,0.05514941092283646,0.05619283157657415
227,0.05514556786761826,0.05619272625114881
228,0.05514139379724268,0.05619172047968069
229,0.055135150874376,0.05619000307443671
230,0.05513187832334308,0.05619026111956361
231,0.05512593539631519,0.056189986787843885
232,0.055122049259262805,0.056190116013073985
233,0.055117549989864505,0.056189914479262554
234,0.05511282880417945,0.056189210488008026
235,0.05510876967151959,0.056189082368391936
236,0.055103372587788496,0.05618931012683358
237,0.05509700934406052,0.05618868347240707
238,0.055093967211886856,0.056188328055404885
239,0.05509056563069112,0.056188345543079936
240,0.05508584006394114,0.05618806260569291
241,0.05508056779053494,0.05618836937864035
242,0.05507634735833717,0.05618896299535214
243,0.0550726240858491,0.05618885882929999
244,0.05506725001595448,0.056188917015809046
245,0.055063838947981454,0.05618894693284949
246,0.05506154159423855,0.05618888316180845
247,0.05505749724053704,0.05618875797175884
248,0.055054422226155475,0.05618897835574291
249,0.05505100566874987,0.05618849974508911
250,0.055047144743661985,0.056188920136899266
251,0.055041990018580324,0.05618751676182917
252,0.055037951701588726,0.056187636174463026
253,0.0550333472335354,0.05618736982729041
254,0.05502776975964546,0.05618629384813846
255,0.05502328068190841,0.05618637277857986
256,0.05501919681146394,0.056185625119287354
257,0.055014386125848226,0.05618589946974526
258,0.055012118940313603,0.056185805401639324
259,0.055008695971619406,0.05618571307975389
260,0.055005292113407295,0.056186148910946365
261,0.05500124883645506,0.05618592230096665
262,0.054996505157887135,0.05618623730336009
263,0.05499248454733788,0.05618611734629951
264,0.05498692648681537,0.05618632129367953
265,0.05498371838632843,0.05618666945664178
266,0.0549810035027137,0.05618668460183289
267,0.054974803657184296,0.05618521189041548
268,0.05497188933409042,0.0561853617103393
269,0.054968005243062765,0.05618444247507633
270,0.05496323070930084,0.05618422903425688
271,0.054959006817445366,0.0561846382107181
272,0.054956359537933964,0.05618467638183532
273,0.0549516017888863,0.05618428515615226
274,0.05494839720385246,0.056183726366032916
275,0.05494425896416169,0.05618418121903186
276,0.054941369708826016,0.056184565441708065
277,0.05493618866372907,0.05618473042200761
278,0.054932307890255626,0.056185102226045835
279,0.05492974719664875,0.056184654026105105
280,0.05492511992228484,0.0561845342182624
281,0.05492171708818143,0.05618478399114377
282,0.054916636060683505,0.05618460286453489
283,0.05491278548477474,0.05618475225477396
284,0.054909897141588095,0.056184764904870906
285,0.05490508952885857,0.05618476886144407
286,0.05490211918085618,0.05618467936580224
287,0.054898919714628326,0.05618520100347887
288,0.05489531337785429,0.05618518723291597
289,0.05488876961200014,0.05618405181116075
290,0.05488596033640577,0.05618400360186115
291,0.05488107590787922,0.056183550253172315
292,0.054876808804941904,0.056182696239260824
293,0.05487214482027406,0.05618211393374524
294,0.05486878862732883,0.056182125279889986
295,0.054865532188413606,0.05618231853446208
296,0.05486080597676843,0.05618183163614238
297,0.0548570129172969,0.05618156929290495
298,0.0548505113537968,0.056180768480590615
299,0.05484663069641148,0.056180618789587244
300,0.05484120539206201,0.05618094367141592
301,0.05483799394917335,0.05618094398966951
302,0.05483202350918417,0.05618026357902107
303,0.05482843584212523,0.05618080697650177
304,0.0548257660676547,0.05618094269488688
305,0.0548205749334941,0.056180962712239844
306,0.05481636965489069,0.056181076835504704
307,0.054813283638857846,0.0561809990665156
308,0.05480956317522779,0.05618167730033353
309,0.05480570169092923,0.05618168492842344
310,0.05480189033343037,0.056181226030526325
311,0.05479738243453706,0.05618093727778188
312,0.054790391025405026,0.056178727496318095
313,0.05478662098526182,0.05617892650258124
314,0.05478285963733911,0.05617955765940417
315,0.0547794865688579,0.05617949719583335
316,0.05477374969451226,0.05617899644825173
317,0.05477000430291458,0.05617899439480401
318,0.054765780308352184,0.05617835983322239
319,0.054763104838263056,0.05617876237244002
320,0.0547602415898517,0.056178775581382845
321,0.05475819360609341,0.05617880740426189
322,0.05475527548276406,0.05617887834810441
323,0.05474970981349267,0.05617901042622486
324,0.054746107196873596,0.05617849605928389
325,0.05474187011326329,0.05617832027296976
326,0.05473823608742828,0.05617823307745396
327,0.0547351440194647,0.05617813265406943
328,0.05473166310577483,0.05617809211169413
329,0.05472717710126085,0.05617800540086535
330,0.05472141795701279,0.05617686534997372
331,0.05471812885609247,0.056176939277452015
332,0.054714365059650695,0.056177225743102965
333,0.05471102481609447,0.056177975032660275
334,0.05470674924970532,0.05617839603875937
335,0.05470274656964854,0.056178248680392805
336,0.054699059425015795,0.056178794739013785
337,0.054696007593283975,0.05617891200127497
338,0.05469122690580275,0.05617918858159673
339,0.054687443903848956,0.05617976818720332
340,0.05468270418765173,0.05618005632901535
341,0.05467864327164144,0.0561803311413844
342,0.05467337023523564,0.0561794162526617
343,0.054669600459005215,0.05617980244529399
344,0.05466527455679669,0.05618078101456869
345,0.05466089267038519,0.05618003407514523
346,0.05465645986955532,0.05617961481257592
347,0.0546533198954294,0.05617925773294483
348,0.05465056403555193,0.05617969577429101
349,0.05464508268793252,0.05617931235617332
350,0.05464088727435562,0.056178739182718346
351,0.054637863957933595,0.056178444072535194
352,0.05463370786812672,0.05617856670535519
353,0.05462881796283651,0.056178554938240616
354,0.054625946150632584,0.05617888031400166
355,0.05462356910035108,0.05617921390573247
356,0.05462087177894005,0.05617928715372231
357,0.054617162287870225,0.056179365826739464
358,0.054612913317204755,0.056179730323814604
359,0.054608986271236046,0.05617918760486625
360,0.05460339371660544,0.056178029051030455
361,0.05459974495462609,0.05617874159708766
362,0.05459511200282953,0.05617765538027632
363,0.05459119757897087,0.05617875178187295
364,0.05458787010470224,0.05617932578437463
365,0.05458394001038151,0.056179710111151054
366,0.054579983200300476,0.05618001485575793
367,0.05457598114855716,0.056180308571103656
368,0.054571973626165234,0.05617995191574957
369,0.05456763856089963,0.05617973683947037
370,0.054562951035885744,0.05617942222701762
371,0.05455895912004285,0.056180413951955416
372,0.054556149422193057,0.05618077860414829
373,0.05455023736371677,0.056181242108624165
374,0.05454704721907722,0.056180936963149845
375,0.05454280898269919,0.056181911367878756
376,0.054539530905608306,0.056182207762457616
377,0.054535921273777446,0.05618216864570292
378,0.05453165201030045,0.05618227665466634
379,0.054527800055902895,0.056182238355117195
380,0.05452338886630205,0.056182262567220975
