0,0.15947547801458245,0.15965239637880468
1,0.1529710590571319,0.15314067122613503
2,0.1469246917077719,0.14709188703608791
3,0.14110056597939724,0.14126270724707257
4,0.13573048690047074,0.1358916596043749
5,0.13058910927509976,0.13074747990951274
6,0.12564129805937915,0.12578744038852008
7,0.12101809348970527,0.12116583183875843
8,0.11666190254279511,0.11680713596508938
9,0.11257601657674715,0.1127259040723655
10,0.10874056430921861,0.10888581318556846
11,0.10513280605884737,0.1052753077883006
12,0.1018512460631217,0.10199124435693517
13,0.09872720454355055,0.09885711032793189
14,0.09572918037520792,0.09585680890657818
15,0.09291365371234774,0.09303048733084865
16,0.09037684827071873,0.09048981120811289
17,0.08791992448676972,0.08803413392571975
18,0.08562212599240049,0.08573266314234577
19,0.08346144465966603,0.0835706672412027
20,0.08146734661277404,0.08156981236559206
21,0.0795041405839431,0.0796009464097663
22,0.07769281482600406,0.0777825913541406
23,0.07602813000743289,0.07610722672363714
24,0.07453669104654148,0.07461035698632858
25,0.07310679296877354,0.07317071853490154
26,0.07179374774930193,0.07184737620602191
27,0.07058584988225082,0.0706299003106794
28,0.06944923964496447,0.06948929019055129
29,0.06846773438009614,0.06850055766942247
30,0.06748935335927744,0.06751710573615356
31,0.06660013708976387,0.06662471363962652
32,0.06579459557636379,0.06581705328397766
33,0.06505195759590605,0.06506983774155693
34,0.06436421392399518,0.06438139105290958
35,0.06374443795936707,0.06375500828209034
36,0.06316509867727438,0.06317426798147245
37,0.06263504250969977,0.06264099476875133
38,0.06215173874238076,0.06215207611910045
39,0.061711774494152646,0.06170763481809035
40,0.061303045769279176,0.06129558984304711
41,0.06092526555119452,0.06091593827530184
42,0.06058505826866856,0.06057346687574003
43,0.06028121042158981,0.06026764589903506
44,0.05999363414281122,0.05997710036173231
45,0.059734067831490635,0.05971782233106097
46,0.05949485921941315,0.05947676767581207
47,0.059272994601095565,0.05925048067849892
48,0.05907492371450758,0.05905205685298221
49,0.05888880520434674,0.0588638772828163
50,0.058718764104815226,0.05869208576180516
51,0.058568848427722746,0.058542702923259186
52,0.058413120704161804,0.05838462294039435
53,0.05827156851237304,0.05824117713531058
54,0.05814622720959522,0.05811420503536458
55,0.05803150977970732,0.05799729640106147
56,0.057926879897250545,0.057891156228311175
57,0.05783578911479526,0.05779785284813311
58,0.057749468461185574,0.05770997146298515
59,0.05767586166689638,0.057636056740742014
60,0.05760717198055413,0.05756573814248325
61,0.057539647710003694,0.05749681600374929
62,0.05747686296536744,0.057433183820849526
63,0.0574219604661979,0.057378743472442525
64,0.05737537538528072,0.05733106285738131
65,0.05733005775782839,0.05728496821110721
66,0.05728520563750567,0.05723819280547642
67,0.05724537779204143,0.057197464564438846
68,0.05720688701639558,0.05715755594417822
69,0.05717640295634981,0.05712484484974616
70,0.057143032957168126,0.0570909001023862
71,0.057112997942879704,0.05706053447111931
72,0.0570838846797713,0.057031287258603285
73,0.057059269601696605,0.05700643440002893
74,0.05703591963024037,0.05698389495496877
75,0.057012495991716976,0.05696085902343476
76,0.056989739820822165,0.056936936072197866
77,0.056968762714221056,0.056915074004089475
78,0.05694816023185158,0.056893833558048446
79,0.05692894531697117,0.056874312828257875
80,0.056912213673973415,0.05685700817322178
81,0.0568957309787083,0.056840993589093815
82,0.05688273842737909,0.05682749509773494
83,0.05686869254550607,0.05681363084121722
84,0.05685487664517988,0.056799475394881005
85,0.05683974442305895,0.05678384611699127
86,0.056826371014576875,0.056769571183470695
87,0.05681512064005054,0.056757618355172255
88,0.05680039056987564,0.05674398863633082
89,0.05679128205895693,0.05673496757797599
90,0.05677960047958885,0.056723284838297555
91,0.056768508846684995,0.056711634484317694
92,0.05675912434954053,0.056702325823411406
93,0.05675093594252665,0.05669408358634757
94,0.05674237974277934,0.05668592191061557
95,0.056735694592512875,0.05667906173590935
96,0.056725691564550554,0.05666915173464792
97,0.05671859063667866,0.05666242584501067
98,0.056710194468952084,0.05665475241988983
99,0.056702696757253986,0.056648317454622926
100,0.05669733685442795,0.05664243203182375
101,0.05669020280998929,0.056635340967799666
102,0.05668369908958509,0.05662946252277102
103,0.05667726517172208,0.05662280053972311
104,0.056671794768590876,0.05661709256040346
105,0.0566657385780619,0.05661112242419122
106,0.05665949501657949,0.05660530944825041
107,0.056650884562745474,0.056596199592562395
108,0.056645784273532965,0.05659140169354803
109,0.056640302123286114,0.05658594675942556
110,0.056634419111942946,0.056580578605019645
111,0.0566275433666509,0.056574676679851
112,0.05662170519383119,0.05656907234107024
113,0.05661745414567921,0.05656513791168767
114,0.05661245880550056,0.056560340849629194
115,0.05660847231729692,0.05655641246430146
116,0.05660258378068629,0.056552085225849626
117,0.05659668269534394,0.05654669717660382
118,0.05659256705035131,0.056543170221615216
119,0.05658949070287746,0.05654116952084713
120,0.05658576687183989,0.056537821799947444
121,0.056582210579270764,0.05653444387314427
122,0.05657941871712951,0.05653204895005314
123,0.05657660189122231,0.05652942523951398
124,0.056570788798781996,0.0565235200251921
125,0.05656739824176808,0.05652079927324786
126,0.05656442472398713,0.05651811933238332
127,0.05655774147763782,0.05651137020581729
128,0.056554046104956075,0.05650878492736637
129,0.056551294108953036,0.0565068269927752
130,0.05654886423781103,0.056505212359768985
131,0.05654599439116532,0.05650296760025711
132,0.05654106612549963,0.05649796668602573
133,0.05653873436180373,0.056495520340546716
134,0.05653646917749843,0.05649385785804483
135,0.056533736230266196,0.056491090340927405
136,0.05653071442697512,0.05648901304078124
137,0.05652777944051383,0.0564863519508635
138,0.05652589574387503,0.05648554282395962
139,0.056521087468083236,0.056481673434338714
140,0.05651707175081441,0.05647814232090192
141,0.05651195429478182,0.056473824067891164
142,0.05650752904029646,0.056470181540939704
143,0.05650566303728364,0.05646849627389486
144,0.056502435474557605,0.05646634365001963
145,0.05649738933796203,0.056460853002766966
146,0.056493868254160085,0.05645789931025269
147,0.056489719192740796,0.056453671335051005
148,0.05648742568780592,0.05645187423908122
149,0.05648426288670594,0.05644965174615432
150,0.05648190776070423,0.056447583270645835
151,0.05647958985916062,0.056445564136594344
152,0.056477188053268734,0.05644358944058889
153,0.05647662903738878,0.05644330702821898
154,0.05647291304520881,0.056440703423761986
155,0.0564700307616565,0.056438860075143815
156,0.056468992448118045,0.05643803787055285
157,0.05646625371328049,0.05643540603411812
158,0.05646598003857361,0.05643507046736345
159,0.05646217907192246,0.0564317140859937
160,0.056459076104505505,0.05642985265099434
161,0.056457206822274286,0.05642809964815465
162,0.05645504020836488,0.05642658003248145
163,0.056453233253912556,0.05642475172831563
164,0.05645316793011327,0.056424801232928985
165,0.056451517647995796,0.056423440086146394
166,0.05644909999618957,0.05642129351588521
167,0.056447324206548945,0.056419428094175064
168,0.0564453532879941,0.05641698939899446
169,0.056444347283087684,0.05641618119927019
170,0.05644261407898477,0.05641477851079469
171,0.05644016610717035,0.056413203495814496
172,0.056437485728571254,0.05641063470617976
173,0.056433810475027164,0.05640714023089375
174,0.0564304571390902,0.056404336786876404
175,0.056427269117295314,0.05640126242682258
176,0.056425821728088646,0.05639984711412241
177,0.05642385262624291,0.056398562716050135
178,0.05642218128778163,0.05639686892835614
179,0.05641927943976645,0.056394109496698645
180,0.05641717853045542,0.05639242519034615
181,0.05641353107006314,0.05638926631019695
182,0.05641179879159005,0.056387702675459145
183,0.0564095511919466,0.0563853723036009
184,0.05640719147143193,0.056383779971545527
185,0.056406101162605006,0.0563832351996448
186,0.056404265705402135,0.056381952128099204
187,0.05639944879184892,0.05637807521558784
188,0.056397915575792136,0.05637713475016875
189,0.05639697902174366,0.0563765913310599
190,0.05639376583875899,0.0563747867871616
191,0.056392478325348126,0.056373938941840326
192,0.05638847779019826,0.05637060214671542
193,0.05638634637477909,0.05636874952017048
194,0.05638457382585936,0.056367703280829455
195,0.05638346142812193,0.056367220274876076
196,0.056382327032503156,0.05636620068266226
197,0.05638212965991459,0.056366092520678646
198,0.05638030503377668,0.05636457823801831
199,0.056379106134289196,0.056363199673003975
200,0.0563782924486654,0.05636281478667085
201,0.05637513003668248,0.05636033314024359
202,0.05637331874758847,0.056358293370208416
203,0.0563724326669617,0.056357451812096185
204,0.05636945399918245,0.05635477603559828
205,0.05636801133612713,0.05635382930196928
206,0.05636568434220062,0.05635158295808737
207,0.05636413775431667,0.05635106637402313
208,0.05636413311334909,0.05635106641624428
209,0.05636149457027349,0.056348789462629015
210,0.0563613255622478,0.0563486705231309
211,0.056360215852120886,0.05634764948909194
212,0.0563590201378145,0.05634695074402181
213,0.05635693544368727,0.05634521071584429
214,0.05635501374874972,0.05634348039048736
215,0.056353940629030916,0.05634273171689114
216,0.0563536803115256,0.05634271213486497
217,0.05635269325735198,0.05634176668466738
218,0.05635174001822861,0.05634065264293972
219,0.05634958448736599,0.05633966788282035
220,0.05634671715846306,0.05633729812674448
221,0.05634630253239739,0.056336961681234324
222,0.05634568144961817,0.05633652531538669
223,0.056344640323992945,0.05633575606122197
224,0.056341813337210514,0.05633410631289778
225,0.05634072632435982,0.056333997357733666
226,0.056339954864306666,0.0563335926078396
227,0.05633735602230719,0.0563323420637271
228,0.0563370148354972,0.05633189755057946
229,0.05633619457400284,0.05633156229368312
230,0.05633441674392305,0.05633058842558716
231,0.05633242015750952,0.0563287077814838
232,0.05632957645275596,0.05632621193949798
233,0.05632873975603258,0.05632565341048238
234,0.0563262930806508,0.056323813545460163
235,0.056325998947118906,0.056323612586083094
236,0.0563221232977362,0.05632077030102391
237,0.05632114307989199,0.056320387447401386
238,0.056320162361941706,0.05631976998237676
239,0.05631873169477533,0.05631800077344901
240,0.05631623449908278,0.05631568067301437
241,0.056315591204165134,0.056315155304563894
242,0.056314234188212214,0.056314287073161155
243,0.05631353358420292,0.05631381425957445
244,0.0563117631239478,0.056312952032236095
245,0.05631033643884341,0.056311940281213904
246,0.05630784226260019,0.056309980230670145
247,0.056306069558534386,0.056308728412028934
248,0.05630517989786961,0.05630837458503324
249,0.056304462806805095,0.05630773918757431
250,0.05630446162790369,0.05630773924980588
251,0.05630266242085677,0.05630599956956928
252,0.05629975056266618,0.056303377129692564
253,0.056299412635266284,0.05630328155351449
254,0.05629733538939541,0.056301403554855814
255,0.05629586926311529,0.056300523807381965
256,0.05629439057357652,0.056299078211794716
257,0.05629357453290968,0.0562983067023742
258,0.05629111446228589,0.0562969985653799
259,0.056289523278778494,0.056295371153399484
260,0.056288835405552566,0.05629486689053498
261,0.056287109601323,0.056293693660369015
262,0.05628383942938624,0.05629128069360528
263,0.05628200537079364,0.056289867766420205
264,0.05628034883106951,0.05628901020736664
265,0.05627924468478804,0.056288839848656576
266,0.05627753884537405,0.05628811981987003
267,0.05627441147723314,0.056285960802977354
268,0.05627337725763898,0.0562852836409541
269,0.05627277685106688,0.05628475928407911
270,0.0562710463726273,0.056283474410559246
271,0.05626984714683288,0.05628236258393075
272,0.05626854731671003,0.05628123157661304
273,0.056266379739315246,0.05627977905085919
274,0.056263512188483696,0.056278387811973876
275,0.05626209435693887,0.05627715643601904
276,0.05625975116494168,0.05627499386480987
277,0.05625876227495127,0.05627422839517535
278,0.05625684674545824,0.05627354293710686
279,0.05625517898770667,0.056272009364513625
280,0.05625373993340998,0.05627085753750883
281,0.05625281378501324,0.05627080200582029
282,0.056251526402945326,0.05626980761725095
283,0.05625002677898529,0.056269339641029016
284,0.056248536883254506,0.056267547306975724
285,0.05624773657187256,0.056267162228386
286,0.05624626786284608,0.05626643279563571
287,0.056245070791585215,0.05626598951059719
288,0.05624444707594105,0.05626560995938194
289,0.05624326074120622,0.05626479002264977
290,0.05624060193889571,0.056262516656838936
291,0.05623875378680659,0.056260840226357654
292,0.056236734293328476,0.056259136581464614
293,0.05623489820424865,0.056257993059520194
294,0.056233744908282736,0.05625700905397814
295,0.05623320456912311,0.056256581295044815
296,0.05623225064626003,0.05625583670294272
297,0.05622980225550956,0.056254463895979816
298,0.05622838600681739,0.056253330909027094
299,0.056226638950320866,0.05625199790116512
300,0.05622552624360127,0.05625192768110679
301,0.056224304806060915,0.05625116335585515
302,0.056222392781751195,0.056249783147503576
303,0.05621942567954855,0.0562468387036428
304,0.056217608726211066,0.0562450851519661
305,0.05621542075853322,0.05624395891790563
306,0.056214071971800075,0.05624400056008904
307,0.05621240097257661,0.05624289811240301
308,0.056211606174905254,0.05624217419178323
309,0.05621019487428053,0.05624181662495318
310,0.05620984004726369,0.05624177558182713
311,0.05620840560220173,0.05624086043082179
312,0.056206430187884696,0.056239717343742265
313,0.05620523222720851,0.0562386212884379
314,0.05620374759571095,0.056237053643784785
315,0.05620259670699185,0.0562362624678024
316,0.05620153258851565,0.05623560971817812
317,0.05620051757315088,0.056235336931914535
318,0.05620000188144115,0.056234866983098
319,0.056199243561223265,0.05623448347103105
320,0.05619837510019801,0.056233533908146664
321,0.05619691569216335,0.056232015230516214
322,0.05619658998299319,0.05623182255923145
323,0.056194552249637056,0.05622969362546991
324,0.056193332330471725,0.05622904452935278
325,0.05619216623069778,0.05622743590676857
326,0.05618977744700579,0.05622563104107951
327,0.05618781816811944,0.05622400046132331
328,0.05618734301737432,0.056223456917787955
329,0.0561853213147912,0.05622195002736157
330,0.05618414649869946,0.05622096564102019
331,0.05618308853913272,0.05622022501737658
332,0.05618150880793572,0.05621893482755848
333,0.05617975838422149,0.056217893810759596
334,0.05617893316883104,0.056217092505243496
335,0.056178086734104835,0.056216161982585854
336,0.05617790667132389,0.05621604139056155
337,0.056176876136790066,0.056214730161151506
338,0.0561760195554729,0.05621432151398698
339,0.056174960862717394,0.05621375021249401
340,0.056172896824607146,0.056212452219091005
341,0.05617180616510333,0.0562116482700413
342,0.05617077396306028,0.05621140145566657
343,0.05617042910056831,0.056211462543633406
344,0.05616974288834666,0.056211025635490276
345,0.05616891917118982,0.05621049197483413
346,0.056167909066651256,0.056209984890066206
347,0.056166226735683056,0.05620882564120771
348,0.0561656415408306,0.056208127545762744
349,0.056164626503300945,0.056207445882507985
350,0.056164075055066875,0.056207197292220644
351,0.05616142045344079,0.05620558860645915
352,0.0561593042389043,0.05620401480036706
353,0.05615816569352093,0.05620386623981055
354,0.056157013198462565,0.05620287547227636
355,0.056156067489167336,0.05620239414852398
356,0.056154855115749545,0.05620190602918137
357,0.05615240154890352,0.0561994854729017
358,0.056151740881451716,0.05619951647467572
359,0.05615051882260487,0.05619882362233831
360,0.05614933001263729,0.05619751754716814
361,0.056147804966988554,0.05619679063709187
362,0.056146795926442596,0.05619654577717463
363,0.05614446989599384,0.05619547596817844
364,0.05614310945178815,0.05619455437987707
365,0.056142751536828586,0.05619451338717874
366,0.056140663085386906,0.05619350528449577
367,0.056139166828985,0.05619243967370584
368,0.05613915495144151,0.05619243965415934
369,0.05613836656883841,0.05619186837118969
370,0.056137008700651664,0.056191616141538274
371,0.05613638612613161,0.056191011657971864
372,0.05613494707756994,0.056190070571267944
373,0.05613433077109528,0.05618933287733385
374,0.05613302681066324,0.05618857540850921
375,0.05613248839774782,0.05618809141560016
376,0.05613155403838034,0.05618772501775079
377,0.05613082254644329,0.0561876520309671
378,0.05612991751606228,0.05618673399285714
379,0.05612974136596394,0.056186587627347365
380,0.056129322215441105,0.05618634386177179
381,0.05612849539473341,0.05618578989363993
382,0.056128485815517,0.05618579047454622
383,0.05612699530420197,0.0561845912514486
384,0.056126255848800315,0.05618413126922884
385,0.05612491740460468,0.056183231299717695
386,0.05612399278224544,0.05618247624059032
387,0.0561235311141748,0.05618223410568907
388,0.05612309846318413,0.05618189158194834
389,0.05612308966198027,0.05618189153384086
390,0.05612277409265104,0.056181696351728476
391,0.05612221266359809,0.05618117557537739
392,0.056121071462728093,0.05618046035034994
393,0.05612058001846373,0.05618011537096376
394,0.05612057128198451,0.056180112281068915
395,0.05611978788911581,0.05617991121495112
396,0.05611883984024945,0.05617917261668677
397,0.05611782185534078,0.056178584117161985
398,0.0561169447653482,0.05617778210397195
399,0.056115664804253305,0.05617715618508544
400,0.05611470671055913,0.05617650803168221
401,0.056113190409915546,0.056175960975005844
402,0.05611318585376087,0.05617596019175132
403,0.056112383267212324,0.056175409805632424
404,0.05611120115989556,0.05617452992764426
405,0.05610963319137503,0.056173844020869494
406,0.05610873409906332,0.05617332571683439
407,0.05610750859582602,0.05617193012562655
408,0.05610750838244038,0.056171930136494685
409,0.056106716152725326,0.0561714657046436
410,0.05610584954023952,0.05617103034365842
411,0.056104932646177844,0.056171208678372074
412,0.05610409950032638,0.056170755804713875
413,0.056103349074516855,0.0561702006761024
414,0.05610223840248577,0.05616906081820168
415,0.05610069247459083,0.05616777837725508
416,0.05610017558098625,0.05616774359376511
417,0.0560993389946153,0.05616729219033893
418,0.05609777596869051,0.05616669866883572
419,0.05609739004498374,0.05616638335901853
420,0.056095840911941856,0.056165418568351125
421,0.0560957592519809,0.05616538741317154
422,0.056094830508138745,0.05616450773921082
423,0.05609448788669879,0.056164455194961355
424,0.056094012548885484,0.056164064727477966
425,0.056092799808914566,0.05616359440558276
426,0.05609142185154196,0.056162761477468015
427,0.056089178225397815,0.05616189156522457
428,0.05608837239731433,0.05616170440010031
429,0.0560872340469162,0.05616109259664113
430,0.05608650381961568,0.056160665056619895
431,0.0560857932714874,0.056160309087993014
432,0.05608559415844418,0.056160357640366275
433,0.056084639448218815,0.05615927669777105
434,0.05608386986591773,0.056159048919170826
435,0.056083466392838184,0.05615903986921967
436,0.056082333609519336,0.05615842410964391
437,0.0560815898927727,0.05615811839497045
438,0.05608049044333528,0.05615814059679283
439,0.056080081683261854,0.05615763762064168
440,0.05607856324024179,0.056156655564093765
441,0.05607763376652052,0.05615583160958517
442,0.056076384360636444,0.05615509268809021
443,0.056076049020666784,0.05615479883497692
444,0.056074814207546265,0.0561542971162535
445,0.05607481188129997,0.056154297172149974
446,0.056074811519332364,0.05615429718240464
447,0.0560746234257648,0.05615422714651342
448,0.05607447321984989,0.05615424442591726
449,0.05607294749664783,0.05615365444687289
450,0.05607137955669807,0.05615357375025202
451,0.056071233095152995,0.056153512754453884
452,0.05607024003685133,0.056153576674820585
453,0.05606938065819463,0.0561531648433234
454,0.05606857426581697,0.056152787154477746
455,0.056068109968407776,0.0561526029868204
456,0.05606651056148036,0.056152349076891345
457,0.05606618437483812,0.05615219866686352
458,0.05606558988066397,0.056151893319890525
459,0.056064345625749495,0.05615161284715113
460,0.056064164531802144,0.05615145149534656
461,0.056064044488900344,0.05615144379142528
462,0.05606380202144666,0.056151283279175554
463,0.05606311296413211,0.056150643828382425
464,0.0560631115725947,0.05615064381402243
465,0.056061805720161194,0.05614930711129634
466,0.05606101452532454,0.056148873206380755
467,0.05606086356582801,0.05614893817938155
468,0.05605977567567137,0.05614834923416687
469,0.05605874001783354,0.056147834937007486
470,0.05605795460744488,0.0561476863272076
471,0.05605754091222325,0.05614729631245828
472,0.056057513449184415,0.056147316964750095
473,0.05605601741693982,0.05614655852574242
474,0.05605601709744863,0.05614655851472719
475,0.05605567750906279,0.05614656813691293
476,0.05605477398625877,0.05614627934953939
477,0.05605364312269996,0.05614539419317965
478,0.056052576801747314,0.05614458699379682
479,0.056051336166997756,0.05614412247009619
480,0.05605105792421149,0.056143930159438554
481,0.05604963914828412,0.05614266522585506
482,0.056047950111930284,0.05614142243327227
483,0.05604700206050065,0.056141244758447104
484,0.05604599062726519,0.056140807688346096
485,0.056045983237839304,0.056140807659989085
486,0.05604403055547699,0.05613926905243537
487,0.056042508899160855,0.056138851304376375
488,0.05604148093011705,0.05613841585840186
489,0.05604132269998462,0.05613842160155894
490,0.05604079399392732,0.05613826698183565
491,0.05604025052171602,0.056137978344344135
492,0.05603937981751263,0.05613726567620961
493,0.056037741201016705,0.05613656385871225
494,0.056036935850235024,0.05613631631153048
495,0.05603553501652727,0.056135315971959324
496,0.05603475577554966,0.056134896096372934
497,0.05603339713551358,0.05613420733503735
498,0.0560328167097048,0.05613374894745732
499,0.05603261449084285,0.05613364648947786
500,0.05603130251189126,0.05613289281613269
501,0.05602975714895306,0.05613203474687877
502,0.05602862226823757,0.056131472379371036
503,0.05602734290613097,0.05613130035173479
504,0.05602685376437223,0.056131260078857714
505,0.05602628471101428,0.05613073751143151
506,0.05602562536394375,0.05613038211508512
507,0.0560240726142313,0.056128901559141714
508,0.056023059224571514,0.05612806801940859
509,0.05602290310607671,0.05612799096723316
510,0.05602165137105737,0.056126896894505354
511,0.056020666071192375,0.0561268528083795
512,0.05601884329941378,0.05612527316620984
513,0.0560186026489222,0.05612524460789271
514,0.056017723457183775,0.056124848521796965
515,0.0560167450407715,0.05612427844375379
516,0.05601579227129126,0.05612440648408471
517,0.05601502511708513,0.05612435922925453
518,0.056014336764703576,0.05612423917997729
519,0.05601360527346699,0.05612349667180872
520,0.05601248147925111,0.0561232992819731
521,0.05601226534255998,0.05612316411770808
522,0.05601142501278254,0.056122701338921215
523,0.05601119245529026,0.056122538012112186
524,0.05601116902001562,0.0561225380847685
525,0.05600977380471396,0.056121208424593956
526,0.05600952803224098,0.05612112842172748
527,0.05600866714934713,0.056121271049857015
528,0.05600830547538938,0.056121309465296886
529,0.056007186277248905,0.05612080469501599
530,0.05600681899628573,0.05612063937869574
531,0.05600618226435793,0.05612033822029465
532,0.05600505212397521,0.05611993487166204
533,0.056004178405278666,0.056119644828568356
534,0.05600343684304136,0.05611950747776566
535,0.05600298328768732,0.05611955878935085
536,0.05600292920569359,0.05611956133781193
537,0.056002137926051576,0.056118985208338294
538,0.05600139749298187,0.056118841275061296
539,0.05600076269335532,0.05611855949848368
540,0.056000305131560936,0.05611842743219232
541,0.05599931396865628,0.05611855685964162
542,0.05599801722779751,0.05611828680285555
543,0.05599688793577856,0.05611792285700363
544,0.05599595662388606,0.056117315676583936
545,0.055995054086784915,0.05611730203082733
546,0.055995053686132674,0.05611730210067093
547,0.055994438609984654,0.056117225414415974
548,0.05599299883881639,0.0561164632935329
549,0.05599199277323422,0.056116042407625674
550,0.055991926007938814,0.056116020816405834
551,0.055990342772552076,0.05611595301889782
552,0.055989748296558284,0.056115914850043754
553,0.055989333088684645,0.05611560847782773
554,0.05598857575855447,0.056114997088797365
555,0.05598774309407932,0.05611483538183087
556,0.055987733058513636,0.05611483540552591
557,0.055987048783058865,0.056114159554836375
558,0.055984973374693256,0.05611268624847005
559,0.055983830072186436,0.05611167590675909
560,0.05598368904369177,0.056111604944095055
561,0.05598263181124536,0.05611147803101403
562,0.055982143094047546,0.056111376670629425
563,0.05598213275429371,0.056111376626883445
564,0.055981159078168606,0.0561103558083495
565,0.055980424624515294,0.05610985649058901
566,0.055979756883580395,0.056109716443682484
567,0.055979005659492424,0.05610975739297195
568,0.05597859242516596,0.05610940973649602
569,0.055977552982205164,0.05610900395560621
570,0.05597708548927031,0.05610869643986671
571,0.05597572026026216,0.05610801421318947
572,0.05597493048983946,0.056107609519049945
573,0.055974928698648195,0.05610760949238001
574,0.05597400350843759,0.05610722228322004
575,0.05597356293823624,0.056106864062608085
576,0.0559725978336375,0.05610618534570818
577,0.05597195087518762,0.056105884680198226
578,0.05597147298213933,0.05610618095525568
579,0.05597139016909186,0.05610618459113922
580,0.05597046533209246,0.05610595664432729
581,0.055969680723685675,0.056105549442918734
582,0.05596856472171191,0.05610533544108116
583,0.055967806573676095,0.0561047211140821
584,0.05596679958325831,0.056103959904722465
585,0.05596547567107016,0.05610306455233061
586,0.055965393859706294,0.05610304608624978
587,0.055964754225399455,0.05610322435703609
588,0.0559635132386231,0.05610246422580264
589,0.05596292175510614,0.05610213014381736
590,0.0559620126794779,0.05610199930622438
591,0.055961571041914744,0.056101795401477195
592,0.0559612249199252,0.0561015693711437
593,0.05596028288567505,0.05610088961527868
594,0.05595928177191969,0.05610065961538805
595,0.055958496088346334,0.05610037747752192
596,0.055957872090563576,0.05609973200325376
597,0.055957023425020715,0.05609925604604809
598,0.05595598808893996,0.056098964190588456
599,0.05595582075605021,0.05609903673092904
600,0.05595538618909151,0.056099369542827286
601,0.05595450829604134,0.05609892907491811
602,0.05595313294558479,0.05609777934372062
603,0.05595255230853116,0.05609716564296663
604,0.05595190785878273,0.05609690068523151
605,0.05595056023928564,0.056097059087223684
606,0.05595029280624744,0.05609686852201924
607,0.055950283403993446,0.05609686880472586
608,0.055949773442005205,0.056096901597880645
609,0.05594918933342455,0.05609667655972631
610,0.055948723939140466,0.05609650761985976
611,0.055947766444637816,0.056096465057611726
612,0.055947411252317225,0.056096256106503296
613,0.05594660273809784,0.056095806749886866
614,0.05594656639709369,0.05609580650752943
615,0.0559456894792499,0.056095526935558936
616,0.055944986876731974,0.056095456818819854
617,0.055944558349461194,0.056095157016861935
618,0.05594452592095726,0.05609515292159852
619,0.05594389333269324,0.056094851095961275
620,0.055942911605564534,0.05609404177585254
621,0.055942643720327055,0.05609384960727041
622,0.055942068569006825,0.05609377287015632
623,0.05594102547693645,0.05609360531051244
624,0.055940200930180886,0.05609312084496916
625,0.05594002667625234,0.056093026205130625
626,0.055939915721181926,0.05609298251780525
627,0.055939351809275256,0.05609280133215307
628,0.05593926593209143,0.0560927646752896
629,0.055939110681184366,0.05609268458291747
630,0.05593906520506016,0.056092678726016525
631,0.05593834868219833,0.056092493212303925
632,0.0559377495912078,0.056092389390321316
633,0.055936853065893875,0.05609171979547191
634,0.05593684071128377,0.056091726420652833
635,0.05593640790704829,0.05609181228456036
636,0.0559362424069108,0.056091745569852074
637,0.05593561279196659,0.056091497662373854
638,0.05593493126555699,0.056091482739679344
639,0.05593492607339769,0.056091482671788886
640,0.0559340713429807,0.056090989062604575
641,0.05593368385003688,0.05609113266239469
642,0.05593290801834787,0.05609069952725638
643,0.055932542781822504,0.056090365767774035
644,0.055932020847524425,0.05609014928067623
645,0.05593183556693663,0.05609001358456521
646,0.05593102469380346,0.056089781514903236
647,0.055929999377346204,0.056089284284631384
648,0.0559298937810989,0.05608927785881845
649,0.05592922355008316,0.05608894742794156
650,0.055929178767033315,0.056088946800855376
651,0.05592859038902519,0.05608867795952034
652,0.055927771529164096,0.05608798512048005
653,0.055927034489169566,0.05608771431406115
654,0.05592689244625779,0.05608762594190572
655,0.055926451757127085,0.056087423888155664
656,0.05592569849245234,0.05608716760015444
657,0.0559252913295331,0.05608707336334402
658,0.05592383558837415,0.0560859150188589
659,0.05592305151225568,0.056085858065877264
660,0.05592232228518717,0.056085904534465915
661,0.055922237824796814,0.05608584985242137
662,0.05592156592924833,0.056085345980539165
663,0.055920720474449244,0.05608453022103112
664,0.055919786228106325,0.05608365091033468
665,0.05591963488642194,0.05608355844929749
666,0.055918633005861404,0.056083552168514586
667,0.055918468129165906,0.056083520786780916
668,0.055917491913969795,0.056083077735657905
669,0.05591704815672197,0.05608285769900094
670,0.05591676621647375,0.05608277550093392
671,0.05591610981546571,0.05608265750351765
672,0.055915339725656044,0.05608210647721644
673,0.05591462669340744,0.056081725134637585
674,0.055913723144182005,0.05608149492160859
675,0.055912258706396434,0.056080857726899934
676,0.05591215845235292,0.05608085682669373
677,0.0559111374091721,0.0560806893082058
678,0.05591097392711926,0.0560804590578616
679,0.055910877447734736,0.056080454483509054
680,0.05591013625993606,0.05608030840032796
681,0.055910103971350024,0.056080297030287
682,0.05590987954543554,0.05608018662774339
683,0.055909081492763524,0.0560801142651319
684,0.055908312406019144,0.05607948051624686
685,0.05590752781933797,0.056079322893164994
686,0.05590692460859481,0.05607961947779573
687,0.055906817286225506,0.05607954346203633
688,0.05590681121966662,0.05607954423045064
689,0.05590565270395378,0.05607898171513553
690,0.05590402196436457,0.0560775732010239
691,0.05590323010466191,0.05607781058182361
692,0.05590316066343231,0.056077808258732806
693,0.05590257365510593,0.05607763283041325
694,0.05590231218404167,0.05607743500263399
695,0.055901347576140924,0.05607728554728022
696,0.05590119137023099,0.05607729752158621
697,0.05590041924091039,0.05607671511273795
698,0.055899823427749025,0.0560767195601979
699,0.055899202172689295,0.05607661041597908
700,0.05589813232430101,0.056076038717162095
701,0.05589703376380568,0.056075751781532436
702,0.05589639139524881,0.05607582592468171
703,0.05589545211809497,0.05607564067681991
704,0.05589458141301213,0.05607534947913481
705,0.055894036410822086,0.05607517395088794
706,0.05589324402306505,0.05607466170093517
707,0.05589218492019168,0.05607422770857161
708,0.05589199825203867,0.05607422969531357
709,0.055891877757977375,0.05607414409618906
710,0.05589114016596951,0.056074086445481355
711,0.0558903061619259,0.056074035921916635
712,0.05588932857160163,0.05607376617993779
713,0.05588914171647837,0.05607369767506824
714,0.05588905253975482,0.05607373719187043
715,0.055888500333656665,0.0560732629378685
716,0.05588759324647279,0.056072641099091915
717,0.055887314910499766,0.056072380985176
718,0.05588625964305028,0.05607208035195458
719,0.055885465783073046,0.05607152659344695
720,0.05588544461930114,0.056071531243525985
721,0.0558847178551714,0.05607094062710107
722,0.055884254958995766,0.05607095236027918
723,0.055883443320377056,0.05607097976360682
724,0.05588256100535838,0.05607062725228517
725,0.055882070703486844,0.05607056107188906
726,0.05588129646259088,0.05607027443086219
727,0.05588072690875106,0.05607036235587586
728,0.05587998076504412,0.05607028069013928
729,0.05587990738086294,0.05607028972235421
730,0.05587924563266686,0.05607012742028712
731,0.055878940303126845,0.05606988899759202
732,0.05587842285239641,0.05606971673340646
733,0.055878084040043505,0.05606948394357574
734,0.055877465664952705,0.05606927201691013
735,0.0558771887849365,0.05606921329536199
736,0.05587643418870449,0.05606852506024523
737,0.05587565854939195,0.05606848536312982
738,0.05587505675556684,0.056068444103989534
739,0.0558745150372264,0.05606829824481662
740,0.05587414076537517,0.0560678100884819
741,0.055873986739822155,0.05606782536748109
742,0.055872832684836914,0.056067831506080926
743,0.055872349707324305,0.056067510848197014
744,0.055872019302708464,0.056067411710487354
745,0.05587139431415655,0.05606731133304856
746,0.05587053867078456,0.0560667698004292
747,0.05587022947936937,0.05606669535758863
748,0.055869251845227154,0.05606587857194497
749,0.055868819926935945,0.05606575065238654
750,0.05586818999398751,0.05606567644552825
751,0.05586814825878525,0.056065674275435184
752,0.055867931199263574,0.056065489218446535
753,0.05586714000226746,0.05606534646774352
754,0.05586617451790695,0.056064873779893526
755,0.05586574051578752,0.056064707610728994
756,0.05586491507533887,0.05606412344222013
757,0.05586424597926008,0.05606371218800912
758,0.055864244012654836,0.05606371217817431
759,0.05586355123016203,0.05606304299150178
760,0.055863028661434236,0.0560629344219058
761,0.05586234209032547,0.056062271801075356
762,0.05586142240217059,0.056061955275805625
763,0.05586069119978976,0.05606166851137378
764,0.055860645625697966,0.05606167091704994
765,0.05585979324704062,0.05606178548023275
766,0.055859163325042385,0.056061796649585625
767,0.05585872370084471,0.056061763433639354
768,0.055858720279506405,0.056061763425640836
769,0.05585866937314799,0.05606178066946737
770,0.055858238460378455,0.05606180845134571
771,0.05585754881969542,0.05606160840982342
772,0.05585668511414821,0.056060936707130964
773,0.05585668002690731,0.05606093667757306
774,0.05585600380016059,0.056061025304924884
775,0.055855792490087895,0.0560608118940621
776,0.05585539986298264,0.056060764212652485
777,0.05585377322352892,0.05606007533914542
778,0.05585374286221977,0.05606009428728807
779,0.05585290524444587,0.05605967036387188
780,0.05585228001352536,0.05605967671639901
781,0.05585166186351971,0.056059701230853846
782,0.0558509242087795,0.056059669929808424
783,0.05585014206197415,0.05605928636100682
784,0.05584980670729233,0.05605928595062479
785,0.055849561270769156,0.05605912792471755
786,0.05584905920494321,0.0560587386628471
787,0.055848075011189345,0.05605821488112676
788,0.05584743655082937,0.05605788534867625
789,0.05584706817881999,0.05605751734684356
790,0.05584703279387451,0.05605752234800672
791,0.05584627851839496,0.05605700122554858
792,0.05584542208367869,0.05605635238065532
793,0.05584529711111825,0.05605642003062939
794,0.05584446023059281,0.05605620402182782
795,0.055844429891134785,0.056056202597037384
796,0.05584437357432979,0.05605620061579017
797,0.05584389289563388,0.056055892239265576
798,0.055843010633999005,0.056055385394574636
799,0.05584247521391763,0.05605520358510489
800,0.055841826610955755,0.056054886071244966
801,0.055841085045657865,0.0560544878874578
802,0.05584042003767077,0.056054334618525783
803,0.055840363049397,0.056054343420013336
804,0.0558403503293322,0.05605434342472077
805,0.05584013866560986,0.05605430835620209
806,0.055840107144782665,0.056054311785517466
807,0.05583961683023449,0.05605436921143866
808,0.055839144797300684,0.056054076213615696
809,0.05583911406524734,0.056054075690476386
810,0.05583841357125307,0.05605400234542096
811,0.05583833791829606,0.05605401180779609
812,0.0558377986803722,0.05605396159294597
813,0.05583734805969009,0.05605381486890032
814,0.05583716948533744,0.05605385068317326
815,0.05583599620947731,0.05605281315533438
816,0.05583532814780395,0.05605269710911104
817,0.05583465429603214,0.05605240104498944
818,0.05583392709932051,0.05605243370978397
819,0.055833611114353005,0.05605227929014906
820,0.05583319792279041,0.056052166809662914
821,0.05583319771945724,0.056052166797289596
822,0.05583233244777931,0.056052045885522234
823,0.055831968395260834,0.056051980046294254
824,0.055831940596179956,0.0560519800541286
825,0.05583140303900128,0.05605187807233337
826,0.05583138143887962,0.05605187633801875
827,0.055830313411302825,0.056051385074810806
828,0.055830078215530425,0.056051394541710056
829,0.05582915639573636,0.056050774899297176
830,0.055828671815684204,0.056050754008981164
831,0.055826843296317555,0.05604961626659116
832,0.0558266032782539,0.05604946127157745
833,0.05582595315718289,0.05604930887235311
834,0.05582557393876318,0.05604929038812716
835,0.055823606348621796,0.05604789874129871
836,0.05582268204330235,0.056047929725152226
837,0.05582248889776273,0.05604790750870281
838,0.05582223550491643,0.05604768365816837
839,0.055821212811744264,0.05604765052373093
840,0.05582015716921999,0.05604675043693666
841,0.05581977552214409,0.056046723473627144
842,0.055818941546098164,0.056046527087600516
843,0.055818626135701085,0.056046106775259466
844,0.055817671070112596,0.056045894213629995
845,0.055817503930750974,0.056045833339534785
846,0.05581733775514918,0.056045768190073744
847,0.05581665110872489,0.05604585503026258
848,0.055815919119492435,0.05604553890395327
849,0.05581536997427364,0.05604528340393322
850,0.05581442786236548,0.056045446459918866
851,0.05581385330623226,0.05604533477700737
852,0.05581303924728604,0.0560454625317094
853,0.05581291779678342,0.056045434696437
854,0.055812622815376,0.05604535191477755
855,0.05581211103040041,0.05604515766646998
856,0.05581131888303345,0.05604508453962761
857,0.05581016291945262,0.05604410346756644
858,0.05580927114189083,0.056044336776574576
859,0.05580821408076419,0.056044128062940915
860,0.05580726255681528,0.056043294805382046
861,0.055806404288587394,0.05604322406329822
862,0.05580582136197433,0.056043084927590615
863,0.05580464543345893,0.05604267744606364
864,0.05580447114777281,0.05604259406132155
865,0.05580388187251515,0.05604240224299874
866,0.05580357688044409,0.05604230296679797
867,0.05580348243245255,0.05604227428342442
868,0.05580273357599357,0.056042186747357496
869,0.055802529584869254,0.05604193547930658
870,0.055801848370233345,0.05604167185043141
871,0.055801499809452766,0.05604165727561786
872,0.055801382239938836,0.056041627304753865
873,0.055801154208522136,0.05604170457053625
874,0.05580080995234193,0.056041801268410484
875,0.05579972336593272,0.0560415319398437
876,0.05579910950159497,0.056041456678178524
877,0.055798894635078936,0.05604144258025693
878,0.05579880022586889,0.05604140985325168
879,0.05579836441847186,0.05604116846987511
880,0.05579749850619299,0.056040511296257776
881,0.05579732773664545,0.056040550545393766
882,0.05579653967440772,0.05604059850861224
883,0.055796531363374646,0.056040598390161754
884,0.055795876599300145,0.05604074386907519
885,0.05579562713646864,0.05604075589739105
886,0.05579485174235677,0.05604040003004161
887,0.05579433008702082,0.05604040820296873
888,0.05579388336746539,0.05604020500247364
889,0.05579320487309983,0.056040095981623
890,0.055792669753610157,0.05603992836738095
891,0.0557923168746876,0.05603976080841299
892,0.05579161574146239,0.05603976975591956
893,0.05579140648340593,0.0560396330802951
894,0.05579106219936331,0.05603951367048553
895,0.055790214987194046,0.05603965852784122
896,0.05579007696853902,0.05603958146325736
897,0.05578994884135527,0.056039478163008735
898,0.055789159328135614,0.05603947447725312
899,0.05578869132151002,0.05603938711197216
900,0.055787787330732926,0.056039237536163806
901,0.055787302245970165,0.056039106625474046
902,0.05578629387638212,0.056038956740936625
903,0.05578565787979124,0.05603869881418333
904,0.0557851743448084,0.0560384658313263
905,0.05578458264579084,0.0560382949709965
906,0.055783603280717346,0.05603797073853549
907,0.05578300913679159,0.05603758718893784
908,0.05578273566639485,0.05603768698146917
909,0.05578191904078353,0.05603730430605736
910,0.05578172835527292,0.05603713593318779
911,0.05578137715874263,0.056037225697063
912,0.05578104261474759,0.05603720311113694
913,0.055780560555364726,0.05603704120356162
914,0.05578055636163242,0.05603704145713974
915,0.05577977230727238,0.05603663433085266
916,0.05577917560442893,0.05603669052613211
917,0.05577849477363113,0.056036635590053695
918,0.05577849091429783,0.05603663431336727
919,0.05577795105203914,0.05603639311023005
920,0.05577792025257574,0.05603641149992016
921,0.055777569265767504,0.056036243190822864
922,0.0557768894030938,0.056036082130278775
923,0.05577598402222844,0.05603537270759596
924,0.05577540604874522,0.05603516437150691
925,0.055774925539367616,0.05603502307359468
926,0.055774300574058404,0.056035264199520325
927,0.05577393029655291,0.056035075123270287
928,0.05577326830378151,0.0560348793465983
929,0.05577289049967309,0.056034956831175424
930,0.055772282374657506,0.05603458087532523
931,0.05577217243096393,0.05603449306690654
932,0.055771978195620235,0.05603450574716162
933,0.0557718442788168,0.056034402643712254
934,0.0557712173046546,0.056034185441094474
935,0.055770548876551876,0.056033932034516794
936,0.05576985805406979,0.056033622166148045
937,0.055769226296768996,0.05603336346504441
938,0.05576870623376496,0.056033016240739135
939,0.05576850717349626,0.0560330929577089
940,0.05576792899816802,0.056032846108028986
941,0.05576784107368377,0.05603283225205512
942,0.05576757559133611,0.056032647696183394
943,0.055766906918775436,0.056032700397843006
944,0.0557668728914143,0.05603269741490127
945,0.05576633051325686,0.05603215938929965
946,0.05576585279690031,0.05603203349650319
947,0.055765221411667454,0.0560317799645488
948,0.05576450670634001,0.05603172915576645
949,0.05576351930274474,0.05603158321878544
950,0.05576321890889744,0.05603158573995837
951,0.055762613832874175,0.056031551858456353
952,0.05576239976950725,0.0560314640571337
953,0.055761835782836666,0.056031339847113774
954,0.05576146697415744,0.056031177901825116
955,0.05576143107813742,0.05603122029537122
956,0.055760830187725006,0.05603106955447994
957,0.05576053686600312,0.05603116537902825
958,0.055760452343896,0.05603115825220649
959,0.055760226267902085,0.05603110449982667
960,0.055760218570128924,0.05603110438531766
961,0.055759986173263484,0.05603102317838308
962,0.05575957651405679,0.0560308440242914
963,0.05575878291173856,0.056030618085527444
964,0.055758223597479575,0.056030682844232134
965,0.055757935519534035,0.05603066110935302
966,0.055757664447048196,0.056030511973932114
967,0.05575737049161358,0.05603047845762683
968,0.055757226014669724,0.056030473143629196
969,0.05575699913743814,0.056030549875880756
970,0.0557565072366874,0.05603022200842285
971,0.05575600042773598,0.0560302607930215
972,0.05575582937225388,0.05603025667296682
973,0.05575559240618812,0.05603009550021767
974,0.05575530932155736,0.05602985663783741
975,0.05575521711847663,0.056029878359860744
976,0.05575464804982769,0.056030085462651355
977,0.05575454269162981,0.056029938409774174
978,0.05575431322371188,0.056029725771272555
979,0.05575356893222357,0.05602970688482754
980,0.055753545072499064,0.05602969809842012
981,0.05575300739042779,0.05602959582164222
982,0.05575259878337643,0.05602948890459236
983,0.05575201977597712,0.05602945998811719
984,0.055751491875639846,0.056029566689689184
985,0.05575118115221343,0.05602969497514931
986,0.055750552535805485,0.05602951712204617
987,0.05574964473281941,0.05602878361595401
988,0.055749457916651125,0.056028824245172505
989,0.05574892556641322,0.05602887812648187
990,0.055748783291578154,0.05602892932707432
991,0.05574825744281109,0.0560287185106364
992,0.05574782437945422,0.056028369309094446
993,0.05574734159508141,0.05602834901791693
994,0.05574707936532896,0.05602836545295093
995,0.05574685807616962,0.056028180088036686
996,0.05574642773525448,0.056028097789235634
997,0.05574631471119807,0.056028062362522106
998,0.0557460188216058,0.056028034560303495
999,0.05574504719211751,0.05602773545834985
1000,0.05574442136559332,0.056027375647967545
1001,0.05574404710710355,0.05602725670181089
1002,0.05574394618095292,0.056027284429285465
1003,0.05574297836544483,0.05602725842480501
1004,0.05574236446604477,0.056026748199580326
1005,0.05574206504295735,0.05602640592030857
1006,0.055741922649425395,0.056026268566183285
1007,0.05574115053471791,0.0560261985691608
1008,0.05574069594168805,0.05602656632314855
1009,0.05574004829478107,0.056026091581308606
1010,0.05573955378916339,0.0560260543065346
1011,0.05573926296382856,0.05602594479288103
1012,0.05573911821842962,0.056025990339396474
1013,0.05573859396067393,0.05602546123246361
1014,0.05573796177813178,0.05602492695831048
1015,0.05573729318129708,0.05602512176148373
1016,0.05573665030248433,0.0560250569173413
1017,0.05573664856970749,0.05602505688082069
1018,0.05573595540531722,0.05602528193227185
1019,0.05573542971003742,0.05602509871626873
1020,0.05573468567012884,0.05602488377703234
1021,0.05573452675527271,0.056024908619404026
1022,0.055734253885620186,0.05602484593004954
1023,0.05573333287146054,0.056025122873479605
1024,0.055732256072956614,0.05602455479632533
1025,0.05573215986640742,0.05602454013563016
1026,0.05573132832069874,0.05602440935001807
1027,0.05573093889124879,0.05602435861654292
1028,0.05573037580748184,0.05602445640885996
1029,0.0557301767663355,0.056024410211914316
1030,0.05572968020217344,0.05602432711840353
1031,0.05572962352142885,0.056024332132761964
1032,0.05572850530985583,0.05602448317539606
1033,0.05572729125578442,0.05602396914444086
1034,0.05572634511392632,0.05602365337629201
1035,0.05572568484899341,0.05602331296917939
1036,0.05572528388661774,0.05602322150799583
1037,0.05572438224690731,0.05602333896333688
1038,0.05572406939068606,0.056023211589106565
1039,0.05572395889453701,0.05602317870768452
1040,0.055723353469418285,0.056023310061653175
1041,0.05572251828345041,0.05602290270241305
1042,0.05572202989315028,0.05602274652422239
1043,0.055721763710680106,0.056022680295722785
1044,0.05572092744117932,0.056022607182759795
1045,0.05572049934469573,0.05602229816759347
1046,0.055719962920553055,0.056022344566857014
1047,0.05571931751197535,0.0560222110456868
1048,0.05571910741979826,0.05602225672564963
1049,0.05571905488678831,0.05602225436057392
1050,0.05571838110193511,0.05602207049428586
1051,0.0557178306032383,0.05602226627843361
1052,0.05571751181850466,0.05602225391761258
1053,0.05571736227830863,0.05602220877688852
1054,0.05571733893392659,0.05602220892903355
1055,0.055716784794176556,0.05602186544520828
1056,0.05571672476289126,0.05602186646656807
1057,0.05571668712570359,0.0560218943119135
1058,0.0557155172319643,0.05602201964717894
1059,0.05571518565166466,0.05602186319157888
1060,0.05571468143307285,0.05602153606111918
1061,0.055714490294530836,0.056021421292299325
1062,0.05571439308215049,0.05602138195312597
1063,0.055713868221841975,0.056021643495957986
1064,0.0557131832082566,0.056021654682593326
1065,0.055713105381624585,0.05602168365134865
1066,0.05571299930520866,0.056021743815920406
1067,0.05571247270456921,0.05602151911351661
1068,0.055711895506604596,0.05602133561451413
1069,0.055711833820770974,0.05602131509413269
1070,0.05571167295940037,0.05602129357608895
1071,0.05571139941674315,0.05602115613179126
1072,0.055710784945725574,0.056021287004716966
1073,0.05571026362230866,0.056021195622978526
1074,0.055709835809301125,0.05602108681658512
1075,0.055709580064932096,0.05602087883339131
1076,0.05570940959668888,0.056020808796546896
1077,0.05570930476589052,0.0560208125790969
1078,0.05570903859654268,0.05602075822406089
1079,0.05570897183530219,0.056020798182988434
1080,0.05570867104521031,0.05602067737407328
1081,0.05570793330712279,0.056020248240126594
1082,0.05570745996406839,0.05602036668350024
1083,0.05570691795625061,0.056020324016514654
1084,0.055706224358144554,0.05602040509276366
1085,0.055706131448052545,0.056020463367005634
1086,0.055706076399478596,0.05602035886234867
1087,0.055705736396810784,0.05602024982548339
1088,0.05570546695132764,0.05602020143961854
1089,0.05570494492092563,0.05602003473211963
1090,0.055704509817868245,0.05602016054712214
1091,0.055704476807298876,0.0560201332744673
1092,0.05570419065457755,0.056020179376485485
1093,0.055704028129030816,0.05602009408537385
1094,0.05570384834935161,0.05602003864681673
1095,0.05570367406708463,0.056019988628688726
1096,0.05570311095762698,0.05601987479770419
1097,0.05570283751251431,0.056019906756129854
1098,0.05570259986311944,0.05601992010564028
1099,0.055701808269974284,0.056019652827579966
1100,0.05570165165015255,0.05601979656437562
1101,0.05570160705639822,0.05601980083100191
1102,0.05570097966964519,0.05601934344323219
1103,0.05570026095568699,0.05601906919107676
1104,0.055699774775817175,0.056019138576066
1105,0.055698888200605444,0.056018802019220354
1106,0.055698293590145456,0.05601862938429099
1107,0.0556976822454062,0.05601807809103988
1108,0.05569747358698484,0.05601805183428361
1109,0.05569697312526283,0.056017873911887686
1110,0.05569639794337966,0.056017930397613803
1111,0.055695893413492174,0.05601808315632625
1112,0.055695296605027034,0.05601819724494431
1113,0.05569458818309362,0.05601791969727735
1114,0.05569454153228558,0.056017880801467294
1115,0.05569409409053971,0.05601776048571325
1116,0.055693440279089096,0.0560169124736843
1117,0.05569331716848147,0.056016807354134654
1118,0.055693167570695576,0.05601679430940495
1119,0.05569222254818471,0.05601643549486828
1120,0.055692128143880595,0.05601646017357904
1121,0.055691609251869174,0.05601630834295632
1122,0.05569034665670338,0.0560156565805561
1123,0.05568995315018355,0.05601560999824069
1124,0.0556891923209688,0.05601553290777061
1125,0.05568912024626937,0.056015542537781134
1126,0.05568825715023122,0.05601520802169351
1127,0.05568818059912809,0.05601513020007729
1128,0.05568794089307534,0.05601520914039483
1129,0.05568697955648934,0.05601508269899934
1130,0.055686893293861346,0.05601509826907791
1131,0.05568682887677681,0.056015120432852866
1132,0.05568650557595958,0.05601507318368598
1133,0.055685984029552195,0.0560152360847038
1134,0.055685952948117894,0.056015238945799725
1135,0.055685841401069636,0.05601521939025063
1136,0.05568505882771697,0.056014930599620934
1137,0.055684539531405876,0.05601487266706718
1138,0.05568404131838414,0.05601500443611392
1139,0.05568358237904135,0.05601512355818661
1140,0.05568293305098146,0.05601488945213128
1141,0.0556825114234066,0.05601488600897446
1142,0.05568167943008323,0.05601473171025659
1143,0.05568116971324716,0.056014301495246895
1144,0.0556806371450042,0.05601417845784728
1145,0.05568041601902455,0.0560141961216092
1146,0.0556798445705132,0.05601388513078683
1147,0.05567864428379555,0.056013258283979364
1148,0.05567776595879353,0.056013332781729284
1149,0.05567753245682601,0.056013085522281056
1150,0.05567742209864732,0.05601311972161612
1151,0.0556774144925047,0.056013111769555014
1152,0.05567731325443834,0.056013068418368124
1153,0.05567683092858955,0.05601290427486548
1154,0.0556760820530041,0.05601283759189052
1155,0.055675825339863975,0.05601282237386259
1156,0.05567569386091061,0.056012779461006273
1157,0.05567494283899632,0.05601281709991815
1158,0.055674518924276856,0.05601247637139997
1159,0.05567417406633644,0.05601204879175198
1160,0.05567409183905135,0.05601204610902333
1161,0.055673987007485486,0.05601204336484773
1162,0.05567376737339997,0.05601192647336065
1163,0.05567335691299477,0.05601172446015234
1164,0.055673065741415506,0.056011493822198596
1165,0.05567275577471898,0.056011399042810335
1166,0.055672286346177574,0.05601126837361531
1167,0.05567173735667276,0.05601099345060057
1168,0.05567112545058264,0.05601116949086652
1169,0.055670533998995846,0.056010885764565185
1170,0.05567049167657551,0.05601088371393749
1171,0.055669977778463914,0.056010566055554496
1172,0.055669732367522685,0.05601047336536938
1173,0.055669346669222255,0.05601052178685221
1174,0.05566856515092227,0.056010637472606796
1175,0.05566801281217122,0.05601041768889523
1176,0.05566703359623074,0.05600942478769688
1177,0.05566622545584415,0.05600904731623677
1178,0.05566602649000018,0.05600906964864334
1179,0.055665636314942785,0.05600905200595779
1180,0.05566517189215352,0.05600898556310576
1181,0.05566463834667738,0.05600890492455892
1182,0.0556641142570711,0.05600895920610385
1183,0.05566407037047196,0.05600895936433807
1184,0.05566313660908474,0.056008813065096544
1185,0.05566296849789438,0.05600872916235472
1186,0.05566282507666469,0.05600875806558777
1187,0.05566222232514985,0.05600872677827666
1188,0.05566187413596391,0.0560088400441593
1189,0.055661435826841084,0.05600884825610503
1190,0.05566101852011651,0.056008782132656136
1191,0.05565994436379524,0.056008987475436985
1192,0.05565966682040587,0.056009102268734234
1193,0.05565918257895669,0.0560090220148271
1194,0.05565899220017074,0.05600914530966658
1195,0.055658511474450736,0.05600892728121435
1196,0.05565839725204705,0.056008817422306595
1197,0.05565781446901433,0.0560086692513645
1198,0.05565730192539831,0.05600858193418441
1199,0.05565654476922279,0.05600819178359313
1200,0.055656216431857176,0.05600825089574073
1201,0.05565597197090925,0.05600826070353864
1202,0.05565569488029614,0.0560082160373714
1203,0.05565552153100016,0.056008156215465114
1204,0.05565491535811745,0.05600767724441861
1205,0.05565450343347711,0.056007526274530824
1206,0.055654271933044036,0.056007482007772134
1207,0.05565357348220333,0.05600742596809474
1208,0.05565322412101176,0.05600732142503141
1209,0.055652636678037624,0.05600748276378351
1210,0.055652340836649314,0.05600760941907861
1211,0.05565166260398383,0.0560071562435768
1212,0.05565120568373066,0.05600688310782806
1213,0.05565084784882264,0.056006894695805956
1214,0.05565079999829178,0.056006900191718174
1215,0.05565023939628892,0.056006543897440586
1216,0.055649154726615246,0.056005978036168295
1217,0.05564843980819326,0.05600623434964015
1218,0.0556482814426017,0.056006231512710676
1219,0.05564772801478787,0.05600613213520138
1220,0.05564742530581516,0.05600606292501856
1221,0.05564692151281058,0.05600561257102277
1222,0.055646343766289,0.056005499976004486
1223,0.055645936317741077,0.056005502706746646
1224,0.05564578718749432,0.05600558359338974
1225,0.05564528626879727,0.05600572399512777
1226,0.05564444193378924,0.05600542101047768
1227,0.055644044243588764,0.05600520206354807
1228,0.05564349379752903,0.056005330005415625
1229,0.05564268521404663,0.056005263055280315
1230,0.05564191055796684,0.05600513541653948
1231,0.055641550526344605,0.05600525719699231
1232,0.05564120649392921,0.05600532447868763
1233,0.055640407715965276,0.056005453983131684
1234,0.055639828197048304,0.05600494094109958
1235,0.05563965419843837,0.05600491939617302
1236,0.05563911643682209,0.0560046597767465
1237,0.05563894451659835,0.05600474531337911
1238,0.055638156635058895,0.05600468505825042
1239,0.05563732438827154,0.056004816103407414
1240,0.0556365633675572,0.05600451790318049
1241,0.05563645136406944,0.05600448506882842
1242,0.05563603229760814,0.056004457886254765
1243,0.05563575012244018,0.05600444620211769
1244,0.05563508272305015,0.05600410590950302
1245,0.05563408641810076,0.0560037257645465
1246,0.05563393555259644,0.05600370793302532
1247,0.0556338197023307,0.05600366103002687
1248,0.055633784289792286,0.05600364990006826
1249,0.055633722631040744,0.05600365592156971
1250,0.05563369576506737,0.056003666204303235
1251,0.055633256185380266,0.056003343519946534
1252,0.05563323109879329,0.05600326623121679
1253,0.05563280640057508,0.05600310506205433
1254,0.055632151178028284,0.056002898626247063
1255,0.0556316099997787,0.0560027948653115
1256,0.05563085132294423,0.05600271597341258
1257,0.055630264203201496,0.0560027957581797
1258,0.05562992592377419,0.05600272527357687
1259,0.055629753412780654,0.05600270110335693
1260,0.055629340255511826,0.0560024619764903
1261,0.05562914029719902,0.05600216961131787
1262,0.055628918199330545,0.05600234075934871
1263,0.05562891374524056,0.056002340798087594
1264,0.05562874260372539,0.05600230486703495
1265,0.05562799699223175,0.05600250871651458
1266,0.055627707293479496,0.056002586892766465
1267,0.055627685018419144,0.056002596824254375
1268,0.05562699141178298,0.056002069142070725
1269,0.05562642411896957,0.056002275392353466
1270,0.05562567389974089,0.05600185970576887
1271,0.0556248577657462,0.05600180662028923
1272,0.055624441582803566,0.056001649420578906
1273,0.05562406832107217,0.05600178293405217
1274,0.05562399173938108,0.056001839219146955
1275,0.055623264788010815,0.05600159912136214
1276,0.055622454514686066,0.05600187774202064
1277,0.05562209782235148,0.05600152189049313
1278,0.055621898377153596,0.056001379915853376
1279,0.055621454561249575,0.0560011087139191
1280,0.0556214109649408,0.056001106307597366
1281,0.055621105992492405,0.056001046534895155
1282,0.05562108540767764,0.056001044326260734
1283,0.05562052781587726,0.056001133867000535
1284,0.05562043906983871,0.05600110702378762
1285,0.05562010494304267,0.05600107625081653
1286,0.05561993072504015,0.05600119412172934
1287,0.05561976303604996,0.05600108900747081
1288,0.05561944131546773,0.056000965652787046
1289,0.05561918181771768,0.05600107280892515
1290,0.055618976145258806,0.05600102874297026
1291,0.055618642216712935,0.05600087219118273
1292,0.055618002688628716,0.05600051329966993
1293,0.055617969383440914,0.05600052701455418
1294,0.055617945796389144,0.05600052698984286
1295,0.0556173450988726,0.05600059936496748
1296,0.05561727491929657,0.05600059808335624
1297,0.05561715706470903,0.05600051807155815
1298,0.055617048600278746,0.056000504675888824
1299,0.05561599841507302,0.05599997001022591
1300,0.055615665554229435,0.05599996355524396
1301,0.055614887412704934,0.05600002865437209
1302,0.05561420691899026,0.05600000361417137
1303,0.055613850132364494,0.05599992206220317
1304,0.055613668014674454,0.056000097646785
1305,0.055613106399694114,0.055999899649311284
1306,0.05561222569215416,0.05599943320492129
1307,0.055612155946998434,0.05599944597621274
1308,0.05561113713392434,0.055998924785570524
1309,0.05561103482745719,0.055998913366656605
1310,0.05561064774191073,0.055998960998237965
1311,0.055610582380216336,0.055998972224534996
1312,0.05561045292685834,0.0559989648979444
1313,0.055610156952116005,0.05599911743890293
1314,0.055609875991958324,0.05599942493901068
1315,0.05560979321430756,0.05599948209420002
1316,0.05560942245693152,0.05599948038259697
1317,0.055609126875773726,0.05599945364844971
1318,0.05560896583468954,0.055999351908751244
1319,0.05560828654047837,0.05599927521842923
1320,0.05560822020721045,0.05599927926101421
1321,0.0556078080045477,0.05599917125042131
1322,0.05560757048695133,0.05599903790746059
1323,0.055607281083308785,0.05599904809878446
1324,0.05560714459347337,0.05599899398174631
1325,0.05560706469476032,0.055998944390498614
1326,0.055606905570226274,0.055999092711494135
1327,0.05560636574732037,0.055999353253143556
1328,0.05560600256105625,0.055999285079165954
1329,0.05560564868182829,0.05599917903528346
1330,0.0556052493543946,0.05599919440993207
1331,0.05560511480879259,0.05599916047590343
1332,0.055604445039496755,0.055999172059396383
1333,0.05560428427922185,0.05599902343604763
1334,0.05560343144704695,0.055998640715237524
1335,0.055602976375920245,0.05599876886841492
1336,0.05560240468028047,0.05599864376076988
1337,0.05560177620636558,0.05599853632896893
1338,0.05560147006431182,0.055998403810151344
1339,0.05560091381184728,0.05599837728711794
1340,0.055600065555188136,0.055998508863301294
1341,0.055599994215854945,0.055998534599089836
1342,0.05559912824957623,0.055998031238373464
1343,0.05559888947950684,0.05599770224494168
1344,0.05559832931449115,0.05599780277254429
1345,0.055597498504571616,0.05599721864769863
1346,0.055597043810978276,0.05599707895424355
1347,0.05559698837016695,0.055997084799685196
1348,0.055596274240382486,0.055996688467896454
1349,0.05559618913912555,0.05599668581091527
1350,0.05559603746309869,0.05599668163910762
1351,0.05559542530651404,0.0559965565083389
1352,0.05559513384684993,0.05599650721290029
1353,0.05559498556521627,0.05599652167492184
1354,0.05559492497257049,0.05599654629125943
1355,0.05559428305301388,0.05599673227080695
1356,0.05559420625478795,0.05599670132879812
1357,0.05559321406728193,0.05599698115693975
1358,0.055592817406191083,0.055996701777942144
1359,0.05559202703405856,0.05599705097792914
1360,0.055591742043570855,0.05599704051755309
1361,0.05559112768136479,0.055996945986739606
1362,0.05559054067246439,0.05599692930033312
1363,0.05559036797293799,0.055997026949740174
1364,0.05558996253851758,0.055997131636894
1365,0.05558958686580084,0.05599696458531171
1366,0.05558922622595155,0.055996862087317675
1367,0.055588970434802376,0.055996843754744854
1368,0.05558870585856813,0.055996742162039786
1369,0.055588196839211707,0.05599654724496631
1370,0.05558726196062928,0.05599689298077757
1371,0.05558683164787951,0.05599674878352059
1372,0.055586279302311845,0.055996748193975335
1373,0.05558624751912049,0.055996748329975955
1374,0.0555861200798595,0.05599675479858517
1375,0.05558536827281813,0.05599607870903752
1376,0.05558531878449236,0.05599606124863098
1377,0.055584599829831036,0.055996125631046105
1378,0.05558431864263007,0.055995753744673825
1379,0.055583915831150646,0.055995505079635424
1380,0.055583782386665,0.05599561442439576
1381,0.05558317954102578,0.05599522853446781
1382,0.05558283556894095,0.05599487105728636
1383,0.05558220468754314,0.05599480860965905
1384,0.05558213924777378,0.05599480119764026
1385,0.055581737109290694,0.055994837198968785
1386,0.055581291941748774,0.05599459877872967
1387,0.05558076868956506,0.055994557912850365
1388,0.055580751897648085,0.05599456484332753
1389,0.055580448726262416,0.05599478168568557
1390,0.05558019825936475,0.055994840958357724
1391,0.05557951162247911,0.05599490812450422
1392,0.055579424533439885,0.05599490506185468
1393,0.055578876699713106,0.05599474706543503
1394,0.05557880634956661,0.05599468075079445
1395,0.05557856778421853,0.055994587979116564
1396,0.055578434932077245,0.05599464839486714
1397,0.055578276598624826,0.055994580019479386
1398,0.055577800722525446,0.0559942155427476
1399,0.055577615123176716,0.0559942793884286
1400,0.055577466130087114,0.05599417398031827
1401,0.05557742528751322,0.055994177241592356
1402,0.05557691958307152,0.05599393540449494
1403,0.05557631866519409,0.055993852899053745
1404,0.05557614001257527,0.055993802380425964
1405,0.05557536044063191,0.05599355241439936
1406,0.05557512918766293,0.05599328389771983
1407,0.05557498594675907,0.05599335060462817
1408,0.055574543811943385,0.0559933801930565
1409,0.05557446669047823,0.05599343496317188
1410,0.05557405905197155,0.05599337573104666
1411,0.0555738803132377,0.05599345500892356
1412,0.05557355894828158,0.05599333813817422
1413,0.0555732893185266,0.05599322511804535
1414,0.05557318240783774,0.055993238181100975
1415,0.05557252736661611,0.05599293982755804
1416,0.05557243157223421,0.055992937276877174
1417,0.05557190163655833,0.05599295146499147
1418,0.055571719441847384,0.05599300061410504
1419,0.05557155012891894,0.05599297870687872
1420,0.05557134781679653,0.05599295656633399
1421,0.05557071123158988,0.05599270829689454
1422,0.055570064284452936,0.05599248580736915
1423,0.05556994191516432,0.055992574223384134
1424,0.05556990437526049,0.05599256213771161
1425,0.055569535655262896,0.055992312286035247
1426,0.055569466307756187,0.05599231607664157
1427,0.05556891134577316,0.05599246623265277
1428,0.05556850679939395,0.055992479306780356
1429,0.05556837638775864,0.05599231338253356
1430,0.05556769402643216,0.05599263542864412
1431,0.055567263154172764,0.055992528364674006
1432,0.05556662733777126,0.055992836530156784
1433,0.05556596840386089,0.05599266546923347
1434,0.055565803067586975,0.05599260918687958
1435,0.05556539048275522,0.05599270163704873
1436,0.05556486959047376,0.055992642504434885
1437,0.055564536012594264,0.05599278187124035
1438,0.055564421013734926,0.055992734538350575
1439,0.055563845106166486,0.05599232520299048
1440,0.055563579966580845,0.055992293465580184
1441,0.055563483044294634,0.05599222968751804
1442,0.05556302993472396,0.0559923630451042
1443,0.05556258557937549,0.05599230312324933
1444,0.05556250456015662,0.05599229833701199
1445,0.055561902045340374,0.05599181752862044
1446,0.05556165471868898,0.05599178832777171
1447,0.05556104003148352,0.055991800664878875
1448,0.055560800273232715,0.05599194115220195
1449,0.05556018118247339,0.05599147034184413
1450,0.05555982965371694,0.055991568687969916
1451,0.055559192201893,0.05599159227437843
1452,0.05555871135189367,0.05599151485699434
1453,0.05555850781049616,0.05599153013891256
1454,0.05555826201366148,0.05599158054490085
1455,0.055557450611265116,0.05599139994723399
1456,0.05555722665201554,0.05599123798853778
1457,0.055556245200651694,0.05599127355145941
1458,0.05555613152891613,0.055991259643291456
1459,0.05555611282098222,0.05599127727714772
1460,0.05555536715251622,0.05599142033487069
1461,0.055555119860737426,0.05599147524602208
1462,0.05555481098816166,0.05599160875190154
1463,0.05555399554023142,0.05599132871581617
1464,0.05555371762132677,0.05599129402881286
1465,0.05555349284936542,0.0559911851503992
1466,0.055553321168460706,0.0559911529667717
1467,0.055552867846633755,0.05599086520695079
1468,0.055552328376252166,0.055991038517378494
1469,0.05555213472319954,0.055991063045537255
1470,0.05555156491428897,0.05599061134086919
1471,0.055551438559328446,0.05599068210947053
1472,0.055550908472228384,0.055990497326243845
1473,0.055550391396805655,0.05599032812494171
1474,0.05555024270181903,0.05599035167285533
1475,0.05554990858094454,0.05599042781242883
1476,0.055549100963947835,0.055990405954857186
1477,0.05554879533548518,0.05599036838198338
1478,0.05554874604701908,0.055990382218651505
1479,0.05554815060059829,0.05599012445885111
1480,0.05554810013379014,0.05599014215624044
1481,0.055547734605060926,0.05599006435392255
1482,0.05554736945883652,0.05599023784896718
1483,0.05554672803544357,0.055990034186034106
1484,0.05554567122619252,0.05598989999451163
1485,0.05554557581934048,0.05598987549157434
1486,0.05554526864908512,0.05598978911147713
1487,0.055545165928481674,0.05598979423112207
1488,0.05554515196567728,0.05598979418304299
1489,0.0555450013982362,0.05598975065440394
1490,0.05554437650022857,0.05599009889964091
1491,0.05554426479448425,0.05599014621976046
1492,0.05554425382723258,0.05599014538533514
1493,0.05554419837553831,0.055990141107866966
1494,0.05554412342637727,0.055990123557949016
1495,0.05554387032740297,0.05599014029628576
1496,0.05554321257281867,0.05598997056092385
1497,0.055543077239370645,0.055989956008268206
1498,0.055542887795078405,0.05598998788457393
1499,0.05554269261589982,0.05599003461952062
1500,0.055542168216806714,0.055989843716182236
1501,0.055542074717262725,0.055989858881665334
1502,0.055541386607019926,0.055990014734708674
1503,0.055541251982407995,0.05598998832535428
1504,0.05554073212202534,0.055989902825914484
1505,0.055540127478321516,0.055989713864861936
1506,0.055540116449710825,0.05598972521200244
1507,0.05553938249997169,0.055989840555215845
1508,0.05553918475116129,0.05598978536565481
1509,0.055539090829673295,0.05598976767026888
1510,0.05553881392337431,0.055989775114364516
1511,0.055537869857339155,0.055989438697810485
1512,0.05553747292696102,0.05598939449972446
1513,0.05553676500794076,0.05598935328098613
1514,0.05553625819652009,0.055989187192960324
1515,0.055536004351506324,0.05598906718828971
1516,0.05553535227491412,0.05598899135287952
1517,0.0555346066912489,0.05598925476667433
1518,0.055534393920327274,0.05598929963807365
1519,0.05553394604882874,0.05598921199208344
1520,0.05553325125177775,0.05598908654156695
1521,0.0555325682593406,0.055989149230636526
1522,0.055532301506497406,0.05598920205299576
1523,0.05553177665348343,0.05598904110107566
1524,0.0555316652014775,0.05598907437592164
1525,0.055531136166615896,0.05598919475925611
1526,0.05553084888308507,0.05598914407560891
1527,0.05553079968094586,0.055989136809997134
1528,0.05553051313182187,0.055988820712806406
1529,0.05553042061668127,0.05598888994327884
1530,0.055529782418261606,0.05598899518093372
1531,0.05552973911278541,0.05598899588947046
1532,0.055529662765337856,0.05598901024400628
1533,0.05552923505166901,0.05598896643345917
1534,0.05552919533251497,0.05598894726897828
1535,0.05552845895345617,0.05598894345092724
1536,0.055528431898506384,0.05598890009801815
1537,0.055527917006162025,0.05598896456199154
1538,0.055527435395889044,0.05598880901699357
1539,0.05552690643737752,0.05598878929497915
1540,0.055526701131538375,0.05598867008053261
1541,0.05552667515030617,0.055988670213699056
1542,0.05552659518214861,0.05598866705164817
1543,0.0555265369094492,0.05598861704762092
1544,0.05552603317160998,0.0559886673177272
1545,0.05552550067655304,0.05598897493950888
1546,0.05552531250365185,0.05598904247783357
1547,0.05552463944167759,0.055989193610190835
1548,0.05552453394250217,0.05598910611545039
1549,0.05552411914348242,0.05598913793644125
1550,0.05552397463300697,0.055989226454438275
1551,0.05552373024125617,0.055989327845854586
1552,0.05552366739085244,0.05598936256131432
1553,0.055523008644598894,0.055989043798831385
1554,0.05552263171998006,0.055989019259112045
1555,0.05552252168107571,0.05598896910205267
1556,0.05552212788941294,0.05598886428119489
1557,0.055522070966835785,0.05598885699780714
1558,0.055521716842062474,0.055988782126463
1559,0.055521647647326755,0.05598877150630214
1560,0.05552111218648463,0.05598868846619972
1561,0.0555208937429366,0.05598861841708403
1562,0.055520830313982576,0.05598865549999249
1563,0.05552039173952681,0.055988743768750605
1564,0.05552020124476268,0.05598869623241681
1565,0.055520072752582146,0.05598866626684915
1566,0.05551976996332046,0.055988360344410626
1567,0.055519618064523324,0.05598835817811071
1568,0.05551918178798395,0.05598827850450185
1569,0.055518951301017104,0.05598832376495428
1570,0.05551822890854248,0.05598835740136575
1571,0.05551795790822771,0.05598818167667461
1572,0.05551768037266391,0.055988125496536256
1573,0.05551715920585474,0.05598820497749579
1574,0.05551683265727276,0.055988208649218864
1575,0.05551620844269353,0.05598852856257192
1576,0.05551616623435217,0.05598853144138494
1577,0.05551586319226373,0.055988533675542164
1578,0.05551525804841495,0.05598844520414112
1579,0.05551490446561998,0.05598835304534239
1580,0.055514707467814145,0.055988309019254966
1581,0.055514304684109436,0.055988270744781
1582,0.05551390459668292,0.05598824864879834
1583,0.055513365058854194,0.055987898273539505
1584,0.05551299971302806,0.055987788691175475
1585,0.05551235124180826,0.05598774940708285
1586,0.0555118745200623,0.0559878726156374
1587,0.055511635918446676,0.05598787275079765
1588,0.05551130062546159,0.05598773467440599
1589,0.055510717197351546,0.05598735059491509
1590,0.055510305104708266,0.055987483756054494
1591,0.05551029590038424,0.05598748365668527
1592,0.05550963071876459,0.055987404128019905
1593,0.05550933113876184,0.055987414422293325
1594,0.0555088339374585,0.05598743457822337
1595,0.05550836212285721,0.05598746314223635
1596,0.05550793362252159,0.05598747809422269
1597,0.05550721291618878,0.0559872845358006
1598,0.05550631016409825,0.05598705424856721
1599,0.055506087619969884,0.055987102952655736
1600,0.055505733713876834,0.05598710477385108
1601,0.05550552486389212,0.05598718762485475
1602,0.055505436596724175,0.055987163656793834
1603,0.05550513815734095,0.05598701401689611
1604,0.05550495106892203,0.05598694175186833
1605,0.05550448007692055,0.055987033971001035
1606,0.05550370409066124,0.05598662425728872
1607,0.055502520734755485,0.05598660908716387
1608,0.055501721668243124,0.05598639786675542
1609,0.0555012625395016,0.05598613326788753
1610,0.05550119256286092,0.05598612859524842
1611,0.05550055829186225,0.055986084003543664
1612,0.055499895022683134,0.05598578491030975
1613,0.055499296272117235,0.055985626614879345
1614,0.05549886828663766,0.05598550098096502
1615,0.055498512927369396,0.05598563327538402
1616,0.055498044751897554,0.055985521041470206
1617,0.05549768676482659,0.05598556630556687
1618,0.055497592033646286,0.05598557541760925
1619,0.055497076745621404,0.055985442981221795
1620,0.05549629092306723,0.055984612209862526
1621,0.05549581039287723,0.055984380069525136
1622,0.055495775326138475,0.05598436887629347
1623,0.05549537399851213,0.05598395120808088
1624,0.05549529823612387,0.05598399500899415
1625,0.05549509994578922,0.0559839515889777
1626,0.05549497560452102,0.0559840302607705
1627,0.05549449846401541,0.05598398625777993
1628,0.055494001395234645,0.05598404987283739
1629,0.05549365262031998,0.055984044252837664
1630,0.0554935262305032,0.05598401752921407
1631,0.05549348075781935,0.05598401777918708
1632,0.055492781045440844,0.05598404582491912
1633,0.055492453030273184,0.05598398267374535
1634,0.05549188896297912,0.055984030103484586
1635,0.05549099899498609,0.05598383120950774
1636,0.055490933024054126,0.05598384201073434
1637,0.05549041648536263,0.055983907430621115
1638,0.05549035519683224,0.055983912673856925
1639,0.05549001146312117,0.05598390565539159
1640,0.05548909974843501,0.0559836699725578
1641,0.05548860885287937,0.05598355676024805
1642,0.0554883105003111,0.055983699627900965
1643,0.05548758464185417,0.055983828764682206
1644,0.05548741154690202,0.05598372869999257
1645,0.05548627449652831,0.05598388469493405
1646,0.055486181571284494,0.05598386820540554
1647,0.05548557178837342,0.05598379154719271
1648,0.05548552750472562,0.05598380492556557
1649,0.05548489010083226,0.05598402080505086
1650,0.05548478281988262,0.05598402553607651
1651,0.055484194979292266,0.05598425702462464
1652,0.05548382205499043,0.05598401173645949
1653,0.055483685101429286,0.05598407355859712
1654,0.05548318222509505,0.055984054383616026
1655,0.055482763668966775,0.05598422565773989
1656,0.05548250496882171,0.055984369209769944
1657,0.05548234974203961,0.055984375584991725
1658,0.05548189846500261,0.05598465675482094
1659,0.05548183748159403,0.055984643020838935
1660,0.05548180270446168,0.05598465769017804
1661,0.05548153806727006,0.05598467883369281
1662,0.05548085389154786,0.05598451608238937
1663,0.05548066338132449,0.05598448722780058
1664,0.05548023593888692,0.05598453729505567
1665,0.05547987351715813,0.055984536631198366
1666,0.05547953734824815,0.0559843107847127
1667,0.055478792043736826,0.055984420206585415
1668,0.05547874968042366,0.05598442062691816
1669,0.0554783159502797,0.055984525196808854
1670,0.05547816113034413,0.055984438701135765
1671,0.05547770932889402,0.055984363748618655
1672,0.055477207538881204,0.055984257085835494
1673,0.055476604070904025,0.05598421292967895
1674,0.05547655158171923,0.05598422247769925
1675,0.05547638773717148,0.05598415960099163
1676,0.05547612086788131,0.055984174191647404
1677,0.05547596913690839,0.055984143927373976
1678,0.05547550759290746,0.05598419186970192
1679,0.05547520214724607,0.05598419412092174
1680,0.05547488236711339,0.055984327332234705
1681,0.05547451382258436,0.05598438983747133
1682,0.05547440405392121,0.05598435315821007
1683,0.05547356484239742,0.05598439490283955
1684,0.05547315734223713,0.05598406933073075
1685,0.05547247995345297,0.05598401605294612
1686,0.05547207349002825,0.05598390276195248
1687,0.05547165017243821,0.05598369577973463
1688,0.055471219264713455,0.05598404517647694
1689,0.05547090028842644,0.05598392805477919
1690,0.05547045917512745,0.05598398603641266
1691,0.055470227969231685,0.055983965805682545
