0,0.15708866208940112,0.15728192696649743
1,0.14906762001318144,0.14926527815941576
2,0.14222893918857676,0.14242670750734332
3,0.13640526931416033,0.1366113566761653
4,0.1314702765182157,0.13168369326340662
5,0.12241949689343645,0.12263888778903981
6,0.11458296925575201,0.11480353014257819
7,0.107777755755589,0.10800030247386758
8,0.10191948309578798,0.10213679207061219
9,0.09693922473296529,0.09714989237254935
10,0.09267285144300799,0.09288222714457367
11,0.08910731328425703,0.08931025976368274
12,0.08608330624150135,0.08627693865873498
13,0.08348336503417385,0.08366443138132529
14,0.0813402089685472,0.08151255536362177
15,0.07737155381752532,0.07752006689262952
16,0.07397753005733215,0.07410077367775332
17,0.07106934647056834,0.07117015897464841
18,0.06863467374290887,0.06871746608280557
19,0.06658640873369008,0.06665139341434306
20,0.06488785545342768,0.06493442528635977
21,0.06349526534319316,0.06352832307684698
22,0.06229853989292174,0.06231805987640991
23,0.06131563583440029,0.061323505717906644
24,0.060498252632362956,0.06049423199971223
25,0.059814837918886574,0.0598013604034435
26,0.05925412384653656,0.05923303610247622
27,0.05880240104028965,0.05877467530167905
28,0.05841940526148615,0.058386275328170166
29,0.05811364896388317,0.058075998669073356
30,0.05785671512452462,0.057812715145821814
31,0.057646733206423474,0.05759893515420538
32,0.057475920561442684,0.057423796572464915
33,0.05732960736790676,0.0572742376262016
34,0.0572136250645894,0.057154755742442734
35,0.057117052758164234,0.057057376149899565
36,0.05703311885115099,0.05697167108668123
37,0.05696441931292424,0.056901513965581026
38,0.0569042521617193,0.05684162837431408
39,0.05685313785295084,0.05679457669709739
40,0.056806717919750976,0.05675347204186544
41,0.056767474811930035,0.05671866422678661
42,0.05673806671625984,0.05668823814101569
43,0.0567082367715569,0.05666168095919161
44,0.05668460382516376,0.056638834288776495
45,0.05666668643978783,0.056620252709929556
46,0.05664745155246408,0.05660202906325303
47,0.05662873242385793,0.056585825620091255
48,0.056613390708213834,0.05656922099209828
49,0.056601962429828,0.05655795765662171
50,0.056589890710486486,0.05654866141413632
51,0.056577865107486434,0.056535891697727186
52,0.0565657532135715,0.05652418063273401
53,0.05655549300517321,0.056513255388476354
54,0.05654431593667339,0.056504551809834935
55,0.0565352645465312,0.0564980149721469
56,0.05652974956466055,0.056492897519515035
57,0.05652612298574386,0.05648946489134131
58,0.05651627147441644,0.05648162060716114
59,0.056507427923862055,0.0564738013164427
60,0.05650003925366428,0.05646786880814394
61,0.05649373789327386,0.05646101177874031
62,0.05648661828585448,0.05645552650824915
63,0.05647910410906758,0.056449129365951284
64,0.05647380372566343,0.05644518656425786
65,0.05646724149076167,0.056438442817303106
66,0.05646624022517161,0.05643741094373127
67,0.05646178175087613,0.05643243578611567
68,0.056458169585686106,0.056430396770751866
69,0.05645479693455761,0.056426829312304534
70,0.05644958369229869,0.05642306907280943
71,0.05644741962298611,0.05642128151034709
72,0.05644366322399954,0.056418152834253964
73,0.056441393681483154,0.056415331659563
74,0.056441122872750965,0.05641510324148357
75,0.056437513126768236,0.05641167755486421
76,0.05643543627775409,0.0564104433863135
77,0.05643481072328475,0.056409615744241325
78,0.05643330714122203,0.056408450422471924
79,0.056431253071053684,0.05640666677639555
80,0.056423631006615536,0.05639855240760518
81,0.05642051285175956,0.05639567859718568
82,0.056412093725865996,0.05638822926096538
83,0.05641203734687178,0.05638812451470812
84,0.05640679916419508,0.056383895145725685
85,0.056405677311875846,0.05638289535491867
86,0.056401866654821844,0.056379651629353204
87,0.056394300954544736,0.05637468368295923
88,0.056389942430079984,0.05637183418613887
89,0.05638994020265383,0.05637183436572722
90,0.05638989734557473,0.0563718344906555
91,0.05638650652413368,0.05636792346323974
92,0.05638287756222456,0.05636591561222909
93,0.0563780676718626,0.056361832246197674
94,0.05637552696615972,0.05635901405763964
95,0.05637173746116715,0.05635481653633281
96,0.05636966184743706,0.05635328271386186
97,0.056367194204780424,0.05635114752610251
98,0.05636354208088763,0.05634799373873006
99,0.05635945365855956,0.05634406191390998
100,0.05635817968296553,0.056343046016350574
101,0.05635679492848726,0.05634183820243974
102,0.056350983518741765,0.05633880303371579
103,0.05635033733117863,0.056338671180042224
104,0.05634716943638077,0.056337653067542875
105,0.056341910744972294,0.05633123154566139
106,0.05634191063308804,0.05633123163316268
107,0.056338793637404724,0.05632812490205969
108,0.056337118234102805,0.05632749736289159
109,0.056335913083381164,0.056327569984249815
110,0.05633370180458888,0.05632515841258363
111,0.05633173312914694,0.0563243970514657
112,0.05633170440265798,0.056324397182443704
113,0.0563316981244792,0.05632439720100826
114,0.05633117112518666,0.05632390101544303
115,0.05633099218489409,0.056323664604629904
116,0.056330961753451474,0.056323600671207376
117,0.056330355070512664,0.0563233665764857
118,0.056328160391698086,0.05632095167762651
119,0.056325829590704334,0.056319289686533894
120,0.056321471910254384,0.0563167787349482
121,0.05632144489278563,0.056316778603897916
122,0.05632123734464608,0.05631677961399293
123,0.056317629196449705,0.0563132517363159
124,0.056317487865514146,0.05631332858740576
125,0.0563130698684349,0.056309858546069486
126,0.05631253339357633,0.05630939670833723
127,0.056310071673321964,0.05630764635777355
128,0.05630792593435643,0.056305679227910826
129,0.0563062272280278,0.05630367274531802
130,0.05630492518816244,0.056302993331908226
131,0.056301388078427037,0.056299673067074237
132,0.056299352458680556,0.05629858860687137
133,0.05629825255480064,0.056298331332158065
134,0.05629538840752962,0.056296725457594766
135,0.056292263477267956,0.05629453614014679
136,0.056286835572494864,0.05629012507382377
137,0.05628303907751434,0.0562868646362051
138,0.05628002976556341,0.05628305392325219
139,0.05627619940538396,0.05627894443178288
140,0.05627439994019236,0.056277261127598364
141,0.056272256122438524,0.05627509636786585
142,0.05626990553771482,0.0562733485230436
143,0.0562690366999631,0.05627265524975937
144,0.05626848687026186,0.05627257504043446
145,0.0562665677552533,0.056270877923048614
146,0.05626341878420304,0.056268398310696445
147,0.05625963658437605,0.05626563245656063
148,0.05625575353200333,0.056261798433369946
149,0.05625400153505878,0.056261412671869196
150,0.05625162276928584,0.05625934027014183
151,0.056251508397231045,0.0562593400807779
152,0.05624942131288117,0.05625751253249499
153,0.056247603723285786,0.05625568185017954
154,0.05624445175467232,0.05625343604468634
155,0.05624004838094215,0.05624874369169129
156,0.0562367063365321,0.05624657348070126
157,0.056233325754630616,0.05624669960610327
158,0.056230039471706496,0.05624299884091552
159,0.056226066354104716,0.05623918081064188
160,0.056223332104734056,0.05623748678449193
161,0.05622214486446747,0.05623686675542811
162,0.056218623883190044,0.05623425033577019
163,0.056217861237087344,0.056233841300171304
164,0.05621454879545231,0.05623260855152628
165,0.05621323442802636,0.05623175125663327
166,0.05620987059299328,0.05622815327115382
167,0.05620923527553211,0.05622783078658732
168,0.056205742815161795,0.056225057464268376
169,0.05620475963375384,0.05622435888459383
170,0.056203881980374404,0.05622389268703354
171,0.05620238090785424,0.056222242686333
172,0.056199378968073095,0.05621928870374206
173,0.05619649705709765,0.056218850206545976
174,0.05619524858711214,0.05621885098514604
175,0.05619374863590257,0.056217530311242256
176,0.05619200672035173,0.05621677544791103
177,0.056190409082638754,0.05621645010504701
178,0.056190152613666694,0.056216209599279005
179,0.05618993181138707,0.05621600520938885
180,0.05618879551930917,0.05621549892015347
181,0.05618303886729216,0.05620997211223775
182,0.05618033440450878,0.05620832208662604
183,0.056179675895078156,0.056207353495624196
184,0.056178258339952575,0.056206438938955466
185,0.056176806794012143,0.05620539773587338
186,0.05617348299741722,0.05620197633082912
187,0.056170583181398205,0.056200179889471125
188,0.05616852288080206,0.05619844404635542
189,0.05616385641174469,0.05619398104535045
190,0.05616375236105277,0.05619398116004227
191,0.05616125716949354,0.05619347938502627
192,0.056159369228350804,0.05619339163595894
193,0.056158781510001046,0.056192937159203135
194,0.05615763184244807,0.05619186272002789
195,0.056155318439653726,0.056189830488634594
196,0.056155153785630095,0.05618988825992303
197,0.056152771270444796,0.05618788068118032
198,0.05615082952954902,0.056185690908357996
199,0.05614787618628473,0.056184049643893154
200,0.056147133588720796,0.05618342507813843
201,0.05614672108075203,0.0561833621437714
202,0.05614427549138135,0.05618217824642627
203,0.05614196125315666,0.0561811650799877
204,0.05613882733075205,0.05617701719584133
205,0.0561373478920929,0.05617600510460905
206,0.056137088906295034,0.056176073710455125
207,0.05613585461389374,0.05617571370476697
208,0.056135683378450145,0.05617572892902544
209,0.05613416792104187,0.056174471241895466
210,0.056131823040271915,0.05617209323841571
211,0.056129882982745946,0.05617171273049975
212,0.05612733539782244,0.05617078721595436
213,0.0561271534441977,0.05617087894002291
214,0.05612431003354334,0.05616851386921841
215,0.05612212535285624,0.05616686190982048
216,0.05612204971228633,0.05616686260667974
217,0.05611935725108164,0.05616509720049306
218,0.05611805325081215,0.05616519689331884
219,0.05611552872375271,0.05616359906728429
220,0.05611443114157755,0.05616258845379582
221,0.05611437786788728,0.05616258842403271
222,0.056113013950794856,0.05616200429354422
223,0.056112776366859476,0.05616197308878731
224,0.05611074777734944,0.0561601352337868
225,0.05610891345315287,0.05615898263238773
226,0.056106049802029025,0.056156740566166916
227,0.05610539331832162,0.056156201479528135
228,0.056102659006072,0.05615373103232232
229,0.05610098313899009,0.056152336580399434
230,0.05609998276595736,0.05615178261005594
231,0.056099699451004,0.05615172482455057
232,0.05609795509327824,0.056151220309074566
233,0.056096515381069335,0.05615048048729089
234,0.05609629203247277,0.05615027195739178
235,0.05609386520153381,0.05614866033692545
236,0.056091025738551806,0.05614762870432278
237,0.05609093087070738,0.056147627764635256
238,0.05608996062370361,0.05614697733181242
239,0.05608879926034206,0.05614609398341934
240,0.05608700816103434,0.056144889604544376
241,0.05608683164025287,0.056144854441301906
242,0.056085198912981096,0.05614420815626344
243,0.05608092089002504,0.056141833704250924
244,0.056079518219408105,0.056141309556715494
245,0.05607951115045268,0.05614130962496708
246,0.056078442240562305,0.05614057312738668
247,0.056077394245115965,0.05614040410325742
248,0.05607733638787394,0.05614040414000282
249,0.056075597137638995,0.0561394767685877
250,0.05607292709751154,0.05613889045116867
251,0.05607226643948494,0.05613856200161462
252,0.056071187054467383,0.05613841535203331
253,0.0560700240418446,0.056137164567533544
254,0.05606862459106929,0.05613679242601667
255,0.05606610591625506,0.0561356033388861
256,0.05606451747714441,0.056134804599765754
257,0.05606408073624745,0.05613476686314462
258,0.05606217035719462,0.056134074411502845
259,0.05606164530478986,0.05613360090382343
260,0.05606035655917041,0.05613358537275297
261,0.0560592276203993,0.0561329554053145
262,0.05605813459186112,0.05613231466512662
263,0.056057251339457936,0.056131850643982
264,0.0560558775562066,0.056131285978308035
265,0.05605569340462721,0.05613131154983363
266,0.0560553420796739,0.05613134565449362
267,0.05605487460386301,0.05613107438283248
268,0.056054801401860865,0.05613107431303392
269,0.05605467578095822,0.05613102546840339
270,0.05605306808074217,0.05613067387082537
271,0.056051861094453904,0.05612989962944403
272,0.05604952636981289,0.05612826183814045
273,0.05604745216310328,0.056126677008367126
274,0.05604689666880015,0.05612634431157363
275,0.05604603185768374,0.05612598888039271
276,0.05604496953606502,0.056126209923844435
277,0.05604307590267066,0.05612526713196538
278,0.056040538774154616,0.05612372240259894
279,0.05603908277516263,0.05612357300790874
280,0.05603874029245258,0.05612357576144164
281,0.056037781743192426,0.056123703800899365
282,0.0560359117199106,0.05612141342866944
283,0.05603478816658494,0.05612074297493261
284,0.05603338498429239,0.056120117920882354
285,0.05602995636539422,0.05611768938274223
286,0.05602565729318634,0.05611402127125633
287,0.0560250209997048,0.05611321137019697
288,0.05602448758557236,0.05611263612926276
289,0.05602340875330201,0.05611199268291277
290,0.05602160563993697,0.056110634654086486
291,0.05602005147225899,0.05610921784829909
292,0.056018682228239504,0.056108893368240306
293,0.05601821953983923,0.05610836682867593
294,0.05601629981686687,0.05610616715711134
295,0.05601568094765737,0.0561061312459881
296,0.05601394132658818,0.05610503715254229
297,0.056012790002506474,0.05610446650216907
298,0.05601257986859027,0.05610430796406518
299,0.05601245111081848,0.05610426388553785
300,0.05601065852544763,0.05610282701639379
301,0.056009034599930445,0.05610082196846053
302,0.05600762269603215,0.05610005540197946
303,0.05600724248362707,0.05610004991603693
304,0.056006900118980435,0.0561001058312518
305,0.05600664463106929,0.05610004358731231
306,0.05600583768289339,0.05609985848884113
307,0.05600567892225146,0.05609970117629773
308,0.0560040559688881,0.0560995592915182
309,0.05600396567052092,0.05609951042073874
310,0.05600291265492325,0.056098293735486436
311,0.05600165149039354,0.05609763562304888
312,0.05600087417400231,0.05609706338567651
313,0.055998183346555604,0.056095723520478986
314,0.05599636764024947,0.056094986847301694
315,0.055994438871480076,0.05609427296989756
316,0.055993763089845064,0.056094402062051164
317,0.05599066872578313,0.05609211686628987
318,0.055990479336873226,0.05609206356988017
319,0.05599044257610921,0.05609206461254881
320,0.05598998553636948,0.05609211198170721
321,0.055989453718331514,0.05609227744070457
322,0.05598840057371955,0.05609150168997104
323,0.05598747403123587,0.056091009855325315
324,0.05598488410196271,0.05608935079682736
325,0.0559841255419627,0.05608903697145586
326,0.05598325736535719,0.05608903725838564
327,0.05598108152412935,0.05608699120566002
328,0.05597902244179854,0.056086235854821115
329,0.05597706101402001,0.056085053271883775
330,0.05597541183035975,0.05608414893824012
331,0.05597493448196397,0.05608371951108684
332,0.05597343258636019,0.05608373226635583
333,0.05597343086446593,0.05608373229021746
334,0.05597203164563602,0.05608312293625376
335,0.05597092275604762,0.0560826976953112
336,0.05597030302535613,0.056082822919510895
337,0.05596902595471699,0.05608199064071771
338,0.0559682363625532,0.056081613438033306
339,0.05596790206315843,0.056081544677573474
340,0.055965697485633306,0.05607950174573676
341,0.0559642644431974,0.056079192935987
342,0.05596278267060738,0.0560778654842309
343,0.05596225741886116,0.05607739125978162
344,0.055962027940258736,0.056077379239829604
345,0.055960844388808405,0.056076657167764804
346,0.0559603151501178,0.05607601151156083
347,0.05595947442945685,0.05607584148197402
348,0.055957283720150276,0.05607435460146499
349,0.05595571820507807,0.05607296050156944
350,0.05595513515877698,0.0560728772419428
351,0.05595480286991532,0.056072802311147286
352,0.0559537082529863,0.05607266573704757
353,0.05595287855468342,0.05607224227195906
354,0.055952723731827664,0.05607218715004468
355,0.05595248810805001,0.05607208943689342
356,0.05595224166887574,0.05607205423425731
357,0.05595170033381553,0.05607205068954428
358,0.05595029774902107,0.05607231853445143
359,0.05595015762912449,0.056072299872835976
360,0.05595000660289029,0.05607225143322904
361,0.0559496798704921,0.05607214936909795
362,0.055949284359530706,0.05607213714097084
363,0.05594884408726941,0.05607206236928574
364,0.055947923956043324,0.056071958052331575
365,0.05594751854391319,0.05607193186044481
366,0.0559468106429681,0.056072045883599264
367,0.05594452462066996,0.056072323626924755
368,0.055943627855548884,0.05607142891899706
369,0.05594232017268371,0.05607154002692935
370,0.05593855761402372,0.05606779674759164
371,0.055938379307887656,0.05606782418163326
372,0.0559379632847769,0.05606783935965443
373,0.055934116617900514,0.05606507697513231
374,0.055932951802166266,0.056064495605556104
375,0.05593183899234042,0.05606370473331145
376,0.055931279754408876,0.05606352083273675
377,0.05593062732965631,0.0560635498454387
378,0.05592889672240981,0.056061812020759556
379,0.05592760926412498,0.05606079775509083
380,0.05592606611140093,0.05606093143685849
381,0.05592412424904142,0.05605899745621828
382,0.055923823966544384,0.05605908920101782
383,0.055922529653342594,0.05605907884890594
384,0.055920428385813736,0.05605814526580976
385,0.05591880936172891,0.05605662719987531
386,0.05591783131990836,0.056056400104691706
387,0.05591705274058204,0.05605621381148374
388,0.055916550407249015,0.056056088637649056
389,0.05591635435710567,0.056056198127047485
390,0.055914125161377407,0.056055171087585544
391,0.0559119855602647,0.05605384001102539
392,0.05591123783957931,0.05605349506214559
393,0.055910598394577814,0.05605325835832246
394,0.05591033555937577,0.05605326153949352
395,0.055909912561401334,0.05605314827874666
396,0.0559095627829804,0.05605313815362987
397,0.05590934267266369,0.05605313819942843
398,0.05590921986684828,0.05605322925821323
399,0.05590782867807227,0.05605290240416973
400,0.05590623217391061,0.05605327027107577
401,0.05590560740802525,0.056053369321588255
402,0.055904889731520344,0.056053220451143235
403,0.055903634791790134,0.05605257880600231
404,0.05590345278413548,0.056052286412109846
405,0.0559023051316428,0.0560521517586107
406,0.05590186742828431,0.05605202539313658
407,0.055898845434862225,0.05604914728950032
408,0.05589790977842003,0.056048474165276294
409,0.05589693844017969,0.05604761773414549
410,0.055896167578685534,0.056047904068876525
411,0.055895123490134445,0.05604720220878119
412,0.055893825669629,0.0560471038525629
413,0.055892922427759145,0.05604648544314126
414,0.05589281847596454,0.05604649140723995
415,0.05589221992369718,0.05604629942345414
416,0.0558911061126151,0.0560458082843739
417,0.05589095240338194,0.05604580804342422
418,0.055888383288070886,0.05604368599603466
419,0.0558833464098619,0.0560398805925959
420,0.0558817522040093,0.05603948588622018
421,0.055880367779656624,0.05603876212306848
422,0.05587990829831774,0.05603876481400708
423,0.05587862577855079,0.05603782207835648
424,0.055877965449022564,0.05603730201762226
425,0.05587720501462583,0.05603724106780517
426,0.05587573754761787,0.05603702913542678
427,0.05587488546598723,0.05603694854131657
428,0.055874043864625356,0.05603750318780794
429,0.0558733208928697,0.05603734922962274
430,0.0558728771037277,0.05603749476503579
431,0.05587145573846343,0.056037383886012274
432,0.05587031354232499,0.05603696129424763
433,0.055867967469642524,0.05603512931998891
434,0.05586757128978034,0.0560351245373934
435,0.05586745899316944,0.05603512410646974
436,0.05586704828681245,0.05603513215498453
437,0.055866952083017604,0.05603509711888655
438,0.055866890477506544,0.05603510666049661
439,0.05586661001225714,0.056035033578872906
440,0.05586507853295056,0.05603487506112035
441,0.05586315413437532,0.056032617582509193
442,0.05586249194085654,0.056032804478396765
443,0.05586236643749683,0.056032804475891755
444,0.05586234684329416,0.0560328044824695
445,0.055860936617863656,0.056031499268559146
446,0.05586000885586079,0.0560304736201992
447,0.05585852261922833,0.056030086899398514
448,0.0558577518728368,0.0560301860761757
449,0.055857535067703135,0.056030220739505525
450,0.05585662537100688,0.05603026406902308
451,0.05585399833315599,0.05602884596596549
452,0.055853883673492054,0.056028822623222785
453,0.05585312771578715,0.056028418891387564
454,0.05585239974322901,0.05602820758964806
455,0.0558522419847217,0.056028098720350174
456,0.05585158907634413,0.05602778312796376
457,0.055850253584966716,0.056027484645797425
458,0.055849414798467605,0.056027473778994925
459,0.0558491640748035,0.056027268623109805
460,0.05584882268421761,0.05602746322324652
461,0.0558488068532175,0.05602746378612041
462,0.055847924619388443,0.05602706134692642
463,0.055847531084222996,0.056027104017348055
464,0.05584671994975748,0.05602738248037902
465,0.05584507059871533,0.056026455249183274
466,0.05584394182645255,0.05602621361622878
467,0.05584385586735912,0.05602621820077536
468,0.05584271379189092,0.0560261058829386
469,0.05584130548489892,0.056025768568538255
470,0.05584106753349217,0.05602581250378098
471,0.055840600385760886,0.05602529108780376
472,0.05583948235835943,0.056025357619774875
473,0.05583867655823874,0.05602544156221746
474,0.05583818733051853,0.05602519306343891
475,0.05583766469309147,0.056025356658222634
476,0.05583621893522877,0.056025387329006825
477,0.05583368139144372,0.05602317579066772
478,0.05583327866634295,0.05602327080097282
479,0.055833244212572956,0.056023287624470966
480,0.05583242964084685,0.056023285197334474
481,0.05583228917977818,0.05602327842006523
482,0.055831212322845346,0.05602228711188261
483,0.05583108549822083,0.056022287726030205
484,0.05583025779898589,0.056022139515676674
485,0.05582978093213264,0.056021781859366175
486,0.055828453003731335,0.0560209565850451
487,0.05582809732540008,0.05602063314128195
488,0.055825773481409,0.05602004511200563
489,0.0558241227661578,0.0560194054901322
490,0.05582276578452693,0.05601927708368935
491,0.05582095330984561,0.05601855449819614
492,0.055820762423243415,0.056018483385442554
493,0.055819990617557276,0.05601829683343514
494,0.05581966848276289,0.056018247940145795
495,0.05581938376960414,0.05601826440943413
496,0.05581898408583975,0.05601803712956871
497,0.055818124669479253,0.056018286767698176
498,0.055817032819435536,0.05601803217073812
499,0.05581563747281344,0.0560175120447322
500,0.05581465719435167,0.05601707815858926
501,0.05581444140150178,0.056017034397987
502,0.05581385381823582,0.056016693166645426
503,0.05581319847550481,0.056016623254501435
504,0.055812567610879917,0.056016476456862654
505,0.05581242981040538,0.05601657011539971
506,0.05581116852656406,0.05601582430761945
507,0.05581100011335503,0.05601577783478746
508,0.055810851484740555,0.05601580313941931
509,0.0558107592891843,0.05601570227331467
510,0.0558102480256901,0.05601530149914792
511,0.05580993760533205,0.05601511540571313
512,0.05580961293448835,0.05601523452765392
513,0.05580836497734779,0.056014573024161136
514,0.05580814340193041,0.056014655845685025
515,0.055807459655926595,0.056014124347235905
516,0.05580700472040932,0.056014120722442266
517,0.0558069643970201,0.05601412516581376
518,0.05580621961635358,0.05601382183576781
519,0.05580555720043956,0.05601363378908309
520,0.055805270156235105,0.05601368783632425
521,0.05580401479585573,0.056012850337495985
522,0.055803825377746544,0.056012850435359106
523,0.055803714483129166,0.056012785912493604
524,0.05580185997012863,0.056012824493069144
525,0.055801693298644046,0.05601280215775591
526,0.055801577253841245,0.05601281864979029
527,0.05580086445869689,0.056012610646789834
528,0.055800374565038356,0.056012526287801734
529,0.05579906998177657,0.056012892268174894
530,0.05579736482410244,0.05601150462465932
531,0.05579683461869111,0.05601146969958106
532,0.05579614541225251,0.056011470226909374
533,0.055795835429865596,0.05601148523358019
534,0.055795548876302545,0.05601176607113651
535,0.05579371047270618,0.05601087288797605
536,0.05579337096283,0.0560111104967348
537,0.05579090425209845,0.05600872459907155
538,0.05579003373439163,0.05600853989903738
539,0.05578884347867491,0.056008660725038045
540,0.05578831160370943,0.05600868130068252
541,0.0557870499509653,0.05600825093813794
542,0.05578671637599706,0.05600820947274713
543,0.05578656457264761,0.056008181546092745
544,0.05578586668539474,0.05600827214467111
545,0.05578558718690861,0.056008211421157146
546,0.05578521900297201,0.056008181084205605
547,0.05578502807412833,0.0560080641121868
548,0.05578413755290216,0.05600769409223813
549,0.05578299625143286,0.056007817269600184
550,0.055782821561100274,0.056007792568637436
551,0.05578233224993192,0.05600699921868655
552,0.05578204793290922,0.05600704176898255
553,0.05578168810135775,0.05600679004745686
554,0.0557813175496426,0.05600638595071324
555,0.05577940422513271,0.05600629527809688
556,0.055779249671074664,0.056006318536980494
557,0.05577859777020985,0.05600668455031509
558,0.055777429873405636,0.05600574890552937
559,0.05577699575463049,0.0560057795745073
560,0.05577618553832906,0.056005706705556706
561,0.05577602360790839,0.056005678903571714
562,0.05577510277888584,0.05600522278247771
563,0.05577502538211185,0.05600519878498099
564,0.05577416186030624,0.05600535175948475
565,0.05577250843224217,0.056005314953012836
566,0.055772299051219054,0.056005299973900344
567,0.05577225710978362,0.05600532489439794
568,0.05577095413372516,0.05600493425628385
569,0.05577071931806136,0.0560050855432481
570,0.05576994269171202,0.05600494180991821
571,0.05576972157483684,0.05600486571085897
572,0.0557695187069194,0.05600473891628512
573,0.05576936570969191,0.056004771709064094
574,0.05576853518633909,0.056005092475755996
575,0.05576655950343056,0.056003845719554336
576,0.05576571017395337,0.056003753588387634
577,0.05576425799463387,0.056003989939423605
578,0.05576378183989051,0.056003953350733715
579,0.055763346044035864,0.05600380103366147
580,0.0557626678933298,0.05600372919755198
581,0.055761417183815394,0.05600366881459551
582,0.05576131318726549,0.056003662200791296
583,0.05576045125339993,0.05600255615911824
584,0.055758639811764744,0.05600089279104069
585,0.05575756441411758,0.05600116631455051
586,0.055756403833651394,0.05600104295114344
587,0.05575618565740615,0.0560010513207988
588,0.055755943676864414,0.05600092146506736
589,0.05575477283411695,0.05600076725081198
590,0.055753953535008935,0.05600070167772572
591,0.055753889512330006,0.0560007495588295
592,0.055752989639360234,0.0560005292332895
593,0.055752714283136134,0.0560003940140474
594,0.05575269717577808,0.05600038430365464
595,0.05575104527224283,0.0559986168221413
596,0.05575100480780557,0.05599861738064903
597,0.05575087626996272,0.055998611684210296
598,0.0557506688038301,0.0559986795196567
599,0.0557494553789022,0.05599850215171566
600,0.05574818516773712,0.05599797309440351
601,0.05574725043502139,0.05599767651900218
602,0.05574611955201297,0.05599735757849175
603,0.055745442374451414,0.05599756751136419
604,0.05574530287304527,0.05599747629403187
605,0.05574500037299903,0.05599755891694619
606,0.05574433359891482,0.05599716214219252
607,0.055744186548627735,0.0559970805851552
608,0.055743234716721754,0.05599677570015753
609,0.055743155376848486,0.05599676512907414
610,0.05574232556589482,0.0559966381449416
611,0.055742130734132235,0.05599658838152287
612,0.05574149344012424,0.05599663741932497
613,0.055741234745039135,0.055996453182859576
614,0.05574086908268296,0.05599670903361881
615,0.055739898677950234,0.05599689825238755
616,0.05573915973121736,0.055996798373558164
617,0.055738269964535715,0.05599651797663378
618,0.055737671865179333,0.055996276727569294
619,0.05573729104956733,0.05599631520674644
620,0.05573642207414039,0.05599561302142499
621,0.05573596930535536,0.05599565275226841
622,0.055734716703784916,0.05599514507208713
623,0.05573445477487774,0.055994942833359214
624,0.05573409746550464,0.05599499315558037
625,0.05573286393979892,0.05599550219067076
626,0.05573267306939559,0.05599548145156441
627,0.055731521001513205,0.055995512803337845
628,0.05573122414080629,0.0559953663737052
629,0.05573009894391582,0.05599551268933503
630,0.0557295296038494,0.05599556476440092
631,0.05572937699114162,0.05599561989342677
632,0.0557287824047334,0.05599552200686098
633,0.05572792474541682,0.0559956144323705
634,0.055726802979626386,0.055995237889977054
635,0.055725843590835725,0.05599562733850963
636,0.05572513020855068,0.05599582590970651
637,0.05572455534172409,0.055995966730837766
638,0.0557243724917351,0.05599596408410022
639,0.055723593392993265,0.05599601438823206
640,0.05572355036034333,0.05599601166603385
641,0.055723365878706424,0.055996066156789856
642,0.05572298668952728,0.055996169272483215
643,0.0557224066176404,0.05599614504520408
644,0.05572235438874942,0.05599614683567738
645,0.055720776056970206,0.055995747088685405
646,0.05571997697738447,0.055995811197053665
647,0.05571905350000861,0.05599526041787225
648,0.05571901906515264,0.05599526141465265
649,0.05571828995244388,0.055995125096398354
650,0.055716916813759246,0.05599509119920175
651,0.05571681939553253,0.05599511841146604
652,0.05571560547291121,0.05599462788581163
653,0.055713982882831956,0.055993233871002954
654,0.05571329987468871,0.05599322684482767
655,0.055712517405277356,0.055993639754122373
656,0.05571107663022712,0.05599225676677553
657,0.055710874117684404,0.05599222895285808
658,0.0557107009255826,0.055992231067550274
659,0.055710002398932854,0.0559925585362384
660,0.055709340811016125,0.05599254501664823
661,0.05570925619355124,0.05599255037529948
662,0.05570912618621996,0.05599254509501792
663,0.05570864377511704,0.05599247683472202
664,0.055708407050348865,0.05599241758032309
665,0.0557075740511194,0.05599249879770489
666,0.0557068587751701,0.05599209185296839
667,0.05570586262015753,0.055991684871889
668,0.05570579212216834,0.05599168986296712
669,0.0557057564646877,0.055991662407714284
670,0.05570533922687767,0.05599138653532954
671,0.055705177445533875,0.05599130799749979
672,0.05570506561051032,0.055991317696826505
673,0.055704948057623174,0.0559913551133762
674,0.055704823034972636,0.05599149803440514
675,0.05570371232923038,0.05599122200829758
676,0.05570295086836145,0.05599118155241729
677,0.05570159304593017,0.055990904181635916
678,0.055700031216798236,0.05598989875907102
679,0.05569932644541331,0.05598947859951692
680,0.05569922763349117,0.05598948006599058
681,0.05569902158967344,0.05598940478893483
682,0.055697875875382656,0.05598982330938742
683,0.055697378238152205,0.05598991246088107
684,0.055696751410580135,0.05599004355009813
685,0.05569622235369628,0.05599051311165802
686,0.05569522143147235,0.05599023033120279
687,0.05569399613221461,0.055990273442235304
688,0.05569307126897624,0.055990107507197115
689,0.0556929801617194,0.0559901017334829
690,0.05569228070296053,0.055989989017609265
691,0.05569214123465849,0.0559899864394092
692,0.055691981375187306,0.05599004956425812
693,0.05569119962154037,0.05599026169264162
694,0.05569107821996095,0.05599027791300952
695,0.05569077629940349,0.05599029678284936
696,0.055689632551810316,0.05599051731439687
697,0.055689043658607815,0.05599123821837278
698,0.05568835783475398,0.05599150573950142
699,0.0556880885413935,0.05599172628509768
700,0.055687973855291555,0.05599177327334279
701,0.05568773848496586,0.055992042984154486
702,0.05568751539686197,0.05599222216430047
703,0.05568624130433877,0.05599204431284903
704,0.055685819131286056,0.05599184010493816
705,0.05568513017415114,0.05599189618637334
706,0.05568477464549174,0.055991790278570444
707,0.055683972080511936,0.055991781150542895
708,0.055683734885435675,0.055991816457822995
709,0.05568259283191534,0.05599151077424559
710,0.05568186657316643,0.05599127607029473
711,0.05568162656800809,0.0559912486771163
712,0.055680854563994284,0.055991272643578074
713,0.05567953541748005,0.055991214324450124
714,0.055678570428950136,0.05599141896897844
715,0.05567822260695086,0.05599141046481448
716,0.055678021154574826,0.05599136493664545
717,0.055677294176207086,0.05599102107649714
718,0.05567701320209859,0.055990978167869104
719,0.05567679658454546,0.055990887891932496
720,0.05567652701898539,0.055990767297406784
721,0.055676043471237634,0.05599075583560814
722,0.05567325591030833,0.055989879881621754
723,0.055672635097729156,0.05598974110000034
724,0.05567216784203011,0.0559897260360069
725,0.055671781554445875,0.05598966949447839
726,0.055671618767634996,0.05598965706799146
727,0.055671019816778126,0.055989625059255616
728,0.05567064117541267,0.055989573293848696
729,0.055670499639410106,0.0559895730886389
730,0.055670161125399124,0.05598960314669424
731,0.05566833000558695,0.055988526906398536
732,0.05566778204536594,0.05598810057181343
733,0.05566770396934796,0.05598804355473981
734,0.05566712167527357,0.05598793504136438
735,0.0556670033659943,0.055987916465263805
736,0.05566609949047458,0.05598787808478385
737,0.05566496796907293,0.05598792307586857
738,0.05566489432136581,0.05598791662555361
739,0.055664522666657376,0.05598776081060237
740,0.05566442252788078,0.0559878068890948
741,0.05566419945484718,0.05598787026558015
742,0.055663230100603894,0.05598800165479562
743,0.055663098116743456,0.055987968085909466
744,0.055660693166905126,0.05598560878877687
745,0.05566044891441443,0.05598536811177483
746,0.055659945980850875,0.05598509026003097
747,0.05565870024780718,0.0559848290212806
748,0.05565814176287542,0.05598506543186629
749,0.0556578771663055,0.05598502943292347
750,0.055657738692736235,0.055985019551497664
751,0.05565769559836294,0.05598501521423269
752,0.05565750697863732,0.05598496381586738
753,0.055657274755795696,0.055984931166759594
754,0.05565685397955408,0.055984339646733446
755,0.05565563149997268,0.0559846730697154
756,0.05565325954834948,0.05598383847944765
757,0.05565257134421911,0.05598371477442032
758,0.055652235192490344,0.055983823840901406
759,0.05565191642534337,0.05598360787675988
760,0.05565116560631045,0.055983572943651506
761,0.055651044088260125,0.05598355831362519
762,0.0556497237335529,0.05598240291829714
763,0.055649239121817524,0.05598284577811172
764,0.05564870852105162,0.055982861477969395
765,0.05564833595281183,0.05598262090600407
766,0.05564814263920706,0.05598268361074173
767,0.05564758166881708,0.05598277548494335
768,0.055646414159040807,0.0559821385079331
769,0.05564569622499785,0.05598198748282505
770,0.055645631147161125,0.055982064006756704
771,0.05564530770756035,0.05598200205849971
772,0.05564511626484303,0.05598198742092718
773,0.05564501509811258,0.055981988718488765
774,0.055644369004533824,0.05598209431611835
775,0.05564423696284646,0.05598209432455369
776,0.05564373216893453,0.055982221936115066
777,0.055643688651007064,0.05598223636310056
778,0.05564221899524363,0.0559820516993982
779,0.05564112938157499,0.05598072492808311
780,0.055641073274995234,0.05598068969696126
781,0.055640203806629145,0.055980829434077076
782,0.05563980492434009,0.05598086060502728
783,0.0556397429657165,0.05598086618496602
784,0.05563752623811616,0.05597975026546193
785,0.05563700161068611,0.05597993130662
786,0.055636705366195124,0.055980065332613155
787,0.05563634334130241,0.055979989305569085
788,0.05563570570270271,0.055979474837681044
789,0.05563475765332645,0.05597952248587285
790,0.055633392804056644,0.05597894566629643
791,0.055633309959059886,0.05597904734941788
792,0.055632721620127785,0.055979042201553926
793,0.05563238378855044,0.05597903934287398
794,0.05563126622012634,0.05597860066534619
795,0.0556301513092531,0.05597817709079303
796,0.05562988293656442,0.05597799030139616
797,0.05562861175209963,0.05597811530176907
798,0.055627352224977396,0.05597819476720996
799,0.0556261973522412,0.055977482384669666
800,0.055626050058276214,0.055977437980785326
801,0.055624545713101284,0.055976620202988256
802,0.05562442179963618,0.05597662120437554
803,0.055623309283408674,0.05597604377521351
804,0.05562287427266357,0.05597584616912374
805,0.055622672060424094,0.05597578921397607
806,0.05562189492434813,0.055976109795311924
807,0.055620875817121586,0.05597601536596862
808,0.055619881122007754,0.05597564622551819
809,0.05561976602514386,0.05597569342399747
810,0.05561881582953308,0.05597540141131683
811,0.05561731285993136,0.05597534162870536
812,0.05561648429064932,0.05597463998477549
813,0.055615886256905736,0.05597458467109753
814,0.05561572115232157,0.05597464201995041
815,0.055615272967901155,0.05597486432157883
816,0.05561520216425189,0.05597484063092783
817,0.05561483297052393,0.05597487524497827
818,0.05561369418142892,0.05597468375158959
819,0.05561339156656388,0.055974732984866896
820,0.05561311690287774,0.05597500047127721
821,0.05561197861571744,0.055974873511925746
822,0.05561189451961464,0.05597482758066381
823,0.05561170189875308,0.05597483752322894
824,0.05561163276825456,0.05597487592361568
825,0.05561152421374452,0.05597487204190454
826,0.05561031648177994,0.05597440505701636
827,0.05561022546896958,0.055974296876776845
828,0.05560997877532607,0.055974306382094365
829,0.05560981185558373,0.05597435240243184
830,0.05560969654934506,0.05597458042336634
831,0.05560955480504864,0.05597463668491628
832,0.055608730965552626,0.05597439436764956
833,0.05560820157867987,0.055974268857904484
834,0.05560778430521146,0.05597427411842363
835,0.05560689931381499,0.05597372191229573
836,0.055606612292918585,0.05597370282743459
837,0.05560627447053597,0.05597370258061407
838,0.05560552327348585,0.055973667162596975
839,0.05560487581477606,0.055973374897298304
840,0.05560416585283497,0.055973271681942
841,0.05560404825387317,0.05597330166707356
842,0.055603725810572976,0.055973250897770485
843,0.05560363229271213,0.055973248238369064
844,0.05560351170177863,0.055973219851036905
845,0.05560227997153534,0.0559727689819242
846,0.055601959180478715,0.05597271245854129
847,0.05560175501076905,0.05597280839061214
848,0.05560163980541464,0.055972835091416304
849,0.05560159081437137,0.055972831398926476
850,0.05560054667073034,0.05597272322679287
851,0.055598888344649766,0.055971434533506316
852,0.05559723649624791,0.055970999117219825
853,0.05559702620949461,0.05597094640465653
854,0.05559688294587247,0.055970863708387775
855,0.05559625033403927,0.05597069241064731
856,0.05559565005391745,0.055970713714957175
857,0.05559522763684078,0.05597068862697989
858,0.055594435648194794,0.05597087497963328
859,0.05559421684469373,0.05597086570112942
860,0.05559298795798471,0.05596983140609144
861,0.05559176791703259,0.05596992816659091
862,0.055591473046813306,0.055970074666957574
863,0.055590185589519114,0.055969713397158886
864,0.055589527943493755,0.05596957287570513
865,0.05558932994628084,0.05596948197981899
866,0.055589216379502766,0.05596952758871301
867,0.05558907926035647,0.05596950407951671
868,0.0555882559012394,0.05596927855306174
869,0.05558820572692152,0.05596920643500133
870,0.05558810718481029,0.05596915058291151
871,0.05558682660696098,0.05596846506300476
872,0.05558657174378927,0.05596835093059144
873,0.055586312002178145,0.05596826186343637
874,0.05558573027368826,0.055968198386984684
875,0.05558458289658648,0.05596729665864679
876,0.05558385189784747,0.0559668481506311
877,0.05558283380967041,0.055966629096555816
878,0.0555826221359556,0.055966634381352354
879,0.05558055927348651,0.05596569364736641
880,0.055580410131116996,0.055965685959588334
881,0.055580309964347596,0.05596567443696238
882,0.05557969550563582,0.05596523510595142
883,0.05557901420278866,0.05596522770907929
884,0.05557895408605397,0.055965222101356814
885,0.055578910549752794,0.0559652143640788
886,0.05557815138961888,0.055964822153264246
887,0.055577664543902346,0.055964711396201614
888,0.055577146764598157,0.0559646544128148
889,0.05557709754324621,0.05596458296264309
890,0.05557695557911896,0.055964597419957005
891,0.05557589897616461,0.05596461184941047
892,0.05557572602861006,0.05596459633352062
893,0.05557548362249198,0.0559644864959095
894,0.05557496813952066,0.055964023977870474
895,0.055574737469323204,0.05596405237393532
896,0.055574355916137186,0.055964025465644815
897,0.05557426421435154,0.05596395375258498
898,0.05557388857908477,0.05596409064265385
899,0.055573287745174914,0.0559639299724735
900,0.05557260735703589,0.055963312116241275
901,0.05557252820727739,0.05596331367891053
902,0.05557189872755364,0.05596397796711443
903,0.055571829726825464,0.05596399360502621
904,0.05557180092071057,0.05596398628709981
905,0.05557149004447162,0.05596394030608056
906,0.055569600270750606,0.05596288066672805
907,0.055568629227784425,0.05596288082276637
908,0.05556851361250851,0.05596287719468274
909,0.05556782521434299,0.055962695715282014
910,0.055567751791970495,0.055962710314331615
911,0.0555671765215206,0.05596255230493115
912,0.055566274661532376,0.05596186286056082
913,0.05556533148103404,0.0559615064108757
914,0.0555650503269709,0.0559615073268637
915,0.05556465467297885,0.055961473670812736
916,0.055563773949738104,0.055961318698768754
917,0.055563622837374184,0.055961260088310934
918,0.05556307680606204,0.05596110806549898
919,0.05556284768601252,0.055961143096289453
920,0.05556138511411057,0.05596137104611339
921,0.05556031994338302,0.055961458686352016
922,0.05555995743058937,0.05596134811311952
923,0.05555949048072335,0.05596139088569866
924,0.055559342671557675,0.055961366939522576
925,0.05555927212731724,0.05596133296723416
926,0.055558614976288466,0.05596140504872427
927,0.05555842833726538,0.05596130164796013
928,0.055557914346951606,0.05596157587572608
929,0.0555578588924848,0.05596157483082913
930,0.05555780097302236,0.05596154345240167
931,0.055556677227758366,0.05596081859378311
932,0.05555639397341071,0.05596085905136535
933,0.05555540413257541,0.05596060257569764
934,0.05555507681031377,0.05596051609690705
935,0.05555464152600615,0.05596032229436036
936,0.05555444121617235,0.055960294755917246
937,0.05555421842447414,0.05596031120975729
938,0.05555362508062835,0.05596038908235932
939,0.05555302059945258,0.0559603611056844
940,0.05555266547950965,0.05596039648172517
941,0.05555196331026512,0.05595972267473189
942,0.055551827322218694,0.0559596618704689
943,0.055550964595573266,0.05595985658112526
944,0.05555082802506428,0.05595988386943471
945,0.055550759352748016,0.055959882299509885
946,0.055550640692437835,0.055959881653342355
947,0.055549728206462465,0.055959861919801374
948,0.055548967808480884,0.05595975305038769
949,0.055548091571749524,0.05595958838894254
950,0.055548028649293556,0.05595963192052105
951,0.055546664643353234,0.055959115295484474
952,0.05554660655499207,0.05595915889896716
953,0.05554575493885721,0.05595948158076744
954,0.055545704184409114,0.05595948686413155
955,0.055544886348493916,0.05595927521589533
956,0.055544728614230106,0.05595932307134885
957,0.055543862306108895,0.05595929826602425
958,0.05554305900394091,0.0559586852351121
959,0.0555421101408935,0.05595800098815255
960,0.05554201533278423,0.05595796774843431
961,0.05554142544883774,0.05595805600759314
962,0.05554137345283663,0.05595805772127855
963,0.05554117611722315,0.0559577857761533
964,0.05554018777054213,0.05595807075276254
965,0.055539538382430434,0.055957526284539795
966,0.05553947627422005,0.05595752827721034
967,0.05553918706402186,0.055957469829249054
968,0.05553857129922445,0.05595717250284443
969,0.05553812340005932,0.05595721681172186
970,0.05553783678665869,0.05595722943168953
971,0.05553779585972385,0.05595721772554026
972,0.05553751910361172,0.05595723699214673
973,0.05553708281010739,0.05595751672106025
974,0.05553705216801019,0.055957516398843596
975,0.055536899834548514,0.05595730093624008
976,0.05553649827275367,0.055957247144819144
977,0.05553640342352038,0.055957253707294145
978,0.05553634421673642,0.05595728655403653
979,0.055535664339852006,0.055957715777377376
980,0.05553553360149182,0.05595777795722031
981,0.05553495771258305,0.05595775369164255
982,0.055534890742569835,0.055957774893934185
983,0.05553453458864942,0.05595788056224725
984,0.05553425830973664,0.05595798088158814
985,0.055534000984925475,0.05595798844760589
986,0.055533003908106025,0.055957758371493194
987,0.05553224340079114,0.05595826011260166
988,0.05553199019002292,0.055958290391001586
989,0.055531235002174655,0.05595830727332294
990,0.055531166067768464,0.05595830915292268
991,0.055529809100528925,0.05595744652551544
992,0.05552925742262778,0.055956990899640194
993,0.0555287904080204,0.05595695214488519
994,0.05552857533511215,0.05595713274950676
995,0.05552848284428964,0.05595712958006643
996,0.05552798920043625,0.05595698286336999
997,0.05552739882052546,0.055956794380379
998,0.05552608701757262,0.05595723034977426
999,0.05552512522235743,0.05595708969256495
1000,0.05552471907443115,0.055957129123134726
1001,0.055524054440321755,0.055957055991026725
1002,0.055523881769221815,0.055957161087564565
1003,0.05552364357892782,0.05595717116017684
1004,0.055523271442346415,0.05595710758735795
1005,0.055522662660948394,0.05595710760656708
1006,0.05552186315745284,0.05595753793347698
1007,0.05552077566252618,0.05595751805807884
1008,0.055520546729754205,0.05595748194904467
1009,0.0555204151005652,0.055957484685867566
1010,0.05551994674635008,0.05595774159722823
1011,0.05551984301073137,0.05595777298908181
1012,0.055519097384941374,0.05595771286132685
1013,0.05551905170554755,0.055957745758720354
1014,0.05551900272055597,0.055957743151742095
1015,0.055518564341713886,0.05595769814540252
1016,0.05551839740527776,0.05595767385344182
1017,0.055517457328795414,0.05595789384065865
1018,0.055516817812619454,0.05595791917972097
1019,0.055516666439529475,0.055958008384754725
1020,0.05551663523662929,0.05595805275528592
1021,0.055516565860566025,0.055958069188406824
1022,0.055516467440463575,0.05595807888228599
1023,0.05551595478686961,0.05595758414814204
1024,0.05551519871622235,0.05595741190619854
1025,0.05551413664971151,0.05595731439808393
1026,0.05551359691989047,0.055957156682417984
1027,0.05551292468271586,0.05595705441104905
1028,0.05551266869519114,0.05595708256841443
1029,0.055512413859298775,0.05595710574720422
1030,0.05551215108174537,0.0559572027972898
1031,0.05551187453077063,0.05595706501241926
1032,0.055511857754979604,0.05595706095756202
1033,0.055511295251239524,0.055957041374173844
1034,0.05551125131061102,0.05595705133087046
1035,0.05551104050397602,0.05595699032313582
1036,0.055510637885837995,0.05595725375882755
1037,0.05551057300320649,0.05595727127447268
1038,0.05551041742553743,0.055957174871399847
1039,0.0555091329519646,0.05595668169084832
1040,0.05550904277962345,0.05595668291019979
1041,0.055507760985488874,0.05595596226246817
1042,0.05550757443972241,0.055956020209584345
1043,0.05550742047417451,0.05595606456913672
1044,0.055506651484782954,0.05595642382229508
1045,0.055505236146374,0.05595587638240591
1046,0.05550492220895962,0.055955659209676885
1047,0.05550482794499092,0.05595565443518744
1048,0.055504796926316394,0.055955656752841094
1049,0.05550450757203351,0.05595560960083339
1050,0.05550380615380902,0.05595578110793901
1051,0.05550357075891759,0.05595575951497305
1052,0.05550303027838983,0.05595580657247626
1053,0.05550255600123987,0.05595589876472857
1054,0.05550147756074615,0.05595557470932109
1055,0.05550134464045439,0.055955592092981725
1056,0.05550125310187231,0.055955600454316065
1057,0.05550076860075913,0.05595545694595493
1058,0.05550068814338414,0.055955407525529834
1059,0.05550063014198553,0.05595540719147586
1060,0.055500547490185764,0.05595544970767662
1061,0.05549992363221743,0.0559553279350708
1062,0.05549954184029411,0.055955239928981396
1063,0.05549903668545882,0.055955180077083735
1064,0.05549820289782229,0.055954832134038825
1065,0.055498001876500815,0.05595475999765602
1066,0.05549720997892905,0.055954851991860156
1067,0.055496362882669244,0.055954941422460165
1068,0.05549603769038464,0.05595523007215435
1069,0.05549568743559451,0.055955197481421665
1070,0.05549559918439327,0.055955206254778025
1071,0.05549469358887569,0.05595519764977384
1072,0.05549440050008656,0.055955398453343935
1073,0.05549430352324317,0.05595539771943698
1074,0.055493131645773804,0.055955259358644364
1075,0.055492881943625234,0.0559554761970639
1076,0.05549286145050237,0.055955487764088804
1077,0.05549204053005812,0.05595533907275669
1078,0.05549178269587217,0.05595530068883905
1079,0.05549045704329604,0.055955384753006446
1080,0.05548936477728856,0.05595513860961463
1081,0.05548861966900136,0.05595525054216175
1082,0.05548779622842191,0.055955145316491255
1083,0.0554872056253856,0.05595485731198416
1084,0.05548690351016996,0.05595480500327515
1085,0.055486794617093806,0.05595478498967706
1086,0.05548634114044292,0.05595482345755713
1087,0.05548630555653084,0.05595482336143977
1088,0.055486239493615364,0.055954812265757284
1089,0.055486152496412346,0.05595496021985689
1090,0.05548497654256765,0.05595509356841824
1091,0.055484699515109495,0.05595487295524028
1092,0.05548442979326027,0.05595489581230232
1093,0.05548425758871348,0.0559548640492623
1094,0.055483574990530686,0.05595467984097246
1095,0.05548335612428925,0.0559546834712423
1096,0.05548305795625242,0.05595482616792105
1097,0.05548280707947156,0.05595483121085632
1098,0.055482603466402644,0.055954848643141715
1099,0.05548246107098158,0.05595480431325641
1100,0.05548232959634097,0.05595474397303025
1101,0.05548202959815907,0.05595468885577148
1102,0.05548200159440506,0.05595469223966695
1103,0.05548180592758525,0.05595459230034278
1104,0.05548076214143599,0.05595407989404418
1105,0.05547969835556608,0.05595398795308578
1106,0.055479500607906795,0.0559540208899403
1107,0.05547908547191747,0.05595386677079245
1108,0.05547799568924316,0.0559537892337951
1109,0.05547788305556729,0.0559538309332283
1110,0.055477805417919676,0.05595378357575998
1111,0.05547711803456839,0.05595389107053961
1112,0.05547619686749354,0.05595399470495604
1113,0.05547605296331152,0.055953982687764074
1114,0.05547568719091995,0.0559537214494452
1115,0.05547531966486432,0.055954107549760365
1116,0.05547472348880907,0.05595384271750735
1117,0.05547440581697816,0.05595402517235463
1118,0.05547420829926134,0.05595426627293363
1119,0.05547360093410276,0.05595389480708687
1120,0.05547355498467032,0.05595389373037881
1121,0.05547267889418918,0.05595381601230188
1122,0.05547216134056006,0.055953450613509544
1123,0.05547197420605695,0.05595343740277245
1124,0.05547137458687048,0.055952619383464304
1125,0.05547065985396194,0.05595307876489369
1126,0.05546988350947594,0.05595322020521521
1127,0.0554697871140956,0.055953236490775236
1128,0.055469734664733365,0.05595326025700806
1129,0.05546939154473038,0.05595342088383916
1130,0.05546921973065049,0.055953390255427685
1131,0.055468390740046974,0.0559534604604718
1132,0.05546829896304644,0.055953460279975935
1133,0.0554674488887638,0.055953782029745075
1134,0.05546743955630463,0.05595377501161109
1135,0.05546722288937198,0.055953840759940296
1136,0.055466587388383864,0.05595374158674462
1137,0.055466494013437485,0.055953764377604354
1138,0.055465992158280034,0.05595402304252663
1139,0.05546544055522319,0.055953893871900695
1140,0.05546489596457264,0.05595380545472809
1141,0.055464695193146785,0.05595379568304353
1142,0.0554639017987937,0.0559534464250623
1143,0.05546288701159245,0.05595257827088989
1144,0.055462785773051484,0.05595256543309691
1145,0.05546200167469915,0.05595275153975075
1146,0.05546150346343726,0.055952997454574646
1147,0.05546132065027198,0.05595318184321586
1148,0.055460975349950384,0.05595314929378793
1149,0.055460049076707305,0.055953156683820636
1150,0.055458695091704036,0.055952628714429534
1151,0.05545796837298313,0.05595254669101595
1152,0.05545780881150474,0.055952553365450686
1153,0.05545769785632837,0.05595259379189158
1154,0.05545764265434803,0.05595259616086393
1155,0.05545755357042446,0.05595258302360084
1156,0.05545733053705262,0.055952687878519376
1157,0.05545710798216052,0.055952778111424045
1158,0.05545695833239953,0.05595276781191887
1159,0.055456288390737705,0.05595334204242285
1160,0.055455567312011095,0.05595289739838253
1161,0.05545540079468159,0.0559529445183071
1162,0.055455284481858345,0.055952931118636036
1163,0.05545502768096391,0.055952888521825776
1164,0.05545498655892532,0.055952937252979826
1165,0.055454588311845444,0.05595293330634817
1166,0.05545413035156388,0.055952858185539314
1167,0.05545348044450569,0.05595287860329977
1168,0.055453152022618156,0.05595315397289512
1169,0.0554530083283673,0.05595319899472102
1170,0.05545212073194203,0.05595330369279819
1171,0.05545193351249623,0.055953352581311754
1172,0.05545133932923386,0.05595317405079798
1173,0.05545095007203357,0.055953202669673796
1174,0.05545031574654403,0.05595271186889236
1175,0.05544999777128336,0.0559526906152943
1176,0.05544996428124089,0.055952691721486196
1177,0.05544934251665648,0.055952849644489856
1178,0.05544906184193182,0.05595297647370152
1179,0.055448518045088595,0.055952921139956965
1180,0.05544793721118664,0.055952915045659066
1181,0.05544762768218988,0.05595300540911909
1182,0.055447436940513704,0.055953049975920245
1183,0.05544740697429708,0.05595304973630289
1184,0.05544715559407317,0.05595296692889587
1185,0.05544677463047932,0.05595299969913706
1186,0.05544649792123125,0.05595297799810799
1187,0.05544640928766589,0.055952936110999246
1188,0.05544635648044411,0.05595293743002963
1189,0.05544531191418924,0.05595296464844667
1190,0.055444241015050064,0.05595276810341922
1191,0.055443734455405735,0.05595287792762003
1192,0.05544367428259718,0.05595286615734518
1193,0.055443355042893924,0.055952875605673164
1194,0.05544280493157665,0.055952783720127096
1195,0.05544238784398513,0.055952763749781566
1196,0.055442290359773966,0.05595275841646396
1197,0.05544174467367655,0.05595272529802676
1198,0.05544126398068563,0.0559526963506262
1199,0.055440165204319665,0.05595249745975882
1200,0.055439661457426063,0.05595231351656487
1201,0.05543942452007923,0.05595249957562473
1202,0.055439124237173155,0.05595247756771821
1203,0.055439002779813104,0.05595245736082898
1204,0.055438795572695695,0.055952463250965846
1205,0.055438196558676184,0.05595151073662398
1206,0.05543804139095709,0.05595151899646784
1207,0.05543739314960491,0.05595154338621775
1208,0.05543712553529985,0.05595163502000266
1209,0.0554366234847579,0.05595154587893426
1210,0.055436593397731854,0.055951547196988284
1211,0.05543648259969561,0.05595165088606618
1212,0.055436333723263446,0.05595171751898906
1213,0.05543628269984914,0.05595174504105433
1214,0.05543595262266307,0.05595202113994172
1215,0.0554356011698708,0.05595207508073234
1216,0.05543487538563242,0.05595207844000761
1217,0.055434436581934636,0.0559519163235472
1218,0.05543337092852792,0.05595211984876305
1219,0.055433286520009784,0.055952145157823964
1220,0.05543278446055693,0.055952207591173544
1221,0.05543275320791585,0.0559522102982818
1222,0.05543267576619553,0.055952215945115194
1223,0.05543261906209689,0.0559521422396059
1224,0.05543254897312174,0.05595214712510985
1225,0.05543201239621392,0.05595203563315691
1226,0.055431519050894884,0.05595186843297269
1227,0.05543129927822604,0.05595192386152216
1228,0.055430765048278055,0.055951757878730336
1229,0.05543033217800715,0.055951927863955045
1230,0.05543025970303945,0.05595193478008704
1231,0.05543003453934542,0.055952011074854285
1232,0.0554290593915296,0.05595233268171092
1233,0.05542852410011084,0.05595196247142094
1234,0.05542821790020641,0.05595217288903182
1235,0.05542805228341373,0.05595214008707898
1236,0.055427373567646696,0.055952322717590625
1237,0.055426690844357175,0.05595219430804779
1238,0.055426440806125375,0.05595238372530879
1239,0.05542606726747196,0.05595248903232358
1240,0.05542580795162398,0.05595243458398823
1241,0.05542573370750227,0.0559524693909682
1242,0.055425518629169834,0.05595216132772
1243,0.055425438515017134,0.055952161600961364
1244,0.05542469433505998,0.055952120044179036
1245,0.055424490128857945,0.05595213920558939
1246,0.05542442988664384,0.055952144962250636
1247,0.05542414202870635,0.0559523171693669
1248,0.05542333030118102,0.05595245568857194
1249,0.05542277693337769,0.05595252397244714
1250,0.055422249886085254,0.05595257570322282
1251,0.055422107539145005,0.05595261749428323
1252,0.055421732680359354,0.05595270282482479
1253,0.05542099160669053,0.055951922624514996
1254,0.055420818618822094,0.05595191539250966
1255,0.05542042449246089,0.0559518844930656
