0,0.159746281452066,0.1599304082211511
1,0.15313111432572765,0.15331197010102793
2,0.14691623231420847,0.1470911300659045
3,0.14110061792914902,0.14126997651773163
4,0.1355664242883998,0.13572776841460857
5,0.13034655702564796,0.13050142332267795
6,0.1254515865772197,0.1255991017724531
7,0.12067254233592999,0.12080999999026089
8,0.11633186949168864,0.11646345963567113
9,0.11223987496190907,0.11236489818284555
10,0.10848113040441928,0.10859989358608325
11,0.10480006052407084,0.10490517987129856
12,0.10140829697564532,0.10150680453004159
13,0.09824111498656672,0.09833882205396663
14,0.09524851260585182,0.0953488452646002
15,0.09257393883598138,0.09267216478943628
16,0.0899095591081387,0.09000080486905368
17,0.0874243116266536,0.08750392543261813
18,0.08525450272361519,0.0853300793617136
19,0.08311335535250014,0.0831832924246712
20,0.0811940248746549,0.08126614108433414
21,0.07922288895622136,0.07929055962926117
22,0.077380951676767,0.07744322356046031
23,0.07568035824747432,0.07573924300291006
24,0.07411529567307326,0.07416845513318114
25,0.0726607998301691,0.07270731618308694
26,0.07135557608537475,0.07139657221457894
27,0.07015596374861735,0.0701892394640675
28,0.06902427359318819,0.06905291632418882
29,0.06800167467479139,0.068028845906961
30,0.06707251980818055,0.06709313273287607
31,0.06621398960790402,0.06622805643039344
32,0.06540464346566459,0.06541435184361717
33,0.06472134503500224,0.06473092609043801
34,0.06403511393981857,0.06404118934271535
35,0.06340074250749336,0.06340274159634852
36,0.06283815446085786,0.06283675416789303
37,0.06233105719477776,0.06232550557152223
38,0.06184656445667381,0.061838052923946424
39,0.06141851612343954,0.06140469917921454
40,0.06100542460530411,0.06099013813367718
41,0.060632841773199914,0.06061604936176455
42,0.060304958542097324,0.06028782710451253
43,0.060019747254387516,0.06000330469952313
44,0.05974109961815685,0.059722271682514254
45,0.05948942537381084,0.059469033307942586
46,0.05924607916227887,0.05922338004159844
47,0.059043790733942426,0.05901855138119636
48,0.05884595939545132,0.05881838302381666
49,0.05867192215246176,0.05864211305118647
50,0.05851316688623148,0.05848409072338906
51,0.05835987666326588,0.058329897210413456
52,0.058229606999536304,0.058198494805178906
53,0.058100790475619744,0.0580687242017662
54,0.057999125040279105,0.05796570197893637
55,0.05789287497531193,0.057858876545578905
56,0.057799425609156366,0.057764444335697905
57,0.057711990608080854,0.05767608123560718
58,0.05762999091407433,0.057593260494922485
59,0.05755347046584219,0.05751563013211401
60,0.05748595959060541,0.05744744058860297
61,0.05742169841659111,0.05738391774346986
62,0.05736390050006148,0.05732604576689613
63,0.05730933169575485,0.057270993940753814
64,0.05725888915955702,0.05722056636686574
65,0.05721051856650609,0.0571713515828303
66,0.05716739586315841,0.057129140645669686
67,0.05712664592691483,0.05708802678359517
68,0.05708919617609439,0.057049553509903754
69,0.057054158248980844,0.05701600396123707
70,0.05702176607440342,0.056984537602387884
71,0.056995677911018325,0.056958764541287545
72,0.05696649504952139,0.0569292320984629
73,0.056943437293185684,0.056906541043339566
74,0.0569202984063321,0.056884285730165185
75,0.05689709151532051,0.056861406829047924
76,0.05687750769503664,0.05684166860026301
77,0.05685675968556494,0.056821012423989715
78,0.05684130782162811,0.056806230759282685
79,0.05682290432906134,0.05678758340886584
80,0.056807134711608906,0.05677244830860422
81,0.056791076871525834,0.05675697779818182
82,0.05677555496727891,0.05674161387329095
83,0.05676112118402206,0.056727800963656844
84,0.056748500652504225,0.05671487809189717
85,0.056735772095949676,0.05670274778401989
86,0.05672591173163977,0.05669284000717614
87,0.056713575882422596,0.05668116183241
88,0.05669950144934167,0.05666838487181791
89,0.05669189603909575,0.056662353261302416
90,0.05668023059568944,0.05665071284949397
91,0.05666970827495787,0.05664047421320869
92,0.05665820472601124,0.05662856638700631
93,0.056647174946092324,0.05661804105639029
94,0.056637338076453034,0.05660971185964083
95,0.0566270537047623,0.05659906923704051
96,0.05662003271269871,0.05659209196592718
97,0.05661146348716736,0.056583606294231585
98,0.056604424969743834,0.05657766201497093
99,0.05659443247293086,0.056567322551962125
100,0.05658443777454574,0.05655708217742047
101,0.056578327694726566,0.056551276519470756
102,0.05657211613475892,0.056544785335674606
103,0.05656582939664992,0.05653856946021038
104,0.056558939625318494,0.05653150584917167
105,0.056553260296012126,0.05652655980332041
106,0.056548736130048106,0.056523420480603964
107,0.05654276893251845,0.056518100855636876
108,0.0565379602508495,0.05651404278622414
109,0.05653418561219656,0.0565105227764963
110,0.05653020442260224,0.05650711821899302
111,0.056525756047184454,0.05650316546317369
112,0.05652165659608672,0.05649941059180046
113,0.05651711961054706,0.056495501914677386
114,0.05651246746095219,0.05649099914699357
115,0.056506580796845285,0.056485560052971395
116,0.05650350937175667,0.056482592867557545
117,0.05649759478025685,0.05647682436972125
118,0.05649437104449587,0.056473947532818584
119,0.0564881378661303,0.0564684560240776
120,0.05648288534576668,0.05646366621680831
121,0.056478316543120764,0.05646012878333121
122,0.056472754034081765,0.05645662531301451
123,0.05646934217236342,0.0564537674090382
124,0.056466690098222416,0.05645154063697921
125,0.05646619513250478,0.05645125622489402
126,0.056462281386295436,0.05644853175085475
127,0.05645771960364322,0.05644521936339398
128,0.05645394984354961,0.05644255787449395
129,0.056450832640012376,0.05644001096284037
130,0.05644670734085848,0.05643667238184325
131,0.05644302910707078,0.05643388095062389
132,0.05643931848700207,0.05643071902332505
133,0.056437577929090675,0.056429702371376476
134,0.056435693163047466,0.056428813531763614
135,0.056435334340534826,0.056428575545062455
136,0.05643457649525793,0.056427968738267144
137,0.05643436519885865,0.056427725212839015
138,0.05643176332031793,0.05642554146855117
139,0.056425898222266256,0.05642075215242756
140,0.05642192386866863,0.056418095881116286
141,0.056419113035975986,0.056415264157317985
142,0.05641819689691347,0.056414517498301946
143,0.05641801858410359,0.056414333894276615
144,0.05641597061405052,0.056413209435603025
145,0.056414163427971314,0.05641247051708901
146,0.05641403068295734,0.056412325941327335
147,0.05641164632122081,0.05641103133105043
148,0.056408791552519766,0.05640916468908985
149,0.05640565819155633,0.056407200465073616
150,0.056404280633930416,0.05640627125283871
151,0.05640137500353155,0.05640336506230132
152,0.05639862396652273,0.056401152673356166
153,0.0563968427240682,0.05639968626019648
154,0.056394297415129226,0.05639739954243411
155,0.05638949982856345,0.05639419865188258
156,0.05638703122091022,0.05639214075945389
157,0.056384944462028026,0.05639073539225906
158,0.05638182146932064,0.05638801542627042
159,0.05637984037709327,0.056386757000616454
160,0.05637738218477988,0.05638549058228508
161,0.05637608080064378,0.05638514886223842
162,0.056373681490671235,0.05638411533826183
163,0.05637092929895988,0.056382905945211205
164,0.05637071627417412,0.05638270497776968
165,0.05636790329894729,0.05638067151724907
166,0.05636757844434101,0.05638052685327942
167,0.056365326844122876,0.05637933655436166
168,0.05636220145002163,0.05637718638987855
169,0.056359591803759296,0.056375698602603
170,0.056358156145131816,0.05637469152044311
171,0.05635552859500119,0.05637360371385639
172,0.05635312880977495,0.05637243642773529
173,0.05634995584020841,0.05636989251578918
174,0.056349872457085184,0.05636985744146859
175,0.056348327117282763,0.056368684573935894
176,0.0563438560751445,0.05636477090373229
177,0.05634204814746648,0.05636388026640429
178,0.056340661930875724,0.05636259125029102
179,0.056337743101622366,0.05636031080798716
180,0.05633691664875833,0.0563599043216322
181,0.05633687301926164,0.0563599353025668
182,0.05633315961338705,0.0563582646304621
183,0.05633307308179571,0.056358214640206114
184,0.05633173675892155,0.056357322642245966
185,0.05632799613453593,0.05635340457393891
186,0.05632572240133916,0.05635238514473915
187,0.05632166727888282,0.056348786351670614
188,0.056321498033100645,0.056348656207637786
189,0.056320890796912715,0.05634821357263017
190,0.05631705540308529,0.056345769805566
191,0.056315243929801,0.05634526878610594
192,0.056312120434743894,0.0563423892476923
193,0.056309344311355036,0.05634075691665016
194,0.05630742724430569,0.05634000995886111
195,0.056305601645276135,0.056338541049409024
196,0.056305025726919165,0.05633828248822101
197,0.0563030384163312,0.05633668427295639
198,0.05630190419385539,0.0563363788246801
199,0.05629959538274844,0.05633441757000504
200,0.05629890432677272,0.05633394964607454
201,0.056298500037851945,0.05633355969567879
202,0.05629616810729119,0.05633161962834243
203,0.05629428655789778,0.05633020744937897
204,0.05629051325057369,0.056327991367310926
205,0.056287450434859304,0.056326091293871665
206,0.056287339880331175,0.056325869584685447
207,0.056283951473588875,0.05632333043377226
208,0.056283477060543936,0.05632304934494037
209,0.05627954158547981,0.05632036684482676
210,0.0562773481615078,0.0563181578975032
211,0.0562741852740474,0.056315601120159035
212,0.05627367606696947,0.05631537962670994
213,0.056273413117782556,0.056315305361088155
214,0.056271521509003934,0.05631413906941069
215,0.0562677134054351,0.056311552693434866
216,0.056265962607701434,0.056310168148233725
217,0.05626437807686434,0.05630955296544501
218,0.056261323880222376,0.056307525989599407
219,0.05625963699454439,0.05630663959646006
220,0.05625873365139344,0.05630615061688078
221,0.05625866634571511,0.056306183341802256
222,0.056255997196350396,0.05630380883260382
223,0.056255206378072665,0.05630367532301454
224,0.05625452353289259,0.05630327582454034
225,0.056253731965264855,0.056302809874422634
226,0.056250620645210594,0.056300633414491215
227,0.05624924539641842,0.056300089980291665
228,0.056248000811028875,0.056299245739678205
229,0.05624699992496719,0.0562989817513558
230,0.05624564341987825,0.05629790507133671
231,0.05624447499261141,0.05629700559894231
232,0.0562425365256431,0.05629580347249972
233,0.05624033085423352,0.05629348554509434
234,0.05623864651999575,0.05629265951526381
235,0.05623636813465855,0.05629069516891603
236,0.05623494905484958,0.056291057371821
237,0.05623368477085594,0.05629011218288324
238,0.05623359626587548,0.056290107757381774
239,0.056230377875581584,0.05628739348448693
240,0.056227700616612,0.05628474262868914
241,0.05622566469751607,0.05628319394877447
242,0.05622399140165582,0.05628194374163374
243,0.05622268601365352,0.05628102049866211
244,0.05622246765408488,0.05628089815944953
245,0.05621908793521616,0.05627919674886105
246,0.05621659343577561,0.056277757779605184
247,0.05621248790722504,0.05627466076640678
248,0.05621115465457366,0.056273706140923474
249,0.05620897763252971,0.056273079534346855
250,0.05620713678011357,0.05627233338302777
251,0.05620630888924926,0.05627187970249374
252,0.05620619540596174,0.056271818522026125
253,0.05620369159008668,0.05627000088155757
254,0.05620255742334501,0.05626953603417508
255,0.05620124532826616,0.05626934838883227
256,0.05619781549602058,0.056266571888584235
257,0.056197067266607864,0.05626628819908481
258,0.056195422207874664,0.05626452923918245
259,0.05619264329204177,0.05626200933955159
260,0.05619260376188613,0.05626194465235617
261,0.05619229581320756,0.05626176039867851
262,0.056190236298743125,0.05626083655787314
263,0.056187066345924026,0.05625801239209383
264,0.056185525699836314,0.056256590980836484
265,0.05618364248661496,0.05625553480651811
266,0.05618089581063613,0.056254614691755814
267,0.05617884215077604,0.05625267609892175
268,0.0561767724476521,0.05625130270460513
269,0.05617567791546832,0.056250495891851875
270,0.05617381865123766,0.056249253569140185
271,0.05617149497501227,0.05624804890647526
272,0.05616976965170609,0.05624706585032102
273,0.05616852298844992,0.05624577887735365
274,0.056166982659443164,0.05624545310252572
275,0.0561658247544712,0.05624536377827059
276,0.05616509774473962,0.05624502988197564
277,0.05616395814410099,0.056244625314668145
278,0.05616275250049641,0.056244176159534136
279,0.0561614031485282,0.0562442599477919
280,0.05615880360650389,0.05624225279252938
281,0.05615719355208321,0.05624068428041858
282,0.056154292103312256,0.056240155164138814
283,0.05615282243685911,0.056239456461295106
284,0.05615166427398923,0.056238681280874815
285,0.05615051649722984,0.05623781102173647
286,0.05614955997232328,0.056237170408309396
287,0.056146321155381596,0.05623482739088853
288,0.05614423373280456,0.05623356868068176
289,0.05614260024978976,0.056231989430569375
290,0.05614078403833422,0.05623080593588796
291,0.056136969053056214,0.05622890164988299
292,0.05613639693028861,0.05622885938122152
293,0.05613465826923182,0.05622730533626319
294,0.05613227554694004,0.056224748725049484
295,0.056130733630739976,0.05622355199370212
296,0.05612770137997733,0.05622069386582722
297,0.05612475576054071,0.056217758180369316
298,0.05612338072720135,0.05621669087822959
299,0.05612118506478054,0.0562155682101573
300,0.05611950523571708,0.05621432801401562
301,0.05611743453616854,0.05621317001652839
302,0.056117115512937236,0.056212947526681996
303,0.05611486192619986,0.056211534142080764
304,0.05611276942745589,0.056209999423689226
305,0.0561109307972317,0.056208827202586686
306,0.05610972644149935,0.05620780205104411
307,0.05610796381469407,0.056206729122492805
308,0.05610663540379244,0.05620599180685256
309,0.056105512165723834,0.056205531267758915
310,0.05610399354705455,0.05620518830789089
311,0.056102054422823386,0.05620437349281107
312,0.0561003213309553,0.056203027005209336
313,0.05609839864459431,0.05620148025418933
314,0.056096571679847426,0.056200939428476974
315,0.056095285527946834,0.05620011733065024
316,0.05609395881883296,0.05619884769125431
317,0.056091728597126515,0.05619811786416498
318,0.056090615823089496,0.056197764400477294
319,0.056088457301993966,0.05619675295851693
320,0.0560870454531085,0.05619554335204678
321,0.05608521158486325,0.05619479807639878
322,0.05608365198559143,0.05619370457355615
323,0.05608187182884752,0.05619304692316976
324,0.056081074962642447,0.05619248820515655
325,0.056080244731165275,0.05619214264603797
326,0.05607845381032763,0.05619087661240664
327,0.05607789572633499,0.05619064824450479
328,0.056077521189850814,0.0561905729275029
329,0.0560757296128023,0.05618908941763502
330,0.05607471509665745,0.0561888605268529
331,0.05607242836075997,0.05618736705792362
332,0.05607050085474098,0.05618688093287476
333,0.056069152337001854,0.05618598991098407
334,0.05606738044871177,0.05618429667564993
335,0.05606579500071039,0.05618375359540597
336,0.056064940407621625,0.0561835882483983
337,0.056063787633653744,0.0561824070214108
338,0.05606215102344347,0.05618147078955398
339,0.056060461521765505,0.0561799398578937
340,0.05606011060294959,0.056179828847670726
341,0.056059059475022086,0.05617909764355536
342,0.05605826646826352,0.056178432974429975
343,0.0560551335061272,0.056177221612618095
344,0.056054163372358044,0.05617652139217842
345,0.056053627702838796,0.05617602735973098
346,0.056051295267172084,0.05617545427733734
347,0.05605019365758987,0.056174593516758506
348,0.05604856176755163,0.0561736898239115
349,0.05604742542876202,0.056173236602986225
350,0.056046309184859276,0.05617260201059339
351,0.056044474100759516,0.056171557341205
352,0.056044263008539215,0.05617156233833138
353,0.05604256784659915,0.05617123995533521
354,0.0560405072902702,0.056170302117192726
355,0.05603955309181243,0.05617001348421349
356,0.05603916688040129,0.056170100450911774
357,0.05603762172438674,0.05617012090769009
358,0.05603621634114597,0.05616959176367189
359,0.056034857323410334,0.05616854540377683
360,0.056034076074638554,0.05616855546920857
361,0.05603246157157217,0.05616722558825138
362,0.05603108045299607,0.05616635101389351
363,0.05603089558029324,0.0561663484945008
364,0.05602977035334314,0.05616584739145664
365,0.0560286055596229,0.05616547027067424
366,0.056027076836450265,0.0561645787706064
367,0.056025842107382616,0.05616409818349153
368,0.056023992603216735,0.05616417355967338
369,0.05602242164238242,0.056163007624165574
370,0.05602140653055676,0.05616237434691354
371,0.056021115796487685,0.056162304874671796
372,0.056019004936839166,0.05616053148529923
373,0.05601788322933035,0.056159832629591885
374,0.056017789408184,0.056159801786565364
375,0.056016115540121446,0.056158575759451296
376,0.05601448106287783,0.05615853799327779
377,0.056012141404122806,0.05615735739570157
378,0.0560103214598011,0.05615646905840162
379,0.05600861823957485,0.05615500557342896
380,0.05600738266240645,0.05615420166572987
381,0.05600599171557509,0.056152904441399504
382,0.056005160862415054,0.05615250960868128
383,0.056003541301311514,0.05615099321877272
384,0.05600214549019947,0.056150830799077414
385,0.056000837604301766,0.056150253085718346
386,0.05599952937961123,0.056149126403607044
387,0.05599871980041745,0.056149124680284816
388,0.05599689606912955,0.05614905602592872
389,0.05599588116372073,0.05614844619997607
390,0.05599464941673401,0.05614784062097612
391,0.05599406088069193,0.056147661723427125
392,0.055990835775777896,0.05614619364119519
393,0.055989457244612274,0.056146053789790096
394,0.05598879715816621,0.05614587525367684
395,0.05598764486746659,0.05614495634595639
396,0.05598613119346626,0.05614457406379058
397,0.05598526279896315,0.05614417742105797
398,0.05598285039623491,0.056142794492666896
399,0.05598201046478619,0.05614228002975403
400,0.055981693701019124,0.056142070598638884
401,0.05598118863136303,0.056142148219849884
402,0.05598010040264066,0.05614151390351218
403,0.055978928419567225,0.05614102374436711
404,0.05597797057277998,0.05614076223053752
405,0.055977266488726134,0.05614095006257533
406,0.055976247034991614,0.05614073970357104
407,0.05597541031302828,0.056140244371484016
408,0.05597437906187601,0.05614003285563604
409,0.0559735445790848,0.056139696458022074
410,0.055972253736858414,0.05613975588991185
411,0.05597117336950768,0.05613898297070917
412,0.055970609890700115,0.056138488652902066
413,0.05597047170999431,0.05613851834780159
414,0.05597033530322678,0.05613853205252468
415,0.05596918729671442,0.05613780485999751
416,0.05596795974845138,0.0561370089332636
417,0.05596733601742751,0.05613655372459569
418,0.05596590811108633,0.056135169381176124
419,0.0559653425875458,0.056134901659147314
420,0.05596492234856585,0.056134684504729915
421,0.05596317319900677,0.05613346625964054
422,0.0559623828770331,0.05613250353190311
423,0.0559619769246886,0.05613219213414754
424,0.055961872554028964,0.05613221222047781
425,0.05595985329191362,0.05613005418053816
426,0.05595853284000625,0.056130103721287156
427,0.05595777723139739,0.05612962738743176
428,0.05595665515562478,0.05612867950372683
429,0.0559549552412953,0.05612870746037156
430,0.05595338506785672,0.05612828464044667
431,0.055951121346785995,0.05612647636034471
432,0.055949671234773825,0.05612571456236759
433,0.055949574584639415,0.05612562879406186
434,0.055949391708218686,0.056125656017517
435,0.05594773199743529,0.056125139811060064
436,0.05594598374872856,0.05612472637322045
437,0.0559445555316317,0.056124640268563265
438,0.05594439993284951,0.056124744617777646
439,0.0559424435271443,0.05612463530205282
440,0.0559411349849688,0.056124354985431134
441,0.05594056479017003,0.05612416369611082
442,0.05593964685852176,0.05612340891038447
443,0.05593834882468348,0.056123242151638796
444,0.05593712813366397,0.0561229545794539
445,0.05593687226376926,0.056122925438522035
446,0.05593581157853927,0.0561229947194791
447,0.05593437533002507,0.0561225891456593
448,0.055933011418699545,0.05612257584891384
449,0.05593194306540801,0.056121577597562824
450,0.05593099188414422,0.05612111582939419
451,0.055930009686635744,0.056120570494306604
452,0.05592940962014793,0.05612028158815978
453,0.055927743887634704,0.05611998659292988
454,0.055926718273976814,0.056119868741437984
455,0.055925628431116155,0.05611971086305447
456,0.05592482753752717,0.05611937894069265
457,0.055924769295416565,0.05611939135097191
458,0.055923659800186924,0.05611934691573561
459,0.05592241333585168,0.05611873089382737
460,0.05592150065929901,0.05611804203121031
461,0.05592107324214914,0.05611773833759123
462,0.05591976513947635,0.05611700599444428
463,0.0559187280042543,0.05611654244499041
464,0.05591867254650523,0.05611654826782751
465,0.05591828276476601,0.05611645878152319
466,0.0559174464829645,0.056116119052140555
467,0.05591634928262926,0.056116041569920325
468,0.05591572992607615,0.056115510858532766
469,0.05591360348283595,0.05611447051666754
470,0.05591352087116774,0.05611439693833599
471,0.05591295814216044,0.056114012281499946
472,0.0559117594783641,0.05611333031810498
473,0.055911703098683006,0.05611332984524987
474,0.055911485683565694,0.056113319490218416
475,0.05591047541145916,0.05611313379278581
476,0.05590945057068236,0.056113549075413716
477,0.055907808341353865,0.05611230139229878
478,0.05590704184431707,0.056112193935117745
479,0.05590603678368908,0.05611210802660371
480,0.05590509302655023,0.05611151396722125
481,0.05590384247087752,0.056110533133012806
482,0.05590242805186541,0.05611061949552369
483,0.055901200196109974,0.05610983292401731
484,0.05590111556919621,0.05610982748187353
485,0.05589882573376264,0.056109242974294246
486,0.05589676873667325,0.05610904182673256
487,0.05589650101897523,0.05610882529725834
488,0.05589512042968598,0.05610807390216115
489,0.05589446987701382,0.056107854969922794
490,0.055893577408324714,0.056107862229116894
491,0.05589275407679135,0.05610759633544288
492,0.05589163504476904,0.05610738582423147
493,0.055890645226143454,0.05610730058848532
494,0.055890601086818426,0.05610730084901816
495,0.055888982356372394,0.05610611372615335
496,0.05588716700660604,0.05610478162551079
497,0.055886740511740085,0.056104782370958124
498,0.05588559340337372,0.056104319837952096
499,0.055884331733041484,0.056104210677154084
500,0.05588200679228497,0.05610402738846103
501,0.0558806333823903,0.05610396833871162
502,0.0558792084657107,0.056103199341204175
503,0.05587809063168057,0.056103092481256236
504,0.05587734159002116,0.05610249105950723
505,0.055874732245385805,0.056099882535855114
506,0.05587299898134576,0.056099428417141856
507,0.05587206484094082,0.05609931303904414
508,0.055870794875474285,0.05609926098584833
509,0.05586928028336944,0.05609808567199061
510,0.055869107454974136,0.05609795348151522
511,0.05586843779610204,0.056097859960290805
512,0.05586709435315328,0.05609762727772343
513,0.05586628739829679,0.05609748462858082
514,0.05586519063463706,0.056097657124092794
515,0.0558635892551114,0.056096898414415994
516,0.05586239473390835,0.05609669063380427
517,0.05586143854396943,0.056096122965985054
518,0.055860067325266334,0.05609576912135991
519,0.05585901791123542,0.056095989672308895
520,0.05585780263374935,0.056095984449702235
521,0.05585680497913999,0.056096061821979085
522,0.05585559269971587,0.05609553835729474
523,0.055854328639427915,0.056095400614837664
524,0.05585411837331856,0.05609522393852257
525,0.05585309462332012,0.05609480777479774
526,0.055853035961836356,0.05609479766514821
527,0.055852573837806174,0.056094346365828024
528,0.05585086525282681,0.056093681990656716
529,0.055849394210533615,0.056093213608109066
530,0.0558480179735914,0.05609321031144806
531,0.0558479287413588,0.05609322692083398
532,0.0558473745637291,0.0560930789506983
533,0.055846292660895386,0.05609264728145465
534,0.055845164406565735,0.05609253104517113
535,0.0558449773075605,0.05609254034732295
536,0.055843448433056636,0.0560913372291242
537,0.05584278988360348,0.05609126296428518
538,0.05584180937604109,0.05609107870616996
539,0.05584147377170594,0.0560911572260606
540,0.05584020913056248,0.056090872656634455
541,0.05583955426539084,0.05609041000049095
542,0.05583874681608559,0.05609034682967348
543,0.055838420200824745,0.05609020519513478
544,0.05583730955406514,0.05608998805369846
545,0.055836252828063,0.05608929690427611
546,0.05583554434125811,0.05608886723267799
547,0.05583491575851712,0.05608877077690753
548,0.05583357410665088,0.056088054955184805
549,0.05583252622139772,0.05608732817148624
550,0.0558318260659229,0.05608736398528319
551,0.055831129136502754,0.05608707586364883
552,0.05583025096311242,0.056086773681975
553,0.05582909732123124,0.05608580935555123
554,0.05582775326924182,0.05608525370424279
555,0.05582759781479007,0.0560852593496985
556,0.05582653607834771,0.05608520053693789
557,0.05582572651826644,0.05608488737552663
558,0.055824909645525236,0.0560844958459405
559,0.05582369712916557,0.05608432841874717
560,0.055823013225301775,0.05608438836960671
561,0.055821749869178754,0.056083431253249806
562,0.05582154159358129,0.056083343481516675
563,0.0558206905237409,0.056083163075685
564,0.05582023199632439,0.056083097682022784
565,0.0558194371587759,0.05608256063315212
566,0.0558187108067535,0.05608215778522449
567,0.05581836838551071,0.056082004760884874
568,0.05581800012131211,0.05608196268508048
569,0.05581644867335667,0.0560820338699017
570,0.055815081389229484,0.056081114222365454
571,0.05581496563985291,0.056081074151181555
572,0.0558140963252237,0.056081366128672504
573,0.055813239985802364,0.05608125111819475
574,0.05581169019934803,0.05607987439623319
575,0.05581096918605544,0.05607968978325836
576,0.0558103529613305,0.056079294037998724
577,0.05580950266442638,0.05607929998311194
578,0.055808666552729626,0.056078862134727264
579,0.055807777669223395,0.05607888166336079
580,0.055807247441694345,0.056078593705996306
581,0.055806679151225586,0.056078432554211854
582,0.0558051686707994,0.056077543912018746
583,0.055804187665159585,0.05607774884396312
584,0.055803523309847856,0.05607747765343916
585,0.05580274247564681,0.056077132203442126
586,0.055802370951962124,0.056077084630606254
587,0.055802254313137276,0.05607706746307321
588,0.05580124930563868,0.05607659540523159
589,0.055800246464504606,0.0560758146191713
590,0.05579878906322728,0.056074545933517767
591,0.055798612955346154,0.05607457887999867
592,0.05579799960909308,0.05607447362852624
593,0.055796948503858856,0.05607439989933911
594,0.055796187395177485,0.056074382607078706
595,0.055795927386219725,0.05607450923025971
596,0.05579535546145408,0.0560744756435701
597,0.05579482336333631,0.05607430434267686
598,0.05579460162356632,0.05607428811212789
599,0.05579366612280631,0.05607413427977379
600,0.05579297323623635,0.056073903503230424
601,0.05579254095217219,0.05607355104359153
602,0.0557923900034908,0.05607353627698127
603,0.055791861458730316,0.05607341980402363
604,0.05579053144320651,0.05607291417289429
605,0.05578972556292513,0.05607246049886211
606,0.055789357240370686,0.056072304692405504
607,0.055788793597341124,0.056072277661261584
608,0.05578699894343903,0.05607187917140576
609,0.05578558775296672,0.0560715787066643
610,0.055785041656642505,0.05607142890292858
611,0.05578417871037008,0.056071104776488224
612,0.0557830026331298,0.056070644602390904
613,0.05578223249050234,0.05607059922561311
614,0.05578201884957047,0.05607063056359176
615,0.05578039899228885,0.056070088938528544
616,0.05577999237057966,0.056070017990568335
617,0.05577849563994554,0.056069037997483855
618,0.055778112593624175,0.05606903173938629
619,0.05577789881499286,0.05606895676951196
620,0.05577731247518864,0.056069056477665837
621,0.05577535183563227,0.05606788161282483
622,0.055774752889615864,0.05606803480159289
623,0.0557745449970551,0.05606803135351471
624,0.05577357898302368,0.056067665380510945
625,0.05577351558085836,0.0560676285459383
626,0.05577275139157208,0.056068405178187904
627,0.055772195023279666,0.05606844028693287
628,0.05577125976163749,0.05606786312585606
629,0.05577053770280808,0.056067755295629906
630,0.055769598793338454,0.05606798073403993
631,0.05576818494649442,0.05606803429642782
632,0.05576785689737592,0.056067621544658316
633,0.05576653970950408,0.05606737314615174
634,0.055766191973989354,0.05606742112982791
635,0.055765982578435326,0.05606742491310947
636,0.055765027043921854,0.05606742563002249
637,0.05576416282764602,0.05606681734540319
638,0.055763381794180625,0.056066559525048264
639,0.055762724296001424,0.05606620234593426
640,0.05576224740967347,0.05606621417362075
641,0.05576202156569676,0.05606621115595019
642,0.055761246399616875,0.05606597485889558
643,0.05575979363416621,0.05606590247647962
644,0.05575881635057219,0.05606588582998013
645,0.055758122579420887,0.056065354290330806
646,0.05575724347226112,0.05606483131927956
647,0.0557561042650615,0.056064327684822626
648,0.05575518400368561,0.056064362439755384
649,0.05575403582071904,0.05606315960266815
650,0.055752534050965454,0.05606201190284808
651,0.055751357742085624,0.05606107244336587
652,0.055750540318871236,0.056060076692576295
653,0.05574948560412264,0.056059940921231656
654,0.05574908018341044,0.05606007883759792
655,0.055747749093016094,0.05605978049140076
656,0.05574761481980757,0.056059830703227814
657,0.05574735242260395,0.056059786179270016
658,0.055746384838993815,0.05605960730271995
659,0.05574564679392646,0.05605948511059413
660,0.05574520348548323,0.05605924088961522
661,0.05574412070737699,0.05605850643559009
662,0.055743915201433604,0.056058444878356664
663,0.05574281990588423,0.056058290549210577
664,0.05574171848584321,0.05605812360267551
665,0.05574074824319618,0.056057652655475895
666,0.055739848312256375,0.05605711281693003
667,0.05573885104465352,0.05605691880322338
668,0.05573851116416886,0.05605689366659206
669,0.0557383837507675,0.056056905042339025
670,0.055738033098764926,0.0560570310986647
671,0.055737690241316966,0.056056721390346245
672,0.055737425037796204,0.05605666614693856
673,0.05573666483833229,0.05605633497244362
674,0.055735883165833555,0.05605615414839687
675,0.05573511484229803,0.0560558517254015
676,0.05573484748264168,0.056055893722878836
677,0.055733925282601064,0.05605554897552734
678,0.05573275446478355,0.05605571920348636
679,0.05573260215279197,0.056055695835378554
680,0.05573184355891878,0.05605571746867528
681,0.055731330828130095,0.05605576573733365
682,0.05573039144841047,0.05605542473209305
683,0.055729328932837476,0.05605539656920869
684,0.05572922423874745,0.05605541457873676
685,0.055728194417521776,0.05605549843276884
686,0.05572770093446502,0.056055530986211445
687,0.05572682424414343,0.05605543813411314
688,0.055725993756932615,0.056055135334979155
689,0.05572521991618126,0.056054927017735116
690,0.05572503427494969,0.056054958987741044
691,0.05572392939316736,0.05605468428325787
692,0.05572304852267111,0.05605409419412451
693,0.055722748514346096,0.05605409086751938
694,0.05572198414102167,0.056054035924990656
695,0.055721800191394895,0.056053883093505466
696,0.05572035222162323,0.056053315290310615
697,0.0557190095883656,0.056053168026975075
698,0.055718345882068,0.056053018690416026
699,0.05571757815043901,0.05605283397052839
700,0.055717304436426335,0.05605265420532917
701,0.05571682776674946,0.056052591067505986
702,0.055715849406101595,0.05605206225542978
703,0.05571504375183004,0.056051821903390524
704,0.055714781852488,0.05605177036298839
705,0.05571345280342942,0.05605140858052543
706,0.0557127069186282,0.056051158278765306
707,0.05571115405538663,0.056050439240643915
708,0.05571031411476528,0.056050586054541995
709,0.05570946502543588,0.05605043486403154
710,0.055709365598062215,0.05605048639942832
711,0.055707542989191304,0.056049808242035225
712,0.0557074502968752,0.05604979826444132
713,0.05570653790858249,0.05604967430342835
714,0.05570578021930913,0.05604955275200907
715,0.055705638980746965,0.05604955541079076
716,0.05570556874540621,0.05604955805352998
717,0.055704717708941066,0.05604900512817007
718,0.055703959756880354,0.05604888626899661
719,0.05570360067011073,0.056048763030142015
720,0.05570262112170674,0.05604856059496141
721,0.05570216450549387,0.05604833160298347
722,0.05570213078233388,0.05604835952836626
723,0.055701901949746356,0.05604850002731397
724,0.05570120832627716,0.05604817143903326
725,0.05570056689352977,0.05604814186663682
726,0.05570023822945389,0.05604812745368516
727,0.05569943766508675,0.05604770310428703
728,0.055698720728964986,0.056047117713276834
729,0.05569828311514029,0.05604695783232349
730,0.05569803091525989,0.05604704028943139
731,0.05569780257046481,0.05604689726902352
732,0.055696843271333056,0.05604692424289999
733,0.055696052499096975,0.056046853353290654
734,0.055696000428266515,0.05604685486852835
735,0.0556949957486107,0.056046950833504035
736,0.055694295573800366,0.05604672151717921
737,0.05569336732098134,0.0560464348999775
738,0.055692493453497915,0.056046475914971944
739,0.05569072534893939,0.05604587056340551
740,0.05569039866689994,0.05604584269966091
741,0.05568946392546661,0.056045854029383085
742,0.055689399456591536,0.05604583969633855
743,0.05568829686904787,0.0560453999766297
744,0.055685819529996676,0.05604422495208382
745,0.055685167742681466,0.0560440906594989
746,0.05568477159672097,0.056044187388015865
747,0.05568389914232904,0.056043656217262205
748,0.055682287332496166,0.05604352322362258
749,0.05568128532371567,0.05604349879513898
750,0.05568117511298848,0.05604350430691145
751,0.05568046963826559,0.05604338028548475
752,0.05567971567598277,0.056042838823123546
753,0.055679025450216336,0.05604234106372372
754,0.05567876892701272,0.05604213374600195
755,0.055678239534370746,0.05604167013336544
756,0.05567777274843649,0.05604154765417758
757,0.05567660406385139,0.05604148137272281
758,0.05567535627129547,0.05604043086889362
759,0.05567398862868602,0.05604019392026403
760,0.05567361404222781,0.05603987063924731
761,0.05567268513873262,0.05603975704958688
762,0.05567197830093509,0.05603972140829512
763,0.05567006356175379,0.05603817939257384
764,0.05566969868130718,0.05603815760441679
765,0.055669254184659914,0.056038218050375586
766,0.05566907708368233,0.056038238428955896
767,0.05566885454204373,0.05603806799869695
768,0.055668181011600905,0.05603797239516367
769,0.05566784963252775,0.05603790478678253
770,0.0556667450956722,0.05603728634821828
771,0.055665806210390856,0.056036878586182996
772,0.05566550492952954,0.056036902073709774
773,0.05566534330919892,0.05603689962390964
774,0.055664865489811324,0.05603696413026276
775,0.05566443949183738,0.05603688805294464
776,0.05566355831527539,0.05603677155753801
777,0.0556624697357712,0.05603685037875311
778,0.055661245959413345,0.05603697309828291
779,0.055660843972069565,0.05603675997054729
780,0.0556605953903333,0.05603668160505715
781,0.055660392429560675,0.05603672797581951
782,0.055659578193338985,0.056036833897256146
783,0.05565761387691525,0.05603505199798344
784,0.055656714236154495,0.056035012419217704
785,0.05565585698695426,0.05603464180130351
786,0.05565553360127282,0.05603445420766802
787,0.055654329511601576,0.0560339465300856
788,0.05565354177809031,0.05603366728570545
789,0.05565218307056824,0.05603361665175734
790,0.0556516467765474,0.056033636707835614
791,0.05565107697184266,0.05603378574388992
792,0.05565005633973698,0.056033541399547936
793,0.05564992625469685,0.05603350852616814
794,0.055649306018023724,0.05603346417167363
795,0.05564852112701429,0.05603350558927855
796,0.05564831841587446,0.05603347343157781
797,0.055647664098651545,0.05603324057379165
798,0.05564700414945758,0.05603309690614154
799,0.055646069652265866,0.05603251285791697
800,0.05564575524195494,0.0560324728545352
801,0.05564481193599499,0.05603214685253258
802,0.05564389709755717,0.05603211859316013
803,0.055642673922262076,0.0560313923864327
804,0.055641092267665775,0.056030393371747284
805,0.05564011033325015,0.05603035151925941
806,0.05563929337235753,0.056030312165025936
807,0.055638282553439694,0.056029678820526625
808,0.05563763471659716,0.05602953149543252
809,0.0556370291400552,0.05602961081558047
810,0.05563548916985834,0.05602969737953778
811,0.05563454738799832,0.056029344259467276
812,0.05563431779234971,0.05602931800595176
813,0.05563324242916378,0.05602929509398415
814,0.05563249567769346,0.056028772167841905
815,0.055631348942850205,0.05602846315161421
816,0.05563061257358231,0.05602815765232705
817,0.05563033337017786,0.056028278867932005
818,0.05562922152148053,0.0560282539097962
819,0.05562844112620403,0.056028114441956385
820,0.05562751959012806,0.05602807155754739
821,0.055626969055521794,0.05602805846160758
822,0.05562680300290959,0.05602805725458776
823,0.05562531936711153,0.056027217177919184
824,0.055624264776316816,0.056026544008265254
825,0.055623456331945945,0.056026648921338594
826,0.0556227402110668,0.05602620906699163
827,0.05562188722169202,0.05602624862427807
828,0.055620993870678245,0.05602600713883118
829,0.055620330693819935,0.05602540660647782
830,0.05561963463003759,0.056025248946564556
831,0.05561924512264378,0.05602512704156372
832,0.055618641630010804,0.05602471245746735
833,0.05561778486693544,0.056024481827294345
834,0.05561708638104492,0.05602408495057487
835,0.05561704932957163,0.05602408455698583
836,0.055616943185745775,0.056024071953562134
837,0.05561611266224948,0.05602410799510579
838,0.05561552919145662,0.05602410707343885
839,0.055614744723757686,0.056023804200504346
840,0.05561317168821048,0.05602355866869715
841,0.05561219660264141,0.056023554660869536
842,0.05561100453455402,0.056023439745356764
843,0.055610482511932485,0.05602329448073351
844,0.0556098204552899,0.05602328576157201
845,0.05560897167865493,0.05602295494993606
846,0.055608750424651535,0.05602293546684449
847,0.055608370806550504,0.056022869724888534
848,0.0556081877226685,0.05602287411636832
849,0.05560790042104237,0.05602285146558818
850,0.05560730075015841,0.056022995633600296
851,0.05560614269666673,0.056022720238546965
852,0.05560546791752092,0.05602223992954271
853,0.0556051333210433,0.056022188213969294
854,0.05560446257869569,0.05602223577715929
855,0.05560333376976754,0.05602196075727048
856,0.05560274349687638,0.05602186190176785
857,0.05560202449443795,0.056021783006688954
858,0.05560152794055026,0.05602178235104348
859,0.05560055849960133,0.056021610026777933
860,0.05560010335725444,0.05602172073613998
861,0.055598970431095074,0.05602137642643541
862,0.05559828535799312,0.05602108444465973
863,0.05559726303420325,0.0560206788025266
864,0.05559623734827472,0.056021213305733335
865,0.05559596342859382,0.05602132004140291
866,0.05559499401260564,0.05602082462370584
867,0.05559408503536779,0.056020526055108356
868,0.055592595958191555,0.05601907890024477
869,0.0555922378795907,0.05601874782178517
870,0.05559130773140193,0.056018440538558804
871,0.05559052128450506,0.05601840858104815
872,0.05559048819995929,0.05601840833691287
873,0.05558904909236219,0.056018281061753
874,0.05558800735882334,0.05601751356520906
875,0.05558683475990522,0.05601715893954053
876,0.0555857320464653,0.056017295139365215
877,0.05558520028542645,0.056017090789362387
878,0.055584937430652175,0.056016880183793825
879,0.05558385797446606,0.05601613443754243
880,0.05558340364417265,0.05601591617701217
881,0.0555825199898414,0.056015742111157146
882,0.05558157802959896,0.056015399497914176
883,0.05558078589992365,0.056015182758095715
884,0.05557971158115672,0.05601544911511416
885,0.05557922533620889,0.05601553587450198
886,0.05557902152255136,0.05601552367719436
887,0.055578133172510744,0.05601535673781825
888,0.055577539468602236,0.05601523559701556
889,0.05557662166089931,0.0560143456416386
890,0.055575601164876656,0.05601380686484948
891,0.05557466642240587,0.05601393566395979
892,0.055573828689750276,0.05601371201957411
893,0.05557366401190042,0.056013725706089576
894,0.05557217830687758,0.0560136069597118
895,0.0555713189200509,0.056013908404937536
896,0.05557092048876195,0.05601388346697663
897,0.05556967144924825,0.05601401287998836
898,0.05556897409009605,0.05601422685875861
899,0.055568399965600306,0.05601409357897824
900,0.05556815586869429,0.056014101777429263
901,0.0555669386508078,0.05601331917656691
902,0.0555662350504846,0.05601298189693611
903,0.05556534930553278,0.05601275714765138
904,0.055565259653333816,0.05601275545101264
905,0.0555650564564662,0.05601273998421084
906,0.055564897717663334,0.05601271807051558
907,0.055564837857637384,0.05601272589407811
908,0.055563733972862496,0.056012388564389545
909,0.05556358810054232,0.05601240958905967
910,0.05556301601395404,0.05601256817977783
911,0.055562729517611396,0.0560123155395194
912,0.05556236619465646,0.05601208018274295
913,0.05556212881767896,0.05601204786505734
914,0.05556121473434056,0.05601185073232476
915,0.05556013614388842,0.056011783588947685
916,0.055559580064825115,0.05601189620145362
917,0.05555912842371828,0.05601171093874235
918,0.055558890368494665,0.05601162543698483
919,0.055558466970001795,0.05601155151093156
920,0.05555724862882173,0.056011310117262784
921,0.05555715286635542,0.056011310900828525
922,0.05555627497279279,0.056011036238044175
923,0.05555533262652511,0.05601096761151974
924,0.05555527452637026,0.05601096892259243
925,0.05555460991068846,0.05601084444747917
926,0.055554344543616095,0.05601068823820443
927,0.055554039736862015,0.056010764531772894
928,0.05555332903443213,0.05601074869650767
929,0.05555224904669893,0.0560099502776722
930,0.05555185487030259,0.05600981779880229
931,0.05555118211657024,0.056009734246700506
932,0.055551015832557636,0.05600976168468114
933,0.05555082245417433,0.0560097315838725
934,0.055549887320782164,0.05600927492077349
935,0.05554899875342753,0.05600931942856467
936,0.05554817370472854,0.05600932353766698
937,0.05554725104340394,0.05600880044170397
938,0.05554644712449314,0.05600843041397819
939,0.05554497653332195,0.05600839024163553
940,0.05554384330580289,0.05600835423931904
941,0.05554309092847057,0.0560080682021801
942,0.05554241772142334,0.056008059325951653
943,0.05554147761992343,0.056007894816832465
944,0.05554130285311355,0.05600778737019287
945,0.05554125977923242,0.05600774713267053
946,0.05554035182165772,0.056007784476763266
947,0.055540075143458545,0.05600770087462124
948,0.05553938752569525,0.05600771498453339
949,0.05553848222094822,0.056007677810344374
950,0.05553755230295177,0.05600721658677136
951,0.05553717786412758,0.056007087035321264
952,0.05553604883437908,0.05600650708059185
953,0.055535086889161804,0.05600646004219874
954,0.05553397834829325,0.05600658679906522
955,0.05553393478984156,0.05600659840978968
956,0.055533516235150834,0.0560065575981484
957,0.05553325253147335,0.05600653453203613
958,0.05553217313530762,0.05600656568702016
959,0.0555316809189755,0.056006635352018413
960,0.055531346017646574,0.05600657834782503
961,0.05553056080181841,0.056006562467014055
962,0.055529790531866574,0.0560064592811612
963,0.055529044135181296,0.056006411432329234
964,0.055527927759642326,0.056006603191580094
965,0.05552743035221943,0.05600652347439101
966,0.05552645497591909,0.05600654839368871
967,0.05552551284659515,0.056006427309895745
968,0.05552458004007249,0.05600636836519135
969,0.055524190050216755,0.05600637136478015
970,0.05552337329833187,0.05600657758120316
971,0.05552298507593898,0.05600652821148681
972,0.05552291097706401,0.05600650240770639
973,0.05552281263138882,0.056006482123570504
974,0.05552163125438502,0.05600602843240135
975,0.055520392584858365,0.056006026924249455
976,0.05552034816419302,0.05600604580447321
977,0.05552027277192179,0.056006045095158746
978,0.0555196289378695,0.05600583331962026
979,0.05551950563418731,0.056005810529971875
980,0.05551875932621216,0.05600578162949937
981,0.055517819137109584,0.056005286069541374
982,0.05551748662988163,0.05600528098205251
983,0.055516171116093735,0.056005268329435524
984,0.055515180687629465,0.05600500745527335
985,0.055514869066968474,0.05600500073110961
986,0.05551365720483821,0.0560050424900673
987,0.05551308373153087,0.056005263745983434
988,0.05551228879654378,0.05600536440596643
989,0.05551119587422538,0.056005240429386705
990,0.05551099703116442,0.05600519696544828
991,0.055510261412898214,0.056005240477834395
992,0.05550936335163091,0.056005260409907345
993,0.05550884421052046,0.05600527572702517
994,0.05550855658807479,0.05600527309409584
995,0.05550752793452763,0.05600492289555881
996,0.055507277097662455,0.05600497366794372
997,0.05550657126978104,0.056004933947688226
998,0.05550489317488205,0.05600539739342828
999,0.05550428185755883,0.05600494771026922
1000,0.05550317584824437,0.05600505221067754
1001,0.0555025364728718,0.05600518743990656
1002,0.055502395431061155,0.05600510246884829
1003,0.05550172588279877,0.05600481307343709
1004,0.05550072601749608,0.0560046067024666
1005,0.05549999919507574,0.056004609510639305
1006,0.055499895424094996,0.056004684706730916
1007,0.0554986740697749,0.05600474363849453
1008,0.05549852788236794,0.05600467089096786
1009,0.05549773288288326,0.05600469084214087
1010,0.055497551031097506,0.05600469642338447
1011,0.05549697826824216,0.056004821526681126
1012,0.055496879378761584,0.0560048286940444
1013,0.05549615907190775,0.05600459579122878
1014,0.05549596316521397,0.05600460793321471
1015,0.05549555432802382,0.0560045708942023
1016,0.055495094617319475,0.056004674739669705
1017,0.0554946915220105,0.05600472757248879
1018,0.055494279758882006,0.05600462326921029
1019,0.05549391497694743,0.05600465507146957
1020,0.055493742051247935,0.05600463574900841
1021,0.055493371698050166,0.05600462901171469
1022,0.055492334200656426,0.056004489235759736
1023,0.05549229085205892,0.0560044916674613
1024,0.05549125162484786,0.05600447251461731
1025,0.05549003244482439,0.05600488097337952
1026,0.05548997664742121,0.05600486944463002
1027,0.05548914711111845,0.056004641109942216
1028,0.055488776724140834,0.0560046444539968
1029,0.05548751125874034,0.05600416139517437
1030,0.05548675710744466,0.05600455662272686
1031,0.05548630837693631,0.0560045511923161
1032,0.055486113878973856,0.05600461171660034
1033,0.05548505847572351,0.05600479238119297
1034,0.0554848591714073,0.05600476635209691
1035,0.05548458634353397,0.05600459827287463
1036,0.05548419857454046,0.056004278852875254
1037,0.05548389805728693,0.05600427565771553
1038,0.05548316881959785,0.05600402291507835
1039,0.055482532944933174,0.0560039547630423
1040,0.05548145051486658,0.05600404053423174
1041,0.0554811003389023,0.056004082530378606
1042,0.05548046669701765,0.05600426795351008
1043,0.05547954511858697,0.05600426022226235
1044,0.055478906028676715,0.05600412472064898
1045,0.0554788309451945,0.05600411733592118
1046,0.05547790437297294,0.05600377868221302
1047,0.05547697497853351,0.05600371536151482
1048,0.05547588531277812,0.05600384419212316
1049,0.05547503942547418,0.05600374839010118
1050,0.05547425137389132,0.05600337815149468
1051,0.055473307200753975,0.05600329003875547
1052,0.055472853905763134,0.05600327172709532
1053,0.055472521998651,0.0560032102161161
1054,0.055472188686363895,0.05600322997810277
1055,0.055470992515384926,0.056003167600145336
1056,0.05547018698495531,0.056003318272887445
1057,0.05546902357080147,0.05600327991559613
1058,0.055467964691993464,0.05600234108304287
1059,0.055467808184558466,0.056002289598784095
1060,0.05546761779823316,0.056002299318135364
1061,0.05546708982327575,0.056002226935348697
1062,0.05546638379296194,0.05600242574685985
1063,0.055465967173426715,0.056002498299974904
1064,0.055465700542529243,0.056002446209726595
1065,0.055464966188362684,0.056002248300951935
1066,0.055464637983234984,0.05600208801994816
1067,0.05546352630045177,0.05600218033099035
1068,0.05546340648823097,0.05600220779153173
1069,0.055463211466591715,0.05600218273725809
1070,0.05546302814860214,0.056002171693934504
1071,0.05546195851663597,0.056002106903368175
1072,0.05546146220702429,0.05600217443335052
1073,0.05546044965592766,0.05600202915448426
1074,0.055459752228158916,0.05600210505315308
1075,0.05545832393101517,0.05600216455533829
1076,0.055458223854258915,0.0560021445846828
1077,0.05545802781052427,0.05600204674883028
1078,0.055457219871271606,0.056001768612456794
1079,0.05545662230096011,0.05600165225930913
1080,0.05545527451321919,0.056001737857207974
1081,0.055454822042051974,0.05600168344495767
1082,0.055454163004544324,0.05600181918989392
1083,0.05545291964059622,0.056002273488122825
1084,0.05545222071250799,0.05600199868285603
1085,0.05545120212707769,0.0560013808711172
1086,0.055451107206103335,0.056001382065515595
1087,0.05545024132542808,0.05600097216828596
1088,0.05544980405668167,0.056000983120150054
1089,0.055448447578305554,0.05600096483269314
1090,0.05544744185129493,0.056000802935721815
1091,0.05544730028175061,0.0560006999918359
1092,0.055447104378947766,0.05600073568767398
1093,0.055446582404728294,0.05600056683441306
1094,0.05544559647225486,0.05600023585395187
1095,0.05544536166523756,0.05600010797735982
1096,0.0554451611022393,0.05600010655760832
1097,0.05544401396186161,0.05599990361081628
1098,0.05544335039550784,0.05599983283412588
1099,0.05544258353058751,0.05599990196879451
1100,0.055442032041280426,0.05599987440605704
1101,0.05544128515164473,0.05600002918144841
1102,0.05544104385828384,0.05600007884763362
1103,0.05544007822882583,0.05599990033819385
1104,0.055439436526598454,0.05599990111586166
1105,0.05543929309215151,0.05599990201252256
1106,0.05543849627471002,0.05599979336573817
1107,0.05543804748717259,0.0559997441419939
1108,0.05543780912995016,0.05599963456240842
1109,0.05543724184708985,0.05599948477250734
1110,0.05543671540312995,0.055999596313367275
1111,0.055436239314410655,0.055999471030210135
1112,0.0554357812308867,0.05599937627821362
1113,0.05543558234940653,0.055999303113734855
1114,0.05543543038465102,0.05599930413765564
1115,0.05543497542313612,0.05599927156125933
1116,0.055434797350700005,0.055999122107537484
1117,0.055433828107727734,0.0559989916805693
1118,0.05543338568946643,0.05599897458355715
1119,0.05543206053365458,0.055998714683043946
1120,0.055432034598884,0.055998715386340825
1121,0.0554318443804789,0.05599875943500053
1122,0.05543083544349787,0.05599843649987849
1123,0.0554302397757311,0.055998376636595716
1124,0.055429923943810626,0.05599825589380258
1125,0.05542905580425508,0.055998095066204845
1126,0.05542890565547566,0.0559981223786775
1127,0.05542886869250644,0.05599813328974459
1128,0.05542782163910182,0.0559978453132877
1129,0.05542759961065699,0.055997743224088625
1130,0.055427113135606304,0.055997823004528456
1131,0.05542698696957729,0.055997925877076145
1132,0.05542624507317152,0.055997597703649565
1133,0.05542525448084167,0.05599766160464112
1134,0.05542458429162878,0.05599768272352936
1135,0.055423803568302815,0.05599756384769823
1136,0.055423092911286095,0.055997849067550884
1137,0.055422571829052296,0.05599783937726535
1138,0.055421845335865534,0.05599794945539087
1139,0.055421405318225134,0.05599790431146052
1140,0.05542078286502528,0.05599800179072229
1141,0.05542051336254246,0.055997943734279985
1142,0.05541928848073754,0.05599795171532257
1143,0.055418265094065756,0.05599788248203972
1144,0.05541762877528983,0.05599764346942864
1145,0.05541726052844738,0.055997401583451685
1146,0.05541704634896978,0.05599743544055079
1147,0.05541655311597971,0.05599756068767056
1148,0.055416454474830776,0.0559975882837024
1149,0.05541552764107887,0.055997593609910135
1150,0.055415265574784156,0.05599765734312519
1151,0.05541432158847086,0.0559975531547151
1152,0.05541365926997597,0.05599760742906852
1153,0.05541302322355216,0.05599735198311153
1154,0.055412239732696614,0.05599717109911541
1155,0.055411098766061054,0.05599684614668358
1156,0.05541088825847966,0.05599691825950004
1157,0.0554102015988749,0.05599664111619367
1158,0.05540991780087046,0.05599673690797078
1159,0.05540962840632708,0.055996784280358036
1160,0.05540897786170554,0.05599650604848448
1161,0.05540880746956569,0.055996528264666674
1162,0.0554074996902175,0.055996436099186996
1163,0.05540661601558128,0.05599629876145964
1164,0.05540630029001508,0.05599633685131345
1165,0.05540528373384269,0.055996295064492656
1166,0.055404959475245416,0.055996039122254766
1167,0.05540379319883767,0.05599609102214445
1168,0.0554028505497746,0.05599655109116684
1169,0.055402433375017095,0.055996571479143754
1170,0.05540118590660939,0.05599648592184187
1171,0.055400984252035955,0.05599647477992386
1172,0.055400533260533964,0.055996264238957504
1173,0.05540037546346324,0.0559962854762971
1174,0.05539987666028649,0.055996320304235805
1175,0.055399261911904966,0.05599621373319479
1176,0.05539850009104305,0.055996100082742105
1177,0.05539804238609375,0.05599620181826025
1178,0.05539746146662825,0.05599590814650514
1179,0.05539698542428608,0.05599590671735858
1180,0.05539597410753494,0.05599588831071724
1181,0.055395822626554084,0.05599588042011227
1182,0.05539507877847116,0.055995902935345544
1183,0.055394677425991565,0.05599587893817617
1184,0.05539457439956769,0.05599588608475406
1185,0.05539378587224647,0.055995917289589664
1186,0.055393093947434476,0.055996054169323066
1187,0.055391914750941275,0.05599596433242715
1188,0.05539083450637126,0.05599561139373983
1189,0.05539080926712236,0.05599561924249622
1190,0.05539023963176966,0.055995742659884586
1191,0.05539021677032106,0.05599574288203122
1192,0.055389573621959474,0.055995554806851686
1193,0.05538946076687599,0.055995549548404584
1194,0.055388640181838374,0.05599573224644992
1195,0.05538855694376715,0.0559957952978801
1196,0.05538838576769944,0.05599585655918702
1197,0.055388349745954454,0.05599585645094644
1198,0.0553881068447875,0.05599582074512923
1199,0.05538714173366872,0.05599587744352862
1200,0.05538658364163278,0.05599582876388388
1201,0.05538638423339066,0.05599584365882257
1202,0.05538606340008506,0.05599599187909409
1203,0.055384766691976846,0.05599620631820236
1204,0.05538436426053392,0.05599611401854137
1205,0.05538408157246784,0.05599623914241355
1206,0.05538331630483967,0.05599594264364409
1207,0.05538267319384455,0.055995964942678764
1208,0.05538226723701813,0.05599573352909808
1209,0.05538096645153665,0.05599554742130795
1210,0.055380849362047777,0.0559955427737357
1211,0.055379552252248235,0.05599585746434246
1212,0.05537949425335751,0.05599584188822093
1213,0.05537887530027814,0.055995717232771254
1214,0.05537810896889175,0.055995882875570016
1215,0.05537792601317166,0.055995804652476604
1216,0.05537714434560931,0.05599587599877349
1217,0.05537694883090474,0.055995880712573734
1218,0.05537645035303366,0.05599600795198378
1219,0.05537523970424764,0.05599546620507846
1220,0.05537465152355747,0.05599537639859684
1221,0.05537399989638393,0.05599519737523978
1222,0.055373761452203005,0.05599517184625283
1223,0.05537340189672441,0.05599520608370703
1224,0.055372870994323836,0.05599518361708567
1225,0.05537176610340281,0.05599452834001599
1226,0.055371671305155024,0.055994524976236776
1227,0.05537093577168153,0.055994875666748156
1228,0.05537029833489029,0.055994906295065004
1229,0.05536989952519915,0.05599490252593033
1230,0.055369061282157184,0.05599495283380567
1231,0.05536853306614024,0.055995119539840946
1232,0.055368409219221475,0.055995132507390175
1233,0.05536739407064766,0.05599495698339214
1234,0.05536626187789912,0.055995087428068434
1235,0.05536530089580622,0.055994908795032196
1236,0.05536394071525664,0.05599475912171896
1237,0.055363070900147776,0.055994664671508765
1238,0.055362622221179734,0.055994751213649566
1239,0.05536237830250462,0.05599473378351588
1240,0.05536215851171959,0.05599458936590619
1241,0.05536211909513694,0.0559945950100615
1242,0.05536208468009768,0.05599459229678249
1243,0.05536180325102618,0.05599444335184031
1244,0.05536136562982809,0.05599448027940699
1245,0.055360853830849384,0.05599407822877686
1246,0.055360157389044234,0.05599395086318758
1247,0.05536005652913967,0.05599397126975871
1248,0.05535972213071761,0.05599378781064651
1249,0.05535904962985014,0.055993904344585746
1250,0.055358653280928385,0.05599393041902166
1251,0.05535863590549345,0.05599392658669923
1252,0.05535758237541294,0.05599383373821418
1253,0.055357463316341,0.05599383816361497
1254,0.05535708697481174,0.05599391698030851
1255,0.055356821112571175,0.05599408528644469
1256,0.055355889456555826,0.0559939675856946
1257,0.05535580202987306,0.05599399152252756
1258,0.05535529252006343,0.05599383088824204
1259,0.05535456609462715,0.05599371551939598
1260,0.05535391762619219,0.055993530935458426
1261,0.05535359548373153,0.05599354063096591
1262,0.055353517868675275,0.055993527713911105
1263,0.05535348138791032,0.05599353850631921
1264,0.055353274301252975,0.0559934948087576
1265,0.05535257656817921,0.05599289141655418
1266,0.05535185755732613,0.055992735276349154
1267,0.055351457525077134,0.0559925355866166
1268,0.05535057054622544,0.05599261768055907
1269,0.05534981224757292,0.05599266784759627
1270,0.05534889348752568,0.055993023536522364
1271,0.05534859884279163,0.05599276468034333
1272,0.055348450558160664,0.055992800131493034
1273,0.055348343406730414,0.05599283557850964
1274,0.055347538642535145,0.0559925558021871
1275,0.055346929478286344,0.05599236656256341
1276,0.05534585606442428,0.0559924662205805
1277,0.05534569344894919,0.05599247475359798
1278,0.05534521296115091,0.055992399752224434
1279,0.055344989702094,0.05599246789828508
1280,0.05534444855677429,0.0559926017734753
1281,0.05534392998242249,0.055992620345811955
1282,0.055342828626960994,0.05599246542284702
1283,0.05534183700906463,0.05599258666804573
1284,0.055341095712671796,0.055992579926280525
1285,0.05534039415818913,0.055992309604689296
1286,0.05533957617609085,0.0559922454573948
1287,0.05533902369925772,0.05599193241796576
1288,0.055338896923690796,0.05599191518006448
1289,0.05533847960204892,0.05599162349785103
1290,0.055337846478327596,0.055991379764522946
1291,0.05533739212542121,0.05599133857961009
1292,0.05533722302427392,0.05599126437303044
1293,0.055337156750548344,0.05599130773476648
1294,0.05533679836632982,0.05599129562851104
1295,0.05533569841736835,0.05599056513068153
1296,0.055335603790026576,0.055990568802322956
1297,0.0553354860651238,0.0559905667444259
1298,0.055335001110250664,0.055990516182650836
1299,0.05533489875676747,0.05599050208131488
1300,0.05533474642111969,0.05599046393240775
1301,0.05533435400872168,0.05599037470881506
1302,0.055333711370454876,0.055990420246239216
1303,0.05533351192471033,0.05599040980710948
1304,0.05533284522103875,0.05599055328045775
1305,0.05533276732703102,0.055990555950613946
1306,0.05533199158792601,0.05599057616183458
1307,0.05533170925078233,0.05599032894800464
1308,0.055331515977608305,0.05599040411850727
1309,0.05533128812593013,0.05599049231767187
1310,0.055330695511769785,0.05599051004450025
1311,0.055330327372906524,0.05599037536282198
1312,0.05533010057718958,0.055990454842685985
1313,0.05532942613888906,0.055990311601684606
1314,0.05532873457738007,0.055990734521860035
1315,0.05532807001500733,0.05599078391878336
1316,0.05532794757974052,0.05599078634572862
1317,0.05532646895315468,0.05598950653183
1318,0.05532555224833976,0.055989526267459636
1319,0.055324803376968996,0.055989399834690125
1320,0.05532461927416586,0.055989339502662494
1321,0.05532416667111803,0.05598980547880267
1322,0.05532304956668787,0.055989491639330924
1323,0.05532239937320315,0.0559895477765768
1324,0.0553215805971514,0.05598976675367427
1325,0.05532135428104776,0.055989730087669616
1326,0.05532126533275192,0.05598971135272832
1327,0.055320581353382206,0.05598983942574283
1328,0.055320199606305805,0.05599005101615968
1329,0.0553192609942474,0.05598983032663447
1330,0.05531790508808826,0.05598923830972479
1331,0.05531741769729185,0.05598914610654573
1332,0.05531654091188503,0.05598901000736089
1333,0.05531550518419433,0.055989199588068736
1334,0.05531511568333128,0.055988972328294306
1335,0.055314382130719306,0.0559888888124726
1336,0.05531412732572134,0.05598885083606563
1337,0.05531328812753107,0.05598870006313452
1338,0.055312480118287495,0.05598878207614987
1339,0.05531172492073363,0.05598872581392333
1340,0.0553111408450605,0.05598876078865396
1341,0.055310342961648565,0.05598893952497368
1342,0.05530970982708446,0.05598869564700944
1343,0.05530927065537633,0.05598842110993324
1344,0.05530914952005297,0.05598830230450522
1345,0.05530908323611689,0.05598831327013764
1346,0.055308436980151664,0.05598845573059798
1347,0.05530781108460767,0.055988250596367015
1348,0.055307447084422104,0.05598795415211288
1349,0.05530691129369774,0.055987985854835755
1350,0.055306809776636295,0.055987991694413014
1351,0.055305988864137436,0.055987988086590335
1352,0.055305957072228205,0.05598802433581083
1353,0.05530573483496245,0.05598806047688557
1354,0.05530489903071383,0.0559879969191625
1355,0.055304235017952355,0.05598806309685907
1356,0.05530363020807405,0.05598763145575089
1357,0.055302504415752254,0.055987736553217794
1358,0.055301646853697324,0.05598778774784355
1359,0.055301099009410055,0.05598799109916332
1360,0.05530063038979457,0.055987948690933584
1361,0.05529996044139677,0.05598812943505777
1362,0.05529923657356977,0.0559881006646159
1363,0.055298718661670465,0.05598823593672855
1364,0.05529820078015704,0.05598803626277926
1365,0.055297677657483925,0.055988112946572785
1366,0.05529737876037676,0.05598827351559666
1367,0.05529704444349217,0.05598814789238026
1368,0.055296858687374814,0.05598803785887567
1369,0.055296183111258966,0.055987857192954474
1370,0.05529570226446642,0.055987707411531765
1371,0.055294889415351205,0.05598763681569542
1372,0.055293999947416794,0.05598777634230974
1373,0.0552939220161385,0.0559878010572096
1374,0.05529312783221538,0.055987936024098524
1375,0.05529272092312353,0.05598786307387641
1376,0.05529214475864356,0.055987690776986065
1377,0.05529204525155562,0.055987739265926394
1378,0.05529149566472184,0.05598778786403823
1379,0.0552907168740669,0.05598767581800094
1380,0.055290127596512924,0.055987719984565
1381,0.05528947252520248,0.055987459538658156
1382,0.055288991994175654,0.05598732171430137
1383,0.055288143917837,0.05598736732276088
1384,0.05528808548504603,0.055987395132894476
1385,0.055287263412681406,0.055987457688166896
1386,0.05528607695181865,0.05598680602831545
1387,0.05528556948536272,0.05598683323166904
1388,0.05528472753940557,0.055987006673462125
1389,0.05528397805203186,0.05598637252208719
1390,0.055282910820349244,0.05598650931017405
1391,0.05528241252248006,0.055986670681907956
1392,0.0552823270988481,0.05598667468546392
1393,0.055281292091507506,0.055987081105929724
1394,0.05528112188196523,0.055987097952104097
1395,0.05528101861509268,0.05598707942893457
1396,0.05528076253443455,0.05598714282263968
1397,0.055280343352150714,0.05598714620804224
1398,0.055279450488291686,0.055987157560438795
1399,0.05527907363156958,0.055987105267571634
1400,0.05527889346045265,0.0559871099874241
1401,0.05527878965417718,0.05598710836372347
1402,0.05527730008777154,0.055987317854868345
1403,0.05527706456199235,0.05598730568828906
1404,0.05527626708379874,0.05598691424231437
1405,0.0552761393237784,0.05598693171069421
1406,0.055275828193466416,0.05598669871586156
1407,0.055274873002638496,0.055986508040505444
1408,0.055274341456006675,0.05598662064979535
1409,0.055274131517918136,0.055986593765346516
1410,0.055273331893553594,0.055986609020796635
1411,0.05527327130964839,0.05598662302513074
1412,0.0552728010666736,0.05598663198350535
1413,0.05527181656574399,0.05598674457298413
1414,0.05527093752987831,0.05598625467661214
1415,0.05527043845960265,0.055986375213011606
1416,0.05526976902257633,0.055986210747825185
1417,0.05526889359755421,0.05598606765767705
1418,0.05526791919819702,0.055986237327253704
1419,0.05526763110768393,0.055986208218361644
1420,0.05526681313979389,0.05598636058284728
1421,0.055266156719064014,0.055986204831943186
1422,0.05526599600580171,0.05598625659418737
1423,0.055265608281076725,0.055986121806399225
1424,0.055264872382495646,0.05598615493778155
1425,0.055264108334516414,0.05598605450174701
1426,0.05526371804353534,0.05598606414629704
1427,0.05526275097394978,0.05598624144723873
1428,0.055262340500011393,0.055986058217150234
1429,0.05526134117315836,0.0559855732619121
1430,0.055261058519880536,0.05598556911656178
1431,0.05526044420910162,0.055985551622884315
1432,0.055259997714894225,0.055985450806668745
1433,0.05525994057084291,0.05598545516053986
1434,0.055259008219922634,0.05598536578515531
1435,0.055258692078791805,0.05598539813404955
1436,0.055258437402384404,0.05598541387693713
1437,0.055258084536522534,0.05598544280924641
1438,0.05525743823204036,0.05598524566640465
1439,0.055257127542552575,0.05598524254872163
1440,0.055256993187938475,0.055985217966008215
1441,0.055256371509640315,0.05598532074244878
1442,0.05525566298198557,0.05598540381446912
1443,0.05525492260487805,0.055985479496365155
1444,0.05525452273585232,0.05598554182733324
1445,0.05525397283975263,0.055985862716331526
1446,0.05525376401929325,0.05598565297353609
1447,0.05525359342152791,0.05598548653432619
1448,0.05525322318663576,0.05598544064115326
1449,0.05525253425709778,0.055985467303874735
1450,0.05525194650184463,0.0559854008585993
1451,0.05525140201464093,0.05598525850824108
1452,0.055250912546162705,0.05598512513132379
1453,0.05525023084722806,0.05598477110638924
1454,0.05525009525829243,0.055984902610673855
1455,0.05524958259212409,0.05598498789367389
1456,0.05524834626435907,0.055985074582041425
1457,0.05524769794750434,0.05598505655064084
1458,0.055247536962106235,0.05598495475815537
1459,0.05524730035755688,0.05598487750042183
1460,0.05524671922366619,0.05598463255049981
1461,0.055246166064258334,0.055984516643313005
1462,0.05524603652177243,0.05598462525255275
1463,0.0552459951801077,0.05598462704705443
1464,0.055245693162833794,0.05598462412874223
1465,0.05524546805041122,0.05598457782523343
1466,0.055244976744378976,0.055984867254259614
1467,0.05524445654686654,0.05598472907780863
1468,0.05524436025445885,0.05598476518825121
1469,0.055244213568627694,0.05598469130998781
1470,0.05524411683147469,0.05598470996722368
1471,0.05524343788598985,0.05598470697924611
1472,0.05524278284041524,0.05598487944593902
1473,0.055241897107294505,0.05598506350135334
1474,0.055241806749294686,0.05598505785046168
1475,0.055241118478792,0.055984880374189826
1476,0.05524033137471657,0.0559847661543805
1477,0.05523976865879392,0.055984741968988776
1478,0.055238968797938166,0.05598480172478317
1479,0.055238724290544536,0.055984949879554304
1480,0.055238501039240516,0.05598499743289865
1481,0.055238313510779756,0.05598502198028795
1482,0.05523745419531987,0.05598508877993122
1483,0.055237087369542116,0.055985051667559245
1484,0.0552365984883774,0.05598508238535697
1485,0.0552364823278629,0.05598506910871403
1486,0.055236388411179324,0.055985072029379246
1487,0.05523582666421586,0.055985047135856815
1488,0.05523555228156868,0.05598510538201525
1489,0.055234938405848276,0.05598478661384938
1490,0.055234569188460335,0.05598485767372761
1491,0.055233569154139996,0.05598442006395981
1492,0.055232609377385965,0.055984350848166047
1493,0.055232495827217405,0.055984282355003065
1494,0.05523240371046731,0.055984256561983956
1495,0.05523187778625236,0.05598433529309286
1496,0.055231555787146815,0.055984719354602155
1497,0.05523102009066759,0.055984615006615356
1498,0.05523021708181179,0.055984696195082576
1499,0.05522975516394372,0.05598467155822053
1500,0.05522915641911339,0.055984624984170624
1501,0.055228669111255235,0.055984327216692206
1502,0.05522796791823322,0.05598446003384996
1503,0.055227430726018815,0.05598442425431642
1504,0.05522738935034889,0.05598443544506676
1505,0.05522628911758986,0.05598435164336948
1506,0.05522585000174332,0.0559847483393481
1507,0.05522475360161264,0.05598451312086467
1508,0.05522415406167582,0.055984712311437985
1509,0.05522347212052845,0.05598484399591111
1510,0.05522277725054887,0.05598484290011321
1511,0.05522168062079778,0.0559851416663456
1512,0.055220704601206184,0.05598532808029831
1513,0.05522044426109339,0.055985204247118295
1514,0.05521993422264123,0.05598525014258305
1515,0.05521928797566107,0.05598516419463756
1516,0.055219072149577594,0.05598505400843512
1517,0.05521821042487481,0.05598507169639573
1518,0.05521761945158098,0.055985268346254675
1519,0.055216814972562415,0.05598504859485616
1520,0.05521633390086868,0.05598532389484409
1521,0.055215357907254646,0.05598530759758651
1522,0.055215227512613124,0.05598517953137683
1523,0.05521420223881005,0.05598502285043015
1524,0.055213278223286935,0.05598451607937683
1525,0.05521214300577409,0.0559842509054075
1526,0.05521156037718277,0.055984194855216114
1527,0.055210558780179005,0.05598432259215016
1528,0.055210280901355914,0.055984178734032115
1529,0.055209660766010624,0.05598442056576622
1530,0.055209125670407366,0.05598415643821949
1531,0.05520794399819097,0.05598382616486828
1532,0.05520787865327518,0.05598381401328293
1533,0.05520737711603247,0.05598379535243545
1534,0.05520674187819447,0.055983832807252255
1535,0.05520553152238813,0.055983824910044847
1536,0.05520546270135707,0.05598375730871729
1537,0.05520489855247156,0.05598385683374821
1538,0.05520410737456105,0.055983859569553054
1539,0.05520310805191104,0.0559839221484211
1540,0.05520196877526109,0.055984022828924965
1541,0.05520151671402943,0.05598407294015971
1542,0.055200545801585746,0.05598405967321538
1543,0.05519992325241133,0.05598416877002093
1544,0.055199743404965446,0.05598417026508305
1545,0.05519913951851252,0.055984390581003136
1546,0.055198318409822526,0.05598468162280819
1547,0.05519756280341622,0.055984720769213826
1548,0.05519740891455322,0.05598472598815614
1549,0.05519695440142394,0.055984878858622814
1550,0.0551960253700096,0.055984839749355884
1551,0.05519587941013149,0.055984826292870084
1552,0.05519543819162378,0.05598474541444114
1553,0.05519422932978674,0.05598495654858138
1554,0.055194144245963854,0.05598491230498431
1555,0.05519376192131084,0.05598489366718664
1556,0.05519297755782266,0.055984617241565615
1557,0.05519260796330131,0.05598474498943182
1558,0.05519189669855407,0.055984771471128895
1559,0.05519089654128703,0.055985174421993036
1560,0.0551906634432269,0.05598523042632162
1561,0.05518986499309455,0.05598541336238035
1562,0.055189573358774335,0.05598545138329273
1563,0.05518918610434013,0.055985414217957316
1564,0.05518831781206157,0.055985202065364975
1565,0.055187897066269156,0.055985072716220996
1566,0.055187688147716504,0.05598504759099833
1567,0.05518763387718927,0.05598505245894926
1568,0.055187543570372276,0.05598497484466987
1569,0.0551873745646402,0.05598487802410254
1570,0.05518697849109844,0.05598492216652245
1571,0.055186345083089866,0.055984215396485244
1572,0.05518538082514801,0.055984414440488135
1573,0.055184884997085515,0.05598422097094572
1574,0.055184239746202825,0.055984507530887656
1575,0.055183271577398496,0.05598452346832907
1576,0.05518231732830683,0.05598424249019071
1577,0.0551816677669575,0.05598438200820704
1578,0.05518076881589176,0.0559839891281359
1579,0.055179935209526944,0.05598342185347622
1580,0.055179305147998334,0.05598332931542813
1581,0.05517863647602815,0.05598309983388761
1582,0.05517778502447361,0.05598310885706581
1583,0.055177471437424915,0.05598313600670627
1584,0.05517680422489617,0.0559833243850678
1585,0.055176522224638806,0.055983226569294796
1586,0.055175775228536714,0.055983048974122686
1587,0.05517548979236762,0.05598302281659346
1588,0.0551747025071148,0.055982703734936655
1589,0.055174671832243054,0.05598270470564469
1590,0.05517401382302473,0.05598269950557486
1591,0.055173379025860766,0.05598267940372549
1592,0.05517321837221216,0.05598268703855775
1593,0.05517230596444878,0.055982653535673756
1594,0.0551716415820412,0.05598262533256783
1595,0.05517157330112104,0.055982614645149364
1596,0.05517099368322509,0.05598227117824565
1597,0.05517025174675122,0.05598230214996163
1598,0.05516992078137748,0.055982194180397925
1599,0.05516916094766156,0.05598221771728275
1600,0.055168397775281396,0.05598215196174883
1601,0.055168223578572956,0.055982179187972735
1602,0.05516809319103367,0.055982180525414794
1603,0.055166909346421156,0.055982281506867904
1604,0.05516618160404125,0.05598226790150038
1605,0.05516525440990869,0.05598237046008832
1606,0.05516514136427976,0.055982269930289257
1607,0.05516457012416644,0.055982265081716096
1608,0.055164438390994434,0.055982155424062305
1609,0.055164239283491616,0.05598224193252939
1610,0.05516412258351344,0.05598229080912645
1611,0.05516334801318902,0.05598247305710939
1612,0.0551627737567204,0.05598257001438168
1613,0.05516202259962901,0.055982684090750835
1614,0.055161376069763325,0.05598290095334471
1615,0.05516035365466701,0.0559828959119742
1616,0.05516007700653847,0.055982989789987045
1617,0.05515984550668045,0.05598287291994616
1618,0.055159309337012116,0.05598272429766495
1619,0.055158575478319,0.055982503578767134
1620,0.05515831632946413,0.05598252691522501
1621,0.05515827480829638,0.055982520666206834
1622,0.05515803467009276,0.055982505007925364
1623,0.055157787497262384,0.055982500045057296
1624,0.05515672165009782,0.055982448989698216
1625,0.055156516341568346,0.055982394433303946
1626,0.05515557613737021,0.05598244439652765
1627,0.055154287044013324,0.055982119462910616
1628,0.05515379673823562,0.055982115527176614
1629,0.0551528590010768,0.055982088428050296
1630,0.05515188031527997,0.0559822405727845
1631,0.05515155389944109,0.055982194434666226
1632,0.05515118113947978,0.055982138511652006
1633,0.05515068267916873,0.05598225927852624
1634,0.055150103422260385,0.05598221490754973
1635,0.05514938416214725,0.05598230046628937
1636,0.05514839953661532,0.055982336734705644
1637,0.05514730584536488,0.05598204525482162
1638,0.05514690766612916,0.055982140432635795
1639,0.055146770955098776,0.05598200456777467
1640,0.05514669278816687,0.05598201569973281
1641,0.055146479055512294,0.05598208302203323
1642,0.05514573077951843,0.05598208873517461
1643,0.055145625407351455,0.055982088394231876
1644,0.055144921462654005,0.05598207480478575
1645,0.05514408857445768,0.05598252782639136
1646,0.055143390452677486,0.05598245565206016
1647,0.05514257053257413,0.05598234380276132
1648,0.055142142151700595,0.05598239665193552
1649,0.05514208446132818,0.05598242347383628
1650,0.055141058828205976,0.055982450849642845
1651,0.055139818853436225,0.05598245698824496
1652,0.05513922767261209,0.05598251112543927
1653,0.05513879738476936,0.05598229345929297
1654,0.055137797940182295,0.05598221078420331
1655,0.055136944457133845,0.055982233324881905
1656,0.05513657203306929,0.055982484374298876
1657,0.055135669439444014,0.05598275974488911
1658,0.055134936517571564,0.055982440173117924
1659,0.05513477463265042,0.05598245706838415
1660,0.055134159243047764,0.055982436481291684
1661,0.05513362870245935,0.05598216356600615
1662,0.055133543242732494,0.055982165371866
1663,0.05513250055190327,0.05598234650347523
1664,0.05513233746384514,0.05598226931893018
1665,0.05513220279341606,0.0559822838667628
1666,0.05513130083348587,0.05598247415449855
1667,0.05513099747228296,0.05598250376530866
1668,0.05513044434511915,0.05598266334080898
1669,0.055130340460553956,0.05598265951013987
1670,0.05512999963455,0.05598272579806217
1671,0.055129067853555654,0.055982623662930074
1672,0.05512841996806745,0.05598247177075237
1673,0.055128021018837174,0.055982429490207104
1674,0.05512743537493437,0.05598240213640276
1675,0.05512738714831497,0.05598238035977035
1676,0.055127273416294933,0.0559823281625148
1677,0.055127180678833834,0.055982301246749515
1678,0.05512662752096201,0.05598202612740356
1679,0.05512596245338794,0.0559821340501587
1680,0.05512523056817886,0.0559818782794866
1681,0.05512443592251441,0.05598196497188289
1682,0.055124066867643165,0.05598194921340423
1683,0.05512338650183403,0.05598195049867385
1684,0.0551227280787215,0.055982215630703214
1685,0.05512251274448882,0.055982084397702664
1686,0.055122129241765565,0.05598214884916914
1687,0.055121873953964264,0.05598217083212052
1688,0.0551216644742772,0.05598204480634061
1689,0.05512137107596437,0.055982010924479846
1690,0.05512103283764924,0.05598186007241276
1691,0.0551209267721978,0.055981765521679105
1692,0.05512085013634759,0.05598176617738286
1693,0.05512045775761547,0.055982000242644846
1694,0.05512034162076164,0.05598202612322953
1695,0.05512033511230452,0.055982035608967064
1696,0.055119735538962863,0.05598197338983317
1697,0.05511937794994993,0.05598181635532777
1698,0.0551192238168905,0.05598182042025277
1699,0.05511903207741576,0.0559818724410668
1700,0.05511879349503921,0.055982087772140476
1701,0.05511858672723056,0.05598211168153689
1702,0.05511817883852514,0.05598190286316189
1703,0.05511815040445829,0.05598188325689979
1704,0.05511763118741804,0.055981995613846675
1705,0.05511759844010555,0.05598199619246385
1706,0.05511691766385738,0.055981808245793005
1707,0.05511634549076059,0.05598189389555667
1708,0.055116140459570966,0.05598189287799911
1709,0.055115875687273705,0.05598177976823203
1710,0.055115770944974246,0.05598188457842967
1711,0.05511510318847034,0.05598212402296516
1712,0.05511395601807887,0.05598223727053097
1713,0.055113629799034274,0.05598234928758208
1714,0.05511303265317191,0.05598239023397148
1715,0.055112830066516745,0.05598245609933053
1716,0.05511203590536512,0.055982584730141734
1717,0.05511190423396182,0.055982703826768586
1718,0.05511143292738473,0.05598266418028518
1719,0.055110403750922826,0.055982700130971834
1720,0.05510967686337129,0.05598269277245052
1721,0.05510856340035319,0.05598260066904697
1722,0.05510775622431552,0.05598249932282952
1723,0.05510752438137937,0.05598223690849048
1724,0.05510743305744996,0.05598215113473979
1725,0.0551071314816111,0.05598213327856025
1726,0.05510682397231883,0.055982011957227115
1727,0.05510628327203188,0.05598221348201314
1728,0.05510537331768647,0.055982429869161264
1729,0.055104701879604395,0.0559820591268929
1730,0.0551044293693719,0.05598193871253064
1731,0.055103797523331395,0.055981834166646934
1732,0.05510350582433037,0.055981825761446696
1733,0.05510335936231143,0.05598173386096042
1734,0.055103129823087925,0.055981588148575755
1735,0.05510268534648948,0.05598180692680982
1736,0.05510253702884491,0.05598183286544129
1737,0.0551024984649188,0.05598182214237619
1738,0.055102218294646746,0.05598181744141072
1739,0.05510191547687514,0.05598170975930517
1740,0.05510169486761094,0.055981584134183325
1741,0.055100321770641086,0.05598105621298146
1742,0.055100294298972154,0.055981054940619265
1743,0.05510022141735048,0.05598108701970249
1744,0.055100145556451374,0.05598110307541429
1745,0.05509992029598188,0.05598118312735497
1746,0.05509903762412566,0.055981008868966856
1747,0.05509813854334078,0.0559809872052392
1748,0.05509796998113723,0.05598086519081652
1749,0.05509760394892385,0.05598063570115198
1750,0.055097281776000456,0.055980662685594165
1751,0.055097240116485896,0.055980667415422236
1752,0.0550967364598755,0.05598055668766505
1753,0.05509657423248158,0.05598053613546776
1754,0.05509637190980723,0.055980544259929495
1755,0.05509598367948434,0.05598050183801173
1756,0.05509590581770675,0.05598053355071794
1757,0.05509580940089006,0.05598054814389806
1758,0.05509485065181293,0.05598048606648269
1759,0.055094002917768475,0.05598062868081895
1760,0.05509344756269073,0.05598049603399421
1761,0.05509320468098449,0.05598050990305967
1762,0.05509215039145982,0.05598033411148199
1763,0.05509129911035623,0.05598007529536013
1764,0.055090411546376256,0.055980334513180914
1765,0.05508976613911019,0.0559802293213864
1766,0.05508968092878522,0.055980222114052514
1767,0.05508966698183671,0.055980219249950995
1768,0.05508882085296811,0.05598016680203809
1769,0.055088780434300044,0.05598016945066455
1770,0.05508845652020877,0.05598026990996424
1771,0.0550883781294921,0.05598028043454935
1772,0.05508835007045505,0.055980292988500595
1773,0.05508777888125284,0.0559802968039079
1774,0.05508728735113927,0.05598038676292089
1775,0.055087135562007714,0.05598031942896105
1776,0.05508649240085509,0.05598038226986589
1777,0.05508543398956289,0.05598071170691161
1778,0.055084342381386646,0.05598070909676171
1779,0.055084019920617344,0.05598072329588066
1780,0.05508357757568955,0.05598086259391146
1781,0.055083432907993224,0.055980796392620116
1782,0.05508299492403111,0.055980890576563656
1783,0.05508225393136852,0.055980811655365344
1784,0.055081814162176834,0.05598074784969766
1785,0.055080627282913346,0.055980648152959576
1786,0.055080455579671714,0.055980614037112054
1787,0.05508035560991648,0.05598059802240049
1788,0.05508007442466903,0.05598072008917453
1789,0.05507934558079217,0.055980642497719585
1790,0.05507876100512247,0.055980938760455186
1791,0.05507830761489812,0.05598070814242795
1792,0.05507721791341041,0.055980921751623315
1793,0.05507629381090961,0.05598105409834281
1794,0.0550758147764911,0.0559809199624106
1795,0.0550757814261687,0.055980908700085624
1796,0.05507577100219855,0.05598091455014595
1797,0.0550756535532134,0.055980918108152665
1798,0.05507545811493923,0.0559809703809754
1799,0.055074624197773495,0.05598073229322948
1800,0.05507408675581289,0.055980296469274285
1801,0.05507370633814501,0.0559803806980042
1802,0.055073337903818596,0.055980218467864946
1803,0.05507328552038806,0.0559802203805007
1804,0.0550721959740157,0.05598029269946677
1805,0.055071658317419114,0.05598004717835639
1806,0.055071095195244384,0.055979961513815936
1807,0.05507033535136751,0.05597998347502307
1808,0.05507024566216529,0.05597995322841289
1809,0.05506949177136561,0.055979601171783376
1810,0.05506939139669262,0.055979623078722174
1811,0.055068812855373274,0.05597955038492686
1812,0.05506874685105118,0.05597953978968461
1813,0.05506798175217123,0.05597982424302993
1814,0.05506734206061885,0.05598005612432376
1815,0.055066998294602744,0.055980041125009296
1816,0.055066180248876585,0.05597999474902379
1817,0.05506596270510147,0.05597999841451205
1818,0.05506507076027927,0.055980148806179734
1819,0.05506503328537708,0.05598010917842502
1820,0.05506425437360425,0.055980031372054706
1821,0.055063202003168034,0.05597994670407187
1822,0.05506235695659893,0.05598010758547097
1823,0.05506147149302489,0.0559803321600438
1824,0.05506071942192574,0.05598029534492701
1825,0.05506050859242313,0.05598028631940102
1826,0.05505980710705618,0.05598014823895877
1827,0.05505945622803465,0.05598012244708095
1828,0.05505920520722805,0.05598008086076672
1829,0.05505915233329887,0.05598008318728385
1830,0.05505885925148228,0.05598013702513956
1831,0.0550585856490815,0.05598016071196336
1832,0.05505834856412785,0.055980062663071865
1833,0.055057510225666795,0.05598002215778317
1834,0.055057141602413234,0.05597989954096177
1835,0.05505615365869622,0.0559800351581234
1836,0.0550558727914293,0.05598006264059284
1837,0.05505494341688208,0.05597983748599009
1838,0.05505475754876673,0.05597978129981012
1839,0.055053780619526385,0.055980301624550956
1840,0.05505351497806415,0.05598032809746426
1841,0.055052757616560144,0.05598035919695754
1842,0.05505201904355219,0.05598046013341062
1843,0.055051406934338167,0.055980629685561334
1844,0.05505044690229893,0.05598071823189294
1845,0.05504968385316024,0.05598081996337754
1846,0.05504931014628562,0.055980939446094925
1847,0.05504843421300159,0.055980961314449997
1848,0.05504788304522011,0.05598093430644779
1849,0.05504730522587356,0.055980854227653025
1850,0.05504692990785961,0.055981000926172586
1851,0.055046601131607545,0.05598075036577396
1852,0.05504579793871209,0.05598109620291904
1853,0.05504489721721478,0.05598121009668893
1854,0.05504408954862339,0.05598118247042747
1855,0.05504336296647992,0.05598128043692791
1856,0.055043302538128544,0.05598128358889061
1857,0.05504304897346445,0.05598136372235892
1858,0.055042040033811024,0.05598113870341032
1859,0.0550420252465667,0.055981138719006056
1860,0.055041090811605194,0.05598106022563612
1861,0.05504046648127559,0.05598106523052312
1862,0.05503966011354312,0.055981055900060306
