0,0.15983588128609835,0.16002267926626787
1,0.1533243635820636,0.1535167268741202
2,0.14727790375247324,0.14746754886951535
3,0.14158546257000548,0.14177406231375694
4,0.13623207250885158,0.1364190395543088
5,0.13118240209704504,0.13137299879856337
6,0.12632839969229578,0.1265058031824564
7,0.12172473854281798,0.12189146894836575
8,0.117570861024113,0.1177401772251361
9,0.11376404382226078,0.11393574318653327
10,0.11000839624484667,0.11018242765313391
11,0.10626722685308777,0.10643394226001164
12,0.10282620984146738,0.10298679800778651
13,0.09964558427289634,0.09979557772858325
14,0.09677642964131668,0.0969175475866379
15,0.09418261283120678,0.09432058828236803
16,0.09156920547450594,0.09169858412709365
17,0.08901876067909943,0.08913392639660722
18,0.0866296693957535,0.08674298070532264
19,0.08453264730052934,0.08463921641986404
20,0.0825291331566679,0.08262661831730392
21,0.08064410138350615,0.08074064489769474
22,0.07886136231167139,0.07895499801521433
23,0.07719620909075306,0.0772900623084701
24,0.07565555922011961,0.07573979496616856
25,0.07415456792331011,0.07423153798610836
26,0.0727775701514076,0.07284768062260435
27,0.07147552071053083,0.07153413432485388
28,0.07032945987655426,0.07037569263563585
29,0.0692607745373874,0.06930475524050772
30,0.0683126700867475,0.06835063436696695
31,0.06744412446842263,0.0674771918274638
32,0.06656608084452095,0.06659325950151336
33,0.06575868028168179,0.06577844118668852
34,0.06502817430478428,0.06504053672341445
35,0.06434039138878683,0.06434903816704018
36,0.06379705645864789,0.06380154354030583
37,0.06323856975789667,0.06324002587919388
38,0.06269931791219398,0.06269594038458934
39,0.062206331931172386,0.062199409501926844
40,0.06173434627085104,0.06172339667438517
41,0.0613269162876896,0.06131232338799946
42,0.060952423964651614,0.060932889905078946
43,0.060605815253959694,0.06058270177986062
44,0.06032940015536914,0.0603064909352327
45,0.06002375692451595,0.05999719333093997
46,0.05977684657171156,0.05974938062300505
47,0.05953106056207087,0.0595011587822446
48,0.0593148479222682,0.05928011312576504
49,0.05912508823561316,0.05908828369716055
50,0.05894511662726049,0.0589057748656692
51,0.05877195284604036,0.0587304739072205
52,0.058628990178010494,0.058584513924062304
53,0.05848197309336921,0.058436140755973566
54,0.05834262592533191,0.05829355417927415
55,0.05822873772455129,0.05817728175069806
56,0.05811914053714707,0.058065684154463955
57,0.058020044668272916,0.05796598458337463
58,0.05792464654421806,0.05786919440895556
59,0.05783357319782092,0.05777644130860706
60,0.05775428649957315,0.05769575007712824
61,0.057678368505564355,0.05761776386193903
62,0.057614154405262165,0.057553985437017965
63,0.05755229963705569,0.05749186253192446
64,0.057500459120936986,0.05743826953023483
65,0.05744269939361722,0.05737774318240758
66,0.05739277157877211,0.05732825154183927
67,0.05734702778589965,0.05728177663751846
68,0.057309471784665215,0.05724327595251161
69,0.057267479721278367,0.057199831085666064
70,0.05722993776315391,0.05716285849434342
71,0.057196204002342606,0.05712893941027183
72,0.05716304880674677,0.057095580027118044
73,0.057132532408092164,0.05706483782154617
74,0.05710534509164909,0.057037051647718495
75,0.05708029611622639,0.05701207308164372
76,0.05705869479206639,0.05699112132337215
77,0.057036573057115764,0.05696807994614356
78,0.057015209838960246,0.05694743489427088
79,0.056995693066432096,0.05692877840523325
80,0.05697856442940913,0.05691104542559405
81,0.056961270148144824,0.05689401692998134
82,0.05694195938395479,0.056874062486827553
83,0.05692895410205955,0.05686065071365764
84,0.05691157384018719,0.056844116944027724
85,0.05689568473840813,0.0568274956070052
86,0.05688119204295011,0.056812188505717606
87,0.05686239460922368,0.05679241125748937
88,0.056850329828894534,0.05677998929902404
89,0.05683961972036755,0.05676969530400099
90,0.05682852974319476,0.056760157663329
91,0.05681727717035954,0.05674783683604406
92,0.05680556698998228,0.056736477150210164
93,0.056792598597781616,0.056724883055322056
94,0.05678294942614241,0.05671462564949132
95,0.05677270138558435,0.056705926503627775
96,0.056763417974590634,0.05669577132017408
97,0.05675287809277946,0.05668558454609871
98,0.0567433019732478,0.05667568629145622
99,0.05673552061305687,0.05666756254986734
100,0.056726014030594546,0.05665727837237945
101,0.05671827153777055,0.05665003248327038
102,0.05671025620855119,0.056642086114461
103,0.05670512795090291,0.05663741519224526
104,0.05669835423712809,0.05663050267619229
105,0.05668993161542514,0.056622268067513803
106,0.05668337723490482,0.05661599969741577
107,0.05667897331690037,0.05661144226062904
108,0.05667448845603218,0.056607156147568186
109,0.056669448299788754,0.0566027223413709
110,0.05666427153812304,0.05659809018509493
111,0.056655979878279104,0.056589474169406795
112,0.056649889972657026,0.05658392144947721
113,0.05664562623001081,0.05657942141705927
114,0.05664123971732009,0.05657601444112413
115,0.05663756818998297,0.05657281837372157
116,0.05663236604610722,0.056567879159888215
117,0.056627289779048066,0.05656319512886945
118,0.05662448500827655,0.05656088243947431
119,0.05662047470465412,0.056557723050819776
120,0.05661829022993618,0.056555714330921394
121,0.05661131800325702,0.05654969368451325
122,0.05660656907402872,0.0565456432853571
123,0.05660305358750463,0.05654252083901225
124,0.05659980363563918,0.05653935128981225
125,0.05659713666751137,0.05653716593395452
126,0.056592250162522936,0.05653250068917947
127,0.05658976758153377,0.0565301971874921
128,0.05658834327934889,0.056529028487658846
129,0.056583469263516636,0.056524480592088894
130,0.05657914824774968,0.05652017916162063
131,0.056576886309121305,0.05651833024434163
132,0.05657466221217025,0.05651601572767194
133,0.05657102303406151,0.056512197584413996
134,0.05656791225069446,0.05650896197865909
135,0.05656311338759899,0.056505226339688734
136,0.056558405002041484,0.056500975353283404
137,0.05655407291615984,0.056497698280401916
138,0.056551228910380155,0.05649570490993611
139,0.056546493237799235,0.05649148214657356
140,0.0565446788143888,0.056490246938706155
141,0.05654099905209221,0.05648695332882101
142,0.05653594021602362,0.05648206437241759
143,0.056533742128076776,0.05647992104865393
144,0.056531132949726205,0.05647804780269122
145,0.056525314812731764,0.056472027938611016
146,0.05652147422428816,0.05646925683291989
147,0.05651919838740128,0.05646724086020181
148,0.05651682265877142,0.056465665903589674
149,0.05651382057423319,0.05646391708781909
150,0.056510782022410506,0.056460786119591426
151,0.05650796117336838,0.05645873501257909
152,0.05650475496856637,0.0564562824869574
153,0.05650134307179299,0.05645388318228323
154,0.05649743533463898,0.056449898261210905
155,0.056497328159815535,0.05644987114054643
156,0.056495358036263765,0.05644837528805029
157,0.056493824134977375,0.05644724212333583
158,0.056490364792013206,0.05644451557189218
159,0.056487242924011936,0.05644105649217393
160,0.05648548350977339,0.05643933025373141
161,0.056481759539702595,0.05643527877139565
162,0.056480318935566584,0.05643386671707893
163,0.056478725173602966,0.056433188542105286
164,0.05647612508133309,0.056430968285257135
165,0.056472699757893666,0.05642820926265119
166,0.05646901855889083,0.05642427805538386
167,0.05646627881212847,0.05642243117301059
168,0.05646360967223776,0.05642001757161221
169,0.056461408921859725,0.056418159764681834
170,0.056460238191041734,0.056417531120677857
171,0.056457329586739984,0.05641518680294969
172,0.0564538723423674,0.056413140565064385
173,0.05645257764219559,0.05641239194697169
174,0.05645086306784127,0.056410991637731014
175,0.0564476046079415,0.05640837077051426
176,0.056444546467230315,0.0564058344914482
177,0.05644318715400835,0.05640470253486722
178,0.05644059721690866,0.056402323715365514
179,0.056438938076585066,0.05640182923110288
180,0.056437018272451914,0.056400146448997324
181,0.056433808086619776,0.05639775349483147
182,0.05643183600831904,0.05639619805876105
183,0.05643017446265113,0.056394671818156786
184,0.05642864733484785,0.056393641691272006
185,0.05642577725871321,0.05639131765243362
186,0.056423318869500014,0.056389869204245234
187,0.056419629699225295,0.056386826348485776
188,0.056418381175108105,0.05638575779620571
189,0.05641664551071658,0.05638466117997222
190,0.0564146694215325,0.05638360033167595
191,0.056412685626069284,0.05638199602064487
192,0.056408864089887274,0.056379887481185643
193,0.0564047870899042,0.056375987041168925
194,0.05640320456900085,0.05637529120635073
195,0.05640172677198756,0.05637456061468153
196,0.056399374050512874,0.05637231832556952
197,0.05639694014275784,0.05636981924351299
198,0.056395808060331516,0.05636935847586078
199,0.05639385012639172,0.05636880180457354
200,0.05639286918063238,0.05636809114119501
201,0.05639154173314607,0.05636725387963605
202,0.05639095416145941,0.05636681000479893
203,0.056389088338875515,0.056365271852376726
204,0.05638539531298009,0.0563615985545845
205,0.0563829491046565,0.056359722850762836
206,0.05638117249369295,0.05635840211658358
207,0.056379597929067514,0.056356791607706326
208,0.05637596345105805,0.05635475438290133
209,0.05637448092983976,0.05635394112780368
210,0.05637234454080692,0.056352114685657026
211,0.05637095878730579,0.0563521654539753
212,0.05636914959219634,0.05635049539367385
213,0.056367837878204,0.05634937300805893
214,0.05636562073869278,0.05634810243953539
215,0.05636382532026539,0.05634635792620817
216,0.056362158083073904,0.05634567062962952
217,0.05635998169267832,0.0563439902891651
218,0.05635799892414404,0.056342427659453416
219,0.056356619162042515,0.056341174571757385
220,0.05635411640687909,0.056339604347557026
221,0.056352849279188724,0.05633852289352687
222,0.05635136228341468,0.05633725085599452
223,0.056349847036112885,0.056335988206156574
224,0.056347396625083764,0.05633423899835191
225,0.05634531152989423,0.05633231659897802
226,0.056343906357997756,0.05633129428727412
227,0.05634278057515041,0.056330495167540164
228,0.05633922740377105,0.05632719041724453
229,0.056337757511354995,0.05632614110195012
230,0.05633719528972451,0.05632584921517024
231,0.05633607086721195,0.05632517901272408
232,0.05633417989739562,0.05632379997176094
233,0.05633147656197329,0.056322119160719955
234,0.05633094264672828,0.05632194697322399
235,0.056328933628419425,0.05632093968246656
236,0.056326340477102395,0.05631964332402697
237,0.05632577201570509,0.05631906557392644
238,0.0563255904443888,0.05631874056797548
239,0.05632525222278261,0.05631854725545199
240,0.05632406809944257,0.05631779959723443
241,0.05632212412987203,0.056316647710148715
242,0.05632118921826379,0.056316265668384324
243,0.05631883879670177,0.05631458485474124
244,0.056318375129425675,0.05631456524093248
245,0.056316191806758856,0.05631313170257648
246,0.05631437616472589,0.05631191220397046
247,0.05631268895730523,0.056310263609670015
248,0.056312688956709205,0.0563102636780017
249,0.056309938386251784,0.05630816386252173
250,0.05630908644509473,0.056307441671080004
251,0.056308664743040145,0.05630733159778077
252,0.05630669127947751,0.056305364720949595
253,0.05630502404830695,0.05630465503522705
254,0.056303179857202,0.05630292976209056
255,0.056300648097996224,0.05630170921489676
256,0.05629912231360343,0.05630063171227776
257,0.0562982208625409,0.05630011305445863
258,0.05629677451972851,0.05629861998962615
259,0.0562954932134832,0.05629840370014629
260,0.056292461875289884,0.056295934035620485
261,0.05629046334091884,0.05629468465489065
262,0.05628823529324132,0.056292763655445284
263,0.05628661499280475,0.0562916285214384
264,0.0562859106428163,0.05629135329937138
265,0.05628406026806339,0.05629001944629767
266,0.056282637987943904,0.056288968704833686
267,0.05628094396952342,0.0562879803178423
268,0.05627762315663055,0.05628518249413921
269,0.05627608621099175,0.05628414315877911
270,0.05627424170369207,0.056282614458558644
271,0.056272818374847884,0.05628134860681286
272,0.05627122643243788,0.05628029190424598
273,0.05626925510305483,0.05627965997633725
274,0.05626700656522672,0.056278466221497896
275,0.05626447993458967,0.05627678449886305
276,0.0562635289199376,0.05627651738044315
277,0.05626188133213817,0.05627533716220391
278,0.0562601137960715,0.05627399533546276
279,0.05626008672534343,0.05627400209857855
280,0.05625933851138902,0.056273379095420496
281,0.05625900522551603,0.056273150377170594
282,0.05625729024185204,0.05627164024399323
283,0.05625594265018071,0.05627097799337496
284,0.05625543987925693,0.05627064817428438
285,0.05625412649454814,0.05627028508319967
286,0.05625156281913076,0.056268954759331545
287,0.05624857041637424,0.05626611087063093
288,0.05624750930568671,0.0562652482136224
289,0.05624686481900909,0.05626497951073862
290,0.0562450818656278,0.05626377093197959
291,0.05624354559644632,0.056262443485270625
292,0.056241953797775496,0.05626144131413141
293,0.0562405156802257,0.05626019371633988
294,0.05623877499918437,0.0562592691708393
295,0.05623741968180904,0.05625827636686285
296,0.056236300175464084,0.05625779740185195
297,0.056235115683877374,0.05625725848080719
298,0.05623235595504348,0.056255592983331444
299,0.0562307562108128,0.056254529736840114
300,0.05622872150108345,0.05625361785663536
301,0.05622660387945539,0.056252183049141424
302,0.0562259631550151,0.05625203295137618
303,0.05622450130438251,0.056251217360071985
304,0.056223041934735894,0.056249740059140504
305,0.056221752668464006,0.056248651795030816
306,0.05622037223265963,0.05624738311760423
307,0.056218323720061074,0.05624613175022924
308,0.05621744017062025,0.05624583339325751
309,0.056215359373888114,0.05624416748029921
310,0.056214388563419745,0.056243733907903506
311,0.05621348451622987,0.05624307756731466
312,0.056212238130731756,0.05624193689380033
313,0.05621069366375219,0.05624080543578856
314,0.05620959450204942,0.05624050633241467
315,0.05620860405447263,0.056239739523394006
316,0.0562081752100828,0.056239525738674565
317,0.056205106657521785,0.05623696991071756
318,0.05620325158421647,0.05623537787560281
319,0.05620224986478102,0.05623479493642688
320,0.056199448780442564,0.05623331149722032
321,0.05619849778241923,0.05623318109641875
322,0.05619730418208217,0.056233086461839756
323,0.05619585841265019,0.05623214950375986
324,0.05619401219819988,0.05623057077335865
325,0.05619292752657735,0.05623053644999051
326,0.0561911517451954,0.05622913729935584
327,0.05618982050941835,0.0562282014124
328,0.05618790759753829,0.05622701434359442
329,0.056186642746459424,0.05622616334022076
330,0.056186234139755396,0.05622607667273145
331,0.05618511970549877,0.05622509188602233
332,0.05618398037130358,0.0562246002632877
333,0.05618356191378101,0.05622430941687342
334,0.05618286205208182,0.056223887820147735
335,0.05618141202401035,0.05622268817647475
336,0.056179099227289093,0.05622137531235442
337,0.05617798255519705,0.05622057546162108
338,0.05617716847164048,0.05622006359865736
339,0.05617635824824998,0.05621976020287314
340,0.056175259862470434,0.0562189189545155
341,0.0561742987414414,0.05621884660811769
342,0.05617361769031873,0.05621838141616602
343,0.056172998975688185,0.056218137752182
344,0.0561717982464009,0.05621733327395037
345,0.0561696666074522,0.05621581442079414
346,0.056168533988946084,0.05621512952776214
347,0.05616730630542397,0.0562141203230462
348,0.05616615074576628,0.05621338468209929
349,0.05616447191305879,0.05621264076786318
350,0.05616256011662305,0.056210518353735764
351,0.05616075951036591,0.0562089273601823
352,0.05615994058396067,0.0562083845032802
353,0.05615883603571902,0.056207505252301025
354,0.056158523931680304,0.05620740052528287
355,0.05615646602685586,0.05620578165686045
356,0.05615636005055853,0.05620582324601848
357,0.05615526289472196,0.05620544983951241
358,0.05615463835206141,0.056205425495656346
359,0.05615217489094533,0.056203381495909914
360,0.05615147566200412,0.05620309933142316
361,0.056151045215328606,0.056202792603684784
362,0.056150096167520376,0.05620189123345945
363,0.05614884786712525,0.05620126658198697
364,0.05614779055536447,0.056200123850712706
365,0.05614730607446933,0.05619991224224355
366,0.05614666979783519,0.0561995190784232
367,0.05614592668703868,0.05619954371480619
368,0.05614478433487784,0.056198568247104425
369,0.05614349537676815,0.05619814657840952
370,0.05614239253834284,0.056197936189518426
371,0.05614111344433174,0.056197714315209084
372,0.05614068401348262,0.056197363406748024
373,0.056139848973334704,0.05619682155862713
374,0.05613967012263435,0.05619686400570147
375,0.056138094195496396,0.05619528017045942
376,0.05613758806018151,0.056194860375240886
377,0.05613740432430224,0.056194819009815246
378,0.056136161438635424,0.05619421481140145
379,0.05613447387124943,0.0561928898298215
380,0.05613304949671162,0.05619169377628978
381,0.05613191245215545,0.05619107051597799
382,0.05613035947157573,0.05618965742530393
383,0.056129750585236116,0.056189209639267504
384,0.0561284969653273,0.056188552376815824
385,0.05612701254019102,0.05618774694695458
386,0.056126483916284345,0.05618756157646713
387,0.056125600704145726,0.05618735054977115
388,0.0561243564619658,0.056187266159042105
389,0.05612307915447335,0.056186589482787874
390,0.05612200483116061,0.05618566480718804
391,0.056120945913652465,0.05618460907903358
392,0.05612084880507522,0.056184630937598276
393,0.056119720648256086,0.05618379400482445
394,0.056118291083900526,0.05618333436487376
395,0.056117297739031256,0.05618304084687921
396,0.05611645947600709,0.05618229758097646
397,0.05611627705160023,0.056182239276460245
398,0.05611556723663363,0.05618147607027273
399,0.056114734140928796,0.05618070031423016
400,0.05611380177421477,0.05618029980942313
401,0.05611256641403833,0.056179422788415895
402,0.056112445123345796,0.05617943327027712
403,0.05611187300380409,0.05617900090220592
404,0.056111035157801074,0.05617853265038203
405,0.056110683970359884,0.056178271876872986
406,0.05611056846557141,0.056178253698744504
407,0.05610867691448229,0.056177237703867025
408,0.05610850250246228,0.05617725210620875
409,0.05610674416060758,0.05617567957217307
410,0.056105122014822914,0.056174488306016006
411,0.05610456828752924,0.056174069069824716
412,0.056102850164551306,0.056173356509043315
413,0.056101742516950985,0.056172587340596325
414,0.05610012901495744,0.05617108214266567
415,0.05609813282756141,0.05616923956837707
416,0.05609725766231167,0.05616848409693777
417,0.05609593512014743,0.056168058955403555
418,0.05609461321873802,0.05616750541296734
419,0.056093466044351684,0.056166955103996566
420,0.05609251083879645,0.05616608617917802
421,0.05609120156770324,0.056165768561895625
422,0.056091103971685756,0.05616577038795594
423,0.05608941755821013,0.056165152431467864
424,0.05608810316697571,0.056164010387689284
425,0.056087865596443014,0.0561639398432138
426,0.056086348400758414,0.05616274561045453
427,0.0560858207002054,0.056162408997236804
428,0.05608540930060104,0.056162345846398155
429,0.05608523170167977,0.05616236955682648
430,0.056084944798242345,0.05616206598109568
431,0.05608354742685671,0.05616138380089984
432,0.05608136327161694,0.05615982100091017
433,0.05608016051944791,0.0561591598300264
434,0.05607884717855563,0.05615821965341814
435,0.056077844675341534,0.056157481339208074
436,0.05607715844932009,0.05615710178288326
437,0.05607705266034949,0.056157089299782914
438,0.056076063467213236,0.05615654664343316
439,0.05607505626324402,0.05615594611973825
440,0.05607387157340064,0.05615534630706413
441,0.05607251832174806,0.05615501449814782
442,0.0560713930888714,0.056154260167143435
443,0.0560709273443281,0.05615398338832086
444,0.05607044226046545,0.05615368276823769
445,0.05606985366018708,0.05615349536450228
446,0.056068024005475926,0.05615190214541089
447,0.056066372027144706,0.056151391884367005
448,0.056064729106251494,0.0561508347417475
449,0.056063841109484584,0.056150432648384964
450,0.056062931442403485,0.05614974427610484
451,0.05606176428485938,0.05614971353756591
452,0.05606061707421435,0.05614894253070849
453,0.05605936879221236,0.056148189446448706
454,0.05605870130074409,0.05614770834111442
455,0.05605752674357217,0.056146896095984
456,0.0560565676041953,0.05614663672221762
457,0.056055776813772724,0.05614638322496606
458,0.05605440447898829,0.056146275117735164
459,0.05605365461891643,0.05614573896967734
460,0.05605251582367715,0.05614503375523679
461,0.05605172806519329,0.056145106134802614
462,0.056050244326731315,0.05614407938478291
463,0.05604909067254054,0.05614407115106286
464,0.0560480608194536,0.056143810127354386
465,0.05604630148709691,0.05614262902503331
466,0.0560452930225391,0.05614204589018224
467,0.05604508209207987,0.056141946658488186
468,0.056043950068706036,0.056140969064811266
469,0.05604328608694558,0.0561405577039471
470,0.05604219637422363,0.05613968821020561
471,0.05604164842453623,0.056139687937643616
472,0.05604029371866268,0.05613899884669705
473,0.05603963180691309,0.05613839442026555
474,0.05603953712305071,0.056138392066815285
475,0.05603799582223491,0.056137891706503025
476,0.05603719717948814,0.05613728335735647
477,0.05603585807553618,0.05613646097400399
478,0.05603572117787984,0.0561363813334071
479,0.056035249234560096,0.05613637019959047
480,0.056034103775814095,0.05613612560473338
481,0.0560332991316023,0.05613562982852863
482,0.05603197497508783,0.05613513097468365
483,0.056030504728088126,0.05613433800544342
484,0.05602969130308957,0.05613378372964945
485,0.05602964782153322,0.05613378498458629
486,0.05602838319075263,0.056133059170080414
487,0.056027570830773775,0.05613294300929858
488,0.05602648052512382,0.05613265385395582
489,0.05602601818635139,0.05613254189521189
490,0.05602593611878991,0.05613254801515927
491,0.05602517717678811,0.05613198572057533
492,0.056023842754697475,0.05613086719061519
493,0.056023752500208836,0.05613076875426682
494,0.05602267567750578,0.05612992506371885
495,0.05602209213241913,0.05612990697375306
496,0.05602072378223587,0.05612928321259821
497,0.0560206980298821,0.05612928333461591
498,0.05601917595314835,0.056128500670954234
499,0.05601839773904922,0.05612819830675845
500,0.05601750166782554,0.05612756125338839
501,0.05601644511612865,0.05612731351750457
502,0.05601612676414052,0.056127269702794455
503,0.05601605200013263,0.05612725026204985
504,0.056015231384770804,0.05612698904410511
505,0.056014183606550784,0.0561267488186108
506,0.05601366366278335,0.05612638795308784
507,0.056013036527165154,0.05612603363517042
508,0.05601287214436011,0.05612603925996209
509,0.056010652850816287,0.05612529475474142
510,0.05600991768074785,0.05612547975857231
511,0.05600913465538018,0.05612503819286016
512,0.0560079817538416,0.05612445780702577
513,0.05600676352378173,0.05612453419401164
514,0.05600670863817994,0.05612453425557213
515,0.0560057849935649,0.056123455187854644
516,0.056005691041687566,0.056123465126757546
517,0.05600531941426843,0.05612295527793876
518,0.05600396914771249,0.05612190064089204
519,0.05600323652617699,0.05612133857704606
520,0.05600307101049116,0.056121299362511375
521,0.056002347271026466,0.05612060603974288
522,0.05600160842497844,0.056120198378423615
523,0.05600060274090043,0.05611995577041921
524,0.05599972612711297,0.056119449985954695
525,0.0559991777615803,0.05611943016019092
526,0.05599819694938638,0.05611888542466798
527,0.05599747745888275,0.0561185050757144
528,0.05599733604244556,0.05611862910743658
529,0.055996560872348694,0.056118428873835655
530,0.05599628395140402,0.05611838008579566
531,0.05599619450682677,0.05611838036810495
532,0.05599538164796591,0.05611777861176772
533,0.055993682469466705,0.05611729745249502
534,0.05599329324122592,0.056117169656058646
535,0.055992336198337,0.05611675029525976
536,0.055992112036076916,0.05611675670835473
537,0.05599196978537149,0.05611671714076599
538,0.0559913037072728,0.05611643809288997
539,0.055990441730677395,0.056116008195447306
540,0.055990215667162856,0.056116010879014855
541,0.055989454135120395,0.05611556705410377
542,0.0559893470732503,0.0561155763608717
543,0.05598826960520078,0.056114762484268506
544,0.05598736357054961,0.05611407058965044
545,0.05598714741010799,0.05611390240093854
546,0.05598609459622762,0.05611331279994378
547,0.055985111219255174,0.05611297346353433
548,0.05598499818638158,0.05611302910248648
549,0.05598366204882628,0.0561130052709261
550,0.05598273451138347,0.056112141819374975
551,0.055981888945750624,0.05611214515765347
552,0.055981694140750424,0.056112118211762936
553,0.055980790679132385,0.0561117767486022
554,0.05597975050804545,0.05611128880832689
555,0.05597922426490983,0.0561110307409342
556,0.05597839588836934,0.056111147748149105
557,0.0559776890242909,0.05611084518368443
558,0.055976737532569334,0.05611080721505589
559,0.055976412435408775,0.05611074657159622
560,0.05597550217693344,0.056110392111504946
561,0.05597461525424029,0.05610990266315324
562,0.05597337393228153,0.056109033644378595
563,0.05597250230726321,0.05610847094264644
564,0.05597124128112475,0.056108260218449994
565,0.05597036926042866,0.05610791509321841
566,0.05596922673302358,0.056107197038810994
567,0.05596830591841133,0.05610667576511311
568,0.055967900089586624,0.05610634985855715
569,0.05596714401395393,0.05610564604196925
570,0.055966792683103804,0.05610557733255735
571,0.055966140595386266,0.05610553732404005
572,0.055965326011275185,0.056105043310240854
573,0.05596450968562835,0.056104694960274586
574,0.05596384917832768,0.056104733417949394
575,0.05596233776191675,0.056104279704673965
576,0.0559615207247835,0.056103825802723696
577,0.0559602090068627,0.05610297381461281
578,0.055960004601285786,0.05610297469134778
579,0.055959316314764536,0.05610266551211861
580,0.0559587958436653,0.056102902893253356
581,0.055958684260825155,0.05610282949377109
582,0.05595737348748899,0.05610224365542188
583,0.055956436551776144,0.056101617833796365
584,0.05595635832816732,0.05610162194790856
585,0.0559558458234183,0.056101467328423235
586,0.05595508483836411,0.05610156610796342
587,0.05595326016521965,0.05610045884100144
588,0.05595245618073101,0.05610025517652508
589,0.055951187650064106,0.0560993329141679
590,0.055950642433997375,0.05609894597084536
591,0.05594964125448088,0.0560987832671441
592,0.055949365808137815,0.05609854180713579
593,0.05594875560796971,0.056097988478166785
594,0.05594859568417268,0.056097955562294105
595,0.05594854144929174,0.05609795359550358
596,0.055947448746066296,0.05609751804322424
597,0.05594700620539339,0.05609731941495473
598,0.05594649891608684,0.05609708473663657
599,0.05594565326832356,0.05609712994640959
600,0.05594558698813845,0.05609714313178798
601,0.05594394679332555,0.056096071526532794
602,0.05594333618091111,0.056095615682022044
603,0.05594223065528128,0.056095616633302314
604,0.05594106898176062,0.05609530443675688
605,0.055940484899602884,0.056094869138971985
606,0.0559398899827842,0.05609420666199423
607,0.05593869616218053,0.05609370313714654
608,0.05593798703366668,0.05609313273729306
609,0.055937350196770166,0.05609308386991816
610,0.05593703754715833,0.05609294131252207
611,0.05593638280203622,0.056092973661350354
612,0.055935712175018984,0.05609279755765896
613,0.05593558224461378,0.056092750531402905
614,0.05593483424682663,0.05609227442939819
615,0.05593474366731981,0.056092228802203006
616,0.05593411688773232,0.056092121321042944
617,0.05593343279654855,0.056091573246250435
618,0.055932491715617295,0.05609112663717869
619,0.055931659506928647,0.056090992627822064
620,0.05593124110293492,0.056090711456926665
621,0.05593033649367158,0.05609068471166094
622,0.05593018286926974,0.05609069017782309
623,0.05592963989112422,0.05609037530513217
624,0.055928630671611655,0.056089759489356204
625,0.055928075481080954,0.05608966728332342
626,0.05592713015688235,0.05608954617483243
627,0.05592646881093656,0.056088979705411095
628,0.055925259599473184,0.05608854927813166
629,0.05592405496603293,0.056087988817893945
630,0.05592314028674899,0.05608712276250244
631,0.05592242880858179,0.05608652358660399
632,0.05592192143584781,0.05608592889044674
633,0.055921279859089366,0.0560851550173533
634,0.055920656232044,0.05608463991330132
635,0.05591985173238551,0.05608442754771022
636,0.055918470209162345,0.0560838928622975
637,0.05591810187590528,0.05608360873131004
638,0.05591689878558314,0.05608245193030473
639,0.05591600478912928,0.05608195696195074
640,0.0559158715255728,0.05608196823156085
641,0.05591551807884322,0.05608178092577725
642,0.05591528130169637,0.05608171980140017
643,0.05591464870254268,0.056081368751129616
644,0.05591349692255013,0.056081168337903324
645,0.05591329072757728,0.05608120008275952
646,0.05591244366705574,0.056080384357584216
647,0.05591132717825018,0.05608013236441677
648,0.055910897706581204,0.05608021963927096
649,0.055909870255734295,0.056079622649494766
650,0.05590944287362005,0.056079627067270564
651,0.05590871732674695,0.056079534283887136
652,0.05590781095363576,0.05607898691386929
653,0.055907425969375875,0.056079070004444495
654,0.05590675177506562,0.05607881033936777
655,0.05590581694853977,0.05607864628244965
656,0.05590538078233388,0.0560783958687606
657,0.05590416386587218,0.056077647799293695
658,0.0559033455033317,0.056076925704421625
659,0.05590274513176112,0.05607679414159668
660,0.055902025257423486,0.05607628003601468
661,0.055901498622723186,0.056076240435035535
662,0.055901175742021136,0.05607599334664834
663,0.05590054434715954,0.05607533133814652
664,0.0559002124222558,0.056075225070263426
665,0.055899482370010745,0.05607525056252242
666,0.055898988088198036,0.056075208499199274
667,0.055897937703096985,0.05607488392903823
668,0.055897714163033754,0.05607474064379365
669,0.055896866624182355,0.056075044307466244
670,0.05589607178707754,0.056074520277013755
671,0.05589515655049574,0.056074003678866995
672,0.0558948341540158,0.05607400987275679
673,0.05589400773575928,0.05607349211772425
674,0.0558939766815891,0.05607349211114248
675,0.05589382639112351,0.056073479301308064
676,0.05589292840584638,0.05607337422362122
677,0.05589246046092735,0.05607346347036009
678,0.05589237728358773,0.05607347712128981
679,0.05589188279345169,0.05607318791972441
680,0.055890815255569215,0.056073182241822506
681,0.05589071783493477,0.056073232966775924
682,0.055889840979980024,0.05607286022827096
683,0.05588917125002391,0.05607255784211621
684,0.05588845462397649,0.056072315155797185
685,0.05588746488702008,0.05607222633737373
686,0.05588696453273908,0.05607182712058562
687,0.055886229865916674,0.056071292962927684
688,0.055885452994743075,0.05607099628705456
689,0.05588528782559001,0.05607101722223532
690,0.05588444209080673,0.05607081459040114
691,0.055884330225735586,0.05607079693088787
692,0.05588320620794472,0.05607058170234436
693,0.055882725969914136,0.056070703919884106
694,0.05588228438507813,0.05607069104120926
695,0.055881543497678376,0.05607054305546597
696,0.05588066944458195,0.056069704368613305
697,0.05587993423482802,0.05606947016118247
698,0.05587968811825998,0.05606939185293221
699,0.055879036530699915,0.05606910204778555
700,0.055878028611208816,0.05606910035635918
701,0.05587727119297143,0.05606855841105938
702,0.055877056695829846,0.05606837501539934
703,0.05587641777461442,0.056067498380973836
704,0.05587635209633723,0.05606750297398195
705,0.05587623838047734,0.056067510615430284
706,0.05587562507695396,0.05606703716954724
707,0.05587467048384649,0.056067593834221136
708,0.055873651576918745,0.05606763255801597
709,0.0558729085847749,0.05606734858903049
710,0.05587284213379963,0.05606733002270419
711,0.05587219343272824,0.05606714902361789
712,0.05587169874262297,0.056067301634557414
713,0.05587092339758111,0.05606715998723604
714,0.0558703334544916,0.05606727939425273
715,0.0558696177092444,0.056066903211727394
716,0.05586934125942572,0.05606699041756462
717,0.05586878141960726,0.05606683936564567
718,0.05586830343140719,0.05606679415030344
719,0.05586750982162496,0.056066291300802686
720,0.05586696717924217,0.056066346446067256
721,0.05586662012271462,0.056066450930769895
722,0.05586617540135731,0.05606624077340212
723,0.05586591779143984,0.0560662235612829
724,0.05586516617206579,0.05606605514644259
725,0.055864881646237805,0.0560658854180569
726,0.055864136923880654,0.05606597854471149
727,0.05586371308877818,0.05606596818284822
728,0.05586314186634794,0.056065759242653314
729,0.0558625679552604,0.056065715938740567
730,0.0558619608794481,0.0560652079248043
731,0.05586102626018449,0.05606509668042125
732,0.05586057044446303,0.056065317607220326
733,0.055860128233442406,0.0560653047400423
734,0.0558596570462421,0.05606521416648837
735,0.05585925242293328,0.05606534492963846
736,0.05585916970020382,0.05606526283441569
737,0.05585843909115053,0.056064872314507956
738,0.055857452104799116,0.0560645568317936
739,0.05585683421168659,0.05606472231271091
740,0.055856797818246505,0.05606472527065248
741,0.05585637541590538,0.05606487262544698
742,0.05585561517496983,0.05606439835990042
743,0.05585508548395714,0.05606401369670801
744,0.05585476890240106,0.056063981010390965
745,0.05585424759159657,0.05606355676035806
746,0.055853270859838246,0.05606325209515582
747,0.055852323458435674,0.05606305443765155
748,0.055851097446519345,0.05606259610414783
749,0.05584973098128144,0.05606177313386227
750,0.05584918386212972,0.05606185060014444
751,0.05584836231648777,0.05606164590551306
752,0.05584756103599401,0.056061336725227916
753,0.055846859097771824,0.056061160265517634
754,0.05584618269493246,0.05606126307942653
755,0.05584575955683589,0.05606110091193197
756,0.05584522532218419,0.056060874574739836
757,0.05584450013623653,0.056060901953195436
758,0.05584290651394415,0.056060255013636734
759,0.055842427546796136,0.05605978272676488
760,0.055841708855142363,0.05605944359223172
761,0.05584141959910051,0.05605933097660537
762,0.055840742451477736,0.0560589800579197
763,0.05584024101405696,0.05605892868576009
764,0.05583975828642022,0.056059039746710594
765,0.05583938426100213,0.05605879020825867
766,0.0558385241644969,0.056058243647659003
767,0.05583833888472079,0.056058193056846756
768,0.05583774001546212,0.05605812973912493
769,0.055837158830349023,0.056058256667193135
770,0.05583649524523047,0.05605828025693325
771,0.05583640221645932,0.05605833012434281
772,0.05583572693331392,0.05605792844801872
773,0.05583458968035157,0.05605671768504527
774,0.05583453982348822,0.056056702530598745
775,0.05583427669815035,0.056056647411570626
776,0.055831914002058884,0.0560547265957663
777,0.05583166512873376,0.05605464459075809
778,0.055830694580687124,0.05605375378232119
779,0.055829788770785836,0.056053221065626324
780,0.0558296656156893,0.05605318821285448
781,0.05582955448091949,0.05605314440876925
782,0.055828042527620386,0.05605259192931759
783,0.0558271336273618,0.05605262043643659
784,0.05582649477678214,0.05605223721374085
785,0.05582587693996447,0.05605232508705268
786,0.05582528310234662,0.056052100291324146
787,0.055824999745368364,0.056051952931155766
788,0.055824967714885515,0.05605193833589418
789,0.05582468450967707,0.056051929817015636
790,0.05582421326789343,0.05605147223701697
791,0.055822857077206,0.05605032376023164
792,0.0558221027398186,0.05605031424046359
793,0.055821413305322226,0.056050302849048744
794,0.05582050756283127,0.05604980904831615
795,0.05581949714652738,0.05604911979488665
796,0.055818565411885776,0.056049115289610076
797,0.05581802265954758,0.05604920893673326
798,0.055817396465710586,0.05604894327468228
799,0.0558171526768823,0.05604874092168231
800,0.05581657803504281,0.05604856638029305
801,0.05581574815206738,0.05604851299415054
802,0.05581516254333116,0.05604825372289905
803,0.05581498853692964,0.05604830853212561
804,0.055814345902105475,0.0560478956619824
805,0.05581415702730192,0.056047804671573845
806,0.05581384318027782,0.0560477797720355
807,0.055813337037020176,0.056047322386556145
808,0.055813278133777,0.05604732161357439
809,0.05581247417694009,0.056047387484537005
810,0.055811770217982705,0.056047425624179484
811,0.05581131924263227,0.056047285342373326
812,0.05581128516773347,0.056047284835905334
813,0.05581043151317157,0.0560472711564899
814,0.05580977360536776,0.056046778004960524
815,0.05580957040035221,0.05604670105627977
816,0.0558088871339025,0.056046788097064405
817,0.05580839101522129,0.05604686688698309
818,0.05580798300355631,0.056046594344068515
819,0.055807851787663204,0.0560465975930961
820,0.05580692018430781,0.05604679056315326
821,0.05580628163834636,0.05604664644662242
822,0.05580560179350539,0.05604621114191506
823,0.055804990651262924,0.056046110042274826
824,0.055804733267331215,0.05604619051378897
825,0.05580405670177109,0.05604600470648487
826,0.055803817185133234,0.056046036746401684
827,0.05580353079442344,0.056045771831069395
828,0.055803132272865305,0.05604567133079777
829,0.05580258962793232,0.05604551233138904
830,0.05580169441777698,0.05604522233709839
831,0.0558008820598398,0.0560452088570608
832,0.0558002764078939,0.05604522903453991
833,0.05580010710738473,0.05604515588779168
834,0.05579939158019589,0.05604440820727954
835,0.05579896174375789,0.056044323665564263
836,0.05579883701515539,0.05604437025379829
837,0.055798016966486744,0.05604403070420937
838,0.05579780248109542,0.05604399969111412
839,0.055797724948600705,0.05604406913554937
840,0.05579711676001364,0.05604402831127925
841,0.055796654209359,0.056043814104589106
842,0.055796428157237905,0.056043679125607024
843,0.05579595719186788,0.05604355061671166
844,0.05579593580152386,0.056043552002382986
845,0.05579576229308301,0.05604357120392757
846,0.05579492192922168,0.056042909800840535
847,0.05579444591790223,0.05604252003587203
848,0.05579443233706657,0.05604252016401071
849,0.05579358216047214,0.056042242682392954
850,0.05579302278168278,0.056042293657427814
851,0.05579224926095319,0.056042040901755075
852,0.05579171373881146,0.056041995568592684
853,0.055790930317779104,0.056042151810917734
854,0.0557899832059315,0.0560420677268896
855,0.055789902880389486,0.05604207462667283
856,0.055788903095802644,0.056041735748169196
857,0.05578883327982255,0.05604175278410061
858,0.055788128978409554,0.05604144215508007
859,0.05578752950212373,0.056041365055851
860,0.055787026294112176,0.056041288003199845
861,0.05578682956331886,0.0560412407485364
862,0.055786192139333196,0.05604099538813417
863,0.055785309329323844,0.05604116492636231
864,0.055784914782454814,0.05604116540185962
865,0.05578425127556188,0.056041034022708436
866,0.05578336784562208,0.056040919033112126
867,0.055782794681755114,0.056040725113603626
868,0.0557826851040787,0.056040779776298955
869,0.05578240384579909,0.05604066156554163
870,0.05578207941629263,0.056040684643942046
871,0.055781559770277565,0.05604027488355749
872,0.05578112559903759,0.05603991640971977
873,0.05578108200587246,0.05603991728119526
874,0.055780357880969716,0.05603920285580197
875,0.05578017050444872,0.05603914419510067
876,0.05577959111129327,0.05603903916261229
877,0.05577896572346295,0.05603916391578469
878,0.05577847283217066,0.05603896668822505
879,0.05577782174453309,0.05603907349507051
880,0.0557773577629537,0.05603901444489702
881,0.05577687054569487,0.056039002394003314
882,0.05577619527541769,0.05603887347382788
883,0.05577590302361334,0.05603880060308203
884,0.05577559746441005,0.05603870594756869
885,0.05577497190355364,0.056038201187613615
886,0.055773960120612275,0.056037830614699365
887,0.055773776135945675,0.05603763218226901
888,0.05577295448581647,0.05603758672725936
889,0.05577284506268728,0.056037626036066775
890,0.055772060535867266,0.056037223403369654
891,0.05577195678308164,0.05603714656619913
892,0.0557711489154928,0.056036831490425314
893,0.05577104699715102,0.05603683601473003
894,0.05577023760526613,0.05603665903966961
895,0.055769883491502324,0.056036634339269496
896,0.05576917764908484,0.05603667441124125
897,0.055768688895625015,0.05603626380370244
898,0.05576783687923775,0.05603644416053823
899,0.05576725318518456,0.05603642338847128
900,0.055767177719771556,0.05603642354506177
901,0.055766434248934516,0.05603587301839207
902,0.05576618518915913,0.05603594854848633
903,0.05576603306835792,0.056035892162444256
904,0.055765942522007034,0.05603593210915701
905,0.055765791978230055,0.05603594209808297
906,0.05576556130228867,0.056035935696934755
907,0.05576488815286183,0.05603589844123548
908,0.05576450523602964,0.05603568228537444
909,0.05576436049501946,0.05603556702668234
910,0.0557636499229682,0.056035513574733097
911,0.055762976432834545,0.056035254928653896
912,0.05576219235698697,0.056035460703719155
913,0.0557617009760699,0.0560353967846132
914,0.05576121226268761,0.05603542154944584
915,0.05576064381300357,0.056035314643676414
916,0.0557598012222148,0.05603546503810197
917,0.05575869316273831,0.05603505993069801
918,0.055757505281809054,0.05603476985336838
919,0.05575642286936831,0.056033852346636784
920,0.055755703329561965,0.05603386545562566
921,0.05575507751874392,0.056033357341667145
922,0.05575497472830115,0.05603334463830947
923,0.05575443388865537,0.056033040184995504
924,0.055753727326567554,0.05603269923674513
925,0.05575280836366337,0.05603262841630514
926,0.055752398465434644,0.05603272487984212
927,0.05575176870474256,0.056032662380467266
928,0.055751341422237775,0.05603249709140924
929,0.05575095170282051,0.056032567493949616
930,0.05575036209163456,0.0560327225771508
931,0.05574973370913158,0.056032358988836156
932,0.05574880768119631,0.056032109465494376
933,0.05574852828085981,0.05603223335059486
934,0.055748404209624576,0.05603219398430106
935,0.055747911075876525,0.05603236212067806
936,0.05574696168635164,0.05603219515498714
937,0.05574611191952458,0.05603205565091904
938,0.055746076772683055,0.05603208371072315
939,0.05574524796817071,0.05603138871905295
940,0.05574468928656213,0.05603151871813837
941,0.05574412925533925,0.05603162764606442
942,0.05574353832775734,0.056031649047224054
943,0.05574332175676554,0.0560315920055031
944,0.05574287033678142,0.05603131383768772
945,0.055742195516467585,0.05603156788840588
946,0.055741654887086996,0.05603159730471259
947,0.05574091578552598,0.05603160235307905
948,0.05573963627727617,0.056030265551431944
949,0.05573917680469629,0.05603038026106702
950,0.05573859285344831,0.05603028095239883
951,0.055738161386850664,0.056030324241135354
952,0.05573799327595108,0.05603022437133704
953,0.05573761071978125,0.05603000741022279
954,0.05573734524263942,0.056029841556207015
955,0.05573676946982881,0.05602945476294202
956,0.05573624433328258,0.056029201059031086
957,0.055735955129306944,0.05602919004126864
958,0.05573530345932682,0.05602914817579618
959,0.05573506397190415,0.05602911614096327
960,0.055734868110216315,0.056029006095215966
961,0.05573440072633738,0.05602915715644585
962,0.055734118009448705,0.05602916102986566
963,0.0557336344292578,0.05602898701849805
964,0.0557332774419517,0.056028880278688034
965,0.05573269341717798,0.056028541486131
966,0.05573177510458951,0.05602813445096764
967,0.055731243391911586,0.056027733648222215
968,0.05573063572757004,0.05602763353644294
969,0.05573041393514179,0.05602751733728344
970,0.05572920313023242,0.05602751963095982
971,0.05572854959832935,0.05602704677023472
972,0.05572828849764423,0.05602691566133469
973,0.05572786194781544,0.056026576442452694
974,0.05572728819167047,0.05602664440439875
975,0.05572668340134345,0.056026529613625524
976,0.055725870901043445,0.05602640561467991
977,0.05572494981103804,0.056025648579622285
978,0.05572459584195228,0.05602552419953423
979,0.05572448407237525,0.056025517745690985
980,0.055724450385593816,0.05602552813185834
981,0.05572428271355222,0.05602552226036112
982,0.055723864163461805,0.05602551609370426
983,0.055723556285566876,0.05602551497611123
984,0.05572319281332131,0.056025481486693715
985,0.05572312432339846,0.05602547121893292
986,0.05572274144332811,0.05602551159763998
987,0.055721245084543146,0.05602445627401774
988,0.0557205035856473,0.056024325587112754
989,0.05571994003289337,0.056024292610318646
990,0.055719155937669095,0.056023899455151606
991,0.055718728922446004,0.05602370491704286
992,0.05571845464635826,0.056023581659798954
993,0.05571774662490874,0.05602348527423857
994,0.05571719935944241,0.05602348257130979
995,0.0557170714797242,0.05602346290579928
996,0.05571558409694882,0.05602329554803032
997,0.055714940797236934,0.05602311315715334
998,0.05571467496957274,0.056023140756806804
999,0.055714244930792904,0.056022953709262455
1000,0.055713960267190825,0.05602297176146302
1001,0.055713909020489165,0.05602297772655896
1002,0.05571349069620227,0.05602300379473953
1003,0.05571245526851459,0.056022907207642414
1004,0.05571154507294201,0.056022828049074554
1005,0.05571143259972724,0.05602283397106102
1006,0.05571135203091036,0.056022861939679994
1007,0.055711233559333266,0.056022788703711364
1008,0.05571115613694992,0.05602281215836192
1009,0.05571028049073315,0.056022598121733214
1010,0.05570940442793291,0.05602266118058797
1011,0.055709334191117024,0.05602255457591916
1012,0.05570909843257781,0.05602252367138283
1013,0.055708505865321216,0.056022575335998935
1014,0.05570841163846472,0.05602259911051256
1015,0.05570801888516941,0.05602273618089489
1016,0.05570770702218412,0.05602271030491381
1017,0.055707239444122016,0.05602290150267403
1018,0.05570642706181266,0.0560229533431033
1019,0.055705803434431815,0.05602269292750463
1020,0.05570504294762526,0.05602269645837763
1021,0.0557043751664091,0.05602288131014086
1022,0.055703816213925825,0.056023123123784234
1023,0.055703037305604504,0.05602299406410837
1024,0.055702587703606136,0.05602321719028223
1025,0.05570207473243834,0.05602322583606879
1026,0.05570182141606679,0.056023291612455804
1027,0.055701447508558724,0.056022808580104715
1028,0.05570091041549385,0.056022858390273905
1029,0.05570027415827601,0.05602283913796368
1030,0.055699872362614346,0.05602266549929918
1031,0.055699590296857615,0.056022821454519874
1032,0.05569898462498574,0.056022434780904844
1033,0.055698312919001076,0.056022359628712534
1034,0.0556975186914711,0.056022673009962484
1035,0.05569653851613436,0.05602235126609854
1036,0.05569625686164962,0.05602224272415766
1037,0.055696059121687416,0.05602231574497359
1038,0.05569508615891307,0.056022344559308046
1039,0.055694726869835426,0.05602246712715287
1040,0.055694370769802645,0.05602229982652487
1041,0.055694285182313806,0.056022273712120485
1042,0.05569349285948447,0.05602219528472823
1043,0.05569341079292381,0.05602219902438617
1044,0.055693281624419964,0.056022217233456205
1045,0.05569302305113475,0.05602221285284241
1046,0.05569259337985259,0.0560219644143597
1047,0.055692584383070357,0.056021965935821476
1048,0.0556924330048077,0.056021855060895374
1049,0.05569211556450005,0.056021805741183976
1050,0.05569154664965898,0.0560218016957415
1051,0.05569103796125888,0.056021482602553845
1052,0.05569047908348619,0.05602144062742601
1053,0.05568990479864823,0.05602119921098093
1054,0.05568935244690725,0.05602108391033268
1055,0.055688339784710085,0.0560213306630329
1056,0.05568803175296516,0.05602121024787251
1057,0.05568751236416477,0.056021193821947
1058,0.055687160506199845,0.05602099320897044
1059,0.05568617881358883,0.05602066556576083
1060,0.05568546461337238,0.056020454564939606
1061,0.05568480498057995,0.05602034939940619
1062,0.055684529488711346,0.056020208530635975
1063,0.055683893626567574,0.05601989681959145
1064,0.05568311342621359,0.056019850208705875
1065,0.055682595934046016,0.05601966395609016
1066,0.055682190682960715,0.05601965196118543
1067,0.05568206216952825,0.05601963017869696
1068,0.0556812733646151,0.05601986131225103
1069,0.05568122703330753,0.05601986212621628
1070,0.05568115692697413,0.05601981388769171
1071,0.05568039111779908,0.05601971351271346
1072,0.05568004886455416,0.056019468119457926
1073,0.05567941121299389,0.05601927946957875
1074,0.05567931830872453,0.056019389433034895
1075,0.05567886157246296,0.05601933145839724
1076,0.05567875708147664,0.056019286284424485
1077,0.05567871783724154,0.05601925836736428
1078,0.055678091247845514,0.05601905773720713
1079,0.055677685317200534,0.0560190355388148
1080,0.05567686108848255,0.05601865761411374
1081,0.05567636386800566,0.05601841335228318
1082,0.05567597304025789,0.05601839586737943
1083,0.055675645415898346,0.056018263464277525
1084,0.05567494393077907,0.05601828495010437
1085,0.05567435668623777,0.05601829743729784
1086,0.055673638890690796,0.0560181183879543
1087,0.05567267690503707,0.05601794839712146
1088,0.05567236965970401,0.05601758107059685
1089,0.05567198467367886,0.05601743288682058
1090,0.055671447425594746,0.05601723536242573
1091,0.05567141702890634,0.05601724162823336
1092,0.05567056787049171,0.056017123687780425
1093,0.05566992895326135,0.056017034473216015
1094,0.05566950022126365,0.05601709717681299
1095,0.055669145070304155,0.05601714814556063
1096,0.05566841455684297,0.05601739279699689
1097,0.05566761842157216,0.056016833587521374
1098,0.05566749728246437,0.05601690458447469
1099,0.05566708349553772,0.056016948784744135
1100,0.055666833200165466,0.05601693626595874
1101,0.05566651317842266,0.05601688958159664
1102,0.0556660517947963,0.05601661594727598
1103,0.05566537410654206,0.05601667487675714
1104,0.05566505682252162,0.05601648101814248
1105,0.05566487513469938,0.056016429841498884
1106,0.05566457682202048,0.056016330897262885
1107,0.0556643888820985,0.056016328644991314
1108,0.05566380363052388,0.05601633938190211
1109,0.055663514971836386,0.05601635114279251
1110,0.055663056639289485,0.056016386035266326
1111,0.0556623725857733,0.05601644059982212
1112,0.055662313734443816,0.05601641246287108
1113,0.055662162873841195,0.056016377393365555
1114,0.055661645417247434,0.05601655920048292
1115,0.055660608685907206,0.056016198124308095
1116,0.05566037045009045,0.056016138491636384
1117,0.05566008718339778,0.056015982704782995
1118,0.05565961130379636,0.05601588435327232
1119,0.055658807347037834,0.0560157249532144
1120,0.05565825269003745,0.05601569550804399
1121,0.05565786895185123,0.05601582077292415
1122,0.055656849057889875,0.056015430785598334
1123,0.05565626813678666,0.05601545238934555
1124,0.05565622257491526,0.05601545490643917
1125,0.05565591910685469,0.05601535575156218
1126,0.055655238687212095,0.056015202276041696
1127,0.05565510045820842,0.05601510593295491
1128,0.05565437206273208,0.05601534385053765
1129,0.05565396018103393,0.05601530966276735
1130,0.05565332376318983,0.0560150711524978
1131,0.05565275984708744,0.05601466396830426
1132,0.05565192362511734,0.056014202441377225
1133,0.055651109163090365,0.056013590032480375
1134,0.05565080442039283,0.05601358759800272
1135,0.05564991818181881,0.05601347678051696
1136,0.05564979829323293,0.05601343277600452
1137,0.05564925606125019,0.05601347844880195
1138,0.05564881910125089,0.056013197852641035
1139,0.05564816638307225,0.05601353361833141
1140,0.055647660674216955,0.05601315955016797
1141,0.0556472585210265,0.05601303878430059
1142,0.05564677563033494,0.05601305009414345
1143,0.055646180759999,0.056013216259816055
1144,0.05564615106212574,0.056013149488294105
1145,0.05564572533314694,0.05601308474160363
1146,0.05564532606536996,0.056012942898392704
1147,0.055644571745299666,0.05601274716642095
1148,0.055643877132272,0.05601289047270572
1149,0.055643177304377116,0.05601268808883745
1150,0.0556426440269715,0.05601260066647432
1151,0.0556422670141472,0.056012346996527004
1152,0.0556417354533681,0.056012360904820424
1153,0.05564132538130603,0.05601224086735546
1154,0.05564124685141105,0.05601224596791279
1155,0.05564089816187797,0.05601222581306334
1156,0.055640721952818446,0.05601225530179849
1157,0.05564023613109964,0.05601230756283884
1158,0.05563950889752525,0.0560122585139168
1159,0.05563939915849191,0.05601224151349904
1160,0.055639011705472544,0.05601201801326968
1161,0.05563856870178716,0.056011909729181394
1162,0.05563842883485682,0.05601191320254849
1163,0.05563798918936058,0.056011783051034936
1164,0.05563736980635168,0.05601158217480695
1165,0.05563698614451493,0.056011570944588376
1166,0.0556365059936895,0.056011569457881286
1167,0.05563638654844103,0.05601158848063387
1168,0.05563631380245419,0.05601158823552411
1169,0.05563566804633828,0.056011522417018234
1170,0.05563476177740203,0.05601143167885659
1171,0.05563457912651597,0.05601139313056473
1172,0.055633910881418364,0.056011158656729766
1173,0.055633368582004045,0.05601087532583301
1174,0.055632988957457954,0.05601078193025113
1175,0.05563214523664543,0.05601088681878564
1176,0.05563129865296182,0.056010343099132276
1177,0.05563102098281901,0.05601026969634629
1178,0.05563083779482096,0.056010271241385065
1179,0.055630194657842795,0.056010219388948415
1180,0.05562962070884732,0.056010375999828575
1181,0.05562904773691249,0.05601020506975779
1182,0.05562876862843516,0.056010208418270875
1183,0.055628287326476615,0.05600998493781467
1184,0.055627562916204604,0.056009875152819154
1185,0.055627432003316137,0.05600985868669426
1186,0.055627002522879734,0.05600965265902652
1187,0.055626957731281165,0.056009612931100655
1188,0.05562639781301281,0.05600954530846494
1189,0.05562564570384654,0.056008944962197396
1190,0.05562550378155686,0.05600898424475895
1191,0.05562536979709957,0.05600897237741435
1192,0.05562484276631505,0.05600906207542072
1193,0.05562428683890238,0.056009150086358386
1194,0.05562422362086988,0.05600920804368263
1195,0.05562306569077898,0.0560084565822003
1196,0.055622345095936505,0.05600800763249563
1197,0.055621818856766786,0.05600804821881435
1198,0.055621176043361996,0.05600799283700328
1199,0.05562104207182905,0.0560079826857662
1200,0.05562061857219388,0.05600781626071909
1201,0.05562009727753046,0.05600763103630979
1202,0.055619748502168956,0.05600798556321248
1203,0.055619563291285604,0.056007860474134676
1204,0.05561895419080744,0.05600782977877677
1205,0.05561847011136367,0.056007874707342864
1206,0.05561823598495588,0.05600778580221519
1207,0.055617627090806955,0.056007800931210924
1208,0.05561720386690688,0.05600752273406222
1209,0.05561704887959825,0.056007449164451904
1210,0.055616454312382345,0.056007528424817245
1211,0.05561624176094395,0.0560075448267569
1212,0.05561568812106634,0.05600759114925678
1213,0.05561563617760846,0.05600760156206566
1214,0.05561494840530329,0.05600732214546613
1215,0.0556144105411925,0.05600736960951647
1216,0.05561385744890503,0.056007141632484096
1217,0.055613204369772753,0.056007098550377665
1218,0.055612919136760315,0.05600708228465773
1219,0.05561239719773962,0.05600699511667739
1220,0.0556119176391216,0.05600669074573943
1221,0.055611906799308254,0.0560066942130922
1222,0.05561156685919121,0.05600663140477733
1223,0.05561060690326734,0.0560069596998536
1224,0.05561015482264971,0.05600693782212731
1225,0.055610051967235063,0.05600690301278702
1226,0.0556092848227011,0.056006441326693926
1227,0.05560903934882659,0.05600606774935971
1228,0.05560834383896154,0.05600619438276615
1229,0.0556074950371027,0.056005343325916904
1230,0.05560740975047163,0.05600534718943132
1231,0.05560717643158995,0.056005317978194614
1232,0.055606959152822724,0.05600534134963736
1233,0.05560693850281465,0.056005323596206434
1234,0.055606717332793584,0.05600530430057557
1235,0.05560663511099472,0.05600531911929123
1236,0.055606172687441204,0.05600530515257794
1237,0.05560543064976424,0.05600511395400804
1238,0.05560523257144314,0.056005095159355485
1239,0.05560479038715167,0.056005209473959164
1240,0.055604684912473515,0.05600521940103907
1241,0.055604546665960125,0.05600518344748558
1242,0.05560433105978026,0.056005302704999406
1243,0.05560392255643781,0.05600515318537156
1244,0.055603550273860304,0.056004969570213566
1245,0.05560305164179436,0.056005044338489095
1246,0.05560296655578778,0.05600501890243476
1247,0.05560273693225406,0.05600496873389382
1248,0.05560250245929005,0.05600491754163341
1249,0.055602090394540386,0.05600495261721329
1250,0.055601348521693676,0.05600478705679509
1251,0.05560058432614612,0.056004836744994575
1252,0.05560056588611709,0.056004836745693815
1253,0.05560001923982555,0.05600488528544074
1254,0.05559982566115131,0.056004803994413786
1255,0.055599637974652644,0.05600478497201322
1256,0.055599430164843915,0.056004794341226696
1257,0.055598690336139386,0.056004560199996244
1258,0.05559854834335074,0.05600445331241782
1259,0.05559799571189653,0.056004424408288234
1260,0.055597233569110054,0.05600416539180069
1261,0.055596560394306604,0.0560040637167513
1262,0.055596057923339756,0.05600390354823372
1263,0.05559581570176387,0.05600376124515552
1264,0.055595238923548417,0.05600385382695749
1265,0.05559445891542067,0.0560038658362506
1266,0.05559377065081136,0.056003797856889734
1267,0.05559313131320124,0.05600325774446346
1268,0.05559283295117337,0.0560032534972981
1269,0.055592097508494975,0.05600341804296836
1270,0.055591742223471984,0.05600331887480015
1271,0.05559108382739733,0.056003405686312964
1272,0.0555909944636128,0.05600333021055763
1273,0.05559032761086054,0.05600342125868097
1274,0.05558995226869469,0.0560033699425723
1275,0.0555897739115167,0.05600330585144586
1276,0.055589366415326705,0.056003349264240505
1277,0.055588920031478604,0.05600310302270492
1278,0.05558845452167751,0.05600310346127851
1279,0.05558807757012041,0.05600287963219846
1280,0.05558749351227421,0.05600298891478878
1281,0.05558702567980132,0.056002709324696795
1282,0.05558671543568753,0.056002492138736475
1283,0.055586602596252824,0.056002404811037666
1284,0.055585860329657545,0.05600239522761802
1285,0.05558511957953874,0.05600214918821669
1286,0.05558474107239108,0.056002490987607845
1287,0.055584410088079655,0.056002213167974185
1288,0.05558437846265084,0.05600224141741223
1289,0.05558421545388267,0.05600223085015674
1290,0.055583685890499474,0.05600214886667989
1291,0.05558365116086171,0.05600213683396629
1292,0.0555831952528668,0.056001917094262936
1293,0.055582635236296,0.056001694800224926
1294,0.05558213270576896,0.05600179512310746
1295,0.05558161360953748,0.056001958121767455
1296,0.05558102815187908,0.05600175855525778
1297,0.055581012055511,0.05600176281321519
1298,0.05558095541285799,0.056001762102342444
1299,0.05558060395327007,0.05600169281471368
1300,0.055580411287827994,0.05600167999060908
1301,0.05557970797631276,0.056001787400275053
1302,0.055579580846984944,0.0560017649091287
1303,0.055578700732188936,0.056001256113893484
1304,0.05557850022424555,0.056001261991410894
1305,0.05557807072625952,0.056001117930740515
1306,0.055577952757858734,0.0560011852606238
1307,0.05557713234636311,0.056000741004891684
1308,0.05557667117492708,0.05600058389261897
1309,0.05557663697869328,0.05600056627552321
1310,0.05557591075953746,0.05600004438523899
1311,0.05557585636009521,0.0560000421117379
1312,0.05557567802770303,0.05600011552575895
1313,0.055574726870336766,0.05599973205413131
1314,0.05557386866548961,0.05599970751681359
1315,0.055573661002863525,0.05599963473469541
1316,0.05557358833619037,0.055999627110010525
1317,0.05557323228691473,0.05599951949992883
1318,0.0555729552781849,0.055999578002526855
1319,0.05557250225938246,0.05599955591373774
1320,0.05557248059465307,0.05599954667902744
1321,0.055572034166667804,0.05599941364471221
1322,0.055571437202474164,0.05599914206881594
1323,0.05557096068671828,0.055999279947639174
1324,0.05557052550019,0.055999083528538864
1325,0.05557020238150561,0.055998966086270204
1326,0.05556945883174794,0.05599869956442784
1327,0.05556878367349521,0.05599856153365958
1328,0.055568688145465846,0.055998525325758323
1329,0.055568357695376,0.05599846673188842
1330,0.05556786504443146,0.0559986932368344
1331,0.055567839832942105,0.05599869409987703
1332,0.05556716781016317,0.05599836825143377
1333,0.055566568845502186,0.055998368618469234
1334,0.055566531859098024,0.055998347083243465
1335,0.0555661090301447,0.05599821574491865
1336,0.05556580351689041,0.05599824761995181
1337,0.055565175550459686,0.05599818076818367
1338,0.05556458599584296,0.0559983467109902
1339,0.05556400216993481,0.05599797548215506
1340,0.055563959166581536,0.055997944399436624
1341,0.05556374274009871,0.055997945109941535
1342,0.05556338261674625,0.05599804682288249
1343,0.05556315468348464,0.055998075953977655
1344,0.05556278666126286,0.055998263523514634
1345,0.05556160742818686,0.05599813769733691
1346,0.05556097063686723,0.05599791991900432
1347,0.05556095815452462,0.05599792509698172
1348,0.055560565221018404,0.05599792709187145
1349,0.05556023124564274,0.05599800517768619
1350,0.05555998325585362,0.05599804772710585
1351,0.05555941819307486,0.05599784467032312
1352,0.05555898444172494,0.05599791187919865
1353,0.05555831218187102,0.05599791034453591
1354,0.05555806028414266,0.05599786289823625
1355,0.05555785512593959,0.05599773182182762
1356,0.05555749950352981,0.055997704662107
1357,0.05555710721456622,0.05599751609216876
1358,0.05555659826762287,0.05599753053134276
1359,0.05555624245243956,0.055997486464697925
1360,0.055555695953722936,0.05599732931915393
1361,0.05555527728724675,0.05599759364416802
1362,0.05555521480699081,0.055997558588700695
1363,0.05555483022814342,0.05599739365561396
1364,0.05555457052930691,0.055997361686046035
1365,0.055554288627582445,0.055997129065752896
1366,0.05555426363618994,0.05599713002200656
1367,0.05555421604950973,0.055997123347376464
1368,0.055553864813255714,0.05599737724617184
1369,0.05555376394922271,0.05599729906072811
1370,0.05555369778142247,0.055997298870643655
1371,0.05555313779781909,0.055997077261246565
1372,0.055552973820437036,0.05599700537583831
1373,0.05555251096548734,0.05599670111244855
1374,0.0555519598847712,0.055996750317077515
1375,0.05555164542417742,0.055996846242926585
1376,0.05555163048262891,0.05599683558291323
1377,0.055551526095790206,0.05599678432382011
1378,0.0555515087261949,0.0559967875801223
1379,0.0555511597968073,0.05599681558600878
1380,0.05555108566914492,0.05599677133591628
1381,0.055550930527384884,0.05599671534749764
1382,0.055550702645173,0.0559966387514603
1383,0.05555057950316499,0.055996657645707264
1384,0.05555023879673317,0.0559964816294045
1385,0.05554994019661297,0.0559965184436427
1386,0.05554942493567189,0.055996693147732646
1387,0.05554878305809848,0.05599665976360119
1388,0.055548707471158455,0.05599652966624487
1389,0.055548577957481686,0.055996481507399505
1390,0.05554816073303439,0.055996554569249506
1391,0.05554783344784208,0.05599660715572036
1392,0.0555472601566384,0.05599650579560429
1393,0.055546901975691405,0.05599641130431581
1394,0.05554676482977402,0.05599646087178435
1395,0.05554672855233712,0.05599647505428656
1396,0.05554641071253755,0.05599652405731464
1397,0.05554619203758678,0.055996362918331516
1398,0.05554598053336732,0.0559964207254655
1399,0.055545813151009316,0.05599634734877402
1400,0.055545483282603766,0.055996183315124536
1401,0.055545132372984224,0.05599603049419348
1402,0.055545007386761894,0.055996060238798724
1403,0.055544965666729784,0.05599603350061266
1404,0.055544956162414456,0.055996033956038284
1405,0.05554465909525818,0.05599617486002664
1406,0.05554440915270837,0.05599599836437607
1407,0.05554410444696401,0.055995986002448705
1408,0.055543598111063214,0.0559959075897104
1409,0.055543518381274755,0.05599582978930063
1410,0.055542993786812545,0.05599581997138652
1411,0.055542490492569,0.05599590266371061
1412,0.055542130474092524,0.055995930187733
1413,0.05554200890148844,0.055995938771967416
1414,0.05554186904535223,0.05599589575595299
1415,0.05554122261260325,0.055995555177132623
1416,0.05554119451261381,0.055995560026184735
1417,0.05553999729184384,0.05599492060151025
1418,0.05553924315011545,0.05599483677737637
1419,0.055538674920227946,0.05599454419745374
1420,0.05553827246931924,0.055994295594667745
1421,0.05553804816341428,0.05599419407081799
1422,0.05553789319334382,0.05599417226727127
1423,0.05553780445342893,0.05599418989249968
1424,0.05553774458839444,0.055994213155649446
1425,0.05553705399664448,0.055994055698003864
1426,0.055536988639739084,0.0559940565185023
1427,0.05553643972290912,0.055993891260132954
1428,0.05553599474999849,0.0559938456778816
1429,0.0555358734337219,0.055993853237766594
1430,0.05553511582718308,0.05599365266590086
1431,0.05553493678549438,0.055993492331270024
1432,0.05553442190893376,0.05599333540692359
1433,0.055533970301659616,0.05599330955089564
1434,0.055533646771034874,0.0559931282401549
1435,0.05553300633657551,0.055993158815413085
1436,0.05553293199207659,0.05599316232715086
1437,0.055532267109001165,0.05599314252724399
1438,0.055531870680559065,0.05599308098341311
1439,0.055531294489225676,0.05599302756721378
1440,0.05553104936535456,0.055993164486292615
1441,0.05553060312580377,0.05599296539865994
1442,0.05553004831362905,0.05599309529275697
1443,0.05552999079167905,0.055993117284685166
1444,0.05552923479834972,0.05599271734688112
1445,0.055529172250852694,0.05599273947584155
1446,0.05552884616949155,0.05599287463437354
1447,0.055528190872105726,0.05599252351300903
1448,0.055527686660101064,0.05599274360482668
1449,0.05552729183548754,0.055992598467055635
1450,0.05552710574175465,0.055992659899291294
1451,0.05552693839789921,0.055992622085673405
1452,0.055526389381733925,0.05599205787065951
1453,0.0555261639455414,0.05599187589628395
1454,0.05552584287992576,0.05599186125851034
1455,0.05552528471989613,0.055991789356320806
1456,0.055525254092836464,0.05599178445194135
1457,0.055525247757812514,0.055991791232076725
1458,0.0555250160000865,0.05599162919221379
1459,0.05552498241542433,0.05599163255633453
1460,0.05552491911103994,0.055991629306465895
1461,0.055524073729533045,0.05599160597206322
1462,0.05552345617303331,0.0559918937093681
1463,0.055523099298593004,0.05599157365290019
1464,0.05552277506027788,0.05599156819792378
1465,0.055522241697504804,0.05599157484930458
1466,0.05552189882754742,0.05599144760743824
1467,0.05552152454966583,0.05599113273912099
1468,0.05552150053857832,0.05599113274615711
1469,0.055521014981697286,0.05599104981229044
1470,0.05552059435432189,0.05599062316140788
1471,0.055520151569781115,0.055990334490330806
1472,0.055519407899312256,0.05599010447019213
1473,0.05551933998560723,0.055990109520273765
1474,0.05551858612833046,0.05598950966308895
1475,0.055517939132494656,0.05598908141113433
1476,0.05551724496106665,0.0559888632607139
1477,0.055516844511812505,0.05598895022010957
1478,0.055516167734546526,0.05598900207511888
1479,0.05551555311489196,0.05598908331588594
1480,0.055514978122489296,0.0559891635455516
1481,0.05551473539585252,0.05598917615746136
1482,0.05551424909878954,0.055989189290260054
1483,0.05551375814390521,0.05598923557812064
1484,0.05551353949347775,0.05598922705512367
1485,0.05551285862843195,0.05598901573064371
1486,0.05551227375492862,0.05598890707928756
1487,0.055511719001955104,0.05598901736818174
1488,0.05551132256253213,0.055989205975159176
1489,0.0555105568900601,0.055989138474203434
1490,0.05551042659996337,0.05598911432379781
1491,0.05550980347296575,0.05598878163487734
1492,0.05550955735683398,0.05598886141692573
1493,0.05550866294436006,0.05598862043933509
1494,0.05550789584476632,0.05598837774217681
1495,0.055507807315821035,0.05598838258108311
1496,0.0555070952689508,0.05598832711188584
1497,0.05550674369302982,0.055988271367224916
1498,0.05550615816193667,0.05598828320923293
1499,0.055505784040797417,0.05598847264052971
1500,0.05550499793841475,0.05598810391900948
1501,0.05550478505056352,0.05598816053929746
1502,0.05550422063135282,0.05598840627902295
1503,0.055503658648045885,0.055988107680680896
1504,0.055503070499784805,0.055988105289506755
1505,0.05550298790479631,0.055988120566688004
1506,0.05550263340929798,0.05598821784242263
1507,0.055502304604150274,0.05598795367121081
1508,0.05550221127342575,0.05598796207772434
1509,0.055502198906203004,0.05598796768921621
1510,0.055502134305675875,0.055987987792749314
1511,0.05550179949180841,0.05598797353409082
1512,0.05550165048841426,0.05598800206746179
1513,0.05550121651623463,0.05598795426576967
1514,0.05550116059834265,0.055987914016765984
1515,0.05550092705219274,0.05598788945163204
1516,0.055500924482143915,0.05598788945561402
1517,0.05550005140387502,0.05598786440670482
1518,0.055499556335570834,0.055987962396808415
1519,0.055499224226999586,0.05598804289937686
1520,0.05549918256950343,0.05598805427860759
1521,0.055498763100375506,0.055987902774371816
1522,0.055498644342693505,0.05598789001255324
1523,0.05549838424773208,0.055987814182494516
1524,0.05549835336320265,0.05598780644593289
1525,0.055498174355102584,0.05598775539884847
1526,0.05549767695482137,0.0559875912167006
1527,0.05549749972281703,0.05598744834203155
1528,0.055496867172093914,0.05598751389757677
1529,0.055496808964987945,0.05598751452374998
1530,0.05549621223619026,0.05598742489517278
1531,0.055496174941688174,0.05598742852496901
1532,0.05549587893850297,0.055987514811281336
1533,0.05549541182454238,0.055987057664155196
1534,0.05549471434857673,0.055986859414230435
1535,0.05549433152609699,0.0559868060658042
1536,0.05549427697945431,0.05598679919972525
1537,0.05549408678589503,0.05598674262620697
1538,0.05549376858097943,0.05598653449260414
1539,0.05549330628641991,0.055986495953698534
1540,0.055492828375308396,0.05598646677501684
1541,0.05549251335165918,0.05598636041326591
1542,0.05549199786213243,0.05598624874477742
1543,0.0554914871419528,0.05598613534235007
1544,0.05549136436459566,0.055986120109317423
1545,0.05549092020195354,0.055986515385254496
1546,0.05549089784072582,0.055986513713719654
1547,0.055490565721440226,0.05598642906713691
1548,0.055489949271094324,0.05598631638538217
1549,0.055489883184328105,0.055986300667755104
1550,0.055489840213800136,0.05598629915261029
1551,0.055489579826136434,0.055986509142138895
1552,0.055488984378756795,0.05598610776281265
1553,0.055488465992872785,0.05598595384384559
1554,0.05548828080602808,0.055985948500652236
1555,0.05548783792085863,0.0559860081288803
1556,0.055487524380405155,0.05598590328043181
1557,0.05548742594984494,0.05598586087446875
1558,0.055486924393405454,0.055985704816289276
1559,0.05548632019246741,0.05598555089543187
1560,0.05548571190521839,0.05598555691925652
1561,0.055485475076200906,0.05598552827944339
1562,0.05548538572793536,0.055985498576657154
1563,0.055484933216178096,0.05598531939446295
1564,0.055484830871207036,0.05598532349274907
1565,0.05548416214673698,0.05598503648566563
1566,0.05548411453254811,0.055984997909190246
1567,0.055483912059346274,0.0559849265720287
1568,0.05548321015431289,0.05598513293737806
1569,0.055483117401593306,0.05598513399263743
1570,0.05548263150921357,0.055985278213473676
1571,0.055482326703671564,0.055985273344789546
1572,0.055481960258491954,0.055985175699190766
1573,0.05548187223129872,0.055985184367151365
1574,0.055481746098962725,0.05598520239488274
1575,0.05548149294347816,0.055985121856156915
1576,0.05548137182137982,0.05598515044088714
1577,0.05548104960231058,0.055984975066122586
1578,0.05548061323818322,0.05598505346234083
1579,0.05548029923024479,0.05598496618608087
1580,0.055479713071792655,0.05598516398381505
1581,0.055479058029876724,0.05598526705025307
1582,0.05547839773528275,0.0559849237061276
1583,0.055478271288628415,0.05598494816926357
1584,0.0554775976001751,0.055985293566821075
1585,0.05547752180958172,0.05598530506960205
1586,0.05547744792329154,0.05598532520891734
1587,0.0554774065042805,0.05598531872054566
1588,0.055476590150948406,0.055985044300720314
1589,0.05547649761627859,0.05598504680854283
1590,0.055476186138847,0.05598504810689956
1591,0.05547611774557651,0.05598505061862981
1592,0.05547582802524708,0.05598513367062616
1593,0.05547544310825978,0.05598582270293686
1594,0.0554753956278325,0.055985811011769956
1595,0.05547511473691534,0.0559859191340545
1596,0.055474882736648176,0.05598589695250561
1597,0.05547436328191245,0.055985625213438715
1598,0.0554741031076526,0.05598570800702598
1599,0.055473747186399726,0.05598558878733885
1600,0.05547349289203533,0.05598581346407314
1601,0.05547295801338854,0.05598595990817395
1602,0.055472650725606656,0.055985676847210224
1603,0.05547227448725291,0.055985951860544204
1604,0.055472172875997254,0.05598586346489207
1605,0.055472144751675535,0.055985870116041975
1606,0.05547178567089161,0.05598609770009841
1607,0.055471357599610936,0.055986113982235505
1608,0.05547102659196772,0.0559858771804743
1609,0.055470426629893876,0.05598580426064649
1610,0.055469835437107894,0.05598561331763127
1611,0.055469424516015754,0.055985474735470844
1612,0.05546895308577693,0.05598540743030096
1613,0.05546868819757108,0.05598536400969142
1614,0.05546864390568544,0.055985341327391414
1615,0.05546857349724576,0.05598523718436455
1616,0.05546789140462827,0.055985321552518806
1617,0.05546739064277267,0.05598529322218878
1618,0.055467210526711455,0.055985234141009324
1619,0.05546701371175538,0.05598534826702097
1620,0.05546632971234684,0.05598552879824207
1621,0.05546617195767067,0.055985691322543794
1622,0.055465686540884025,0.055985785053389595
1623,0.055465092388312036,0.05598594459745635
1624,0.05546466793979363,0.055986120449338254
1625,0.05546456110649804,0.0559860843500439
1626,0.0554644402875355,0.05598605266790003
1627,0.05546390956135636,0.05598588650826628
1628,0.05546326739954951,0.05598568618381105
1629,0.05546281124808318,0.05598606556726217
1630,0.05546209885896008,0.05598604254799324
1631,0.055461858251085884,0.05598592586536592
1632,0.05546166907812128,0.055985945495591924
