0,0.1526243685539457,0.15280223913340837
1,0.14045145067776615,0.14063517881809484
2,0.12955511244112003,0.1297453224470519
3,0.12028470848490064,0.12048219964296633
4,0.11187001613141527,0.11204092319607824
5,0.10425301297661786,0.10440314850720296
6,0.09756079452617829,0.09770262128174337
7,0.09180123590766828,0.09193593534356062
8,0.08699718558755695,0.08712880523575288
9,0.08258041899187504,0.08268539131669987
10,0.07880922458116413,0.07889750945592437
11,0.07555836169390803,0.07564753204846536
12,0.07262175146394993,0.07270224333042023
13,0.07029815958769414,0.07037052560292263
14,0.06819634572458545,0.06826666023487697
15,0.06640497437399653,0.06646510129452816
16,0.0649083440941998,0.06495225721869811
17,0.06365492044000191,0.06368706697954347
18,0.06263432021682709,0.06267087500771416
19,0.061770821613909545,0.06179700033162731
20,0.06100439405701777,0.061025143498934974
21,0.06029231425465169,0.06030507497184162
22,0.059703925818607034,0.05970914175626401
23,0.05923278656176636,0.05923299150595596
24,0.05884800921763383,0.05884287500734949
25,0.058520099762687,0.058509062556677836
26,0.05824857196896492,0.058234350556885986
27,0.05802657198771368,0.058009068424865654
28,0.057833149080918,0.057814298627464025
29,0.05768640008583815,0.057666784877053
30,0.05755252516179948,0.0575306167572531
31,0.057439690728692344,0.05741475158744514
32,0.05734433850287618,0.05731698760530549
33,0.057275953665934146,0.057249271046878526
34,0.05720670327702544,0.05717830333058009
35,0.05715144149079792,0.05712047350668377
36,0.05709895638689277,0.05706674753823664
37,0.05706186785876725,0.05703091417308025
38,0.05702244267295945,0.056991500774584626
39,0.05698378896374037,0.056949745889230304
40,0.056947504561112305,0.05691255100613948
41,0.05691781456890738,0.056881654731331645
42,0.05689626052112422,0.056860902486311884
43,0.05687240990314478,0.05683431323626691
44,0.05684961132115316,0.056811064682339915
45,0.05683610402349616,0.056798685615766696
46,0.056818092308117754,0.05678107628556525
47,0.05680189505571796,0.05676507964271732
48,0.05678623770623605,0.05675087025238856
49,0.056771037725755674,0.05673553612266466
50,0.05675523659290188,0.056721119547309164
51,0.05674134808257744,0.05670883725466531
52,0.05673052343011755,0.05669829716673545
53,0.05671799360584957,0.05668542424035619
54,0.05670414346569192,0.056672057632030044
55,0.05669229784344622,0.05665883380363279
56,0.05667369187574341,0.05664152503620141
57,0.056666358674884745,0.056634018164505924
58,0.056655887330297715,0.05662489043060952
59,0.056646385969412266,0.05661775829456583
60,0.05663772513935733,0.05661282177883812
61,0.05662934014023898,0.05660686259218494
62,0.056623745526831776,0.05660256857240721
63,0.05661620671629618,0.05659577516528314
64,0.056608950513746176,0.05658872841859633
65,0.056600210656826355,0.05658030767638849
66,0.05659294297017812,0.05657409772655043
67,0.056585081659275734,0.05656705618320956
68,0.05657621417828853,0.05655951937306779
69,0.05657044426881944,0.05655492241937015
70,0.0565650658583339,0.05654865714245606
71,0.05655785175329548,0.056542142548873554
72,0.0565528582129735,0.056537630798534445
73,0.05654729146349735,0.056532503996599086
74,0.056541128821365,0.056527222768542
75,0.056530947289280195,0.0565173625590519
76,0.056526991170368114,0.056513140749984626
77,0.05652203545066287,0.05650854614046964
78,0.0565180230209598,0.0565048261559665
79,0.056512679087242716,0.05650037069706363
80,0.05650351298549289,0.05649121337817136
81,0.05649809177209249,0.056486013603185975
82,0.056491972767776566,0.05647981264601345
83,0.05648621018991628,0.05647802306692835
84,0.05647969328731007,0.05647141272205449
85,0.056473973920070704,0.05646803356551599
86,0.0564698281401421,0.056465393244945476
87,0.05646941284446164,0.05646513554549392
88,0.056465188303468965,0.056462010314438246
89,0.05646237058336501,0.0564587003702538
90,0.05645643964907364,0.0564528932363364
91,0.05645266151281032,0.05645052911958424
92,0.056448921163802436,0.05644844791454922
93,0.05644340877817773,0.05644410592697062
94,0.05644162507216801,0.05644270887038436
95,0.05643781662330968,0.056439203050522094
96,0.05643255357440372,0.05643512449108061
97,0.05642171598611223,0.056427454392029855
98,0.056417734183145815,0.05642545390060408
99,0.056415054260917925,0.05642322542016771
100,0.05641175886958271,0.05641892207100376
101,0.056409857112826624,0.056417479821783016
102,0.05640430131242646,0.056413342980498715
103,0.05640031512078109,0.056411105973546635
104,0.0563927742852026,0.05640733127866801
105,0.056389262088564374,0.05640399237569139
106,0.056386367872297935,0.05640316975105811
107,0.05638360814832137,0.056402014975408615
108,0.056381396117617645,0.05640000317643209
109,0.05637497149885065,0.05639348856706393
110,0.05637128200411057,0.05639283154503567
111,0.05636665168409285,0.05638881580904414
112,0.05636377885816947,0.05638701173843509
113,0.05636108252204089,0.05638602502527822
114,0.05635868427785463,0.0563850524528073
115,0.056355633580496,0.05638333798995837
116,0.05635160099405594,0.056380267918430885
117,0.056346988371809986,0.05637571783269553
118,0.056344018182376276,0.0563737223415043
119,0.0563391293539736,0.05636941349322199
120,0.05633626182002712,0.05636883548294049
121,0.056332194716046044,0.05636514711232154
122,0.0563297996954933,0.05636389171246094
123,0.056326729459575585,0.05636165911571314
124,0.05632365826228335,0.05635835974605896
125,0.05632093096387226,0.05635671888222936
126,0.05631778473645362,0.056354274073531094
127,0.056314862996694255,0.05635154450322011
128,0.05631156477097744,0.05634841006093427
129,0.05630918653590223,0.05634785883158215
130,0.05630628538902148,0.056346029177673985
131,0.05630116330881575,0.056343912906804426
132,0.05629472971609654,0.05633848411723763
133,0.05628978610006615,0.056334044999287416
134,0.05628664632967405,0.05633343390505772
135,0.05628269243789838,0.05633092985509631
136,0.056279067857940374,0.056328040037935644
137,0.05627619469472623,0.05632557819131755
138,0.056272975352619416,0.05632256962619419
139,0.05626819481524049,0.05631851304131686
140,0.05626440067223664,0.05631469094361322
141,0.05626272264561388,0.05631415167007564
142,0.056257685797571566,0.05630898295620577
143,0.05625442057246117,0.0563085797438442
144,0.05625091432935668,0.05630726500612132
145,0.05624640525974279,0.05630314824839332
146,0.056244111045200794,0.056301884741326184
147,0.056241498545914946,0.056299265084750374
148,0.056238475807423374,0.05629707462054996
149,0.05623482158069195,0.05629353315268225
150,0.05623078597495669,0.056291767509147314
151,0.05622904338193156,0.05629048120829048
152,0.056225574138199556,0.056287421661106334
153,0.056222275951070454,0.056283978484234026
154,0.0562189025332435,0.056284017146277836
155,0.05621545662111175,0.05628125089036427
156,0.056211611885634984,0.05628118583523987
157,0.05620829456509142,0.056280307460871974
158,0.056205431035283866,0.05627827554209827
159,0.05620413101554289,0.056277537840668336
160,0.05620096259766464,0.056275829798887574
161,0.05619893132936842,0.056274456491126335
162,0.056196573261102487,0.05627243124387701
163,0.056191932424893336,0.056268221171654156
164,0.056186549028865544,0.05626566880509486
165,0.05618404436796619,0.0562645489707947
166,0.05618236706011653,0.05626297123866419
167,0.05617977594869597,0.05626201572750441
168,0.05617736391162395,0.0562618392784873
169,0.05617496642454534,0.056259256628460645
170,0.05617366783015573,0.05625798950026829
171,0.05617052131351866,0.05625674663665845
172,0.05616787068859502,0.056256000470260976
173,0.05616580960296678,0.05625442596682455
174,0.056163038734173464,0.05625446031139466
175,0.056160024586990494,0.05625318072582707
176,0.056157511013076825,0.056252144569850324
177,0.056155923584696156,0.056250666251545345
178,0.05615263684871957,0.05624843931744421
179,0.056149769125839445,0.056245588184581294
180,0.05614766989705486,0.056244276001115645
181,0.056144300917812764,0.05624152742713546
182,0.056142572298218715,0.056241104950516756
183,0.056140422749976104,0.056239667068321196
184,0.056137761855204374,0.056238543937189446
185,0.05613657136694372,0.05623845447237062
186,0.056133981545975875,0.05623732357891086
187,0.056131409481692804,0.05623736693711958
188,0.056130012432246794,0.05623709542696906
189,0.05612900888258675,0.056236286374895916
190,0.05612590236066327,0.05623629819352709
191,0.05612418880404917,0.056235789944806595
192,0.05612277218010706,0.05623472099290272
193,0.056121248141387844,0.05623400038200486
194,0.056119726271272055,0.05623245750178278
195,0.05611778832453406,0.056231254743417315
196,0.0561143285454716,0.056230248968008295
197,0.0561134805185734,0.05622940218007235
198,0.05611079336388067,0.05622723430153397
199,0.056107569826908336,0.05622512493174058
200,0.056106893930854655,0.056225072794136785
201,0.05610361654077174,0.056222826078567455
202,0.05610101419304919,0.05622156933652831
203,0.0560985532849337,0.056220983247923254
204,0.05609642537787282,0.0562205259163364
205,0.0560949517799816,0.05622040472847379
206,0.056093831144158314,0.05622024495224613
207,0.05609292561903213,0.056219611162042674
208,0.05609186788305383,0.05621900845181053
209,0.05609122165907076,0.05621889870026745
210,0.05609029188247736,0.05621845719656783
211,0.05608706372686196,0.056215640382350766
212,0.056087025654394065,0.056215610072343165
213,0.05608483781349154,0.056215937319414336
214,0.05608127890480863,0.05621375566836261
215,0.056081120936096546,0.05621363375266014
216,0.05607948891021909,0.05621269464624428
217,0.05607692549681412,0.05621123418597119
218,0.056074611796309036,0.05621062276848058
219,0.05607201351940897,0.05620964147222017
220,0.05607200642804382,0.05620964148900417
221,0.056070632535234866,0.05620887057554689
222,0.05606810135846797,0.056208641929364304
223,0.056068068687480384,0.05620861556764954
224,0.05606540426720714,0.056207055491007234
225,0.05606396815254221,0.056206618689670584
226,0.056063321919384436,0.056206386695485534
227,0.056061226154547825,0.05620601948930181
228,0.05605883864936097,0.05620553501509541
229,0.0560577688517779,0.05620538156471662
230,0.05605674588083474,0.0562048243965167
231,0.05605476179740032,0.056204589993836665
232,0.056052908543410544,0.05620350332820626
233,0.05605037001948831,0.05620377967432614
234,0.05604806692336818,0.05620317265347448
235,0.05604797760182753,0.05620316611697799
236,0.05604602921780448,0.05620376994122777
237,0.056044069491333476,0.05620311930875717
238,0.056042007970273616,0.05620202310949589
239,0.05603957085919449,0.05619938200617268
240,0.05603806060063816,0.05619814581045433
241,0.05603567327896516,0.056197302328806396
242,0.05603195544922588,0.05619378378040208
243,0.05603072598368682,0.05619398247630591
244,0.056029740263389693,0.056193733475913936
245,0.05602758733397456,0.05619276077452998
246,0.05602584522210744,0.05619194818871272
247,0.05602581947824529,0.05619196357981273
248,0.05602235845807654,0.056189924358344426
249,0.056020322463024,0.056187252033370695
250,0.05601824968736918,0.05618681816378812
251,0.0560168416510762,0.05618678973459978
252,0.05601480971791609,0.05618577144100189
253,0.05601269483293835,0.05618527506139353
254,0.05601018327957555,0.05618401540037714
255,0.05600860602413642,0.056183612087686345
256,0.0560068081709449,0.05618355295733612
257,0.05600554833631524,0.05618232355159741
258,0.05600341712705372,0.0561802674137506
259,0.056001323045283755,0.05617882108194298
260,0.055999704023840954,0.056178767559203355
261,0.05599810379801021,0.05617845684261243
262,0.05599642373295387,0.05617677733655798
263,0.05599237519989834,0.05617444194704397
264,0.0559896178941411,0.056172811219626397
265,0.05598682648612498,0.05617190094068039
266,0.05598408532866609,0.05617034957259148
267,0.055981679128377045,0.056170340275112085
268,0.05598049843430692,0.056169828016132364
269,0.05597898366617222,0.056169490078158864
270,0.055977724673958944,0.05616981008608999
271,0.05597610026039691,0.05616844016556251
272,0.055974331504777604,0.05616822953538728
273,0.05597303456294964,0.0561678160893678
274,0.055971450600514304,0.05616723001866348
275,0.05596948918834072,0.05616610379338787
276,0.055967783080947964,0.056166013565072795
277,0.05596619950968521,0.05616532564774241
278,0.0559627649356097,0.05616203610553678
279,0.05596211354662529,0.0561618335862979
280,0.05596038870470259,0.05616057613608622
281,0.0559584256094763,0.05616015393084001
282,0.05595818399853572,0.05616019981606208
283,0.055956662633013646,0.056160405223175974
284,0.05595479547522094,0.056159755135635224
285,0.05595368157967449,0.056159878650317
286,0.05595221275381529,0.05616000136159344
287,0.055950916690977466,0.056159884140705156
288,0.055950089694136826,0.05615987180535548
289,0.05594871736357407,0.05615952458363949
290,0.055946893224263744,0.05615943516363047
291,0.055944882590693565,0.05615873779896036
292,0.055942943247819836,0.05615828373469071
293,0.05594193442830606,0.05615834542448567
294,0.0559400703394893,0.05615782143652418
295,0.05593793537227865,0.05615777560979693
296,0.05593436744641102,0.056155910808155365
297,0.0559320085406103,0.05615622558008241
298,0.05593002876436646,0.0561562429149362
299,0.055929313269263876,0.056155382023207
300,0.05592790635640115,0.056155607211311964
301,0.055927900419268026,0.05615560865309675
302,0.05592542999873029,0.056155102520878394
303,0.0559245794152289,0.05615480354438783
304,0.05592250200850407,0.05615330700022926
305,0.055920458281679526,0.05615238484810871
306,0.055918504522846316,0.056152056784850336
307,0.05591675937726884,0.056151501486888085
308,0.055915838065948395,0.05615104957303641
309,0.05591444028665287,0.05615055624635451
310,0.05591279596166586,0.056150539468896636
311,0.055910638732412254,0.05614975888560156
312,0.05590908279861055,0.05614930267675295
313,0.05590874451256581,0.05614931749726722
314,0.05590706037510911,0.05614956448540144
315,0.055906547928219766,0.05614940911382115
316,0.05590449334010368,0.0561482737072246
317,0.055904294620031464,0.05614827228335908
318,0.055904010355955935,0.05614844963875882
319,0.055903296797783934,0.05614837312742823
320,0.05590185166364295,0.056148072024441886
321,0.0559003939333949,0.05614787583589672
322,0.05589879947790376,0.05614769781432249
323,0.05589733231980278,0.05614673191852912
324,0.05589499417917504,0.05614666503289911
325,0.05589472035628739,0.05614669727940391
326,0.055893701633612305,0.05614645822619356
327,0.05589214985554906,0.05614596520583098
328,0.05589145761313201,0.0561460916081483
329,0.05589002686199186,0.056145964720943596
330,0.055888403377223554,0.05614511972258987
331,0.05588661536243071,0.05614414240679288
332,0.055884371285373234,0.056143140304899475
333,0.05588265219835289,0.05614254008303621
334,0.05588125767650963,0.056141907735595846
335,0.055880213295229915,0.0561416260462848
336,0.05587833346673028,0.056141890689361214
337,0.05587754136266994,0.05614176663273821
338,0.055877334034384114,0.05614177884846964
339,0.055875348480104545,0.0561412883148787
340,0.05587421709296472,0.05614086786757112
341,0.05587182208608178,0.05614059267518942
342,0.05587118220710531,0.05614086272358291
343,0.055868733505934035,0.056139515141144784
344,0.05586815923138884,0.05613943435246315
345,0.05586691526117315,0.05613921992564587
346,0.05586517090947138,0.056138519349296034
347,0.0558626753549889,0.05613707990987315
348,0.0558612984649378,0.056135900085838755
349,0.055860144211091756,0.05613563457341079
350,0.055859179832198895,0.056135466100275394
351,0.05585817114206284,0.056135230254891304
352,0.055856936660572294,0.05613525387303241
353,0.055856211191141654,0.056135270354549724
354,0.0558545775736465,0.05613475441858057
355,0.05585371281596416,0.05613485972763178
356,0.05585166176809167,0.05613382782845717
357,0.05585089580887022,0.056133594565354404
358,0.055848960609471164,0.05613338894061087
359,0.055848021005558815,0.05613333491130988
360,0.05584713785683998,0.056132846183941106
361,0.055846457779301244,0.05613251465159309
362,0.055844533941708394,0.0561326412936686
363,0.05584289208600711,0.056131434929035995
364,0.05584231350076258,0.05613107801911259
365,0.055840609343942325,0.05613067322551934
366,0.05583848039902736,0.05612985176767841
367,0.05583690053167074,0.05613009221209268
368,0.055836331059766674,0.05613048307968991
369,0.055835865031774595,0.05613074236844139
370,0.055835465708922234,0.05613053337220705
371,0.055833231141397606,0.05613024527727714
372,0.055829314987359234,0.05612756354852508
373,0.05582817077429581,0.056127134706003265
374,0.055826911782269575,0.05612660202848166
375,0.05582496538893224,0.05612580707133411
376,0.055823379978903305,0.056125411776073414
377,0.05582291770961843,0.05612537154779955
378,0.055821807901978694,0.05612511889082457
379,0.05582027855570231,0.05612460023021077
380,0.05581893866758596,0.056124551891281994
381,0.0558173119823374,0.056124808563090704
382,0.055815232096379515,0.05612416975705672
383,0.055813600763287785,0.05612396619660567
384,0.055812636734493916,0.056123869686219824
385,0.05581087769837837,0.05612387382872119
386,0.05581013644049702,0.05612380876913378
387,0.05580921554185121,0.0561237070983365
388,0.055808740323792176,0.05612375690205333
389,0.05580639457064977,0.05612250343212613
390,0.055805203991008315,0.0561224653439188
391,0.05580450100774106,0.05612232943958992
392,0.05580338333145817,0.05612237286603347
393,0.055801875502178695,0.056122508076189154
394,0.05579930389383465,0.056121600962067274
395,0.055797928727869324,0.0561209990141446
396,0.055797271622810056,0.05612068949087826
397,0.05579592496142694,0.05612074697509111
398,0.0557942822686269,0.05612078119729441
399,0.05579162410628043,0.05611966365267047
400,0.05579024116339987,0.05611910145755586
401,0.05578753402899821,0.05611911516502316
402,0.05578598569583757,0.05611840583718275
403,0.0557844243696488,0.056118542400654156
404,0.055784068600320924,0.05611858765228262
405,0.05578355756209857,0.056118602729241206
406,0.05578228149005509,0.05611836378311998
407,0.055780883498636684,0.05611883818561436
408,0.055779164773333174,0.056118681860723496
409,0.055778886641331876,0.05611855625945872
410,0.05577686738349123,0.0561179342722202
411,0.05577583527430214,0.05611787989926161
412,0.05577571760150443,0.05611783182127319
413,0.05577392362423812,0.056116505862506265
414,0.05577222074824184,0.056116227945659826
415,0.05577075692239439,0.056115990757267954
416,0.055769894068933526,0.05611600828332279
417,0.05576829060892428,0.05611624934716885
418,0.05576799048670807,0.0561161468846166
419,0.05576730906164597,0.0561159008338533
420,0.055766497399414215,0.05611539135122302
421,0.055764731728291245,0.05611475464897379
422,0.05576324131874382,0.05611514700473142
423,0.05576314354788449,0.05611514895222216
424,0.05576191312494876,0.05611460760066097
425,0.05576027379564919,0.05611430659312941
426,0.05575949239769505,0.05611424587075078
427,0.0557580787389023,0.0561142418039626
428,0.055756713643829836,0.05611356914933437
429,0.05575557631431933,0.056113184459322105
430,0.05575475899273397,0.056113284761775926
431,0.05575315925734086,0.056112953174592535
432,0.055751598269829915,0.056112263151240724
433,0.055749624732029046,0.05611155115279528
434,0.05574819743485737,0.05611137066619141
435,0.05574693755976825,0.0561111066356504
436,0.05574557304979077,0.056110943770169015
437,0.05574405761262059,0.05611053036887573
438,0.055742992974235725,0.05610973151372099
439,0.05574177428613189,0.0561097638976741
440,0.05574174917904919,0.05610976317820158
441,0.055740614298049856,0.05610939954459824
442,0.05573838764937343,0.05610869455781758
443,0.05573630505869985,0.05610958401688287
444,0.055734821970974666,0.0561094402830916
445,0.05573383179379163,0.056109030927954065
446,0.05573187215735918,0.0561075325705924
447,0.055730103491961246,0.056106499218642386
448,0.055729261376919415,0.05610615729569854
449,0.05572793916844846,0.05610611464336685
450,0.055727227938498713,0.05610613537590856
451,0.05572541800898978,0.056105914735987646
452,0.055724420777204194,0.05610595140245543
453,0.055722843357865356,0.056106003672337056
454,0.055721424044474194,0.05610613097772442
455,0.05572092430154027,0.05610596977274801
456,0.05572081300146029,0.05610600972355056
457,0.05571915240135666,0.05610617444547109
458,0.05571736931751951,0.05610658287313424
459,0.05571698665885429,0.05610617546771892
460,0.05571553931353475,0.056106229360844154
461,0.055715483252411886,0.056106225940974364
462,0.05571418734882307,0.05610627755352721
463,0.055714178290791824,0.0561062775692363
464,0.05571270742181091,0.05610602123187186
465,0.055712214410998766,0.05610620454969717
466,0.05571101128364894,0.05610584098460347
467,0.055710901590023974,0.056105864736154414
468,0.05571077315410986,0.05610577993082022
469,0.05570958521877274,0.05610534708834544
470,0.05570791539209157,0.056105094482930544
471,0.05570606720023424,0.05610543743525966
472,0.05570447644405241,0.05610531789610878
473,0.05570266128300555,0.05610465349096516
474,0.05570260056846892,0.05610463820732602
475,0.05570239333081992,0.05610467328100846
476,0.055700879895654094,0.05610351371589901
477,0.05569986113712931,0.056103617552426925
478,0.0556985181743121,0.05610304935262331
479,0.055697273258222726,0.0561026942460766
480,0.055696004690657955,0.05610270510287553
481,0.05569411440200535,0.05610242304453467
482,0.05569199880123951,0.056101350490433084
483,0.05568984766114158,0.05610015250940379
484,0.05568843630432612,0.056100312898075835
485,0.055687187435697956,0.056100520275597726
486,0.05568713396255464,0.05610050535513571
487,0.055685668740791776,0.05610046445374418
488,0.0556854919142542,0.05610039347084375
489,0.055683903236188194,0.056100003992400324
490,0.055683170085792516,0.056099893781017665
491,0.0556821393358381,0.05610020845394866
492,0.055680983036430626,0.0561003506830354
493,0.055678897240732404,0.056098255885199656
494,0.055677779439065045,0.05609848599381373
495,0.05567653707256266,0.056098185213069585
496,0.05567555396631266,0.05609801224079295
497,0.05567427556000554,0.056098446710763965
498,0.055672873870969364,0.05609811279625019
499,0.055670835998082695,0.056097240495762174
500,0.055669170689960475,0.056096883562508346
501,0.05566821133636314,0.05609671104396576
502,0.05566693638452405,0.056096290168587304
503,0.05566381065864104,0.056094921083742255
504,0.05566209703153415,0.0560948048456163
505,0.055660350988047204,0.05609405637331574
506,0.05565889199042837,0.056093818628431165
507,0.05565880502146717,0.05609386249470602
508,0.05565722798759723,0.056094482984874336
509,0.055655584386039764,0.05609435067661432
510,0.05565422497768383,0.05609412964392792
511,0.05565269436849174,0.05609399471748205
512,0.05565158969858732,0.05609428868096503
513,0.0556515257401734,0.056094290345101515
514,0.05564981381478295,0.05609391386493658
515,0.055648602957742314,0.05609365700987765
516,0.055647324646987815,0.05609315063561043
517,0.05564701559475395,0.0560930506740848
518,0.055645910548794225,0.056092793114026006
519,0.05564498619908672,0.05609264647124228
520,0.055643781256581266,0.05609262116922904
521,0.05564351887588824,0.05609256576054675
522,0.05564200429331109,0.05609190902023181
523,0.05564096278985334,0.05609196271539832
524,0.05563945404683511,0.056092407304480306
525,0.055639283320628855,0.05609240222117053
526,0.055639192253054574,0.05609231533144707
527,0.05563865632697686,0.05609227821284079
528,0.055636726692323904,0.05609116129841534
529,0.05563561765488895,0.056091344037137086
530,0.05563459160201414,0.05609119313821557
531,0.055632851377741876,0.056091173036863715
532,0.05563109044922294,0.05609102267802531
533,0.055629179159076496,0.05609022322495909
534,0.05562870620304856,0.05609027474140256
535,0.05562681946157281,0.0560905272450494
536,0.055624482313336505,0.05609015382694628
537,0.055623450137199035,0.056090126687368
538,0.05562238386738837,0.0560905629424372
539,0.0556210897317299,0.056090860244765256
540,0.05561964670976528,0.056090632219274794
541,0.055617654239729954,0.056090556222078744
542,0.055616827572445286,0.056090501130489585
543,0.05561574668359161,0.05609111580278322
544,0.05561440363243875,0.05609054712680764
545,0.055612993317100845,0.05609133044785103
546,0.05561158705580034,0.056091001249096696
547,0.05560971704051254,0.056089477281286354
548,0.055609567306184354,0.056089646450280486
549,0.05560876795189144,0.05608985478766163
550,0.055607825300124376,0.05609063133830006
551,0.055606631637242165,0.05609076389569175
552,0.05560537121678768,0.05609052847128026
553,0.055603731843746125,0.05609061662027886
554,0.055602672332909005,0.05609060174425034
555,0.05560158442147008,0.05609084362980572
556,0.05560092278787864,0.056091150351656203
557,0.05559928776866591,0.05609041137016788
558,0.05559844328040071,0.056091287271140496
559,0.05559754655353779,0.05609084180875088
560,0.05559629334297764,0.05609028659364565
561,0.05559554144489022,0.056090154989740335
562,0.05559417670507185,0.0560908449539189
563,0.055593786431171716,0.056090992371087015
564,0.05559251772034955,0.056091116156902
565,0.05559096167698466,0.05609097915910662
566,0.05559065471782732,0.056090980659414154
567,0.055588828876134366,0.05609061884974875
568,0.05558757066838803,0.0560907614891991
569,0.05558598908937636,0.056089812310662665
570,0.055585062051052944,0.056089768977945625
571,0.05558356623361443,0.05608950190191788
572,0.05558328035768417,0.05608943009295956
573,0.055582306050312766,0.05608925564992054
574,0.055580620001095045,0.05608889525757857
575,0.055579764718557044,0.0560891498778197
576,0.05557833774532655,0.05608904666936149
577,0.055577276063790315,0.05608912489252906
578,0.05557585039847467,0.056089324753757296
579,0.05557510946294782,0.0560891891567718
580,0.05557371503777524,0.056089424907128274
581,0.05557214325539268,0.0560891311360257
582,0.05557074216089056,0.05608886010624782
583,0.05556916794656536,0.05608818770001117
584,0.05556865271649676,0.056088270503732926
585,0.055568293645226,0.056088290224293416
586,0.05556828243432137,0.056088290249396905
587,0.05556774782895149,0.05608826050652374
588,0.055566518205021155,0.05608827150486498
589,0.05556563073784503,0.056088080467174714
590,0.05556483089676599,0.05608846902124311
591,0.0555636257138487,0.05608844061957467
592,0.055562362289666864,0.05608793563124897
593,0.055561330735607456,0.05608817456200644
594,0.05556108862466634,0.056088128652192724
595,0.05556049015624513,0.05608804138176501
596,0.05555941286127405,0.05608784813866149
597,0.05555831739061504,0.05608786852736844
598,0.05555761571588989,0.05608814493480923
599,0.05555692125847347,0.056087945021053034
600,0.055555802137081736,0.05608779629686388
601,0.055555251319573805,0.05608795593579822
602,0.055554465776708695,0.05608815508888032
603,0.055553890714769336,0.05608824237393459
604,0.05555222054694576,0.05608776767638845
605,0.055551373489980835,0.05608685223064716
606,0.05554999323872675,0.056086943556835744
607,0.055549430645405865,0.05608700534454106
608,0.0555485152668805,0.05608716838287705
609,0.055546966016921356,0.056086858524066814
610,0.05554532187599787,0.056086214731251
611,0.05554471740318579,0.056085845099288864
612,0.05554269986699174,0.05608530089279109
613,0.05554244742567148,0.056085134308885384
614,0.05554120727486576,0.056085263222942716
615,0.05553962216859719,0.05608474425099675
616,0.05553889125491783,0.05608451772540708
617,0.05553885123271763,0.05608452582685266
618,0.05553878292398442,0.05608457867720176
619,0.05553711501339068,0.05608502798314044
620,0.05553511032228585,0.05608443557075579
621,0.055533967822838294,0.056084509796527134
622,0.05553285226372289,0.056085163908021846
623,0.055531792777312954,0.05608517695644632
624,0.05553139866170567,0.05608529341421228
625,0.055530757604902364,0.05608511297416972
626,0.055529699840625245,0.05608543763654772
627,0.05552647379602366,0.056083701718188335
628,0.05552440686007503,0.05608401909664972
629,0.05552334723259595,0.05608310087287702
630,0.05552148951142466,0.056082382921672794
631,0.05552000813762732,0.056082444330928564
632,0.05551796607910756,0.05608062352773764
633,0.055516660510949604,0.05608010325505138
634,0.055515313888757294,0.05607915852013125
635,0.05551388637073989,0.05607852176348622
636,0.05551328910694948,0.05607836648859544
637,0.055512224855371675,0.05607839755616536
638,0.055511228307827995,0.056078562429442806
639,0.05551032964917524,0.056078512483014896
640,0.05550937065510264,0.05607823902000196
641,0.05550826602916287,0.05607823341362555
642,0.05550744647834912,0.05607817808291909
643,0.05550645730902786,0.056078034671726014
644,0.0555060053941897,0.056077945253712895
645,0.05550565501567804,0.05607778032042023
646,0.055505406508480896,0.05607780675417301
647,0.05550536245540736,0.05607779864964225
648,0.05550455782996027,0.056077540067924786
649,0.0555036424372448,0.0560778045577628
650,0.05550211187666385,0.05607775096065205
651,0.0555012561623151,0.05607755726173185
652,0.05550056426692936,0.05607774042735722
653,0.05549980764770532,0.05607760430066828
654,0.055498763775390376,0.056077719925271094
655,0.05549821948270127,0.05607742203317193
656,0.05549734907434732,0.05607756850278445
657,0.05549655909040589,0.05607746199600114
658,0.055496551366286,0.05607746187005448
659,0.055495537940509945,0.05607732345711029
660,0.0554945153912596,0.056077412254208876
661,0.05549315903914793,0.05607705769229108
662,0.05549232647212226,0.0560767876946201
663,0.05549138182158892,0.05607623287346686
664,0.05549116593693354,0.056076170771128406
665,0.05549020365695557,0.056076265037923276
666,0.05548880779625803,0.056075725562421984
667,0.05548838067302377,0.05607567535694058
668,0.055487254788974226,0.05607545030224221
669,0.05548554551446427,0.056075145916306475
670,0.055484236656623095,0.0560747161237044
671,0.05548349926108086,0.05607513752601304
672,0.05548161470268247,0.056074882856095215
673,0.0554797963595023,0.056074816515987044
674,0.05547839524724152,0.05607525862731342
675,0.055477555743070714,0.05607480965807811
676,0.05547753861149695,0.05607480462841972
677,0.05547691536984488,0.056074825198362585
678,0.05547491146748156,0.05607321826349906
679,0.05547388283642508,0.056072729018020365
680,0.055472798034390064,0.05607289659019308
681,0.05547192595368306,0.05607308585571088
682,0.05547105046806712,0.05607346954538228
683,0.055469794696348614,0.056073167143845436
684,0.05546889821413998,0.056073060443584254
685,0.05546755321765345,0.056072951934379084
686,0.055467055400847724,0.056073117715074956
687,0.05546585319028901,0.056073053276180874
688,0.0554654908076492,0.056073291607868926
689,0.05546374399083,0.05607356359395186
690,0.055462389443447266,0.05607303154152612
691,0.05546107660027999,0.05607268708290125
692,0.05545926037681347,0.05607262358243088
693,0.05545745182755608,0.05607253652191935
694,0.055456128681883904,0.056072509568867
695,0.05545492431285986,0.05607267110907932
696,0.0554535686001435,0.05607286192323964
697,0.055453005113523836,0.05607302761425998
698,0.05545200334796337,0.05607352899508721
699,0.05545123806918373,0.05607370802498804
700,0.05544954064055776,0.05607416531565665
701,0.05544854673188009,0.056074166778290406
702,0.05544851465483906,0.05607415354864083
703,0.05544753779633481,0.056074212661646694
704,0.055446063807944014,0.05607425878834397
705,0.05544460499622443,0.056074228129836555
706,0.05544347868177214,0.05607443677412893
707,0.0554426766493176,0.05607484053334281
708,0.05544123594147984,0.05607537360704302
709,0.055439179758101455,0.056073271932714074
710,0.05543915883744639,0.05607325886565842
711,0.0554384052653327,0.05607325628310462
712,0.05543737769400491,0.05607307917592756
713,0.0554366718777922,0.0560735243490775
714,0.05543526158796241,0.05607311410028762
715,0.05543413317533224,0.056072966241373486
716,0.05543267196706342,0.05607333898585573
717,0.05543180915755663,0.05607348764748468
718,0.05543056749877042,0.056073401681267857
719,0.05543044917630445,0.05607335343869061
720,0.055429910718190874,0.056073566691088074
721,0.05542883327691685,0.05607378760251163
722,0.05542786636736748,0.05607353210344291
723,0.05542689717269369,0.05607369262519265
724,0.0554258748539187,0.056073677437698886
725,0.05542401540401937,0.056072780455720776
726,0.05542297769120062,0.056073529434715476
727,0.05542090996624236,0.05607276549533251
728,0.055419974576831364,0.05607308083992948
729,0.055418495640903176,0.05607298802555717
730,0.05541641143703618,0.056072034623064065
731,0.05541557104573137,0.05607234738548686
732,0.05541467408835933,0.05607231105413983
733,0.05541411522102421,0.05607226154538965
734,0.055413928720907286,0.05607197188965455
735,0.05541302393269171,0.05607224395246313
736,0.055411859173319415,0.056072410597680124
737,0.055410558394535,0.05607220829789979
738,0.05541004473894353,0.05607223436425091
739,0.05540874422754883,0.056071840806738604
740,0.05540812256765164,0.05607226480428144
741,0.05540708434220622,0.05607212791542932
742,0.055406700633968395,0.05607206707705563
743,0.055405369972708805,0.05607282216825259
744,0.05540422579206352,0.05607284767116823
745,0.05540394884314196,0.05607305451618199
746,0.055402794431893505,0.056072953904863006
747,0.05540168417692038,0.056072682766674174
748,0.0554008285928765,0.05607302013914858
749,0.05540047005083872,0.05607293677312191
750,0.055399274395998024,0.056073296447459446
751,0.055398197357569616,0.05607346824985472
752,0.05539698133205154,0.056072904327709075
753,0.055396516514544476,0.056072973375392944
754,0.055395710348618996,0.056073193354375064
755,0.05539509603750954,0.05607307116247553
756,0.05539427964663871,0.0560732482657436
757,0.055394279451388605,0.056073248275720584
758,0.055393157751055674,0.05607310816321592
759,0.05539279175296116,0.056073022291706846
760,0.05539198411679973,0.05607315359427532
761,0.0553905972872734,0.05607320599490154
762,0.05539035046269209,0.056073186433157264
763,0.055389105006559664,0.05607290023138742
764,0.05538831051332328,0.056072939128823523
765,0.055386672159171285,0.05607297138701825
766,0.05538571266484103,0.056072862420047574
767,0.0553846695606132,0.05607251728567793
768,0.05538438431366039,0.056072476143971046
769,0.0553827828007964,0.056072113993724415
770,0.05538167471916978,0.05607221044454216
771,0.05538135356602212,0.05607236706652069
772,0.055379780244726104,0.05607153700670411
773,0.055378456437663856,0.05607158317024693
774,0.05537721170293772,0.056072072319860874
775,0.055376125881490476,0.05607267945737004
776,0.05537546954176254,0.05607251110551144
777,0.05537432131250441,0.05607260344338893
778,0.05537306276174128,0.056072214818009454
779,0.05537226733920164,0.05607173990752111
780,0.0553712809286423,0.05607162431696899
781,0.05537002848636326,0.05607157306779415
782,0.05536860131148584,0.056071770191513666
783,0.055367719379554044,0.056071867487085696
784,0.055366738459012306,0.056071456892015474
785,0.055365520557530495,0.05607132272645371
786,0.055364363154471206,0.05607129945541966
787,0.055363292813841974,0.056071583498687926
788,0.05536213485457162,0.056071556565688664
789,0.05536094161856695,0.05607124011937261
790,0.05536078665870704,0.05607130478507427
791,0.055359489619200966,0.05607129259825257
792,0.055358655589486154,0.05607132035627175
793,0.055357544773263705,0.05607175246621942
794,0.0553563939600412,0.056071934082176055
795,0.05535525224406228,0.056072358340605546
796,0.05535461374614889,0.05607223662706379
797,0.05535352766925551,0.056071454987663354
798,0.05535296084058911,0.05607136336063201
799,0.05535115500638725,0.056070028852406466
800,0.055350238086299755,0.05607001494966949
801,0.05534911236263915,0.05607022452318863
802,0.05534773881085507,0.05606994537439533
803,0.055346574243754776,0.056070377647227554
804,0.055345619586152216,0.0560710514774604
805,0.05534497634368622,0.056070955771786536
806,0.05534355298170447,0.05607089121281801
807,0.05534236469845633,0.05607099747488791
808,0.05534222103951002,0.056070929557636574
809,0.055340826208740534,0.05607153965251459
810,0.055339924041445866,0.05607117118842246
811,0.055339019394613616,0.05607072840926953
812,0.05533689755951639,0.056069919159766786
813,0.055336322984930325,0.05607015032136954
814,0.05533561214731174,0.05607023330949998
815,0.05533461742551983,0.05607018350346212
816,0.0553342143960482,0.05607002799585204
817,0.055333678104413066,0.05607009016304664
818,0.05533226724625601,0.056069429590765454
819,0.05533101900813873,0.05606973211807869
820,0.055329802865385885,0.05606977822679685
821,0.05532911530809604,0.05606946632587472
822,0.05532802876027146,0.056069477203682966
823,0.055327444568533925,0.05606950681063871
824,0.05532639360264735,0.05607030692872213
825,0.05532578391941423,0.05607010189915176
826,0.055325049670782035,0.05607043723054899
827,0.05532470907976185,0.05607056535921175
828,0.05532379616562219,0.056070625012168446
829,0.0553225744757672,0.05607062994076776
830,0.055322256450757154,0.05607062027880155
831,0.05532183596291362,0.05607047201910201
832,0.055321772971052285,0.05607046976009427
833,0.05532053194196696,0.05607055195126516
834,0.05532019147948703,0.05607050071658547
835,0.055319420814596135,0.05607110985743744
836,0.055318389905444715,0.056071038593825444
837,0.05531704072728363,0.0560709583903273
838,0.055315653599051065,0.05606968854547312
839,0.05531506242828381,0.0560699009905824
840,0.05531425476065892,0.056070249828831506
841,0.05531303712995301,0.05607028311199623
842,0.055311782590825274,0.05606959901643396
843,0.05531075543095133,0.056069773391027214
844,0.05530956500127435,0.05607036473195576
845,0.05530902914191362,0.056070808929359256
846,0.05530791798937331,0.05607148360641663
847,0.05530700708438223,0.05607137724215214
848,0.05530592502763322,0.056070851975601424
849,0.05530579704961078,0.056070874163287696
850,0.055304730286735874,0.05607105113957452
851,0.05530399622479091,0.05607111581779826
852,0.0553020019967485,0.05606960544451185
853,0.05530123527603649,0.05606962065272522
854,0.0553009879615488,0.05606961112716057
855,0.05530003019034319,0.05606960280417853
856,0.05529973730635209,0.056069662808983865
857,0.05529783420073538,0.05606902934274579
858,0.055297236155978646,0.05606910290789104
859,0.05529633929049431,0.056069050519944125
860,0.0552952250546913,0.05606897904221772
861,0.055293699775352256,0.056069504408046485
862,0.0552929107076806,0.056069554701909274
863,0.055291771856409516,0.05606943184877103
864,0.05529099826947332,0.056069640245370936
865,0.05528988701430963,0.056069608044651435
866,0.055289248856127966,0.05606957971697378
867,0.05528916615132554,0.05606958838496169
868,0.05528913747267147,0.05606960402768612
869,0.05528775068448622,0.05606973453076661
870,0.05528749154886138,0.0560697544033258
871,0.05528597773551455,0.05607000234265261
872,0.05528568321498124,0.05606999718016532
873,0.05528457195706361,0.05606986427428671
874,0.05528360873049247,0.05607063335506375
875,0.05528269526940243,0.05607036879200184
876,0.055281741520997185,0.056070439770485626
877,0.05528094416618599,0.05607014210368058
878,0.05528065964990245,0.05607012768220172
879,0.05528008482307203,0.05607051739277276
880,0.05527906063425773,0.056070364608376964
881,0.05527807096165065,0.056070444470912854
882,0.05527668595870016,0.05606951754963717
883,0.05527658689105889,0.056069558066560186
884,0.05527612308328837,0.056069436624433686
885,0.0552749123887849,0.056069252968510605
886,0.0552741932685018,0.05606980446359559
887,0.055273529814465566,0.05606966927213943
888,0.055273314530551176,0.05606961176492033
889,0.055272295908395455,0.056069169867638005
890,0.05527124278435432,0.05606920796985024
891,0.05527043349350036,0.05606881550105653
892,0.055269394460732035,0.056068870793601296
893,0.055268476192573524,0.05606909324768543
894,0.05526747327812339,0.05606947157733019
895,0.055266492886544574,0.056069499094802785
896,0.05526524719864287,0.056069287562824525
897,0.05526420629264827,0.05606976626213108
898,0.055263408320265044,0.05607011404220058
899,0.05526205409321934,0.05607017082619421
900,0.05526187841074815,0.05607015381030731
901,0.0552606327520164,0.056070254250746694
902,0.05526049528003179,0.056070323404367906
903,0.055259538483558315,0.05607033035459261
904,0.05525902954249487,0.05607051882403869
905,0.055258045484301486,0.0560705765264068
906,0.05525708886699555,0.05607025842554906
907,0.05525598798230053,0.05606999233747783
908,0.055255218864019726,0.05606998921562992
909,0.055254182456112674,0.05606996650073109
910,0.05525324599871802,0.05607016727282182
911,0.055251912969178765,0.05607041624846477
912,0.05525095204248082,0.05607088286767082
913,0.0552488342671187,0.05607018491360092
914,0.05524871456838678,0.05607017293226739
915,0.0552473494554344,0.05607077825367126
916,0.05524609253168154,0.056070421839198206
917,0.05524603151571317,0.056070494500665556
918,0.055245995339520015,0.05607049269519225
919,0.055244898704383,0.056070662382968456
920,0.055243838017538106,0.05607028920668789
921,0.0552428071550396,0.056070717925523
922,0.05524171833448337,0.05607069145005841
923,0.055241117025674524,0.05607048406347832
924,0.05523983085803739,0.05607010583693974
925,0.055239570199298704,0.05607018347874318
926,0.05523893809462772,0.05607041966822538
927,0.05523883414318715,0.056070502322865014
928,0.05523810067270894,0.05607053771584967
929,0.05523690709119167,0.05607065980865034
930,0.05523608078884076,0.05607101255422043
931,0.055235401466683064,0.056071283212950476
932,0.05523475250518541,0.05607150324572289
933,0.055234043858146856,0.05607151095261875
934,0.05523360111432518,0.0560713655800513
935,0.055232296493036424,0.056071603626106324
936,0.05523139986914187,0.056071644819444426
937,0.055230612502103656,0.05607160911162877
938,0.055229276166781215,0.05607101386467391
939,0.055228598867358945,0.05607102757759264
940,0.05522745395382923,0.05607095638755734
941,0.05522587686333244,0.05607117913203691
