0,0.15595189236358953,0.15611904033756688
1,0.14633642689042456,0.14649286175739543
2,0.13755968802450408,0.13770402579462626
3,0.1295000973162539,0.12963770714423367
4,0.12224307094458184,0.1223811028736054
5,0.11553728735627553,0.11566486454621062
6,0.10946995598306558,0.10960378766788946
7,0.10400100443289408,0.10412773178835145
8,0.09881757802755686,0.09893576087950881
9,0.09429030302244235,0.09440776100105994
10,0.09006851458619305,0.09017670245730737
11,0.08625423993218657,0.08635946199025797
12,0.08289727236681195,0.08300478015913397
13,0.07983030294431133,0.07993684869226166
14,0.07708729210294808,0.07718983708214153
15,0.07473140445009649,0.07482099596790268
16,0.07254648742314443,0.07263956380529067
17,0.07060485200691803,0.07068944316741749
18,0.0688931996314304,0.06897282815561974
19,0.06738316345538627,0.06746115943364034
20,0.06606179948201023,0.06613902884520992
21,0.06489942254948265,0.06497499100172728
22,0.06388585559762983,0.06395776641052545
23,0.06297857530598966,0.06304907849922173
24,0.06220961888706057,0.06227420366694347
25,0.06151369850336233,0.06157206419485842
26,0.06092247904801076,0.06098099227686794
27,0.06038705985249631,0.06044122565480457
28,0.05993160730770201,0.05998613314320116
29,0.05951535701366615,0.05956849909864974
30,0.05914634304448489,0.05920021054565562
31,0.05881783030091783,0.05886883942895205
32,0.05854327301398928,0.05859012916154049
33,0.05828710040618459,0.05833289023382703
34,0.05806770304548204,0.05811419900032415
35,0.05787919925015403,0.05792476719017845
36,0.05770537590579301,0.05774985923618955
37,0.05755099403807361,0.0575951304677628
38,0.05742461325901804,0.05746693813658154
39,0.05731034710422096,0.05735193350996114
40,0.05720702434332788,0.0572502634466588
41,0.05711545285857259,0.05715595955516611
42,0.0570383532801127,0.05707989457414646
43,0.05695826328354436,0.05700037479078039
44,0.05688916397049083,0.05693126097192294
45,0.05682070125780762,0.05686317187204925
46,0.05676459975605433,0.05680620585078872
47,0.05671649852342139,0.05675979943983055
48,0.05667146734838323,0.05671567653898229
49,0.05662575903393784,0.05667246220111966
50,0.05658557709483519,0.05663287212093012
51,0.05654949987080173,0.05659934604685687
52,0.05651899301204562,0.05657083913091673
53,0.05649467705116591,0.05654933950518018
54,0.05646627228939978,0.05652386937353657
55,0.0564453949897636,0.05650457140291398
56,0.05642277999228155,0.05648479152594597
57,0.05639760145956815,0.05646481901871877
58,0.0563795508818937,0.05644989785285796
59,0.05635985136151192,0.05643093708198614
60,0.0563398714262009,0.05641362573769885
61,0.05631553033925087,0.05639245782647552
62,0.05630131573172553,0.05638043258224337
63,0.05628926215990274,0.05637018215598221
64,0.05627374280194436,0.05635507541413552
65,0.05626300483779616,0.05634652970765828
66,0.05624649447332927,0.05633209147351741
67,0.05623714282953768,0.05632395465835276
68,0.05622672767745832,0.05631388493962257
69,0.05621903153549464,0.05630719066651165
70,0.05621132576169363,0.05630253204991775
71,0.05620395235011724,0.05629569535004322
72,0.05619415549476618,0.05628580349533033
73,0.05618762029824271,0.0562820390557728
74,0.05617794742913927,0.05627668593081003
75,0.05617159851294864,0.05627309064011483
76,0.05616383692123563,0.0562672840284562
77,0.0561598064333781,0.05626499650877708
78,0.05615270083779245,0.05626111196993042
79,0.0561479572389505,0.05625821972889113
80,0.05614172744465753,0.05625493635719145
81,0.05613518366958976,0.05625333511800025
82,0.05612886715942058,0.0562504282357191
83,0.05612001267100911,0.05624393218584198
84,0.05611293757715981,0.0562411053617235
85,0.05610574228435721,0.05623909796772631
86,0.05610089686958317,0.05623684464830617
87,0.05609478061205108,0.05623618597467787
88,0.05608857674529679,0.05623275256698117
89,0.05608334961697507,0.05623145234197755
90,0.05607821330204375,0.05622937684979701
91,0.05607135735840995,0.05622421856901665
92,0.05606785713581075,0.05622359508425356
93,0.05606366795618832,0.05622245930199935
94,0.05605560334100586,0.05621669283012715
95,0.05604814985557336,0.05621497137874538
96,0.05604317443900367,0.05621234590473948
97,0.05603648129044374,0.05620986469601163
98,0.05603156168502713,0.0562061439778828
99,0.05602342932319269,0.05620003607011659
100,0.05601871776938288,0.0562006106996702
101,0.05601245974203804,0.05619936061835148
102,0.05600824693697728,0.05619659838802768
103,0.05600359847185493,0.05619354129137272
104,0.05599893070500479,0.05619069870915574
105,0.0559941247111947,0.05618979213808428
106,0.05599062088242845,0.05618895300722458
107,0.05598516656485099,0.05618814536580117
108,0.05598148976456988,0.05618724358575732
109,0.05597645686178436,0.05618549742128076
110,0.05597184200372324,0.05618402168502497
111,0.05596837036726963,0.05618342791747391
112,0.05596463060319009,0.05618307980402829
113,0.05596078793596034,0.05618146780136341
114,0.05595652575281559,0.05617902921330253
115,0.05595318520246126,0.05617798310098347
116,0.05594995824193594,0.05617777289627216
117,0.05594532656627941,0.05617515479915951
118,0.0559407980469897,0.05617336734224084
119,0.05593531889540482,0.05617188630098137
120,0.0559312486772596,0.05617077833209433
121,0.05592765691219317,0.05616969145970931
122,0.05592304085797179,0.05616755329961581
123,0.05591984930778729,0.0561666100483418
124,0.05591583996041527,0.05616424314181161
125,0.05591255135805466,0.05616427122487746
126,0.05590905259033655,0.05616286054674359
127,0.05590559998252058,0.05616225541619583
128,0.05590178096842532,0.05616127018769468
129,0.05589786527090306,0.05615949438237974
130,0.0558938469858834,0.05616019369668222
131,0.05588681639391552,0.05615788353206676
132,0.05588222790476863,0.05615539171854753
133,0.05587769978265079,0.05615430663823986
134,0.05587234462599245,0.05615085553659466
135,0.05587051636610434,0.05615080856781415
136,0.05586723509490047,0.05615010230466613
137,0.05586352129711331,0.05615173304566316
138,0.0558576454532641,0.05614813168294877
139,0.05585165655673071,0.05614599664583687
140,0.05584920678757931,0.05614616555568271
141,0.05584602737741685,0.05614496683531445
142,0.05584344350438128,0.05614488522129442
143,0.05583916926717068,0.05614415522869027
144,0.05583600178402022,0.05614424965239125
145,0.05583209925630938,0.05614256923769272
146,0.05582869782838265,0.05614245925650554
147,0.05582718956050357,0.05614230638937716
148,0.05582397129625873,0.05614200585747171
149,0.05582007058608933,0.05614072861940173
150,0.05581492781613215,0.05613894636906072
151,0.05581353426479048,0.05613891608840391
152,0.05580870673668437,0.0561348467888378
153,0.05580500578333319,0.05613353990744326
154,0.055800266192656,0.05613293898260042
155,0.05579468137794917,0.05613003828248977
156,0.05579175144016952,0.05612938673142782
157,0.05578695503636381,0.05612805014887318
158,0.05578394628973288,0.05612899143919944
159,0.05577866695642809,0.0561265635134884
160,0.05577661168548118,0.05612654691043312
161,0.05577375806467953,0.05612569893984693
162,0.05577069459362375,0.05612512227643357
163,0.05576700439330173,0.05612362860624383
164,0.05576252801988972,0.0561213712695673
165,0.05575828296919999,0.05611861269834995
166,0.05575549967543812,0.05611834031461321
167,0.05575271189515803,0.05611822648467917
168,0.05575161681787319,0.05611837222508145
169,0.05574702956668982,0.05611725644743448
170,0.05574338687347553,0.05611507080647193
171,0.05574094122791526,0.0561154624367031
172,0.05573661942152062,0.05611378256924445
173,0.05573208331448701,0.05611176150233017
174,0.05572862756438886,0.0561101834353995
175,0.05572689206583444,0.05611102926344419
176,0.05572381019138492,0.05611045913174114
177,0.05572032093237451,0.05610855075383394
178,0.05571748974297362,0.05610788977852121
179,0.05571385954521831,0.05610593301025379
180,0.05571058156366773,0.05610622669494904
181,0.05570725741456598,0.05610511655203806
182,0.05570367442753372,0.05610430979474706
183,0.05570045272900119,0.05610276942578641
184,0.05569746625884651,0.05610175736642269
185,0.05569436220739849,0.05609975522485065
186,0.05569212444464958,0.0560996698078004
187,0.05568812607108137,0.05609761868231713
188,0.0556847766833185,0.05609721447276067
189,0.05568147937416135,0.05609638503043042
190,0.05567922980500829,0.05609687555460149
191,0.05567625715368064,0.05609628770303117
192,0.05567254904623183,0.05609546802661335
193,0.05566894620266673,0.05609544089112677
194,0.05566556566166234,0.05609292989075059
195,0.05566225928437951,0.05609204541341977
196,0.05566043449595841,0.05609210846338421
197,0.05565711287204889,0.05609141107654923
198,0.05565487524430635,0.05609126181630725
199,0.05565311513192663,0.05609096230520715
200,0.05565035367191377,0.05609069140935995
201,0.05564796121103466,0.05609066458267903
202,0.05564515813339353,0.05608944704200653
203,0.05564305745258228,0.05608872362695316
204,0.05564059705827721,0.05608799553156977
205,0.05563840429506731,0.05608829222983033
206,0.05563673123348632,0.05608822872575568
207,0.05563459061242591,0.05608852009308827
208,0.05563271657522829,0.05608838897445086
209,0.05562931398043212,0.05608761837270956
210,0.05562691937858082,0.05608833014840351
211,0.05562398988384734,0.05608702189435803
212,0.05562220336129971,0.0560872291961333
213,0.0556194902302377,0.05608664525619057
214,0.05561766023284473,0.05608574376791747
215,0.055615513698322,0.05608558437662572
216,0.05561345338433142,0.05608559475977395
217,0.05560974509221049,0.05608534993983571
218,0.05560697665781003,0.05608497608238849
219,0.05560390527698843,0.05608407948536148
220,0.0556009052962492,0.05608362798431814
221,0.0555975430945331,0.05608220410715228
222,0.05559530166626866,0.05608164562140674
223,0.05559218189766477,0.0560804745611903
224,0.05559138043519624,0.05608066745501386
225,0.05558929735224868,0.0560807374780949
226,0.05558573785163951,0.05607910232143774
227,0.0555833469554895,0.05607912964407922
228,0.05558055843716894,0.05607831939831728
229,0.05557744251862817,0.05607860829046175
230,0.05557478750938963,0.05607878204511479
231,0.05557182212493689,0.05607895110432138
232,0.05556903983881582,0.05607780950304674
233,0.05556519646994822,0.05607652911957835
234,0.05556302935145273,0.05607627104750055
235,0.05556084047443154,0.05607602379978768
236,0.05555835349698365,0.05607581899807433
237,0.05555544542333223,0.05607427044382115
238,0.05555389930295239,0.05607405502648086
239,0.05555127533042249,0.05607417436820813
240,0.05554783248006059,0.05607348873095597
241,0.05554551533054551,0.05607332627563697
242,0.05554301582516323,0.05607227238233847
243,0.05554046446720591,0.05607229452527835
244,0.05553795854307982,0.05607142798291914
245,0.05553510281386452,0.05607083250466028
246,0.05553246091888067,0.0560710705673062
247,0.05552982619696072,0.05607021213894479
248,0.0555275488400673,0.05606987855901072
249,0.0555268555142629,0.0560700753536523
250,0.05552441152517477,0.05607135195059933
251,0.05552158223751484,0.05606976652079705
252,0.05551941764908164,0.05606928890145958
253,0.05551695517672339,0.05606890350796467
254,0.05551366970728478,0.05606750004025852
255,0.05551168069549553,0.05606743537745187
256,0.05550868669213593,0.05606758429133499
257,0.0555059650183462,0.05606696547603799
258,0.05550414825618901,0.05606689891798783
259,0.05550133785907952,0.05606581542215795
260,0.05549990766059645,0.05606616420089296
261,0.05549720168775215,0.05606568049413298
262,0.05549486789115591,0.0560658406450997
263,0.05549257273431812,0.05606543714656308
264,0.05548952815761476,0.05606561955415891
265,0.05548681707990649,0.0560655085659105
266,0.0554843134805338,0.05606496005996221
267,0.05548179008266935,0.0560644716245764
268,0.05547983056148034,0.0560646814561839
269,0.05547791241414776,0.05606495488807078
270,0.05547497932103482,0.05606471754607308
271,0.05547223384205388,0.05606545383048584
272,0.05546998618353653,0.05606457436885873
273,0.05546795766366087,0.0560647136120347
274,0.05546625499018506,0.05606459694942503
275,0.05546339067530152,0.05606462785364119
276,0.05546086794480369,0.05606380552916414
277,0.05545832388489597,0.05606310492470291
278,0.05545681818980835,0.05606314433755768
279,0.0554560797855041,0.05606272667733465
280,0.05545491906591329,0.05606270105701276
281,0.05545461355571338,0.05606282404146358
282,0.05545235160984957,0.05606210188488558
283,0.05545026217364013,0.05606163965864737
284,0.05544822266469282,0.05606151103281488
285,0.05544578754266798,0.05606167296366051
286,0.05544317697856996,0.05606110737257219
287,0.05544107295103744,0.05606091473122757
288,0.05543923193272365,0.05606119850842182
289,0.05543610104813982,0.05605880959549597
290,0.05543332845072987,0.05605748688241376
291,0.05543082733405263,0.05605687143521204
292,0.05542786263299713,0.05605494712203576
293,0.05542591090798116,0.05605390655248545
294,0.05542343307094397,0.05605434580384688
295,0.05542103571754636,0.05605461864909133
296,0.05541840094250745,0.05605382745071655
297,0.05541336682582026,0.05605161805598092
298,0.05541238715199646,0.05605196764179735
299,0.05540995351345498,0.05605199482305631
300,0.05540812608590084,0.05605187109567751
301,0.05540608574135768,0.05605182199821164
302,0.05540323776780756,0.05605199523481879
303,0.05540091909649926,0.05605198827177586
304,0.05539886358743834,0.05605137929062919
305,0.05539668866074532,0.05605200927226837
306,0.05539444322214349,0.05605167498674781
307,0.05539263126686582,0.05605192196672745
308,0.05538955452998619,0.05605233909315722
309,0.0553873917675463,0.05605301586715599
310,0.05538523938684307,0.05605244411000464
311,0.05538288402504826,0.05605124713239058
312,0.05538115682159909,0.05605123046853092
313,0.05538004475530843,0.05605142736362531
314,0.05537636133268756,0.05604979351964218
315,0.05537441401918448,0.05605049440387931
316,0.05537259512502664,0.05605018147139475
317,0.05537046813926629,0.05605000508709522
318,0.05536841284856749,0.05604933716013413
319,0.05536576410798744,0.05604908755791325
320,0.05536451601585436,0.05604940938504304
321,0.05536229329033976,0.05604916085490225
322,0.05536043955185376,0.05604928752521269
323,0.05535846876274386,0.05604942765045415
324,0.05535807453987666,0.05604954658562451
325,0.05535640046955065,0.05604975012215191
326,0.05535486431159031,0.05604985002284396
327,0.05535384112886901,0.05605027333729942
328,0.05535231383619872,0.05605105802252375
329,0.05535068115140693,0.05605107630667013
330,0.05534893544677596,0.05605098228786223
331,0.05534628183515505,0.05605133691245909
332,0.05534440521400946,0.05605189025327724
333,0.05534317451273914,0.0560512889408198
334,0.05534010010416796,0.05605007873037133
335,0.05533854034278995,0.05604967238723854
336,0.05533611676844764,0.05604968091269512
337,0.05533376875066972,0.05604982646325378
338,0.05533158336695582,0.05604967788987516
339,0.05532957076410818,0.05604953704722245
340,0.05532753831965549,0.05604977513141982
341,0.0553253252225305,0.05604999183587402
342,0.05532362933308428,0.05604985719348572
343,0.05532147693739538,0.05604974300942685
344,0.05531910082444019,0.05604957030921664
345,0.05531724215776214,0.05604921767019318
346,0.05531483213071471,0.05604954110222206
347,0.05531261109310606,0.05604894088882775
348,0.05531156253673371,0.05604902561940224
349,0.05531038241971884,0.05604893209718122
350,0.05530846245951455,0.05604858603556675
351,0.05530824433661995,0.05604873315799801
352,0.05530664651232416,0.05604845806382065
353,0.05530434242304609,0.05604780175993846
354,0.05530252076598729,0.05604810861337076
355,0.05530026259721491,0.0560479096080092
356,0.05529825218648685,0.05604718529509015
357,0.05529629997105973,0.05604748783122351
358,0.05529416121945312,0.05604758547143607
359,0.05529309063073898,0.05604783690765893
360,0.0552904121986792,0.05604738311834585
361,0.05528861226514956,0.05604727951489262
362,0.05528662446674305,0.05604756680823883
363,0.05528623064163823,0.05604750299488193
364,0.05528481800539253,0.0560477961705659
365,0.05528194573881115,0.05604798401165991
366,0.05527974865288222,0.05604782627194885
367,0.05527786744390539,0.05604813705662765
368,0.05527661729721236,0.05604806124374768
369,0.05527513188163501,0.05604816795591372
370,0.05527323968599874,0.05604926495274904
371,0.05527225044043063,0.05604942732804811
372,0.05527021563183916,0.05604958799621979
373,0.05526728428296063,0.05604914981571385
374,0.05526486739554572,0.05604896754245938
375,0.05526357930093911,0.05604913486898888
376,0.05526182394832078,0.05604891131667516
377,0.05525993025560208,0.05604921802559761
378,0.05525855021912059,0.05604912879559527
379,0.05525653970603953,0.0560492559249434
380,0.0552549310827775,0.05604997594358761
381,0.05525218842954038,0.05605036041835144
382,0.05525049099739458,0.05604998070811609
383,0.05524901304585782,0.05605020615061993
384,0.05524694566246185,0.05605065225775831
385,0.05524588040714148,0.05605016756714427
386,0.05524278344642242,0.05605031265896295
387,0.05524115631746132,0.05605069531018658
388,0.0552395987418668,0.05605105950616963
389,0.05523750526903673,0.05605063867577479
390,0.05523645982862291,0.05605113655801706
391,0.05523441466175687,0.05605110587626484
392,0.05523275629276656,0.05605196175622405
393,0.05523053054122767,0.05605211374715528
394,0.05522897554024828,0.05605234901817675
395,0.05522743777156416,0.05605248336808871
396,0.05522577827517323,0.05605277141442238
397,0.0552239932140283,0.05605289713154303
398,0.05522229160961557,0.05605272294891683
399,0.05522013375623353,0.05605234539350926
400,0.05521876456504442,0.05605250387512261
401,0.05521777463491415,0.05605277796756462
402,0.05521636975060244,0.05605299455629851
403,0.05521493214740826,0.05605328879925682
404,0.05521300549427226,0.05605289570018752
405,0.05521221223247315,0.05605301715539906
406,0.05521027291927902,0.05605281634922528
