0,0.159097173083153,0.15927844008750952
1,0.1523760068551743,0.15256116482495155
2,0.14588163858894018,0.14606524510920468
3,0.1397597110696195,0.13994029637904282
4,0.1355962183261735,0.1357682100165715
5,0.1300697713740055,0.13023850127834263
6,0.12639582981463582,0.12655156876816434
7,0.12287287958142981,0.12302216381464831
8,0.11809891016028493,0.11824593725562431
9,0.11361352871091829,0.11375601433351541
10,0.10940771819868879,0.10954897006072076
11,0.10553951417509765,0.10568181488584162
12,0.10183951349649283,0.1019783017058823
13,0.0983823861051491,0.09851720725559687
14,0.0951486307618645,0.09527979333638065
15,0.09213067725354158,0.09225764622062575
16,0.09018518196598554,0.09030642695907189
17,0.08755250716823865,0.08767150251134563
18,0.08519795825185414,0.08531634393673565
19,0.08285678323047883,0.08297043824368958
20,0.08068519223292371,0.08079468852331664
21,0.07925830194809307,0.0793620055686924
22,0.07734868312529052,0.0774468609053312
23,0.07613488090002425,0.07623110060028097
24,0.07497926510975048,0.07507085686378097
25,0.07348961373080863,0.0735802978448933
26,0.07201508944446747,0.07210178742347005
27,0.07065654414822564,0.07073993575849685
28,0.06966127850761118,0.0697421317274049
29,0.06849120662949235,0.06856933653997557
30,0.0676545651032769,0.06773021750029898
31,0.0666474182488404,0.06671888681027154
32,0.06572497395990362,0.0657917335581773
33,0.06487948377461497,0.06494481087237952
34,0.06410630983920587,0.06416887104348698
35,0.0636093193594582,0.06367081845212855
36,0.06294264121873229,0.06300075883206636
37,0.06233501308332671,0.06238961803951418
38,0.06195598762481813,0.06201009879431616
39,0.06143704814068126,0.061488500122352026
40,0.0609641824761236,0.06101420138983828
41,0.060528000119561026,0.060575140528940245
42,0.06026341122400473,0.06031006154033226
43,0.06002290968085603,0.06006955702334804
44,0.05974140253722323,0.059787217233921566
45,0.0594131061188978,0.05945732904563786
46,0.05918091735109707,0.05922468657719982
47,0.05890501212395863,0.05894681319142022
48,0.05874031138786948,0.058782503249136975
49,0.05850103867352369,0.0585415442943305
50,0.058285767752097345,0.0583251771237852
51,0.05808732177994877,0.058125448929911575
52,0.0579067615812724,0.057943250697710176
53,0.05774971776020749,0.05778624658222868
54,0.05759938493744607,0.05763535868588043
55,0.05746300444431605,0.05749769665702021
56,0.0573406941565518,0.05737373883934142
57,0.057229437180983736,0.05726142608117492
58,0.057163355133898364,0.057195860126058845
59,0.05706616036641696,0.05709900903472737
60,0.05697827989826366,0.057009818717890286
61,0.05689788383295459,0.056928262978288326
62,0.05682592208566195,0.05685584991722534
63,0.056760312866119336,0.056789333595132684
64,0.05669875486732033,0.05672757947121087
65,0.05664456248032091,0.05667377169457553
66,0.056594238701983095,0.05662167164397128
67,0.0565472683708052,0.056574791198656015
68,0.0565182015131191,0.05654793695862789
69,0.05647673798223851,0.05650696745009703
70,0.056438696956571145,0.056468961284278134
71,0.05640537133943503,0.05643692035394466
72,0.05637417431779393,0.05640637202848122
73,0.056345944122911336,0.056377539515874854
74,0.05632399796638929,0.056356671188608466
75,0.05629900432689782,0.05633320645887571
76,0.056276379982046626,0.05631058788646768
77,0.05625396759747055,0.0562880604401363
78,0.05623440599579941,0.056270472470124636
79,0.05621589637226997,0.05625343284461266
80,0.05620314975362992,0.05624323075876535
81,0.05618656040809473,0.05622732354814814
82,0.0561701689877472,0.056211996315262885
83,0.05615720020028989,0.056200204612539474
84,0.056144752155926306,0.05618898554163971
85,0.0561323142776823,0.05617770323313299
86,0.056123125797588186,0.05617127596978431
87,0.0561139921910801,0.05616394370709813
88,0.056102888861503504,0.056153938137492664
89,0.05609048341542259,0.056143367081179486
90,0.05608115992893699,0.0561365854546691
91,0.05607108628682262,0.056126989305096305
92,0.0560627795884809,0.0561200182990602
93,0.05605583694280222,0.05611472010937348
94,0.05604767180052975,0.05610824937297456
95,0.056040233231129784,0.056102011081831035
96,0.05603411712033555,0.05609804798522467
97,0.05602664629574383,0.05609141209617363
98,0.056019457143091624,0.05608555782463818
99,0.056014734134082825,0.05608271686698619
100,0.05601027085246035,0.05608000782614113
101,0.05600423624483029,0.05607614912953457
102,0.05599873140271959,0.056072206008265124
103,0.05599334950931824,0.05606840941464207
104,0.05598981351699051,0.05606637282418183
105,0.05598446563659088,0.0560630082821892
106,0.05597950436680578,0.05605983225669761
107,0.05597498859282066,0.056056329324038125
108,0.05596968970679503,0.05605247443109353
109,0.055965151955743954,0.05604927098900601
110,0.055961259543872224,0.05604674134434424
111,0.05595702074127816,0.05604447537321477
112,0.05595323861575276,0.056042665997674025
113,0.05594879128679905,0.056040208926326884
114,0.05594516461114956,0.05603814678557616
115,0.055940797309996765,0.05603636390443798
116,0.05593817259749546,0.056035499028886084
117,0.055934236348831864,0.05603342334348997
118,0.05593069692605587,0.056032135425714114
119,0.055926614544067645,0.05603036416035835
120,0.05592419519486863,0.056029614739129
121,0.05592082409132025,0.056028645215047114
122,0.05591702329016677,0.05602728209909094
123,0.05591399581932452,0.05602634291339512
124,0.055911916120860425,0.05602599244680213
125,0.055907581092809445,0.05602327838826374
126,0.05590303375237913,0.05602063836961556
127,0.05589914834699421,0.05601954317198462
128,0.0558962150315538,0.05601893672770776
129,0.055892171573513935,0.05601692425737778
130,0.05588900738058573,0.056016124572541216
131,0.05588556925976631,0.056014268603795506
132,0.05588199050789665,0.056012964544159057
133,0.055878704234715915,0.056011647042350864
134,0.05587538128417469,0.05601048357990767
135,0.0558735078187521,0.05600997616658378
136,0.05587082785379352,0.0560090916745321
137,0.05586665772419209,0.0560073491469576
138,0.05586322827898478,0.056006073154048416
139,0.055860283898474576,0.05600546864563722
140,0.05585639470229163,0.05600409541700301
141,0.055853267834035,0.05600322194052466
142,0.05585048010336442,0.05600274219077225
143,0.05584741361876533,0.05600125603641113
144,0.055845057032815136,0.05600066946146224
145,0.055843181569002844,0.05600055299816177
146,0.055840037186697,0.055999630557173274
147,0.05583727048707628,0.05599885449119189
148,0.05583559620530773,0.055998455607939646
149,0.0558325248450176,0.05599699016918754
150,0.05582949867331267,0.055996349255962675
151,0.05582703823555377,0.05599563487959235
152,0.05582470687619061,0.055994994563288755
153,0.05582187033640563,0.05599472782837259
154,0.05581928542352809,0.05599432530365087
155,0.05581655884328339,0.055993928275586795
156,0.055814348163421665,0.05599380183623113
157,0.055812275329186464,0.055993521575319984
158,0.055809715787899006,0.05599242022920228
159,0.055807386468397925,0.055991332909903234
160,0.05580555200081669,0.05599111317214001
161,0.055803823227500986,0.055990698875854776
162,0.055801312551853326,0.055990148234822526
163,0.055798733854875764,0.055989700761723424
164,0.055796193654698026,0.05598973291195739
165,0.05579389907867615,0.055988862290814206
166,0.055791319517454134,0.055988780889889934
167,0.055788950044803394,0.055988167994604286
168,0.05578717000024475,0.055988197425455806
169,0.055784437862231945,0.0559875712165802
170,0.05578192738352532,0.05598714788309275
171,0.05577988336541619,0.05598665131659955
172,0.05577767698178608,0.05598620383033384
173,0.05577545019363238,0.0559861940596114
174,0.055773546964341364,0.05598580476770587
175,0.05577123790372075,0.055986135164339736
176,0.055769064855982896,0.055986053406393024
177,0.05576679005759467,0.05598600340388901
178,0.055765084876544795,0.055986228370285614
179,0.05576272112246802,0.055986534175500854
180,0.055759990538449454,0.055986124707196286
181,0.05575743447826896,0.05598565506009702
182,0.05575582880971587,0.05598586823736709
183,0.05575326063043526,0.05598476027544167
184,0.05575154001340637,0.05598464777605946
185,0.055749639098260625,0.055984124412270644
186,0.055747977563047106,0.055983998579855115
187,0.055745494730931,0.05598317022378332
188,0.05574436751378056,0.055983138013006105
189,0.055743015408441246,0.05598293836799489
190,0.055741073167345084,0.055983076030476725
191,0.05573912223263452,0.055982846193464365
192,0.05573718959294063,0.05598282367586998
193,0.055735033917357686,0.05598215133178045
194,0.055732853583362565,0.05598214703480391
195,0.05573124601357988,0.055982255733911294
196,0.0557288891000596,0.055981348371124465
197,0.05572682275810428,0.055981251479967846
198,0.0557249620206195,0.05598133226840416
199,0.05572261565497973,0.055981237184199215
200,0.05572071395102489,0.05598074997589065
201,0.0557179624858884,0.055980383120407255
202,0.05571554664639548,0.05597957779490118
203,0.055713913078715135,0.05597927768922676
204,0.05571169142938786,0.05597896623899234
205,0.0557097756512087,0.055978879011668606
206,0.055707544841803874,0.05597765959103862
207,0.05570645686774711,0.05597761409776234
208,0.05570405961813627,0.05597805297255602
209,0.055702067966153304,0.05597832707025611
210,0.05569999602334969,0.05597827273303541
211,0.055697386123841834,0.05597807052693847
212,0.055695350606785585,0.05597808261844226
213,0.055692872419068125,0.05597790395188168
214,0.055691334250271785,0.05597827600773489
215,0.05568895397832044,0.055977554060090126
216,0.055687317953130935,0.05597695482487136
217,0.05568553880412982,0.05597702766596881
218,0.05568305310354501,0.055976066659383275
219,0.05568166909884085,0.055976080220133395
220,0.0556798485950537,0.05597537289242146
221,0.055677978269283175,0.055975473057776684
222,0.05567510346228278,0.055976067922533325
223,0.055673392745040934,0.05597560089292987
224,0.05567175858728146,0.055975439622252335
225,0.05566999132839836,0.05597478966706334
226,0.05566871200881156,0.05597476632490489
227,0.055667261160214074,0.055974724038932264
228,0.05566547629567489,0.05597454187647778
229,0.055662656877536305,0.05597314704297839
230,0.05566026652551564,0.05597354123263503
231,0.05565862744767572,0.0559739637672762
232,0.05565636699226021,0.055974284058542
233,0.055654617708089583,0.05597427919912743
234,0.055652987101594366,0.05597464540126705
235,0.055651266917624335,0.05597448461526304
236,0.05564970595728346,0.055974566288275955
237,0.05564780734287363,0.05597462185340131
238,0.05564557882775065,0.05597454743035521
239,0.05564319368376359,0.05597458263668505
240,0.05564154178135779,0.055974957434102385
241,0.0556386588521233,0.05597436391770804
242,0.05563700706437827,0.05597404878434698
243,0.05563458501460547,0.05597310321271054
244,0.05563300461816242,0.05597380026848225
245,0.05563071122941278,0.05597367755093987
246,0.055629324263160536,0.05597337827726874
247,0.05562774804995389,0.05597348913116765
248,0.05562606289079316,0.0559739461616532
249,0.05562307081507246,0.0559726862750074
250,0.05562051106205252,0.055972058823277694
251,0.05561907497863535,0.05597218620441749
252,0.05561764199072022,0.055972351514024236
253,0.05561597620767652,0.055972063377707375
254,0.055613760336620105,0.055972247793458066
255,0.055611770943693455,0.05597201708990932
256,0.05560960941072097,0.055970762065159906
257,0.05560793222205562,0.05597091898338658
258,0.05560634231119997,0.05597098637528111
259,0.05560510639633769,0.05597130994512613
260,0.0556038445967925,0.055971456940249645
261,0.055601529985824016,0.05597186337231076
262,0.055598995836059796,0.055972045111932496
263,0.055596674488079714,0.05597212634185152
264,0.055595266253377275,0.05597218977645878
265,0.05559339204085542,0.055972256735800766
266,0.05559181041977559,0.055972217115170114
267,0.05559041464998904,0.055972388620389786
268,0.055589257970016334,0.055972493662867114
269,0.05558755875159274,0.055972925145041194
270,0.05558642114489497,0.05597330542123579
271,0.05558497351539369,0.055973355225583415
272,0.055583689459367966,0.055973291242895684
273,0.055581737049440104,0.0559730202451354
274,0.055579700362972946,0.05597243323840467
275,0.05557760739820658,0.05597191146648627
276,0.055574931578191086,0.055971093288456314
277,0.05557326131995661,0.05597101269191878
278,0.05557173335232004,0.05597109440765323
279,0.0555698486835031,0.055970320418787536
280,0.05556851142109237,0.05597049690494793
281,0.05556552635781569,0.05596934995268437
282,0.05556282687607156,0.05596818283808677
283,0.05556118521193414,0.055968410947980024
284,0.05556009933955661,0.05596873449122437
285,0.05555848117097251,0.05596878332231145
286,0.05555583188839507,0.055968517877456436
287,0.05555348343777392,0.055967842301879976
288,0.055551774513987594,0.05596801201671005
289,0.05555005269275673,0.05596754254918958
290,0.05554882885193526,0.055967609324254555
291,0.05554704668651142,0.055967727861119414
292,0.05554494002500152,0.05596726088351593
293,0.05554239234813988,0.05596614364755142
294,0.05553901378610476,0.0559654732880344
295,0.05553714854934521,0.055965503286653735
296,0.05553529590690428,0.05596552766217998
297,0.055533658336948614,0.05596563864871629
298,0.05553163405814043,0.05596552016219059
299,0.05552944158589996,0.05596559199368893
300,0.0555282942437614,0.05596578769165785
301,0.05552632399312464,0.055966087793034094
302,0.05552447690292473,0.055965694485202604
303,0.05552267898483699,0.05596557103895148
304,0.05552050649861888,0.05596511664816088
305,0.05551810937923424,0.05596424200923805
306,0.05551588399491737,0.05596379431842777
307,0.055514369526659564,0.05596405068870722
308,0.055512038610123014,0.05596333959895703
309,0.055510155259518516,0.0559635610516903
310,0.05550787718499813,0.05596286552045742
311,0.05550625825439019,0.055962448657151394
312,0.05550425523520581,0.055962195668871485
313,0.05550264900865622,0.055962265640090735
314,0.05550117052129205,0.05596212988005471
315,0.0554989782392964,0.05596128999785292
316,0.055496303200661845,0.05596118231667594
317,0.055494923737115426,0.055960981122196045
318,0.055493462007105976,0.055961070478714285
319,0.05549171027113708,0.055961257852228156
320,0.055490189050791595,0.05596120679837397
321,0.05548884864490201,0.05596132385278272
322,0.05548672216219758,0.05596031609156531
323,0.055484458126659454,0.05595982418975856
324,0.055481131677396135,0.055958826019683654
325,0.05547949041227266,0.05595940862124115
326,0.055477836147801655,0.05595913158488878
327,0.05547631050044989,0.05595905007746867
328,0.05547496848570575,0.05595927594195665
329,0.05547318976863497,0.05595949519178188
330,0.05547139169954773,0.05595960062380626
331,0.05546979938214439,0.05595977322350752
332,0.055468040106045335,0.055959563251068996
333,0.05546568319707855,0.05595947300493392
334,0.05546367222011249,0.05595904720550484
335,0.055461562609318074,0.055959239226882805
336,0.05546043851264003,0.055959338030556666
337,0.055459153547384135,0.05595939015622201
338,0.05545747876616298,0.05595932638942649
339,0.05545631543469009,0.05595908504267998
340,0.05545332915660448,0.05595772090580455
341,0.05545215848535141,0.05595768417281736
342,0.055450896263882825,0.05595802957421865
343,0.05544916345960214,0.05595817969265405
344,0.05544716748042257,0.05595765312088088
345,0.05544501551863051,0.055957539627749395
346,0.05544273239247052,0.05595756652620172
347,0.05544085723148575,0.05595705816120801
348,0.055438061982461095,0.05595634239503169
349,0.0554364398568166,0.055956375860610856
350,0.05543469272962601,0.055956557570282235
351,0.05543336184101453,0.055956646650156205
352,0.05543150037405443,0.05595661507207359
353,0.05542923931324711,0.055956367852820904
354,0.05542660030898629,0.055956118533621924
355,0.05542479827381864,0.05595590921296167
356,0.055423161024736774,0.055955816795469404
357,0.055420774718229385,0.055955073883119016
358,0.05541966638289309,0.05595532643144241
359,0.05541708135275284,0.05595440991103353
360,0.05541458396558425,0.0559537354494729
361,0.05541335743712752,0.0559537464825783
362,0.055411078113479485,0.0559539501423006
363,0.055409330313414475,0.05595396839681615
364,0.05540800745367054,0.055953748473387695
365,0.05540603148550876,0.05595389668594338
366,0.05540438434871396,0.05595376503454202
367,0.05540305213070299,0.05595369049313942
368,0.055401372276636794,0.055953920062407105
369,0.05539963245621583,0.055954294027491344
370,0.0553975882080855,0.05595439668502257
371,0.05539565520602977,0.05595463842011677
372,0.055393961621908204,0.055954865042155355
373,0.055392365247001495,0.05595463689371614
374,0.055390570038373735,0.05595467054250942
375,0.055388400783766646,0.05595480100531871
376,0.055386586712415455,0.055954305763571265
377,0.0553853725691759,0.05595430366217356
378,0.05538359972756073,0.05595431790811234
379,0.0553823229828593,0.055954417303608214
380,0.055381083531475445,0.0559540963710586
381,0.05537964078348464,0.055954032457250856
382,0.05537793288986387,0.05595396794536643
383,0.05537644717099368,0.055954194622484875
384,0.05537517649256804,0.05595443077964605
385,0.055373556777199025,0.055954598209883105
386,0.055372168429595414,0.0559548646457743
387,0.055370554266306105,0.0559550943318026
388,0.055368647092996666,0.055954752795232224
389,0.05536671697200658,0.05595437148206517
390,0.05536530585684033,0.055954326649893596
391,0.055363999614516206,0.05595434294931873
392,0.05536241325390439,0.05595438769328197
393,0.05536131104556788,0.05595498794129459
394,0.05535953514295508,0.055955041967366295
395,0.05535817678556421,0.05595514358131837
396,0.05535640648340137,0.05595504296864125
397,0.055354838911661486,0.055955045708423294
398,0.05535350630243873,0.05595466454144546
399,0.05535183771120331,0.055955147723530926
400,0.0553501331119926,0.055955452969380995
401,0.055347885555649956,0.05595533811759133
402,0.05534564826240481,0.05595559964207131
403,0.05534395037680641,0.05595502219230071
404,0.055342607087849514,0.055955018975598396
405,0.055340923014057575,0.05595522087382199
406,0.05533973115083073,0.055955569385559935
407,0.055338287382412116,0.0559557126923204
408,0.05533674062679865,0.055955583047107675
409,0.05533529851494598,0.0559556721147863
410,0.055333789141761056,0.055955144130695605
411,0.055332310449709765,0.055954984762530934
412,0.05533099170739019,0.055955088645275756
413,0.055329775004910195,0.0559551111249331
414,0.05532851667576317,0.05595497092798254
415,0.05532752137986015,0.055955185858314826
416,0.05532611360169841,0.05595483489847628
417,0.0553242901661599,0.05595503402802621
