0,0.15961667256480344,0.159806587647176
1,0.1527095232208313,0.15289828951709894
2,0.14619599249813053,0.14638227521994351
3,0.1400544038781558,0.14023774667424926
4,0.13600428110517818,0.13617361578850345
5,0.13196807041499445,0.1321299324020646
6,0.1266511885065297,0.12680954778693213
7,0.12165261186708624,0.12180474565763272
8,0.11703906829070729,0.1171928895363079
9,0.11293948888955409,0.1130991608937433
10,0.10877430694252639,0.10892937315939133
11,0.10608120960376555,0.10622758912219953
12,0.1023414944919995,0.10248477279998916
13,0.09884462834779897,0.09898340383559572
14,0.09557725485569421,0.09571012560733017
15,0.09338280009644076,0.09350817222902535
16,0.09112973545738824,0.09124969471136171
17,0.08838007960251612,0.08849758141778162
18,0.08581823559119636,0.08593314762759237
19,0.08343790993938983,0.0835493363477525
20,0.08122579661554857,0.08133297090579399
21,0.07967704110652181,0.07978007324268059
22,0.07829312688371577,0.07839098875403074
23,0.0764602218583214,0.0765545957521056
24,0.07520065840582223,0.0752916580086681
25,0.0736162918785959,0.07370548349168528
26,0.07256185960476363,0.07264667389559704
27,0.0715965261279087,0.0716789060869527
28,0.07064793106708853,0.07072518269081139
29,0.06941082830730456,0.0694858758615918
30,0.0682598079193897,0.06833188582350377
31,0.06720350998847568,0.06727319325969527
32,0.06623488716540514,0.06630098437297974
33,0.06534668090217174,0.06540983565005573
34,0.06453345427881875,0.06459454986348576
35,0.06379034067894881,0.06384860069448126
36,0.06311024891038142,0.06316566117659814
37,0.062488879902885264,0.06254226148335598
38,0.06192112859150195,0.06197149327600461
39,0.061403912654288365,0.061451239221882704
40,0.06093094804290658,0.060975574880114077
41,0.06050023288507776,0.06054309941233838
42,0.06020659071543354,0.06024907194846058
43,0.059843220030603474,0.05988300577679061
44,0.05960033488992639,0.05963770021230494
45,0.05929971084715477,0.05933732849932672
46,0.059095964294387425,0.05913102523212057
47,0.05882691230244491,0.058859459920185445
48,0.05858223200071858,0.058612900467484554
49,0.05842740552806596,0.05845617741802154
50,0.05821764339886352,0.05824521092192022
51,0.058028102281618525,0.0580552028125848
52,0.05785493415577836,0.05788049935656404
53,0.057698246038621316,0.0577226824100488
54,0.05755517823369736,0.05757824814449132
55,0.05742485052718548,0.057446459270571563
56,0.05734394114030324,0.05736351568208761
57,0.05723246975714344,0.05725152725976725
58,0.057133650543276925,0.05715275470741907
59,0.05704103185701135,0.05705989357376986
60,0.05697501965656287,0.056995103574745055
61,0.05691491399939766,0.05693581881099416
62,0.05684056580147234,0.056860812255107925
63,0.05677350933025256,0.056793188874861594
64,0.056712023089659384,0.05673144842563398
65,0.05665660607026861,0.05667535807348852
66,0.056616235657642504,0.05663625092584281
67,0.056567810812105115,0.056587920635633004
68,0.05653589300847828,0.05655616139479787
69,0.0565041992390864,0.0565251210061602
70,0.05646466037033052,0.05648585446739305
71,0.05642845952715333,0.05644919813155339
72,0.05639477708316322,0.05641551093118571
73,0.05636386546943022,0.056384227299475745
74,0.05633555845732321,0.056356570557163525
75,0.05630986226110075,0.05633185192655946
76,0.05628589867942844,0.05630827765326946
77,0.05626478123698784,0.05628728720622794
78,0.056243980910484485,0.05626757484395426
79,0.05622978492382631,0.05625412226041559
80,0.05621199352102333,0.05623733388786555
81,0.05619555372849781,0.056221820545263694
82,0.05618050336349622,0.056207968586121725
83,0.056166442927055284,0.05619480697510343
84,0.05615334229311418,0.056182824491267415
85,0.05614082162539683,0.05617158867763349
86,0.05612885334549804,0.05616034981193286
87,0.05611977312755041,0.05615369441123692
88,0.05610918104793945,0.0561453649064396
89,0.05609926102478704,0.056137331646232254
90,0.05609049049425297,0.05612974239737955
91,0.056082954978493006,0.05612492401455042
92,0.056074783825125006,0.0561179455236968
93,0.0560682691616338,0.05611348544896952
94,0.05606028291197186,0.056106319230652645
95,0.05605471049060938,0.05610260821790489
96,0.05604732810043696,0.056096416425738704
97,0.056040908644768773,0.056091219779051904
98,0.05603472653321471,0.05608577661335389
99,0.05602843744278515,0.05608083775619864
100,0.05602298446742017,0.05607584776227531
101,0.05601813074874875,0.05607308994522511
102,0.05601305949326203,0.056069538133094544
103,0.05600840532921464,0.056065892165077826
104,0.056002681151159577,0.0560612873452622
105,0.055997964548679134,0.05605807485906278
106,0.055993696823207935,0.05605593305374172
107,0.05598942790964593,0.056053070786251886
108,0.055986183640375636,0.05605162295028315
109,0.055983035955262876,0.056050368025943174
110,0.055980090112334666,0.05604935961928698
111,0.055975671961780396,0.05604661119949226
112,0.05597127591146796,0.056044267547355316
113,0.055966600633338,0.05604117468372519
114,0.055962186574808725,0.05603800788980456
115,0.05595870950380008,0.056036854484987304
116,0.05595462595752878,0.056033883312740056
117,0.05595107682345917,0.056032240815128954
118,0.05594750431406354,0.05603005893192506
119,0.055943564978908504,0.05602806535821414
120,0.05593982177283188,0.05602625045586338
121,0.05593644946818492,0.05602483074128681
122,0.05593141252946755,0.05602188153273284
123,0.05592809551835839,0.05601997573884181
124,0.05592493991117142,0.05601908766160203
125,0.05592137838809384,0.05601765477780741
126,0.05591778347165148,0.056016133219456817
127,0.05591460651382512,0.0560149757972803
128,0.0559117125626752,0.05601415286599937
129,0.055908414630666065,0.05601291292613481
130,0.05590484651214998,0.056011149393029105
131,0.05590195243009454,0.05600944028560711
132,0.05589874262601134,0.056008589790883426
133,0.05589604188030919,0.05600831394482326
134,0.05589299167243278,0.056006895485823265
135,0.05589044862372336,0.05600583570678874
136,0.055887628819328704,0.05600514145289511
137,0.05588439104692458,0.05600379375432216
138,0.05588133077581423,0.056002535801468044
139,0.055878896508329876,0.056002262897362126
140,0.05587632995606453,0.05600174630096672
141,0.05587344568651709,0.056000765457896326
142,0.055870954762185676,0.05600001134048542
143,0.05586839127332318,0.05599934037799572
144,0.05586667923923235,0.055999117085962585
145,0.05586438185565326,0.05599851833411235
146,0.055861532057581834,0.05599760639907477
147,0.055859503351459734,0.05599714019158306
148,0.05585757708486344,0.055996950217468165
149,0.0558548155628205,0.055996319634805045
150,0.05585240965613529,0.05599585112882324
151,0.05584994096357286,0.05599505105399672
152,0.055847324712104185,0.055994905617078886
153,0.0558451496212024,0.05599427945451601
154,0.055843392339345335,0.05599437887594149
155,0.05584081082091744,0.055993484490707485
156,0.05583832913635921,0.05599336446963291
157,0.055836374694911005,0.055992627044522625
158,0.055834358263381685,0.05599255266532445
159,0.05583212677176384,0.055992587847529106
160,0.05583030138102357,0.055992383633702854
161,0.055827491297395275,0.055991711588716436
162,0.05582561841411566,0.05599132590078011
163,0.05582379471519179,0.05599101038904614
164,0.05582130214519442,0.05599038424087833
165,0.05581934351797584,0.05599043652397735
166,0.05581652556672748,0.05598905362836116
167,0.05581436000461597,0.055988254332992815
168,0.055812117384553314,0.0559878151582256
169,0.055809658735594,0.055986535753144676
170,0.05580795125828459,0.05598636408003739
171,0.055805519753607674,0.05598621336037231
172,0.05580320222464148,0.055985692748269936
173,0.05580114999778114,0.05598552908273619
174,0.05579907927029651,0.05598510947697611
175,0.055797325379664725,0.0559846166273494
176,0.05579528371186,0.05598477723780785
177,0.05579362267785249,0.05598456223914796
178,0.05579167663006794,0.05598450473358306
179,0.05578859307751729,0.055982969451181495
180,0.05578678996842598,0.05598298095248278
181,0.05578499327379716,0.05598286468721672
182,0.05578295695517349,0.055982802866370855
183,0.05578046946451205,0.05598195637305029
184,0.05577832992543524,0.05598151762839873
185,0.05577638085204776,0.05598125336103436
186,0.05577416200301154,0.05598138705603233
187,0.055771993220249304,0.05598066526525015
188,0.05576982500447566,0.055980358667045815
189,0.055767297723291434,0.055979845448631584
190,0.055765536139786395,0.05597961940143912
191,0.055763938065592385,0.055979151261136256
192,0.055762235775475684,0.055978830934861494
193,0.055759876774381316,0.05597874111165848
194,0.0557579726012831,0.055977645332489515
195,0.055756039320196474,0.05597746819185523
196,0.05575381603819395,0.05597762856769432
197,0.05575194889740369,0.05597718242579885
198,0.055750588214742644,0.05597678952940507
199,0.05574829832012622,0.05597600483889813
200,0.05574598817747818,0.05597606326698255
201,0.05574461755708687,0.05597591433855884
202,0.0557423904536782,0.05597525849547725
203,0.05573941325254709,0.05597534994578312
204,0.05573733966145597,0.05597519184246915
205,0.05573524913741723,0.0559752429362743
206,0.05573327579462517,0.05597449705924777
207,0.05573195301897098,0.055974402195793256
208,0.055730330149268086,0.05597454068817844
209,0.0557282754527033,0.05597461113403127
210,0.0557264424131303,0.0559745652353848
211,0.05572437819657264,0.055974834342695456
212,0.05572245535769281,0.05597565514217036
213,0.05572048610091271,0.055975568737153675
214,0.055718590642829045,0.05597578152786094
215,0.05571607209303626,0.055975653899717745
216,0.05571432502062413,0.05597603885705039
217,0.055712595520227295,0.05597581498592585
218,0.055711272423349,0.055975549848201876
219,0.05570958253670392,0.05597583872343388
220,0.05570777921886988,0.055976446526480796
221,0.05570561261072819,0.05597614212112598
222,0.05570333653895593,0.05597553796033193
223,0.05570170447759577,0.05597542482301975
224,0.055699773935451405,0.05597576034834214
225,0.055698002390280554,0.05597569713309512
226,0.05569599164736888,0.05597580340932629
227,0.05569464437979279,0.055975655147590675
228,0.05569290995686496,0.05597517764410661
229,0.05569117028537466,0.055974827474106495
230,0.05568899746490412,0.05597469809939769
231,0.055687123404311846,0.055974945930611135
232,0.05568518702330352,0.05597457737629327
233,0.05568292926179476,0.055974687792927566
234,0.05568127112315106,0.05597445866872109
235,0.055679013007749405,0.05597373992507728
236,0.05567730866841084,0.05597350099990964
237,0.055675996232294696,0.055973447486024404
238,0.05567430636901066,0.05597317413257739
239,0.05567265225736694,0.05597329389963077
240,0.05567043180792751,0.055973308086172985
241,0.055668780608815194,0.05597373468390206
242,0.055666751761235936,0.05597409219756298
243,0.05566526735138512,0.05597414939551745
244,0.05566380875431664,0.055974478435294746
245,0.05566229989180319,0.055974379595009026
246,0.05566082567594389,0.055974534431747776
247,0.055658947497078726,0.05597435279545176
248,0.055657013281565325,0.05597479489223758
249,0.05565467339957957,0.055974331045334266
250,0.05565309102967305,0.05597463083206528
251,0.05565136048902182,0.05597478387540369
252,0.0556498038338319,0.05597505296632193
253,0.05564797616279135,0.05597496067811287
254,0.05564641247826779,0.05597503978772314
255,0.05564519357640537,0.055975025251647575
256,0.055643566237454894,0.0559748501298665
257,0.05564105224508042,0.05597478388244523
258,0.05563857228966495,0.05597456113866529
259,0.055636828373835025,0.055973814890996544
260,0.055634815307949455,0.05597387568025257
261,0.05563277304078916,0.05597401584785619
262,0.05563122199309852,0.05597426037525767
263,0.05562913713210952,0.0559740091963924
264,0.05562772351259736,0.055973875476604006
265,0.05562619327156031,0.05597367389041104
266,0.05562438440754354,0.05597331471904933
267,0.055623291175414355,0.05597370726983987
268,0.05562208453849136,0.0559736139453861
269,0.05561975725462647,0.05597342272034032
270,0.055617460852421884,0.05597287719052613
271,0.05561559395058411,0.05597262410225357
272,0.05561387428046498,0.05597243651277661
273,0.05561224850296139,0.055972502432061914
274,0.05560993112285146,0.05597176357334108
275,0.05560824743210877,0.05597173783556574
276,0.055606525622356566,0.0559716603259211
277,0.05560423585959831,0.05597106520814137
278,0.05560229066006259,0.05597101950721166
279,0.05560067583253453,0.0559707958062216
280,0.05559911707724817,0.055970909907890616
281,0.055595672510173846,0.05596962725488987
282,0.055593759417496766,0.05596988870887603
283,0.05559210951679178,0.05596968920401549
284,0.05559074586730751,0.05596948036124835
285,0.0555892919809478,0.0559695716889853
286,0.05558750549824157,0.055969477143320887
287,0.055586211608576894,0.05596933327550767
288,0.05558407005318063,0.05596923650685285
289,0.05558256914623604,0.055969021389290004
290,0.05558133492965899,0.05596908553178877
291,0.05557905674631266,0.05596848129733931
292,0.055576558575689855,0.055968265445852886
293,0.05557505604933803,0.055968472230079135
294,0.05557323354267202,0.055968388022884376
295,0.05557161175250914,0.05596828145778131
296,0.05556984085021324,0.05596801747655325
297,0.05556795692819913,0.05596745152993929
298,0.05556674734872835,0.05596710076344891
299,0.055565387243278065,0.055967225325124104
300,0.05556281514172705,0.05596664166969272
301,0.05556080585305566,0.055966687650317024
302,0.055558987315798364,0.05596634711717919
303,0.055557845604676796,0.05596639326447579
304,0.0555561542715496,0.05596638607174749
305,0.05555409936768537,0.05596606948771177
306,0.05555130662602373,0.05596594371293804
307,0.055550092572957656,0.05596592355771466
308,0.055547843803658334,0.05596656327199052
309,0.0555457385754594,0.05596681472930606
310,0.05554424502437697,0.05596687499106987
311,0.05554212193527872,0.05596644949345741
312,0.05554018632175,0.055966488094683055
313,0.055537824543411184,0.05596647645005749
314,0.055536541093560564,0.05596666862370582
315,0.055533805088885044,0.05596594094419435
316,0.05553203891559155,0.05596597008983201
317,0.05553043709460301,0.055965819929725845
318,0.05552866185689106,0.05596626621810984
319,0.05552649219980581,0.055965900873562256
320,0.05552464106165174,0.055965957374426875
321,0.05552298666203996,0.05596588182913216
322,0.055521668095300014,0.055966025396324566
323,0.05551978960530112,0.05596578439655546
324,0.05551767348380903,0.055965596251329006
325,0.055515476847188605,0.05596615819404411
326,0.05551367921605166,0.0559661595896607
327,0.055511454397024936,0.055965909603055725
328,0.05550881656865966,0.05596518865370736
329,0.05550744129352966,0.055965555849849996
330,0.05550575537376282,0.055965030687204424
331,0.05550401480832031,0.05596483720906006
332,0.055502771917948786,0.05596483730688066
333,0.055501328133653126,0.055964889036978265
334,0.05549978915068722,0.05596462594406469
335,0.05549792026898201,0.05596438968823663
336,0.055496488095515675,0.05596466406031301
337,0.05549482944965447,0.055964701881945585
338,0.05549252622388454,0.05596434084115407
339,0.055491030105805195,0.05596431680193155
340,0.05548947098321104,0.055964388309443225
341,0.05548820078421562,0.055964265332298334
342,0.05548689223056797,0.05596435362085569
343,0.055484742838546236,0.05596426976975826
344,0.05548327676427677,0.05596429492967679
345,0.05548178959464666,0.05596424256194943
346,0.05548012575929853,0.05596388601927046
347,0.05547833662946407,0.05596382287492373
348,0.05547688717920374,0.055963307538146205
349,0.055475443880569575,0.05596336159998356
350,0.055474189908793825,0.05596340314224665
351,0.05547247096544459,0.05596308080093432
352,0.055471132696276154,0.055963410759237595
353,0.0554695183994206,0.05596382834858689
354,0.05546826752080633,0.05596358891493532
355,0.05546683019605817,0.05596378953628652
356,0.05546567210348351,0.05596417109291366
357,0.05546410519471276,0.05596434666814542
358,0.055461426788450216,0.055964719239735214
359,0.05545959834130985,0.055963958236636274
360,0.05545829283482244,0.05596402434663522
361,0.05545706171502687,0.05596376421394268
362,0.055455058895240605,0.05596306067521132
363,0.05545363688425329,0.055962875897264515
364,0.05545247005298576,0.055962937483598825
365,0.05545069993662236,0.05596289322982709
366,0.05544886203892764,0.05596289258428853
367,0.05544700865846199,0.05596324527454049
368,0.05544560301365639,0.055963709974377954
369,0.05544419233908285,0.055963716655926934
370,0.055443113753591546,0.055963654326463115
371,0.05544136324065112,0.05596375875783133
372,0.05543956384401154,0.05596348073563494
373,0.0554380294126738,0.0559635015182747
374,0.055436119861699454,0.05596347469396888
375,0.05543450050483084,0.05596327736926209
376,0.05543258995821464,0.05596347428816814
377,0.05543098411149114,0.055963865898656456
378,0.05542966666688858,0.05596355504273332
379,0.055428357596321864,0.05596373041802378
380,0.05542672725298352,0.05596346008162686
381,0.05542537053835518,0.055963525281585866
382,0.055423489989694014,0.055963648262685774
383,0.055421905805137034,0.05596408732179719
384,0.05541997558674215,0.05596413972043666
385,0.05541828739484812,0.055963878331117926
386,0.05541625948423526,0.05596369982557971
387,0.055413891727599814,0.0559638812251704
388,0.0554121236213252,0.055964453667219694
389,0.0554108473787485,0.055964654283572564
390,0.055409666028865635,0.055964649144045274
391,0.055408289226875136,0.05596472015871495
392,0.05540616432673594,0.05596382773400042
393,0.055404918677778664,0.05596429665439218
394,0.05540347139881409,0.05596466192528329
395,0.05540129591410243,0.055964219773047726
396,0.055399551365294904,0.055964381598660594
397,0.05539745111111783,0.05596372497905817
398,0.0553961594467829,0.05596406702282302
399,0.055394969858018894,0.05596435369296778
400,0.05539319653536051,0.05596453337703472
401,0.05539174466136681,0.05596481100611459
402,0.055390176483479485,0.05596468781632982
403,0.055388763559770404,0.05596472592686667
404,0.05538737317003702,0.05596475370691511
405,0.05538581141672777,0.055964602289805175
406,0.05538458523833889,0.055964745673907655
407,0.055383437944217365,0.055965013913500256
408,0.05538201621721054,0.055964785775563304
409,0.05538047072741633,0.055964279607380055
410,0.055378788630701746,0.055964443559668536
411,0.055377187288039725,0.05596475073799473
412,0.055375706435367,0.055964776774140586
413,0.055374201794110324,0.055964554572505355
