0,0.15975193272969185,0.15994326988386762
1,0.15360036057069715,0.1538037883176777
2,0.14771226642011892,0.1479239977369239
3,0.14217226368375363,0.1423876294102231
4,0.13698547926991902,0.13721138947899336
5,0.13332881598966556,0.13355274008311524
6,0.1286230101700683,0.12884873369719346
7,0.12425274605408196,0.12448225396393144
8,0.12120548630846907,0.1214322010108602
9,0.11778833026040227,0.1180008843209707
10,0.11473998447919362,0.1149419193578623
11,0.11192748809787648,0.11211956474214156
12,0.10844614307233116,0.10864232073115743
13,0.10583033993431482,0.10601981340480598
14,0.10260202890888033,0.102793505683986
15,0.09972370367880147,0.09992309331279615
16,0.0970320904315037,0.09723086579515597
17,0.09452841674235782,0.09473119281098193
18,0.09198952430519929,0.09218901226952354
19,0.09013779670421009,0.09032347699329746
20,0.08786242452054524,0.08804079604732251
21,0.08572709438771284,0.08589594307171129
22,0.08417657206461926,0.08433680116486836
23,0.08229964957124972,0.08245513272392394
24,0.0805476856293345,0.0806973200320955
25,0.07891911639504016,0.07906622978564859
26,0.07741057490749896,0.07755087916415285
27,0.0763480001509367,0.0764792750576862
28,0.0753080342342836,0.07542908045161277
29,0.07433390601044355,0.07444749132020202
30,0.07324526083558051,0.07335324387044785
31,0.07207338755222696,0.07217225811917471
32,0.0709895893247141,0.07108391820247993
33,0.07023564654060065,0.07032618228091005
34,0.06941009452542338,0.06949737222453248
35,0.06849551504905126,0.06857568654253775
36,0.0678620006813022,0.06793782424294503
37,0.06717696170645729,0.06724690758344722
38,0.06643889365894852,0.06650737559648341
39,0.06575782371333622,0.06582327190951376
40,0.06521859827368987,0.06527988376305496
41,0.06469697596287498,0.06475215985263172
42,0.06422455065253273,0.06427594573924333
43,0.06381023117022841,0.06385542053989816
44,0.06341473059453911,0.06345758639617231
45,0.0629531441940815,0.0629913691005458
46,0.06261175271550325,0.06264469347411333
47,0.06225077111091308,0.062279489388074774
48,0.06197752780286151,0.06200349638458694
49,0.06160122547015267,0.06162233664666587
50,0.06130957510304732,0.06132587275441505
51,0.06103840601200286,0.061050082854134206
52,0.06077943107144037,0.060787794479973706
53,0.06051142576319154,0.06051715110712241
54,0.06029425173038856,0.06029568834346569
55,0.060048847884898185,0.060048928325928265
56,0.05982734395920816,0.05982624003317145
57,0.059620140849454537,0.059615931412553405
58,0.05946032108686868,0.05944943027536515
59,0.059310895005523195,0.05929985513543846
60,0.05916643330391709,0.05915038341341546
61,0.05900706265425493,0.058988476012641476
62,0.058885368937325364,0.058865945507696395
63,0.05874614631725757,0.05872551392744291
64,0.05861318402156508,0.058593870710023525
65,0.05849230689262201,0.05847102872416004
66,0.058397035694375675,0.05837444951050571
67,0.058286569591938196,0.05826191575191736
68,0.05819023492021915,0.05816356694633726
69,0.05810058911043869,0.05807140419932137
70,0.05802869930118914,0.0579970039538471
71,0.05796316948000477,0.057930671087586476
72,0.05788238811074686,0.05784900257921931
73,0.05781187482990799,0.057776291041554344
74,0.05774735968635449,0.05771140794482971
75,0.05767817555020381,0.057641255440751285
76,0.057627112555275486,0.05758796502963888
77,0.05757154349537838,0.05753203236667886
78,0.05751257261558467,0.057473082624855794
79,0.05746933549092405,0.0574272814974579
80,0.05742599251974794,0.057382500385452284
81,0.05738170938634613,0.05733807475126835
82,0.05735802693437503,0.05731280669013425
83,0.05733664512363076,0.057289935548438524
84,0.05729985337625094,0.05725276026348242
85,0.05726121452037793,0.05721456584759523
86,0.05723646622907605,0.05718963644458813
87,0.05720729057738641,0.057159709560489554
88,0.05717799465869162,0.057130464777226365
89,0.057151043747866184,0.0571025777132555
90,0.05712545576873804,0.057075861191828434
91,0.05709738750474149,0.05704762786082114
92,0.05707450756642485,0.05702489785138993
93,0.057051711528203264,0.05700160605333708
94,0.057028437046232325,0.05697655892679366
95,0.057007579101064056,0.05695393970528771
96,0.05698636008031947,0.05693129096924823
97,0.0569677575809221,0.05691218087625292
98,0.05694616740677562,0.05689131932311345
99,0.056927338979287895,0.05687272569334703
100,0.05691534288954435,0.056860839303390254
101,0.056897156239422236,0.05684186480912873
102,0.05688722260515866,0.05683182580126161
103,0.05688039878672778,0.05682522842740423
104,0.05686446833448853,0.05680907285341382
105,0.05685274404012336,0.05679704305894223
106,0.0568372629237765,0.05678209901227082
107,0.05682454964274408,0.05676797481541974
108,0.05680476287485328,0.0567480401458413
109,0.05679733074688858,0.05674034858655141
110,0.056786596557632144,0.05672859090903142
111,0.05677573058171345,0.056717759233839676
112,0.05676605952688257,0.05670695346927125
113,0.05675756448162506,0.05669832478955496
114,0.056749992325593565,0.05669078632057187
115,0.0567384863737857,0.05667871312074464
116,0.056727225162349425,0.056666774289716906
117,0.056718273506081225,0.05665860164781666
118,0.05671346333669613,0.056653541197354954
119,0.05669774659474887,0.05663810572050998
120,0.05668794940026214,0.056626983808305345
121,0.05667786653463088,0.05661596215636588
122,0.056669443799009206,0.05660767302461886
123,0.05666393568452802,0.05660251135738168
124,0.056650765996513794,0.05658933630540463
125,0.05664321233923629,0.056581086316306206
126,0.05663670840715559,0.05657477105187394
127,0.056625674834457795,0.05656373114219096
128,0.05661846209925133,0.05655718237817259
129,0.05661471093158422,0.056553321494049985
130,0.05660877564351214,0.05654721867942898
131,0.05660252999865701,0.05654115431579611
132,0.05659221709130831,0.056530310337046134
133,0.05658698718507219,0.05652493374241351
134,0.05658292097877408,0.056521384437031044
135,0.05657867453667743,0.05651783469405337
136,0.0565758745348593,0.05651548565851792
137,0.0565703728988503,0.056509503201286206
138,0.056564273096696434,0.05650334381094868
139,0.05656080984760937,0.05650036146416991
140,0.056555124082659745,0.0564948434710168
141,0.056552856643063774,0.05649292221941435
142,0.056545671791717544,0.056484918426466496
143,0.056543115640254785,0.05648308425058751
144,0.056537508806291416,0.05647835364656819
145,0.056535016322140766,0.056475783901465834
146,0.05652946284511069,0.056470055461173785
147,0.05652760520305981,0.05646843718378237
148,0.0565243928895706,0.05646516314254367
149,0.05651597915997013,0.05645654441271196
150,0.05651366335499651,0.056454084450596013
151,0.0565108604381952,0.05645142125519843
152,0.056507797135242066,0.05644894425808063
153,0.056506333945122125,0.05644774622288573
154,0.056503644610003796,0.05644506490160516
155,0.05649616079613942,0.05643748061918358
156,0.0564945889826788,0.05643595440185806
157,0.05649110973101073,0.056432296590399306
158,0.05648872690930014,0.05642974058868709
159,0.05648667990694744,0.05642799283833896
160,0.056482175892229834,0.0564239526431766
161,0.05647925104211444,0.05642072861846093
162,0.056477769461962105,0.05641924063553218
163,0.05647363407544233,0.056415038724514414
164,0.05647117037502208,0.05641289593028898
165,0.0564684343459528,0.05641045131154134
166,0.05646630908082118,0.05640828501246437
167,0.05646477429962279,0.05640712693087391
168,0.05646224005139218,0.0564048846572893
169,0.056460969759573966,0.056403698528000354
170,0.056457862462107294,0.05640101604227271
171,0.05645630351576878,0.05639945959116005
172,0.05645436833175481,0.05639733287239048
173,0.05645256818802744,0.05639564425475472
174,0.056450201976978455,0.0563936469452029
175,0.05644674754483759,0.0563899870174644
176,0.05644438270861722,0.056388495856325695
177,0.05644128553103757,0.05638536000116143
178,0.056439692856278874,0.05638350820689885
179,0.05643821337999349,0.05638222040908281
180,0.05643638462510962,0.05638090243691282
181,0.056434918497309305,0.05637954816801507
182,0.056432875854276816,0.0563777583715498
183,0.0564319139165895,0.056377185925117514
184,0.05643050655958851,0.056376197127274166
185,0.05642787308696182,0.056373953320315626
186,0.056426926195783086,0.05637338551247893
187,0.05642599226012263,0.05637252482037504
188,0.056424938814214814,0.05637173732073856
189,0.05642255891215602,0.05636938556058194
190,0.05641912608319882,0.05636573994795133
191,0.05641748127033938,0.05636466811794646
192,0.05641427818298363,0.056361970783251204
193,0.0564123051052641,0.05636007362337259
194,0.056410523159269144,0.05635828701849993
195,0.056409171571233784,0.0563576065567379
196,0.05640445293922113,0.05635313018492559
197,0.05640206963175892,0.05635112462007341
198,0.05639995804805813,0.056349443990627184
199,0.05639782591970591,0.056347337806559386
200,0.05639639979228153,0.056345772733243295
201,0.056391804882840096,0.056341493780712903
202,0.0563907162853225,0.05634051772876749
203,0.056389735374924234,0.0563399563871338
204,0.05638770313559783,0.05633818094394062
205,0.05638563805215772,0.05633595535156995
206,0.0563818160154178,0.056332273877341375
207,0.056380123023031296,0.056330795927389384
208,0.05637892868105181,0.05632988513448361
209,0.05637761053986604,0.05632889421019086
210,0.05637606635394337,0.05632766376465165
211,0.05637481439824995,0.05632648211960842
212,0.05637356043184461,0.05632551827831713
213,0.05637108438379031,0.05632367905162097
214,0.05636780539632392,0.056320044465003
215,0.056366007491344294,0.05631846760046483
216,0.05636385786272123,0.05631648725695096
217,0.05636282953197595,0.0563152604993692
218,0.05636177955367683,0.05631443647853804
219,0.05636077275952631,0.0563136505370135
220,0.056358050569760086,0.056311533361272766
221,0.056356239020064536,0.056310182700019425
222,0.0563551156306381,0.05630955441300995
223,0.056352211038234935,0.05630718799955973
224,0.056350353406850344,0.056305543111663685
225,0.05634921923098997,0.05630482280480967
226,0.05634828113330461,0.05630376620401663
227,0.0563468163075197,0.05630316902571692
228,0.05634522326206983,0.05630206854744115
229,0.056344267542701706,0.056301515282175855
230,0.05634294691223867,0.05630082297524206
231,0.05634138454873462,0.05629956718077162
232,0.056339965645221694,0.056297747581954
233,0.056338392428339226,0.056296303950482594
234,0.05633615725733285,0.056293938126205666
235,0.05633469725903727,0.05629287287359523
236,0.056333278991911054,0.05629145992375773
237,0.05632997348455543,0.056288778022168875
238,0.05632900431355996,0.056288337063803366
239,0.05632703632276568,0.05628642549317309
240,0.056326334712341726,0.056286104950936874
241,0.05632528584857815,0.05628554766444619
242,0.056324427073824124,0.05628503971209082
243,0.05632337162015619,0.05628448658339228
244,0.0563221415139525,0.05628346979458226
245,0.05632073171413771,0.05628233979973011
246,0.05631997295686634,0.05628200333623933
247,0.05631907729916489,0.05628145378348873
248,0.0563183137529039,0.056280884863007086
249,0.05631758050706678,0.05628031818868674
250,0.05631639639232753,0.056279541274637655
251,0.056315741689252935,0.056279185338178724
252,0.0563129438490762,0.056277041232556294
253,0.05631199405736122,0.056276718599439265
254,0.05631108081730205,0.056276007311238274
255,0.056310274907692616,0.05627570186796957
256,0.0563096384969605,0.05627527921764677
257,0.05630894763344184,0.05627473115656082
258,0.05630775232741583,0.05627353938237118
259,0.056307149158064104,0.05627312127345132
260,0.056306411029684166,0.056272630122995215
261,0.0563050741941865,0.05627140982195945
262,0.05630421337473619,0.05627087400908921
263,0.056302327355682184,0.056269084909280113
264,0.056301458256754706,0.05626813605718542
265,0.05630092864893556,0.05626796367723543
266,0.05630024624551459,0.056267738390930425
267,0.056299528339863965,0.056267611642124335
268,0.056298511616389206,0.05626719098915847
269,0.05629740277192418,0.056266139707553016
270,0.05629659861983502,0.05626524703246338
271,0.05629531604952233,0.056263943036033416
272,0.05629444461301478,0.056263361963077366
273,0.05629339580864382,0.05626239377380088
274,0.05629291016620175,0.05626230137111557
275,0.056290346089104125,0.05626025303939394
276,0.05628927766047748,0.056259604340022196
277,0.056287409280982664,0.05625820355266288
278,0.056286201229798376,0.05625770610661283
279,0.05628537417796538,0.05625729770146825
280,0.05628478396952105,0.05625697265126006
281,0.05628413289692062,0.05625671780081086
282,0.05628356814675786,0.056256120770635666
283,0.05628300093797708,0.056255925499681655
284,0.056282531690877054,0.05625572873631426
285,0.05628205951356264,0.05625594701209855
286,0.056281147693683045,0.05625534256475466
287,0.05628059929481728,0.056254921298502986
288,0.0562793522454829,0.056253658673531874
289,0.056278037660817674,0.05625250995517929
290,0.05627716352481576,0.056251910792374606
291,0.05627652434931976,0.056251443046042994
292,0.05627577870943143,0.05625111541171835
293,0.056274884703440185,0.05625041466374874
294,0.05627437889090218,0.056250170136900986
295,0.056273792215159324,0.056249936254621054
296,0.05627323168192726,0.05625013319963136
297,0.0562719670598141,0.05624897422384789
298,0.056270104622463665,0.05624756940536157
299,0.056269299139379184,0.056247237792998776
300,0.05626880709081901,0.05624710370891728
301,0.05626802442826687,0.056246388696095745
302,0.05626537333373102,0.0562446773115051
303,0.056264770521973,0.0562442925248766
304,0.05626340321219393,0.056243358307322994
305,0.056261868380672174,0.05624222698598032
306,0.0562603979647134,0.056241024306537185
307,0.05625988755191438,0.05624086671161306
308,0.05625911297282017,0.056240313144502896
309,0.05625802850881002,0.0562391876466739
310,0.056256571335122366,0.056237985805661486
311,0.05625558350914493,0.056237309085843595
312,0.05625457234498438,0.05623645313248711
313,0.05625381444498255,0.05623602893346992
314,0.05625325753865652,0.056235543643335974
315,0.05625114268766702,0.05623420901469121
316,0.05625048461299711,0.05623385595954983
317,0.056249656873162954,0.0562332912960132
318,0.056247749357342676,0.05623183574456433
319,0.05624686638326768,0.05623115905398507
320,0.056246308237586695,0.056230716087316376
321,0.05624511528673189,0.056229915427797116
322,0.056244431903884534,0.05622967482647797
323,0.05624356425825342,0.056229050417618026
324,0.05624267281545544,0.05622824623125299
325,0.05624130135916588,0.05622696864403089
326,0.05624023640450265,0.05622635532886177
327,0.05623971237238597,0.05622602116884956
328,0.056239166968557824,0.05622598339517803
329,0.056238728902656604,0.056226014493440175
330,0.056236745110852006,0.05622427109634735
331,0.056235611645654264,0.05622319168957457
332,0.056235161535213705,0.056223074265925224
333,0.05623414112725494,0.056222123308202525
334,0.05623373870060499,0.05622200777058525
335,0.05623312692802664,0.05622168020558772
336,0.05623188960493828,0.05622048042435558
337,0.056231329477609386,0.0562204610364369
338,0.056230138664571744,0.05621934235001867
339,0.05622869233065124,0.05621826794444147
340,0.05622758136712788,0.056217667127299545
341,0.056225809164172,0.056216186391620036
342,0.05622520094783672,0.05621560275596654
343,0.05622404898270468,0.05621454646945879
344,0.056221069060910275,0.05621192202337797
345,0.0562205453441397,0.05621176879774223
346,0.056219241694894104,0.056210670133844044
347,0.05621846875690516,0.056210362057814635
348,0.05621766330160173,0.056209734979673576
349,0.056216886346763736,0.05620909783960367
350,0.05621645564167446,0.05620875030256212
351,0.056215693533233725,0.05620807216879996
352,0.056215024425083034,0.0562076340436071
353,0.056212958733339834,0.05620577685783813
354,0.05621259135121756,0.05620577508794446
355,0.05621202967434098,0.056205445010477834
356,0.056211625452770156,0.056205521737145894
357,0.056211157461651,0.056205457353976855
358,0.056210942595625,0.05620550233073592
359,0.05621027087273241,0.05620506384233402
360,0.05620981094640048,0.05620480525585275
361,0.05620932925908317,0.05620451058901986
362,0.05620824167894276,0.05620397449194497
363,0.0562072031017789,0.05620307564220273
364,0.056204583822432555,0.05620030732017859
365,0.05620396111051419,0.05620009148169551
366,0.05620259257028562,0.05619912102161051
367,0.05620156622126266,0.05619828963408026
368,0.05620099753929737,0.056198172733372645
369,0.056200022166844145,0.056197327067133
370,0.05619958702254922,0.056197357339220204
371,0.05619908312241952,0.0561972819173982
372,0.05619807332215108,0.05619675802685035
373,0.056197642719079684,0.0561966074578251
374,0.05619655551576684,0.05619596076995047
375,0.056195693488599596,0.05619543567656655
376,0.05619529128816701,0.05619540752249134
377,0.05619463864890212,0.05619501206519769
378,0.056193291808469006,0.05619402787295651
379,0.0561923311679802,0.0561934855855654
380,0.05619012990382868,0.05619173200596648
381,0.05618927669083146,0.05619125549147828
382,0.05618820300459083,0.056190956488091366
383,0.05618763242205897,0.05619040206041561
384,0.05618720268303211,0.05619027278219806
385,0.05618665184218969,0.05618982581945257
386,0.05618620954977867,0.05618972955089636
387,0.056185213954465026,0.056188862504344655
388,0.056184345584767745,0.056188205854364216
389,0.05618264830011749,0.05618765187542436
390,0.05618173521948363,0.056186848199035924
391,0.05618069869488735,0.05618584799280549
392,0.05618020685537791,0.056185442903841594
393,0.056179818695681484,0.05618521104214575
394,0.05617934073415657,0.05618487562919225
395,0.05617860545539979,0.05618432324015993
396,0.05617777999357611,0.05618417766788989
397,0.05617621870181915,0.056182683632681835
398,0.05617585765329567,0.05618235603404431
399,0.056174126430924294,0.05618068659490566
400,0.05617352808079888,0.0561802051204047
401,0.05617299970606067,0.05618006143744375
402,0.05617222549546154,0.056179403348267744
403,0.05617182660259331,0.05617912484675295
404,0.0561711759875624,0.056179093778932036
405,0.056170211079598416,0.05617820026460895
406,0.05616960061135494,0.05617797737124095
407,0.056168924912277665,0.056177481877083456
408,0.056167917930042305,0.05617689043205876
409,0.05616564401912126,0.05617441332337817
410,0.056164324042127234,0.056173704592469745
411,0.05616397460832779,0.0561735831280103
412,0.05616357817407691,0.056173454472441764
413,0.05616299087881181,0.056173245338924246
414,0.05616220524672442,0.05617285143831251
415,0.05616179678200042,0.05617269898090031
416,0.05616120853640394,0.056172407717713986
417,0.05616069991251797,0.0561720990382892
418,0.05616043713826728,0.056172002658119696
419,0.05615992437390343,0.05617176162354859
420,0.05615925685803437,0.05617163482436259
421,0.056158558543515626,0.056170926300678665
422,0.05615671822473627,0.056170010170317364
423,0.05615628622433679,0.05616979452999035
424,0.05615554424967591,0.056169416212113264
425,0.05615504386719165,0.056169111585165056
426,0.056154522733769786,0.05616888529141709
427,0.056152656078037384,0.05616779307663451
428,0.05615172575052248,0.05616694564195301
429,0.05615091342726198,0.056166388427614435
430,0.05615035216039757,0.05616607859217583
431,0.0561499418072202,0.05616611897896578
432,0.0561494760349448,0.05616587899305866
433,0.056148852583698824,0.05616561775749264
434,0.05614843979999047,0.05616566110047737
435,0.05614698684978774,0.05616436651533737
436,0.05614597983885316,0.05616348981809891
437,0.05614568278525374,0.05616343307952613
438,0.05614511618305041,0.05616311665960673
439,0.056144144846176317,0.056162474618580795
440,0.0561437733440678,0.056162352772839146
441,0.056143122397384726,0.0561618594382424
442,0.05614258860785701,0.05616167294144877
443,0.056142187509450624,0.05616142551193451
444,0.05614175386891159,0.0561610740928626
445,0.05614158393035976,0.05616104612845512
446,0.0561410673905472,0.056160921118660376
447,0.05614045094709645,0.056160430016552625
448,0.0561397987984764,0.0561599211523089
449,0.056139119399577865,0.05615970293380044
450,0.05613878047732866,0.056159732569023166
451,0.05613822924499856,0.05615945707151266
452,0.05613777559375521,0.05615923484218353
453,0.0561371417669833,0.056158932210216624
454,0.056136720167375066,0.056158682843581074
455,0.056136158640865984,0.0561583721529651
456,0.05613558142179702,0.05615832720060032
457,0.056134954117605385,0.05615815866589431
458,0.056134648649541964,0.05615826807694781
459,0.056134178510721555,0.05615803624358043
460,0.05613332073142093,0.05615765952321063
461,0.056132977105035835,0.056157479552188
462,0.056131347524025814,0.05615645486409722
463,0.056130959265159756,0.0561562653028733
464,0.05612973995677715,0.056155045443422535
465,0.056129035449512095,0.05615478092746755
466,0.05612880930323373,0.05615464156588564
467,0.05612836661666563,0.056154618734210446
468,0.056127809571283035,0.056154433309712516
469,0.056127431049487704,0.05615453745035753
470,0.05612710173326319,0.05615447725688893
471,0.0561266763883948,0.05615431753313923
472,0.05612628499700899,0.05615418314132026
473,0.05612581366297436,0.05615402550528466
474,0.05612532673534144,0.0561538175499378
475,0.056124964141606754,0.05615385274900229
476,0.05612299097415471,0.05615310514807499
477,0.05612247364646522,0.05615284503700419
478,0.05612058419241687,0.056151077306673215
479,0.05611978043426234,0.056150377482284
480,0.05611922839096271,0.05614997833268532
481,0.05611856061404695,0.05614988860696168
482,0.05611772230456053,0.05614906183788432
483,0.056116830605402686,0.05614833123453257
484,0.05611605874557507,0.05614788684597758
485,0.056115750818571765,0.05614773845531318
486,0.05611523217396293,0.056147428377415154
487,0.05611479951171548,0.05614739690858398
488,0.05611371540910433,0.056146454302047955
489,0.05611304986437817,0.05614563872149535
490,0.05611275073326221,0.05614572607373016
491,0.056112319995105193,0.05614590724949435
492,0.05611028572487937,0.05614380026749529
493,0.0561096102482166,0.056143502124787845
494,0.05610903544836603,0.05614339894986058
495,0.056108577188481876,0.05614323558688792
496,0.05610827688236786,0.05614321719579561
497,0.05610797262806548,0.05614328774025589
498,0.056106109380448264,0.05614235761485903
499,0.05610584970100523,0.056142432535430366
500,0.05610545985390413,0.056142308774885595
501,0.056105036249387424,0.05614200992448848
502,0.056104692376488755,0.05614213390666071
503,0.05610438669765565,0.05614196440180446
504,0.056103895702860784,0.056141599179755884
505,0.05610337987570692,0.05614113051730414
506,0.056102842679516346,0.05614080922682966
507,0.05610235607655565,0.05614043674864
508,0.05610171272771796,0.05614028974885495
509,0.05610135093796835,0.0561404355847433
510,0.05610082261446626,0.05614036453957786
511,0.05610037961518669,0.05614033717880368
512,0.05609955213192456,0.056139832472063896
513,0.05609904875018103,0.056139579729431656
514,0.0560985362038087,0.0561391709011908
515,0.056098069979788036,0.056139027197285245
516,0.05609770220413088,0.056139085545954794
517,0.05609735779773515,0.05613927318563605
518,0.056096859618544215,0.056139214232606094
519,0.05609624508025748,0.0561389774656791
520,0.05609594778593056,0.05613887057824617
521,0.05609547933488713,0.05613883810685322
522,0.05609374549448959,0.05613774076312425
523,0.056093108892747434,0.05613752897254984
524,0.05609250735841745,0.05613720464623317
525,0.056092232423334346,0.056137188889665825
526,0.05609176534098593,0.05613690340232412
527,0.05609141168109548,0.05613673183324409
528,0.05608994788241313,0.056135572657794876
529,0.05608943877412343,0.05613526927802975
530,0.05608911270424155,0.05613548486400574
531,0.05608752032691311,0.056133476397578916
532,0.05608633301757995,0.05613300779380864
533,0.05608588834084852,0.056132552772376824
534,0.056085472409107454,0.0561325519159957
535,0.056084053753102096,0.056131722940403424
536,0.05608351663761103,0.05613132734084814
537,0.05608313923891331,0.05613145137707698
538,0.05608281076026641,0.05613158073609503
539,0.05608234959461487,0.056131513427149
540,0.05608200078563871,0.05613135762758315
541,0.05608157650715588,0.05613118158557851
542,0.056081126348142,0.05613095101324143
543,0.056080672328273115,0.0561307981393841
544,0.05608043105479297,0.05613076251137798
545,0.056079185698693045,0.056130651798040554
546,0.056078907527505446,0.05613058292255077
547,0.0560772740636102,0.05612883474199891
548,0.05607680408487819,0.056128650547537476
549,0.056076183925434515,0.05612797542847238
550,0.05607566340200727,0.05612776352884075
551,0.05607530825425687,0.05612760637187779
552,0.056074712127579494,0.05612744217190886
553,0.056074086143793854,0.056127252393066866
554,0.05607373411311622,0.05612728404617217
555,0.05607336901857321,0.05612739247853014
556,0.056072927756657794,0.05612728550369337
557,0.05607258805000303,0.0561274070977376
558,0.05607210245639359,0.056127327736915145
559,0.05607172507804678,0.05612717555276484
560,0.056071295547694154,0.05612713136569112
561,0.05607045019947837,0.056126998868185125
562,0.05606981189730141,0.05612646508176839
563,0.05606861751091491,0.0561262224126399
564,0.05606790069613158,0.05612568888162681
565,0.05606747095520743,0.056125671966930704
566,0.05606714756377755,0.056125677698555934
567,0.056066641665882586,0.0561254457084016
568,0.05606516603885762,0.05612385836746992
569,0.0560648012179472,0.056123910857849804
570,0.05606433934072911,0.05612382095505005
571,0.05606393734654111,0.05612379116162683
572,0.056063513776054265,0.05612376411620879
573,0.05606299224174688,0.05612342944601275
574,0.05606259941122279,0.05612353522419319
575,0.05606182820563252,0.056122962590389236
576,0.056061598480890526,0.05612301396078001
577,0.0560611263445191,0.05612300984822043
578,0.05606069953165469,0.05612287703365379
579,0.05606035127128328,0.056122866164330744
580,0.05606001190954777,0.05612285854816631
581,0.056059574651799414,0.056122782274239995
582,0.05605930488797298,0.056122661450231454
583,0.05605792926925861,0.05612168964046116
584,0.056056988610166364,0.05612063417277375
585,0.056056167234670086,0.05611989532455009
586,0.05605570614830284,0.05611987971758584
587,0.05605547913905826,0.056119964757071525
588,0.05605508086226651,0.0561197471011891
589,0.05605471990812757,0.056119645865469546
590,0.05605437760579891,0.05611999675381051
591,0.056053912969589774,0.0561197887753305
592,0.056053506771193806,0.05611958802921341
593,0.05605288995246366,0.05611897298106487
594,0.056052513354882524,0.05611893179776911
595,0.05605194004863083,0.05611887708480108
596,0.05605160611461693,0.056118855311600366
597,0.05605114651872867,0.05611871250269597
598,0.056050730500365305,0.05611847021650308
599,0.05605025956001511,0.05611837044915439
600,0.05604991690247303,0.05611841273554619
601,0.05604945906894028,0.056118258143372714
602,0.0560490606959125,0.05611803872561959
603,0.056048192986751955,0.05611723724352847
604,0.05604772866625297,0.05611716127392765
605,0.05604728873191946,0.05611699986335029
606,0.0560468762975971,0.05611672498359758
607,0.0560462095773906,0.056116311272326184
608,0.05604571437777691,0.056116194730443714
609,0.056045463898134466,0.05611621770905038
610,0.05604514473375787,0.05611600360579611
611,0.056044767076883356,0.05611621182269493
612,0.05604441080413463,0.05611651617806455
613,0.05604413121678948,0.056116443329943394
614,0.05604360410553127,0.05611622744882466
615,0.056043349561351125,0.05611612280577093
616,0.05604273781026031,0.056116017384914084
617,0.056042321964055314,0.05611592378441817
618,0.05604192188571453,0.05611597141893148
619,0.05604152459291788,0.056115856129792065
620,0.05604120327907277,0.056115931695323897
621,0.05604057604988777,0.05611578581173243
622,0.0560402555828089,0.05611572179685171
623,0.056039963289470265,0.05611559503492977
624,0.05603960814691596,0.05611539615980187
625,0.05603889905669156,0.056114806112350805
626,0.056038584213454624,0.05611469824175257
627,0.05603826283234827,0.056114619138740746
628,0.056037995076565816,0.05611469677974258
629,0.05603761143413999,0.05611474077634986
630,0.056037068665812054,0.056114444424501
631,0.05603584475710999,0.05611423739939931
632,0.05603549172122855,0.05611416576131871
633,0.05603512054458841,0.05611407868644173
634,0.05603487618666699,0.05611427012694034
635,0.0560344177481298,0.05611433453542308
636,0.0560341373527877,0.05611447105706249
637,0.056033231323113976,0.056114523730374184
638,0.05603292750232511,0.05611446091368704
639,0.05603207942852249,0.0561143969310514
640,0.05603174012458824,0.05611432332422166
641,0.0560313976376662,0.05611419229326028
642,0.05603094524087993,0.056114140570796556
643,0.05603064498739598,0.05611426017122417
644,0.05603035462209158,0.05611416857207077
645,0.05602987232150288,0.056113894337381114
646,0.05602939266423564,0.05611399345941491
647,0.05602882661531418,0.05611357983455223
648,0.056028371371266913,0.056113669527018635
649,0.05602799516276653,0.05611351584172555
650,0.056027686808298394,0.056113568182917566
651,0.056027221313073694,0.05611359354440042
652,0.05602644758021905,0.05611299603500083
653,0.056025969380981505,0.056112841926097425
654,0.05602536472294485,0.056112450930155634
655,0.05602467107998704,0.05611212987882288
656,0.05602430498995471,0.05611195806863303
657,0.05602392699015847,0.056111590808329746
658,0.056023307731754804,0.05611111794279049
659,0.056022490221474,0.056110806191816555
660,0.05602147894459513,0.05611001779569978
661,0.05602103155361184,0.05610983671866496
662,0.05602060512130832,0.05610975939255062
663,0.05602018737174986,0.056109922140825774
664,0.05601978568964489,0.056109906967130675
665,0.05601950613175877,0.05610969322579508
666,0.05601894670757315,0.056109778387590584
667,0.056018461164731886,0.05610936971419977
668,0.056018132650102026,0.05610926988647872
669,0.05601777839912385,0.05610922995158541
670,0.056017280164292624,0.0561088242470626
671,0.05601698158345236,0.05610871043440331
672,0.056016568234694857,0.05610866173482138
673,0.05601605265306199,0.05610824144695116
674,0.05601562215901645,0.056108219225931365
675,0.05601525098121767,0.05610822178727945
676,0.05601491490437979,0.056108248672025705
677,0.05601446934652264,0.05610810770604583
678,0.05601417225962165,0.05610808999294167
679,0.05601362820523157,0.05610798840398605
680,0.0560121686001688,0.05610643427591109
681,0.05601175951017244,0.05610616437840093
682,0.0560113379823117,0.05610592502392768
683,0.05601101781986903,0.05610604668911557
684,0.05601052203724105,0.05610607323696783
685,0.05600960934411616,0.05610568347727644
686,0.05600853755543902,0.056104553339019606
687,0.05600821365588348,0.056104626581464256
688,0.05600771407877269,0.05610452494902954
689,0.05600736696517134,0.05610433302546933
690,0.056006785252806585,0.05610406011908295
691,0.05600646389341783,0.05610406793114226
692,0.05600600849923891,0.05610410351746252
693,0.056005729041075834,0.05610414540894094
694,0.05600524928107294,0.05610402802220048
695,0.05600463542599076,0.05610394612761851
696,0.05600410040602326,0.05610352562986529
697,0.05600376695642386,0.05610357377353382
698,0.0560034751400375,0.05610371948929019
699,0.05600314147464585,0.05610359256393841
700,0.05600271727072012,0.05610337591809259
701,0.05600241471747399,0.05610334962437648
702,0.05600212782054135,0.056103457480372224
703,0.056001396387679446,0.05610303716166276
704,0.05600109774941717,0.05610310797689558
705,0.05600085122018742,0.056103212524012014
706,0.05600047011385478,0.056103377041448035
707,0.05600010179697267,0.05610332361604348
708,0.05599898038802971,0.056102974339226494
709,0.055998700398190285,0.056103020031745734
710,0.05599736097257148,0.056101632942688114
711,0.05599709807090206,0.05610153565265388
712,0.055996708797529895,0.05610144612450775
713,0.05599626688097338,0.0561014997948055
714,0.055995820637386215,0.0561014653721277
715,0.0559955384421441,0.05610166313993829
716,0.05599517182611254,0.056101688834619926
717,0.05599471441221985,0.05610128680923431
718,0.05599420007828853,0.056100759987705535
719,0.055993883475471316,0.056100803010533044
720,0.05599363361892614,0.05610091061784227
721,0.0559932920844105,0.056100981307996095
722,0.05599301159456416,0.05610094379050305
723,0.055992672244032655,0.05610106019392492
724,0.05599241394905493,0.056101128322185105
725,0.05599219996087472,0.05610115629558045
726,0.055991605376249004,0.05610089216114501
727,0.055991163521691624,0.05610078923500545
728,0.055990614328321496,0.05610050597870702
729,0.05599034886706157,0.05610046235870431
730,0.05598997715399718,0.05610036597339861
731,0.055989692747818884,0.05610032229081812
732,0.055989355418513596,0.05610018650288026
733,0.055989018669999537,0.05609992851380863
734,0.05598810718905863,0.05609950883153326
735,0.05598784826019602,0.056099485778141875
736,0.05598751513628918,0.056099540834268075
737,0.055987021322922374,0.056099239634907205
738,0.0559866857181642,0.05609930595979074
739,0.055985409477323965,0.05609829897089188
740,0.05598506650750573,0.05609837822095895
741,0.05598455926086061,0.05609806383561213
742,0.05598373623975245,0.056097774414129345
743,0.055983433827910406,0.05609779149967715
744,0.05598317950846114,0.0560978928347529
745,0.05598286520950255,0.056097829670630844
746,0.05598262245998826,0.05609788423025388
747,0.05598231163844402,0.05609800704971569
748,0.05598138454766739,0.056097832992147295
749,0.05598025270552274,0.05609697435883385
750,0.055979794260502105,0.05609658947497126
751,0.05597949150858059,0.05609666570695154
752,0.05597919918308266,0.05609644576227282
753,0.05597881949838198,0.05609654919073808
754,0.055978527314185796,0.05609664913993706
755,0.05597819046332581,0.05609666556874049
756,0.05597769606327865,0.056096411752319435
757,0.055977102905609234,0.05609630297485369
758,0.055976681301599815,0.0560962121001796
759,0.05597622308432434,0.05609637571536922
760,0.055975898670816454,0.05609639345374087
761,0.05597534820434249,0.05609583855597827
762,0.05597476056735508,0.0560955970535154
763,0.055973830676552705,0.05609526864830829
764,0.05597236039606249,0.056093986744691966
765,0.05597156410286256,0.056093342010797465
766,0.055970702806618,0.05609280291686657
767,0.05596991446345536,0.05609213109136474
768,0.055969512790231546,0.05609220461983753
769,0.05596903124329215,0.05609216239903683
770,0.05596870681121595,0.05609206711832827
771,0.05596837606056153,0.0560919879798357
772,0.05596761010471589,0.05609178382481085
773,0.05596728755637131,0.05609170555766781
774,0.05596684014161559,0.056091364549727546
775,0.055965503103375315,0.056090175329693376
776,0.05596497464663978,0.05608992340846178
777,0.05596463173045836,0.05608987058806064
778,0.05596418600668708,0.05608985643359511
779,0.05596395490282089,0.056089904735381384
780,0.05596367524701902,0.05608981719020879
781,0.05596331642352291,0.05608967870216111
782,0.05596309335024924,0.05608957591874638
783,0.05596267321144539,0.05608959632162141
784,0.05596223884825767,0.05608968661198269
785,0.05596191268946608,0.05608952021751632
786,0.055961516379811733,0.05608917059256248
787,0.055961198134811166,0.056089282238769085
788,0.05596068117765334,0.05608916178641041
789,0.05596031382254654,0.056088949035703314
790,0.055959989179743014,0.05608888333713734
791,0.05595955830012069,0.05608853805793504
792,0.0559592527219646,0.05608849026102646
793,0.055958789588970825,0.056088174825680195
794,0.055958436007711644,0.056088315566713294
795,0.05595819125146395,0.05608839941562039
796,0.055957724885207095,0.05608828199594047
797,0.05595734488477782,0.05608817466489247
798,0.05595695353292218,0.05608799695954804
799,0.055956148283981266,0.05608758846365232
800,0.055955782677326864,0.05608743579359481
801,0.055955406368514385,0.05608746183503171
802,0.055955007805010365,0.056087514828887776
803,0.05595434180846718,0.056087028659083445
804,0.05595408954383654,0.05608706132770536
805,0.05595370417383659,0.0560869805421601
806,0.05595338680575574,0.056086942624390554
807,0.055953088698764766,0.056086854911136796
808,0.05595209207365572,0.05608611884031347
809,0.05595139548369037,0.05608559152297254
810,0.055951136228732705,0.05608556744268526
811,0.05595072572129807,0.05608537993242873
812,0.05594921459431082,0.05608445353737502
813,0.055948876677457564,0.056084524562902006
814,0.05594855617281211,0.05608443779990949
815,0.05594831453334384,0.05608443503541366
816,0.055947974520102375,0.05608445551160623
817,0.05594766862144866,0.056084451652025274
818,0.05594737049957491,0.05608430542713103
819,0.055947067494146,0.05608415000057219
820,0.05594680379123283,0.05608416144119531
821,0.055946523627643595,0.056084348051536455
822,0.05594622417272256,0.05608431498026453
823,0.05594590624874779,0.056084026780757815
824,0.055945667279409896,0.05608413492703538
825,0.05594536179900623,0.05608417399756056
826,0.05594509864189805,0.05608412919507893
827,0.05594464991401441,0.05608398591481658
828,0.05594444690777384,0.05608390939456825
829,0.055943884144933544,0.05608375284233861
830,0.0559435226797014,0.05608364615247602
831,0.05594319785482651,0.05608364590339397
832,0.05594282007863396,0.05608368157266187
833,0.05594212858600384,0.05608324277350965
834,0.05594174149694477,0.05608315474241854
835,0.055941407629028564,0.05608315025620407
836,0.05594046640903037,0.05608279666268138
837,0.055939955567161255,0.05608265440274598
838,0.05593948657677325,0.056082270338237365
839,0.055938892308242824,0.05608183014094871
840,0.055938623391304475,0.05608185029753567
841,0.05593818765397049,0.056081684338196436
842,0.05593789002166992,0.056081647585457035
843,0.05593739321296633,0.05608149283724451
844,0.05593707811005758,0.05608149933814666
845,0.05593680468448257,0.056081502458328734
846,0.055936505040251945,0.056081310311375296
847,0.055936127476853385,0.05608114954422497
848,0.055935232649506145,0.05608055024367068
849,0.05593499209812409,0.056080569886653955
850,0.05593471426093882,0.056080728835897965
851,0.05593422779756962,0.05608071391626692
852,0.05593388993084898,0.05608073607791457
853,0.05593359437760298,0.05608068304557333
854,0.05593290327891668,0.05608044766266704
855,0.05593244403708118,0.0560807769164274
856,0.055932046053659826,0.056080560846804496
857,0.05593140614416611,0.056080191481413744
858,0.05593111325796363,0.05607995051309074
859,0.0559308175294964,0.05607995632730009
860,0.055930053030395194,0.05607945718652398
861,0.055929570584133316,0.05607949872349529
862,0.055928951014301585,0.056079097220963874
863,0.05592833041217404,0.056078881007221616
864,0.05592797722343771,0.056078943109898194
865,0.055927290105537,0.05607871417111655
866,0.055926866916567265,0.05607850839193906
867,0.05592650601165065,0.05607850741714966
868,0.05592570748550441,0.05607751704650067
869,0.05592518019095162,0.056077266446668425
870,0.05592484884950417,0.0560772069137127
871,0.055924573822379225,0.056077121848872424
872,0.05592402057993143,0.056076757235237
873,0.05592332051863665,0.056076385167562505
874,0.055922941758868416,0.056076113168331575
875,0.055922309774044957,0.05607555443356781
876,0.05592204040416711,0.05607539480106486
877,0.05592142722206447,0.05607498091016966
878,0.05592088176947827,0.05607483946400198
879,0.055920420944230706,0.056074763838840073
880,0.05591981996645111,0.056074569890749736
881,0.05591927781498003,0.05607432762679444
882,0.05591839082724983,0.056073642300169424
883,0.05591751343636576,0.056073270306642824
884,0.055916996260994584,0.056073121798631616
885,0.055916643377148564,0.056073416276339334
886,0.055915914041302424,0.05607292297692625
887,0.05591566117169544,0.056073031238809856
888,0.05591536490016182,0.05607294066113832
889,0.05591416464234361,0.0560718843070307
890,0.05591387892913888,0.05607173805253027
891,0.05591318190636895,0.05607156346931905
892,0.055912807061414445,0.05607149188238052
893,0.05591243714758108,0.05607122866742471
894,0.055911906489722565,0.0560711934970073
895,0.055911141278164524,0.05607036433974969
896,0.05591073155075038,0.05607013848175597
897,0.05591037508295921,0.056069809085771784
898,0.05591012842887783,0.056069679837436964
899,0.05590980952333996,0.056069490761447974
900,0.05590902782258131,0.056068932055254
901,0.05590869431790979,0.056068884654053866
902,0.05590791914194557,0.05606863969895874
903,0.055906752714884565,0.05606779644123631
904,0.05590611772157248,0.05606728417051958
905,0.05590559760199465,0.05606696623667831
906,0.05590495584021423,0.05606673636377044
907,0.05590457634915937,0.056066549814437566
908,0.05590427630754302,0.056066196076074104
909,0.055903880969765125,0.05606607938166153
910,0.05590329484236231,0.056065825985737484
911,0.05590295576566754,0.056065847974898254
912,0.05590233459156746,0.056065358000630894
913,0.05590202727558734,0.056065207355158755
914,0.055901490201106865,0.05606519452368292
915,0.05590098378005107,0.056064708204831254
916,0.05590048487916586,0.05606480107132031
917,0.055900246482726575,0.05606492202931456
918,0.055899752796638585,0.05606491304952906
919,0.055899291686707896,0.05606504358859689
920,0.055898975928344564,0.05606509992805318
921,0.05589855060821222,0.05606507244406326
922,0.055898263931546496,0.05606520747402979
923,0.05589777571298557,0.05606510360330551
924,0.055897417273051885,0.056065118224441685
925,0.055896857228711676,0.05606486838552151
926,0.05589620307676263,0.056064710146144774
927,0.05589453434977317,0.05606300488574647
928,0.05589375442536686,0.05606243001503321
929,0.055893206344376986,0.05606229504730931
930,0.05589284885737661,0.05606233737536893
931,0.055891751877373747,0.05606164719436015
932,0.05589066676406366,0.05606048555725948
933,0.05588992838492272,0.0560596676678596
934,0.05588955169248925,0.056059450749763144
935,0.05588891181662581,0.05605887320539881
936,0.05588857833504091,0.05605875660481382
937,0.05588825641690435,0.05605859771920697
938,0.05588758062343318,0.05605875743178544
939,0.055886584357057664,0.05605809478771592
940,0.05588617922937712,0.05605817942216357
941,0.05588581637608535,0.056058168340247495
942,0.055885439106064985,0.05605825290560742
943,0.05588475695823777,0.056057941603021334
944,0.055884075561997405,0.05605770633329622
945,0.05588387267972057,0.05605792022231701
946,0.05588300461003499,0.056057282142219285
947,0.05588275362827611,0.056057488124295535
948,0.055882296692699354,0.056057383780986195
949,0.055880959231013994,0.056055856754971566
950,0.05588037439126331,0.056055634585820066
951,0.05587984828934767,0.05605553224705178
952,0.05587929171302339,0.0560552543278066
953,0.05587860908448033,0.056054893013751404
954,0.055878246868932835,0.056054696733835147
955,0.055877896775756865,0.05605489383442144
956,0.05587714650354171,0.05605449303161993
957,0.055876871989545364,0.05605436355561884
958,0.055876444387410414,0.05605405202347315
959,0.05587590165273761,0.05605406421868007
960,0.05587566400596214,0.05605403486579819
961,0.055875363835093866,0.05605405161340466
962,0.05587495973556837,0.0560538728540101
963,0.05587460587753684,0.056053825868708225
964,0.055874308756212125,0.056053947148108456
965,0.05587399819223373,0.05605396115146444
966,0.05587363724702587,0.05605384967369279
967,0.05587325800382808,0.05605395589951004
968,0.055872972792277355,0.05605386925973259
969,0.05587249113181337,0.05605380564404843
970,0.055871873098116,0.05605347024510313
971,0.055871606658926695,0.05605336169465245
972,0.055871341453584425,0.05605335610593815
973,0.05587101479749344,0.05605334186546816
974,0.0558707227196948,0.05605310073036365
975,0.05587024469777103,0.05605291780320821
976,0.055869892696878386,0.05605297245956164
977,0.05586961224918243,0.0560528936882533
978,0.055869283496974995,0.05605269184222338
979,0.055868328900144607,0.05605216268990728
980,0.05586791644164565,0.056051983023453926
981,0.05586751325175218,0.056051970851615424
982,0.05586726417797542,0.056051933615824646
983,0.05586703308513759,0.05605196528040969
984,0.05586657697189767,0.05605152856297307
985,0.05586585148128707,0.05605114824752781
986,0.05586548465377494,0.056050987074444454
987,0.05586521831321795,0.056051019800673535
988,0.055864912747466244,0.05605113711527252
989,0.05586465843898308,0.056051145166035723
990,0.05586437926300451,0.0560516052773887
991,0.055863950405653326,0.05605145559657419
992,0.055863669374413526,0.05605165457137297
993,0.055863063182797164,0.05605134439880267
994,0.05586261151995475,0.05605107725663737
995,0.055862378756542194,0.056051102895948196
996,0.05586206280434693,0.056051138856308226
997,0.05586183215368084,0.05605121753792658
998,0.05586154997100979,0.05605133920513943
999,0.05586128715699306,0.0560513577377802
1000,0.055860975860831476,0.0560513830655923
1001,0.05586070767237481,0.05605148164065469
1002,0.05586002368281915,0.05605126036430797
1003,0.05585979373852306,0.0560513780707784
1004,0.05585941988038328,0.056051028392241437
1005,0.055859009717675226,0.05605081368993997
1006,0.05585816310007764,0.05605048214451078
1007,0.05585769057180361,0.05605043608673789
1008,0.05585729631986895,0.05605038065211668
1009,0.05585673167973121,0.056049815548660106
1010,0.05585641546367736,0.05604962218646133
1011,0.05585592914448343,0.05604922414588498
1012,0.05585540640953664,0.05604899866946593
1013,0.05585505634562893,0.05604891310435996
1014,0.05585425658957409,0.0560483285789587
1015,0.05585373291710766,0.056048221611286295
1016,0.05585336453867628,0.05604824881614588
1017,0.05585286623831881,0.056048102967417
1018,0.0558524533239038,0.05604785302290865
1019,0.05585207292542017,0.05604761325351258
1020,0.05585174539899702,0.0560476424092386
1021,0.05585146136199159,0.05604742900590732
1022,0.05585120237123625,0.05604730133073657
1023,0.05585079318685891,0.05604713100855238
1024,0.05584931813356331,0.056046082887631105
1025,0.05584906163974252,0.05604588196355939
1026,0.05584868007776291,0.056045794830942776
1027,0.05584835612823512,0.056045862438052894
1028,0.055847937265607425,0.05604569785849325
1029,0.05584737275338926,0.05604555565395588
1030,0.055846866065034514,0.0560452468847112
1031,0.05584653605304278,0.05604534648539241
1032,0.05584591855398347,0.05604489489023887
1033,0.05584546359771227,0.056045059239599605
1034,0.05584500558983351,0.05604487721503345
1035,0.05584473846585361,0.05604487313017614
1036,0.055844490360073946,0.05604490178174107
1037,0.05584422032700416,0.056044838032688796
1038,0.055843899128604935,0.05604483988869346
1039,0.05584362087699003,0.05604484906612018
1040,0.05584335271054204,0.05604468074234817
1041,0.055843017077009484,0.05604477686621489
1042,0.055842614756645675,0.05604480408737906
1043,0.055842328696465715,0.056044895625697706
1044,0.055842005517081475,0.056045049733988106
1045,0.05584169762056103,0.056045001169757316
1046,0.055841324966577364,0.056044985061973716
1047,0.05584106065041367,0.05604518593218848
1048,0.055840777417881036,0.05604517692919995
1049,0.05584030889033304,0.05604523295328459
1050,0.05583996283096774,0.056045204583019176
1051,0.055839617710045863,0.056045193059666494
1052,0.05583927483442923,0.056045098676713395
1053,0.05583870746458892,0.05604483521791399
1054,0.05583838172053701,0.056044782889069694
1055,0.05583786604868797,0.05604471707978131
1056,0.05583747541432551,0.05604443049435401
1057,0.055836996973650965,0.0560444272507159
1058,0.055836747880662424,0.05604439622284816
1059,0.05583643198840618,0.05604432629621705
1060,0.05583609723567329,0.0560443259834346
1061,0.05583587792095688,0.05604431907296057
1062,0.05583553355796852,0.05604440029378504
1063,0.05583530337120624,0.05604441900387856
1064,0.0558347800622717,0.05604428551007192
1065,0.05583448502643887,0.056044209671979345
1066,0.05583406202185332,0.05604416245093966
1067,0.0558337795800929,0.056044197112325625
1068,0.05583354172632383,0.056044239304058704
1069,0.05583317720172345,0.05604417927748837
1070,0.05583289237227497,0.05604411482950354
1071,0.055832536395428796,0.056044058769033324
1072,0.05583222535354447,0.05604410382090866
1073,0.055831949029312954,0.05604419069376675
1074,0.05583169562406585,0.056044272849206905
1075,0.055831345090221744,0.05604408435480347
1076,0.05583109758870936,0.05604411541371949
1077,0.055830604872957566,0.056043886441994796
1078,0.05583025240348578,0.05604395180460093
1079,0.05583000374743265,0.05604400230712754
1080,0.055828625462004136,0.05604296752218594
1081,0.05582755295029351,0.05604210063177071
1082,0.05582701793103792,0.05604193898492859
1083,0.0558267659137632,0.05604201124138698
1084,0.05582647213658704,0.05604185818640274
1085,0.05582619805292548,0.05604192401636353
1086,0.055825851667688636,0.05604198979658749
1087,0.05582557339531342,0.056041835611761605
1088,0.05582499628690108,0.0560415577754766
1089,0.05582472518669322,0.05604165017084354
1090,0.05582428253140167,0.056041198759451336
1091,0.055823805240973266,0.05604139160820325
1092,0.05582345048108779,0.05604155496768085
1093,0.055823209686093264,0.056041508648629924
1094,0.05582287842344382,0.05604150515661606
1095,0.05582259101278592,0.05604166249945633
1096,0.05582238006372415,0.05604174371205663
1097,0.055822030912544784,0.05604191381361893
1098,0.05582162472218691,0.056041750547063326
1099,0.05582128862623423,0.056041614775172666
1100,0.05582097989230483,0.056041741849409715
1101,0.05582070335886199,0.056041772490934276
1102,0.05581937476584852,0.056040842233207835
1103,0.05581909410052678,0.056040665048746205
1104,0.05581859775449638,0.056040296767354864
1105,0.055818153638517276,0.05604048171267052
1106,0.05581662751124988,0.056039468669993216
1107,0.05581608884981879,0.05603925284724979
1108,0.0558154349067953,0.05603890677695177
1109,0.055815065801770876,0.056038846166175535
1110,0.05581481463215576,0.05603882012530272
1111,0.0558145678893755,0.056038878152277045
1112,0.0558141770199072,0.056039014175512755
1113,0.05581380338588788,0.05603897860910426
1114,0.055813253966462334,0.056038742562260595
1115,0.05581299618394406,0.056038767166297694
1116,0.05581258949778209,0.056038754070040525
1117,0.05581225665983017,0.05603862271129764
1118,0.05581177109310709,0.05603836751901048
1119,0.05581052611415448,0.056037412571066654
1120,0.0558100731289188,0.05603741852606588
1121,0.05580970656634652,0.05603732669832428
1122,0.055809107694472525,0.056036931661591315
1123,0.05580870060756635,0.05603668788755034
1124,0.0558084109016088,0.056036661134102765
1125,0.05580815125778657,0.056036588900523064
1126,0.05580785560228233,0.05603661373625597
1127,0.05580767675376428,0.05603680557613485
1128,0.05580654718029053,0.05603631101007841
1129,0.05580624815766626,0.056036204548078554
1130,0.05580598912026475,0.05603625128703613
1131,0.05580573612568694,0.056036088935811884
1132,0.05580538135686306,0.056036242635616546
1133,0.05580503260355485,0.05603622058196713
1134,0.05580476880881448,0.056036060283726895
1135,0.055804436069851804,0.056036102477414404
1136,0.0558041549477278,0.05603604674709502
1137,0.0558039353091241,0.05603610169131926
1138,0.05580360431572042,0.05603618852290158
1139,0.05580284540068331,0.05603618983286488
1140,0.05580250384726682,0.056036101282166455
1141,0.05580230297790391,0.056036085926523226
1142,0.0558020549057203,0.056035996132959225
1143,0.05580172437532988,0.05603605751312327
1144,0.05580144596251364,0.05603603981041478
1145,0.05580089885021483,0.056035607982961456
1146,0.05580067124833762,0.05603556786281427
1147,0.05580007330216538,0.05603513955816997
1148,0.05579972516619179,0.05603508619083271
1149,0.055799416849915025,0.05603506495878565
1150,0.05579897010676016,0.05603511273763743
1151,0.055798619438296476,0.05603514796529244
1152,0.05579812549948582,0.05603495627628087
1153,0.055797743425435295,0.05603473350715628
1154,0.05579710858078118,0.05603476948274248
1155,0.05579678152749587,0.05603492561426049
1156,0.05579654536991404,0.05603473793123105
1157,0.05579596974674621,0.056034812578662475
1158,0.055795520982684095,0.05603492492488045
1159,0.055795149933709536,0.05603467850230791
1160,0.055794803321198856,0.056034656359049854
1161,0.055794375137224454,0.05603473179655224
1162,0.05579401166772504,0.05603450028809798
1163,0.05579358600904907,0.05603431824543446
1164,0.055793377126185414,0.056034306421421744
1165,0.055793152221169706,0.05603425715751625
1166,0.055792850953493074,0.05603416370586432
1167,0.05579257967248048,0.05603418983502969
1168,0.05579236704608307,0.05603431965658628
1169,0.0557921439851214,0.05603438528927204
1170,0.05579182096082415,0.05603459983588336
1171,0.05579124843739492,0.05603457609103292
1172,0.05579094595319767,0.05603456224639263
1173,0.05579044905121402,0.0560341143135029
1174,0.05579014009062777,0.05603401493664343
1175,0.05578996374299834,0.05603414325788612
1176,0.05578953478084286,0.05603397583661913
1177,0.05578915998384505,0.05603386917962109
1178,0.0557887244130329,0.05603358154700894
1179,0.05578835216854791,0.05603359216655844
1180,0.05578807809026978,0.05603358488596614
1181,0.05578765488389524,0.05603358291486215
1182,0.055787361221864916,0.05603366764490618
1183,0.05578710672287229,0.056033570134054106
1184,0.05578652372496316,0.0560331622164855
1185,0.055786215236405846,0.05603325618370352
1186,0.055785991527589125,0.05603326171279093
1187,0.05578571927798854,0.05603336147100022
1188,0.05578536209222076,0.056033200787516335
1189,0.0557850291211257,0.056033020395978315
1190,0.055784576834613894,0.05603296345467452
1191,0.05578407639429956,0.05603295107787642
1192,0.05578361058912646,0.05603289211666719
1193,0.055783400107844244,0.05603300037397019
1194,0.05578307055643095,0.056033173455114584
1195,0.05578281473217485,0.056033260243600176
1196,0.05578248854401966,0.05603335372711996
1197,0.05578216943727153,0.05603343925869053
1198,0.05578184544767287,0.05603325219951891
1199,0.055781626949659276,0.0560333731465956
1200,0.05578139437952389,0.05603342113216447
1201,0.05578102277724203,0.05603333038704935
1202,0.05578064056796879,0.05603333602836721
1203,0.05578025227465813,0.05603339565717514
1204,0.05577982882712414,0.05603319458952231
1205,0.05577935223391949,0.056033230254488996
1206,0.055778996933310745,0.05603316673030328
1207,0.0557787318837385,0.056033145336297885
1208,0.0557783372639511,0.056033056571747474
1209,0.05577796217442929,0.05603306297210103
1210,0.05577769957738197,0.056033030174674606
1211,0.055777322266833025,0.0560330838837758
1212,0.05577680424473425,0.05603313672478974
1213,0.05577660989015632,0.05603308517072619
1214,0.05577621526577313,0.05603294418574734
1215,0.055775850950470926,0.05603280193456149
1216,0.05577543473867083,0.056032778326311435
1217,0.055774987180204766,0.05603272166185268
1218,0.055774734045946066,0.05603272425957709
1219,0.055774475831617834,0.05603289113477796
1220,0.05577407445078531,0.05603295630617119
1221,0.05577368199194811,0.056032746299522436
1222,0.05577327082599321,0.05603264403513795
1223,0.05577291764642369,0.05603252603301386
1224,0.05577270096892322,0.0560325196161151
1225,0.05577241589686775,0.05603244837937192
1226,0.05577214169968582,0.05603238659675756
1227,0.05577178575697957,0.056032311299066925
1228,0.05577159291306361,0.05603227627390344
1229,0.055771375524180294,0.056032195766443686
1230,0.055771001047557486,0.056032191673423395
1231,0.055770669914874386,0.05603228649824191
1232,0.05577033939949267,0.05603212133705506
1233,0.05576994604171796,0.05603206904572198
1234,0.05576952036879122,0.05603184115117228
1235,0.05576929370653946,0.0560317449761148
1236,0.05576883475077352,0.0560315410649514
1237,0.05576855638826033,0.05603143049913775
1238,0.05576829506232981,0.056031321480196225
1239,0.055768066700171676,0.05603141794448158
1240,0.05576774612933299,0.0560310957438906
1241,0.05576748205361812,0.056031067936057756
1242,0.055767182352748745,0.056030896050767276
1243,0.05576691358802829,0.05603104924068077
1244,0.055766614959174926,0.05603096769738432
1245,0.055766313443849774,0.05603093173507048
1246,0.05576596320406001,0.05603089091730611
1247,0.055765443656186936,0.05603087854514483
1248,0.055764812951926125,0.0560306669069954
1249,0.055764409098845655,0.056030634256847685
1250,0.05576420223385311,0.05603063975308365
1251,0.055763850048007,0.05603043823485912
1252,0.055763551438798575,0.05603030832861577
1253,0.055763335824281314,0.056030162462061585
1254,0.05576304557430125,0.05603015784450012
1255,0.055762676559528185,0.05603012194743027
1256,0.055762389641017096,0.05602996163734987
1257,0.05576210137634823,0.05602983884022175
1258,0.05576159482486197,0.056030022402256865
1259,0.05576116190412474,0.056029898285412445
1260,0.055760833497030884,0.0560298801663435
1261,0.05576050220255521,0.05602990567434727
1262,0.05576012270309867,0.05602977727997611
1263,0.055759612484290205,0.05602998172842042
1264,0.05575943082643048,0.05602985184064243
1265,0.05575927805796603,0.05602984576402513
1266,0.0557591059281303,0.05602998618873563
1267,0.05575886623684209,0.05603008480034089
1268,0.055758676748613525,0.0560299647657046
1269,0.05575836606216196,0.056030071469190514
1270,0.055758125560150626,0.0560301457001886
1271,0.05575784145138747,0.05603008863748504
1272,0.05575764917356649,0.05603011448164261
1273,0.0557573652374094,0.05603017943248464
1274,0.055757019793890174,0.0560303182677516
1275,0.05575672096427897,0.05603013499149084
1276,0.055756200469007776,0.05602990465066142
1277,0.05575590216173281,0.05603000732417397
1278,0.055755494674223506,0.05602978731696095
1279,0.055755070839212044,0.056029521200361344
1280,0.05575472840814848,0.056029427273881896
1281,0.05575444511692058,0.05602921651278895
1282,0.05575418821672511,0.05602932695622019
1283,0.055753946505270595,0.056029284574473766
1284,0.05575355175572393,0.056029134933657986
1285,0.05575309328997732,0.05602894142917614
1286,0.05575287275388068,0.05602890209810008
1287,0.05575250504717905,0.05602856353794508
1288,0.05575198879060388,0.05602821209638324
1289,0.05575165826654951,0.056028270177679355
1290,0.05575059344005661,0.056027701901440886
1291,0.05575031275869251,0.056027698740046074
1292,0.055750105932587286,0.05602776503314512
1293,0.05574972826905557,0.05602776936863572
1294,0.055749390554207044,0.056027529685844436
1295,0.05574910691143327,0.05602773159517884
1296,0.05574884434593592,0.05602792719787526
1297,0.05574846813300646,0.05602785851661957
1298,0.05574819939817846,0.05602790494919747
1299,0.055747903949577494,0.05602774820406927
1300,0.05574756170009131,0.05602779560290584
1301,0.055747186382479115,0.056027774448608056
1302,0.05574686338300962,0.05602769548983912
1303,0.05574651472624108,0.05602752930752754
1304,0.05574615269246418,0.05602746631057054
1305,0.05574586142462179,0.05602749142775869
1306,0.0557456743379668,0.056027375020599464
1307,0.05574537107425975,0.056027524533895666
1308,0.05574490807361877,0.05602757105775588
1309,0.05574460545589757,0.05602736347013714
1310,0.055744411331955845,0.05602730206780259
1311,0.05574423732568046,0.05602728586639993
1312,0.05574386735380735,0.05602721469551127
1313,0.05574357900282224,0.05602717784353178
1314,0.055743245371225505,0.056027106240334384
1315,0.055742807969197734,0.05602695699551736
1316,0.05574246787651932,0.056026899819083646
1317,0.055742218614478034,0.05602687617316994
1318,0.05574193263043594,0.056026910105179316
1319,0.055741614210262073,0.056026871550617904
1320,0.055741351769719706,0.05602687322124799
1321,0.055741164077013364,0.056026899642217985
1322,0.05574093398990848,0.05602700327164305
1323,0.05574062197199577,0.05602678726697368
1324,0.05574043403826798,0.05602663847380724
1325,0.0557401000082151,0.05602652942899889
1326,0.05573992750253976,0.05602655561423038
1327,0.055739731401089496,0.05602650032348093
1328,0.05573950766999661,0.05602659874451542
1329,0.05573927887219882,0.056026555492002736
1330,0.05573903889563606,0.056026677703626265
1331,0.05573872318313077,0.056026579682339685
1332,0.05573826422051076,0.056026139327106976
1333,0.05573809752502727,0.056026266828091344
1334,0.05573786332347327,0.056026427825489146
1335,0.05573736681425268,0.05602625054527801
1336,0.0557371382556793,0.05602637437435521
1337,0.05573646990015131,0.056025859814665936
1338,0.05573610272652661,0.056025703091021346
1339,0.055735900797296296,0.05602565384547357
1340,0.05573568223674983,0.05602565157072235
1341,0.0557353153950073,0.056025329842020855
1342,0.05573492319828528,0.056025562693229274
1343,0.055734678575320204,0.05602554765867735
1344,0.0557344603636447,0.05602555610561391
1345,0.05573419933467012,0.056025710961188406
1346,0.05573395717513372,0.05602576033287549
1347,0.05573359547038003,0.05602557387042524
1348,0.05573335793401597,0.05602560153009907
1349,0.05573275141495805,0.05602472690246614
1350,0.05573235189250935,0.056024837328291444
1351,0.0557318273993742,0.056024398148409454
1352,0.055731336170459465,0.05602406913414669
1353,0.055730492016277014,0.05602400237811967
1354,0.05573028821812908,0.05602386838266302
1355,0.055729964755269944,0.05602381796709383
1356,0.05572942696305116,0.056024071497670726
1357,0.05572893795565805,0.056023613247506904
1358,0.05572808557631964,0.056023046579432294
1359,0.05572770947520696,0.05602315509651618
1360,0.05572742094900147,0.05602301581322579
1361,0.055727064596419636,0.056022950146503596
1362,0.055726764572201805,0.056023058764884844
1363,0.055726433411432706,0.05602310046840752
1364,0.055726223658002734,0.056023076735641136
1365,0.0557259285855197,0.05602300954384159
1366,0.05572558642100998,0.05602294618055996
1367,0.05572530465201777,0.05602283230893689
1368,0.05572508260479388,0.056022805628640766
1369,0.055724712151762355,0.05602279648004385
1370,0.055724321874478455,0.056022717629238786
1371,0.05572403652214459,0.05602286940448537
1372,0.05572372709570159,0.05602258516047368
1373,0.055723370235420774,0.05602250006468351
1374,0.055723106995139625,0.056022429415478685
1375,0.05572290900778402,0.05602245608325757
1376,0.05572225212976646,0.05602228200941457
1377,0.05572204707189192,0.056022288789978565
1378,0.055721694458243896,0.056022404775033535
1379,0.05572148789474654,0.05602229617506488
1380,0.055721244814175154,0.05602221819472112
1381,0.05572103649802349,0.056022235656916664
1382,0.05572076079833882,0.05602201667163646
1383,0.0557205712639562,0.05602197151414642
1384,0.05572010999128206,0.056021842157077346
1385,0.055719882172211514,0.05602189450159789
1386,0.05571959899014605,0.05602190652771158
1387,0.05571933064656823,0.056021821363713635
1388,0.05571849224370845,0.056021303161732795
1389,0.05571819601084109,0.056021294936257036
1390,0.055717940759539696,0.05602122382101618
1391,0.05571762590557957,0.05602124111965122
1392,0.0557167599950635,0.056020480402477854
1393,0.055716437703133524,0.05602036483325912
1394,0.05571602115367328,0.056020313569946203
1395,0.05571581770892775,0.056020454452494914
1396,0.055715461411636705,0.05602043128158814
1397,0.055715266721727365,0.056020416304375466
1398,0.05571501350113681,0.05602020786806586
1399,0.055714801066002316,0.056020309872347775
1400,0.05571461628318624,0.05602025263852495
1401,0.055714347858531126,0.05602028833127505
1402,0.055713937550009,0.0560202543980456
1403,0.05571375592990096,0.05602027271738057
1404,0.05571357989101222,0.056020320456685826
1405,0.055713360511612034,0.05602023480600179
1406,0.05571283023462517,0.05601977636919874
1407,0.05571260481781188,0.05601965768334363
1408,0.055712362316612495,0.05601965971611394
1409,0.055712104540290276,0.056019645444595895
1410,0.05571182481369974,0.05601949518187193
1411,0.05571149383192338,0.056019432909700226
1412,0.05571121569007365,0.05601929869708684
1413,0.05571094651695494,0.056019376834969686
1414,0.05571065808233407,0.05601937066446443
1415,0.05571028772952341,0.056019183403741964
1416,0.05570992464175315,0.05601904122369692
1417,0.05570967169618698,0.05601886967518107
1418,0.05570884013357824,0.05601809233917927
1419,0.05570858657575735,0.05601798246407213
1420,0.05570843045851796,0.056018009945602645
1421,0.055708077145393275,0.056017878635602376
1422,0.0557076779468228,0.05601778719300338
1423,0.05570725786141933,0.05601742266444436
1424,0.05570683092162245,0.0560174078289578
1425,0.05570653757010014,0.05601743277635824
1426,0.05570633057341157,0.05601737247477248
1427,0.05570599875424459,0.05601739549046276
1428,0.05570568128798211,0.05601740318912868
1429,0.05570543469575504,0.05601738535857497
1430,0.055705206132474455,0.05601742685680677
1431,0.05570497402226979,0.05601733612004285
1432,0.05570478164739046,0.05601730997748991
1433,0.055704558653906326,0.05601731856114431
1434,0.05570435783308442,0.0560173095504498
1435,0.05570393673328648,0.05601751072545028
1436,0.05570345985713347,0.05601723439598355
1437,0.055703149840462214,0.05601731381359748
1438,0.05570292025373993,0.05601743400957648
1439,0.05570227714033921,0.05601695963499252
1440,0.0557020129263818,0.05601687391897341
1441,0.05570172687266549,0.05601698431252995
1442,0.055701488974109266,0.05601705466265205
1443,0.05570066634313213,0.05601644189860251
1444,0.05570034529566358,0.05601648189062917
1445,0.055700024137804706,0.05601672803227617
1446,0.05569973734286096,0.05601673108794797
1447,0.05569945911109844,0.05601665850457897
1448,0.055699210217604184,0.056016663833508076
1449,0.055698847154189934,0.056016452097326044
1450,0.055698450411000404,0.056016262024204656
1451,0.05569807505553766,0.05601610537083269
1452,0.05569762800449902,0.05601585129228061
1453,0.05569725391126126,0.0560159084922654
1454,0.05569695203466896,0.05601580036353633
1455,0.05569674725597071,0.05601584785291402
1456,0.05569651454482937,0.056015850846481384
1457,0.05569625695731003,0.056015892682115556
1458,0.055696067049665614,0.056015996172263695
1459,0.055695849082962594,0.05601600271376611
1460,0.055695605724391355,0.05601599373152832
1461,0.055695273545683065,0.0560161680843495
1462,0.05569499253436904,0.056016294018411815
1463,0.055694802171257864,0.05601636645341257
1464,0.05569453093521933,0.05601641076989845
1465,0.055694245243239945,0.05601644174071285
1466,0.05569402153987022,0.05601656462348168
1467,0.05569349022839945,0.05601647208416082
1468,0.05569324374632889,0.056016409975542594
1469,0.055692990208673375,0.05601654427588528
1470,0.0556927552380662,0.056016498403962785
1471,0.05569241563201791,0.05601679004619188
1472,0.05569202407186017,0.05601664763911773
1473,0.05569170656983978,0.05601660011151084
1474,0.05569133189181486,0.05601633733459998
1475,0.05569101636182221,0.056016365467518724
1476,0.05569078215653038,0.05601632666310493
1477,0.05569050706383221,0.05601642203267736
1478,0.05568997798945064,0.05601664656886272
1479,0.055689767554465294,0.056016698191147164
1480,0.055689498482086965,0.05601646578137363
1481,0.055689157275338526,0.05601655561131647
1482,0.055688834173540744,0.05601648868506696
1483,0.05568827584113972,0.05601641588284991
1484,0.055687989176181694,0.05601642832993858
1485,0.05568754379073425,0.05601643539628774
1486,0.0556871014781347,0.056016291965778814
1487,0.05568646181600911,0.056015918111688115
1488,0.05568602067209676,0.05601592794616948
1489,0.05568573857497157,0.05601605257195608
1490,0.05568496671885398,0.05601528042761802
1491,0.05568473783792009,0.056015362503872575
1492,0.055684344347869584,0.05601518083598638
1493,0.055683878920628614,0.05601491154923487
1494,0.05568343349106025,0.05601490199406154
1495,0.055683020833487834,0.05601486091305044
1496,0.05568266732333021,0.05601461467304884
1497,0.05568178108901481,0.05601427287593978
1498,0.05568146989180774,0.056014290410546945
1499,0.05568074285113206,0.05601369808651951
1500,0.05568031245357605,0.05601355496432543
1501,0.05567993832051648,0.05601352410066076
1502,0.05567969790888466,0.05601341334338375
1503,0.055679211642770614,0.056013286301454995
1504,0.055678890452456484,0.05601322055560193
1505,0.05567861103205849,0.05601318683868301
1506,0.05567844367572019,0.056013236137735734
1507,0.05567815079901007,0.05601318192726792
1508,0.055677961154792094,0.056013277223822426
1509,0.05567761031074935,0.05601322343415605
1510,0.055677283085634834,0.056013132747367404
1511,0.055676701745452035,0.05601319320852425
1512,0.0556764784457404,0.0560131674664493
1513,0.055676248571551325,0.05601309429698686
1514,0.05567597673762949,0.05601313712364836
1515,0.05567581898518234,0.05601315762157722
1516,0.055675466990237725,0.05601307908445077
1517,0.055675070438680634,0.05601296092127718
1518,0.05567476589139378,0.05601286094920251
1519,0.05567453052901099,0.05601279971860938
1520,0.05567394038920435,0.05601255491400579
1521,0.05567356288177821,0.05601253276504128
1522,0.05567275519374096,0.056011576925277994
1523,0.0556725524045758,0.056011584986909516
1524,0.05567179482745561,0.05601139378106848
1525,0.055671413423242604,0.05601126083033171
1526,0.05567115945997005,0.056011339333524
1527,0.05567090157208021,0.0560111472021673
1528,0.055670592391992346,0.05601111008982959
1529,0.055670162355930246,0.05601091694230485
1530,0.05566968523806663,0.0560108700340691
1531,0.05566845756086516,0.05600991376492071
1532,0.05566818027884171,0.05600985618665892
1533,0.05566790341047246,0.05600990975068647
1534,0.05566759306407529,0.056009887575060285
1535,0.05566726046359598,0.056010050235852094
1536,0.055666991584006904,0.05600999687959407
1537,0.055666624424389334,0.05601005997255947
1538,0.05566638276320276,0.056010051526718646
1539,0.05566616098848025,0.05600989661199809
1540,0.05566588487815866,0.05600992074974848
1541,0.05566562399932923,0.056010068921717324
1542,0.055665336641691036,0.05601013936427979
1543,0.05566508415453547,0.05601014452923091
1544,0.055664673687058026,0.05601025500114496
1545,0.05566430287771245,0.05601013247298821
1546,0.0556638295891958,0.05600999664900946
1547,0.055663488980660314,0.05601011696133142
1548,0.05566322617084227,0.05601010493324308
1549,0.055662873966194557,0.05601032446690778
1550,0.055662627609083616,0.05601017022558975
1551,0.05566231713578686,0.05601010234767942
1552,0.05566205628888914,0.05601019498276382
1553,0.055660626498740165,0.0560089536958383
1554,0.05566035876993392,0.05600896216779156
1555,0.05565999088028296,0.05600892509482239
1556,0.05565970870554438,0.05600887763832502
1557,0.05565940903697501,0.05600890965220377
1558,0.05565911065976106,0.05600876154516357
1559,0.05565875657816213,0.05600875740854981
1560,0.05565851403827272,0.05600881964527595
1561,0.05565743189301753,0.056008623960704156
1562,0.05565679399639869,0.05600838865710084
1563,0.055656453775155025,0.05600847205739978
1564,0.05565623894084861,0.05600846705527045
1565,0.055655959270246864,0.0560084459424418
1566,0.05565555540507648,0.056008522739243956
1567,0.05565501467509224,0.05600816852990658
1568,0.055654782728842986,0.05600802544300249
1569,0.05565440180422393,0.056007917516593377
1570,0.05565305604677931,0.05600741508791775
1571,0.05565274789653358,0.05600742084695249
1572,0.05565231158468862,0.056007331079062174
1573,0.05565214141123306,0.05600731804480809
1574,0.05565174270877266,0.05600755112389752
1575,0.05565138924498632,0.056007446986538416
1576,0.0556511994207673,0.05600740874720396
1577,0.05565097232660953,0.056007418542040104
1578,0.05565079090486736,0.056007376125172384
1579,0.05565042802924811,0.05600723510336818
1580,0.05565010046727546,0.05600755733103133
1581,0.05564978203160794,0.05600747722345823
1582,0.05564958566710969,0.05600747149431154
1583,0.05564934105088109,0.056007401731403304
1584,0.055649050413787024,0.05600739229760456
1585,0.055648809243394916,0.056007354972628286
1586,0.0556485553295458,0.05600758213431643
1587,0.05564821271255465,0.05600758823780571
1588,0.055647822189536164,0.05600737475197653
1589,0.05564763146670801,0.05600725267259975
1590,0.055647185863632896,0.056007164785684675
1591,0.05564665689943754,0.05600722193969398
1592,0.05564640625230058,0.05600730165472789
1593,0.05564616336656196,0.056007404004076944
1594,0.05564587450540152,0.05600735594124866
1595,0.055645622377081365,0.056007363294735484
1596,0.05564532306003617,0.05600733619849791
1597,0.05564507192547781,0.05600741883195747
1598,0.055644902619629066,0.05600751373640209
1599,0.0556445812518076,0.056007533871503215
1600,0.05564433786972864,0.05600758473677188
1601,0.05564416071697822,0.05600749392068104
1602,0.05564384124426745,0.056007359022258424
1603,0.055643481203759206,0.056007173830832896
1604,0.055643264830632685,0.05600729848883902
1605,0.05564299630648161,0.05600723877019195
1606,0.05564257870293944,0.056007319610021394
1607,0.055642189088349114,0.056007429296060736
1608,0.05564195443994551,0.05600732665878871
1609,0.05564167220562636,0.056007284160737615
1610,0.05564144421372126,0.05600724924280698
1611,0.05564107006504345,0.05600701777372135
1612,0.05564072419602124,0.056007029676963395
1613,0.055640435713500254,0.05600700491866612
1614,0.05564022920291855,0.05600697360004882
1615,0.05564002541976965,0.05600703885384202
1616,0.055639743472631634,0.05600711371138053
1617,0.0556395340436323,0.05600699946101009
1618,0.05563929009254018,0.05600707785005005
1619,0.05563910764829721,0.0560071338844397
1620,0.05563884069086638,0.05600744267662372
1621,0.05563856933884361,0.05600738196193292
1622,0.055638136354254256,0.056007262031027995
1623,0.05563751200503278,0.05600709272965801
1624,0.05563725582591903,0.056007028501867596
1625,0.05563706001811718,0.05600696893230798
1626,0.05563640983478176,0.05600665968837769
1627,0.055636248488876446,0.056006582978045
1628,0.05563590001973236,0.056006647272960904
1629,0.05563566828488497,0.056006748454919326
1630,0.055635400463335614,0.05600703792623181
1631,0.05563502979705553,0.05600680613685633
1632,0.05563476670043214,0.05600688585298242
1633,0.0556343279684513,0.056006619144715414
1634,0.0556341537421465,0.056006688908418735
1635,0.05563382210334822,0.05600676561466363
1636,0.05563361426754846,0.05600678670155861
1637,0.05563316213014491,0.05600685090673894
1638,0.05563210303928923,0.056005872425325225
1639,0.05563170477097294,0.0560057583048127
1640,0.05563147706283394,0.05600589248858298
1641,0.05563115160815764,0.05600585257481924
1642,0.05563072658890661,0.05600600096208536
1643,0.055630399545096784,0.056006085317005176
1644,0.05563005068925672,0.05600606040881681
1645,0.05562960572069716,0.05600586059608095
1646,0.055629308255329794,0.05600590728488751
1647,0.05562899332130581,0.05600567655703564
1648,0.0556286409671906,0.056005599873509296
1649,0.055628390886120455,0.056005471080234466
1650,0.05562811425600917,0.05600543129763327
1651,0.05562784599883296,0.05600549086580394
1652,0.055627587174897124,0.05600552878830021
1653,0.05562732169967727,0.05600546657087781
1654,0.05562699915287776,0.05600546508622702
1655,0.055625967766536,0.05600474075082691
1656,0.05562575548783471,0.05600477534894407
1657,0.05562554083744644,0.0560047739616492
1658,0.05562535882779829,0.05600461602154417
1659,0.05562514895103691,0.05600460585364153
1660,0.05562493098853564,0.056004689697052024
1661,0.0556245213035317,0.056004852717018994
1662,0.05562402053747436,0.05600475278617061
1663,0.05562379224033533,0.056004806485943665
1664,0.05562344362914222,0.0560047410644886
1665,0.055623274351351115,0.05600485537059359
1666,0.055623054399811904,0.05600509084931427
1667,0.05562288977961513,0.05600520546944266
1668,0.05562265033062166,0.056005318089672344
1669,0.055622292792176384,0.05600528196374754
1670,0.055621925559841356,0.05600512229318363
1671,0.05562171181300045,0.056005324821413065
1672,0.055621338998553906,0.05600525306844297
1673,0.055621120662564465,0.05600534432445331
1674,0.055620790573236156,0.056005263809961264
1675,0.05562051347860342,0.05600527323570204
1676,0.05562027816899666,0.0560053012899659
1677,0.05562004736054071,0.05600538831633376
1678,0.05561986301367693,0.05600548399520299
1679,0.055619574782468775,0.05600539652500909
1680,0.055619396374210504,0.0560053963785016
1681,0.05561913742997126,0.056005457291154546
1682,0.05561882703031242,0.05600561020238014
1683,0.055618605895601386,0.05600567696140806
1684,0.055617779953183566,0.0560049401551876
1685,0.055617489691726196,0.05600498851165222
1686,0.055617046882427225,0.05600474681292002
1687,0.05561686153641862,0.056004803035832364
1688,0.05561650808059834,0.056004763496535784
1689,0.05561606845483157,0.056004529532768486
1690,0.05561580228056376,0.05600432744565648
1691,0.05561549105559622,0.05600417309170972
1692,0.05561514450490124,0.0560041468902183
1693,0.055614801677527734,0.05600426476897863
1694,0.05561452791575783,0.05600413908726951
1695,0.05561429925050681,0.05600403881982058
1696,0.05561406095840401,0.056004040955940394
1697,0.05561371623820771,0.05600394814415562
1698,0.05561346636028458,0.056003956530019314
1699,0.05561324781976786,0.05600404907003441
1700,0.05561297525862782,0.056003860713093705
1701,0.055612736720046914,0.056003884487338125
1702,0.055612291837713185,0.05600384481870198
1703,0.05561207358286285,0.05600386866805554
1704,0.055611809258782445,0.05600404243405491
1705,0.05561141452833536,0.05600405018126506
1706,0.055611186147572295,0.056003922097666095
1707,0.05561077766945731,0.056003859708539966
1708,0.055610342145190325,0.056003931653255394
1709,0.0556099237115093,0.05600372524332972
1710,0.05560962354437524,0.05600372676671478
1711,0.055609340104084824,0.05600364468702719
1712,0.055607913005694225,0.05600230546804444
1713,0.055607457451268646,0.05600219947145186
1714,0.055607019935371656,0.05600183481349666
1715,0.05560666222150384,0.05600184684180913
1716,0.05560645572102789,0.05600199795828342
1717,0.05560606660594252,0.05600203057704256
1718,0.05560579120320306,0.05600186107245317
1719,0.0556055920607694,0.056001903160065966
1720,0.05560523142672055,0.056002005989107234
1721,0.05560498920234351,0.05600189547432614
1722,0.05560478745747885,0.056001909690349135
1723,0.05560451893143758,0.05600186459835819
1724,0.05560422830873013,0.05600214976244072
1725,0.05560398252748534,0.0560021141004012
1726,0.055603502412990315,0.05600198786605341
1727,0.05560320313221788,0.05600178151579521
1728,0.05560297374414231,0.05600176670749724
1729,0.055602646048499765,0.056001891860817984
1730,0.05560233477064066,0.056002183898220204
1731,0.05560200396199037,0.05600207773026805
1732,0.05560150872294638,0.05600201669131765
1733,0.05560119097991976,0.056002026811687526
1734,0.05560085633240313,0.05600208399090403
1735,0.05560010022430152,0.056002144235532195
1736,0.05559987647891799,0.056002220675999505
1737,0.05559947073161087,0.05600218749576774
1738,0.0555991884027727,0.05600205097705529
1739,0.05559896013791344,0.05600207043304763
1740,0.05559861819760885,0.056002177652568784
1741,0.05559824223989033,0.05600209171527182
1742,0.055597919708855637,0.05600195164911595
1743,0.05559769705131545,0.05600182800077608
1744,0.055597341513552195,0.05600161453989835
1745,0.05559693295908462,0.05600156344875753
1746,0.055596717816111765,0.056001547971739916
1747,0.055596214333434056,0.05600140687787201
1748,0.05559589848321256,0.056001427481969304
1749,0.05559562117225141,0.05600143321623235
1750,0.05559539313214274,0.05600144517319433
1751,0.05559513323355819,0.056001135485344106
1752,0.055594839789199414,0.0560009907097626
1753,0.05559449699887049,0.05600089311191431
1754,0.05559408218724069,0.05600088057827124
1755,0.05559384328502321,0.05600093976849884
1756,0.05559356457288847,0.05600098411671875
1757,0.05559329043730836,0.05600108297232187
1758,0.05559292751118196,0.056001006167387235
1759,0.055592701924505425,0.056001017949083125
1760,0.055592422446742944,0.05600117140352806
1761,0.05559203117556653,0.05600133649623396
1762,0.055591594726546734,0.056001296796389384
1763,0.05559124360825749,0.05600105592518813
1764,0.0555908927928257,0.05600118666908107
1765,0.055590528748953885,0.05600115615910964
1766,0.05559030717649514,0.056001352307547256
1767,0.055589362934625915,0.05600064010353054
1768,0.05558886566518192,0.05600053533388105
1769,0.05558864351754221,0.05600054862293487
1770,0.05558785104514145,0.05600015771067769
1771,0.05558738171204042,0.05599992672584421
1772,0.05558704807723301,0.05600001701953162
1773,0.05558656281948914,0.055999592385740246
1774,0.0555861751075084,0.055999586510837675
1775,0.05558591036924421,0.0559996435698272
1776,0.0555853083115429,0.05599930680330647
1777,0.055585058047027416,0.05599942296195573
1778,0.055584738617426334,0.0559994025038609
1779,0.05558449548729685,0.0559994434856109
1780,0.055584297711969675,0.05599946950544832
1781,0.055584027893709496,0.05599924971353377
1782,0.055583639045806925,0.055999257085903954
1783,0.055583311725593575,0.055999267922101054
1784,0.055583046239581116,0.05599907027646279
1785,0.0555828127437895,0.05599920985713261
1786,0.05558260348634847,0.0559992724731784
1787,0.05558242329484386,0.05599929793009513
1788,0.05558224041282966,0.055999412423991465
1789,0.0555820085436264,0.05599941891476217
1790,0.05558174264960834,0.05599923920351506
1791,0.055581441471967016,0.055999166027865845
1792,0.055581197880420034,0.05599926423851726
1793,0.05558078762661756,0.05599921212427023
1794,0.05558057204952983,0.05599914741119881
1795,0.055580102258794103,0.05599892712269814
1796,0.05557973905288193,0.05599884281419867
1797,0.05557912174681866,0.05599846640627573
1798,0.05557877623360614,0.055998451073697136
1799,0.055578585775445374,0.05599838165277791
1800,0.05557817366129752,0.05599808164050507
1801,0.05557784001694542,0.055998121103182946
1802,0.055577530631987025,0.05599802299314389
1803,0.05557726493596596,0.055998001235766065
1804,0.055576956169542675,0.05599791076283731
1805,0.055576625429461735,0.05599795900542828
1806,0.05557641198279535,0.055997832347703384
1807,0.05557608341531,0.055997809403301735
1808,0.05557577280836829,0.05599794196163459
1809,0.05557553684543704,0.055997999378801476
1810,0.0555753028890498,0.055997933819481815
1811,0.05557504056914439,0.05599801288785373
1812,0.05557478270919271,0.055998096840113795
1813,0.05557454121110004,0.055998338639815834
1814,0.055574303590015785,0.05599836571475115
1815,0.055574049508778894,0.05599837457899819
1816,0.055573834737045615,0.055998326773183164
1817,0.05557341869635435,0.055997971035872736
1818,0.05557288592320251,0.055997845399464306
1819,0.05557266548231926,0.05599788745945239
1820,0.05557246105513692,0.05599783595778741
1821,0.055572111691676696,0.05599773786215889
1822,0.055571877881512216,0.05599770757247587
1823,0.055571649471595666,0.055997699114410174
1824,0.0555707340742498,0.05599710788879935
1825,0.05556998355025355,0.05599654755214083
1826,0.05556971847973464,0.05599660745384788
1827,0.05556953005416437,0.05599662603679429
1828,0.055569276418024845,0.05599688869835127
1829,0.055568905338155686,0.05599711163775843
1830,0.0555687422145567,0.05599717421206116
1831,0.05556839229613269,0.055997487912992625
1832,0.055567986801723666,0.05599729915791506
1833,0.05556784135355459,0.0559974092783473
1834,0.05556761970633639,0.055997486038724065
1835,0.05556729478505517,0.05599729722056033
1836,0.055567050415427734,0.05599727184058837
1837,0.0555667572127614,0.05599716992581437
1838,0.05556645983889404,0.055997415786203854
1839,0.05556624156635093,0.05599753599371999
1840,0.055565952554572855,0.05599783241072122
1841,0.05556573657642864,0.055997889428270047
1842,0.05556551169135595,0.055997947123332316
1843,0.0555652672611951,0.05599787871743631
1844,0.055565002900223585,0.05599798878873289
1845,0.05556471908832307,0.05599812065966728
1846,0.05556451804678669,0.05599822247383587
1847,0.05556422447294861,0.055998243244021945
1848,0.055564028403468836,0.05599839361636355
1849,0.05556379394578479,0.055998389457067616
1850,0.05556359560894439,0.055998329017775954
1851,0.055563398458968995,0.05599837672333039
1852,0.05556311876419343,0.055998399832941866
1853,0.055562803845920626,0.055998432716685295
1854,0.05556243822881031,0.055998494279293855
1855,0.0555622597197828,0.05599848189902641
1856,0.0555619016672869,0.055998626910124055
1857,0.05556159798184386,0.055998670308308345
1858,0.05556133682242438,0.05599879475356676
1859,0.055560952867543,0.055998685703792
1860,0.05556076255325632,0.05599855281982448
1861,0.05556042430078242,0.05599858393921859
1862,0.05556014190337839,0.055998626572224895
1863,0.05555994875396399,0.05599861175954659
1864,0.05555973230463286,0.055998481517088354
1865,0.05555951189100573,0.055998533185686206
1866,0.055559187891031536,0.05599850862761749
1867,0.05555886067962071,0.05599854369573489
1868,0.05555834889369602,0.05599855835814116
1869,0.055558079231836706,0.05599859213637583
1870,0.05555779684067033,0.05599868263482037
1871,0.05555744803612614,0.055998943720629066
1872,0.05555722288862885,0.0559990106162805
1873,0.05555691713451283,0.05599904560745464
1874,0.05555665923580605,0.05599913959475617
1875,0.05555639980385804,0.05599911334893921
