0,0.1590892705780991,0.15927027504200675
1,0.15246606254521478,0.1526396296615668
2,0.14672501805502752,0.1468854404384529
3,0.14075271634828462,0.140911570758059
4,0.13503980373355468,0.13520022399639875
5,0.12952875770690359,0.1296899945862775
6,0.12451885226376143,0.12467623460949115
7,0.1196235359995135,0.11978060274827854
8,0.11503195763298056,0.11518640785557266
9,0.11082730743830135,0.1109845888453124
10,0.10690562732694052,0.10705831593068696
11,0.10309634671430529,0.1032466443831455
12,0.09951749039317245,0.09966555902041549
13,0.09625195898311367,0.09639706970439045
14,0.09312357817224245,0.09326690421740415
15,0.090284065734329,0.09042955052841119
16,0.08756931143634386,0.08771544750020152
17,0.08513335056846577,0.08528122772680184
18,0.0827794596311626,0.08292555181609089
19,0.08065685242367807,0.08080429582399522
20,0.07868550378303424,0.07882860690291671
21,0.07679938909326883,0.07694216108280136
22,0.0750468352842397,0.07518847965255668
23,0.0734968190828388,0.07363860813930023
24,0.07200434764028135,0.07214600580152945
25,0.0707678910371337,0.07090841168453521
26,0.06949018029166495,0.06963479693158996
27,0.06834877675527101,0.06849462558023067
28,0.06730331685740994,0.06745168984727036
29,0.06642588617127919,0.06657759205593622
30,0.06558075768540063,0.06573460935551667
31,0.06471911303764209,0.06487576781180865
32,0.06401793532235876,0.06417767126011836
33,0.06329262317464436,0.0634529863689881
34,0.06266871783716403,0.06283226828173352
35,0.0621031736655621,0.06227048169788701
36,0.06158190150651895,0.06174958668869512
37,0.06108207025195642,0.06125407037468213
38,0.06063599841077821,0.06081210140519982
39,0.06021755120438833,0.06039824175468318
40,0.05982398411733375,0.06000508906592831
41,0.05948682884269525,0.0596695748583002
42,0.05919172504110669,0.05937682573929615
43,0.05889872343829313,0.05908598967062754
44,0.05863104685783189,0.05882159114007614
45,0.05838018503001487,0.0585728254666175
46,0.05815953358803993,0.05835786055580455
47,0.05796360490466955,0.05816407488081206
48,0.05778792489685953,0.05799211260963364
49,0.05765309390203606,0.05785950555645943
50,0.05749877835238651,0.05770813637400386
51,0.05736623188206857,0.05757754359623102
52,0.05723328339551056,0.05744710990532514
53,0.05710204553429198,0.05732152610912938
54,0.05698646082115461,0.05721022343152438
55,0.05687989498038031,0.05710858389340449
56,0.05678758662528552,0.05701903253200095
57,0.05669474956990791,0.05693013638621763
58,0.05661694761603227,0.05685692659663561
59,0.05655028755522193,0.05679555259980595
60,0.05648113560521429,0.05673034492060316
61,0.05642026718887336,0.05667266621614619
62,0.05636312358641873,0.05662053428872565
63,0.05631162651707325,0.05657061348248472
64,0.05626151762465025,0.0565258683627571
65,0.05621651994655334,0.05648433870049661
66,0.05617838527518956,0.05645099583214341
67,0.05614002453724944,0.05641820322038972
68,0.05610842109085946,0.0563912964673845
69,0.05607558131288429,0.05636312777237387
70,0.0560483595364939,0.05634078999134489
71,0.05602452704193348,0.05632222577949921
72,0.05599712309759455,0.05629721474515379
73,0.05597239250050288,0.0562770809802195
74,0.0559510079467771,0.0562614964417864
75,0.05593087507956453,0.05624647148918224
76,0.05590938058948428,0.05623003430238036
77,0.05589127160180676,0.05621704192979263
78,0.05587414638108826,0.05620542588464122
79,0.0558585072115456,0.05619357329442926
80,0.05584221926833758,0.05618352349253787
81,0.0558268306583937,0.05617241152374005
82,0.0558155106161733,0.05616492969213568
83,0.05580264043156167,0.05615746774483362
84,0.05578802556045226,0.05614719338161562
85,0.05577681128607878,0.05614073441746489
86,0.0557647400955661,0.05613316786514046
87,0.05575432266518951,0.05612621932297918
88,0.05574305567613357,0.05611981506729718
89,0.05573201339621416,0.05611348560203271
90,0.05572001723542154,0.05610829628066497
91,0.05571008908822839,0.05610352887209318
92,0.05570204052331636,0.05610104005699006
93,0.05568965018732961,0.05609489083136375
94,0.05567935927803287,0.05608972150206497
95,0.05567181703474297,0.05608754857027769
96,0.0556622518421472,0.05608367268569191
97,0.0556536949842132,0.05608014639299316
98,0.05564337135320863,0.05607626059502389
99,0.05563525216476659,0.05607302535016542
100,0.05562745219652265,0.056068567587937
101,0.0556205178682707,0.05606722583688472
102,0.05561237772564943,0.05606427149502228
103,0.05560435566597486,0.05606119870830668
104,0.05559623609574602,0.05605866409718514
105,0.0555886079408198,0.05605576252268257
106,0.05558226347327254,0.05605310478624778
107,0.05557592408490256,0.05604987119373295
108,0.0555711392657362,0.05604866785914316
109,0.05556533671214495,0.05604793149382573
110,0.05556035895827703,0.05604703465762394
111,0.05555251495294333,0.0560453256923936
112,0.05554518844016705,0.05604352884584323
113,0.05553952331198962,0.05604231665011822
114,0.05553338193119013,0.05604229640404373
115,0.05552875381880985,0.05604219620343388
116,0.05552228871475954,0.05604143122360269
117,0.05551553059049538,0.0560407110573429
118,0.05551149254447405,0.0560407409645453
119,0.05550562935744884,0.05603950393255768
120,0.05549870195197335,0.05603989643193821
121,0.05549315051299451,0.05603790569422441
122,0.05548591734778777,0.05603736135022692
123,0.05548147935743514,0.0560371897200587
124,0.05547621504986983,0.05603571406820807
125,0.05547172883097223,0.0560359244395784
126,0.05546678816432785,0.05603594510697208
127,0.05546218003021498,0.05603612876917057
128,0.05545559608953536,0.05603441127651113
129,0.05545050154893064,0.05603234741596766
130,0.05544413893422221,0.05603009236109183
131,0.05543881370022819,0.05602911229588695
132,0.05543172743744915,0.05602793954054859
133,0.05542709299453591,0.05602669789034805
134,0.05542204192730301,0.05602617185037953
135,0.05541725552778249,0.05602472473933627
136,0.0554108208025713,0.05602398205922043
137,0.05540484687926744,0.0560235031511669
138,0.05539917484883029,0.05602403432902484
139,0.05539316664635225,0.05602328038360295
140,0.05538730849753982,0.05602288965033976
141,0.05538160453437337,0.05602219111771743
142,0.05537713241718738,0.0560218640975535
143,0.05537216849154571,0.05602252704561897
144,0.05536727425390713,0.05602234701517068
145,0.05536270282465409,0.05602212683222343
146,0.05535822011450094,0.05602124266882712
147,0.0553541656865164,0.05602144473046991
148,0.05534985402414744,0.05602177696560678
149,0.05534564295406058,0.0560221650470061
150,0.05534101261488707,0.05602227578405066
151,0.0553363434207654,0.05601947161478591
152,0.05533276635189723,0.05601899414518663
153,0.05532876781185381,0.05601880678059228
154,0.05532326660121095,0.05601743722518954
155,0.05531772555192334,0.05601761627765864
156,0.05531270809881558,0.05601730793004045
157,0.05530821453876163,0.05601750226501024
158,0.05530260949541995,0.05601818105413802
159,0.05529796698361987,0.05601944860882775
160,0.05529326942895805,0.05601882227793351
161,0.05529001710668301,0.05602043182761435
162,0.05528617100466027,0.05602035300342911
163,0.0552815358688335,0.05601917156835425
164,0.0552755362203149,0.05601762935127583
165,0.05527304811672754,0.05601818747057542
166,0.05526903156891279,0.05601941517821935
167,0.05526406499427912,0.05601846747052722
168,0.05525915830095733,0.05601783678887757
169,0.0552542573758249,0.05601744019124756
170,0.0552503703125692,0.05601681212007299
171,0.05524504510114803,0.05601637379877163
172,0.0552411118580756,0.05601779772201273
173,0.05523661547633984,0.05601921111372485
174,0.05523315845082544,0.05601852479882816
175,0.05522721818581743,0.05601747591889202
176,0.05522252150538191,0.05601758870187058
177,0.05521868413751965,0.05601837045076349
178,0.05521405866870074,0.05601896626458105
179,0.05520823233119023,0.05601893119387035
180,0.05520331015499975,0.05601908504770013
181,0.0552008459463296,0.05601970243570181
182,0.05519652943230281,0.05602051367711794
183,0.0551906201157456,0.05602030935793995
184,0.05518549376407918,0.05602049070767959
185,0.05518071799553328,0.05601969492891611
186,0.05517529746267782,0.05602065481187998
187,0.05517022058545696,0.05601946353454406
188,0.05516558674006437,0.05601947923452261
189,0.05516149538629028,0.05601912000533772
190,0.0551571739022033,0.05601911571886584
191,0.0551518055903583,0.05601887599105748
192,0.05514834907761219,0.05601960203930664
193,0.05514359371880386,0.05602011939209859
194,0.05513916675184043,0.05601988693954586
195,0.05513453301244931,0.05602069234002195
196,0.05513095934306055,0.0560206974052954
197,0.05512618581989044,0.05601983704857064
198,0.0551215679826683,0.05602054150381407
199,0.05511747812206259,0.05602221196745843
200,0.05511276445337349,0.0560218138147032
201,0.05510869056019602,0.056021607845824
202,0.05510515001098327,0.05602150954903821
203,0.05510125664930423,0.05602170672954199
204,0.05509873445996018,0.05602217403800378
205,0.05509432444172283,0.05602259894394056
206,0.05509221449124639,0.05602312879444918
207,0.05508879626962065,0.05602350566494609
208,0.05508393069549133,0.05602329627276045
209,0.05507866415305639,0.05602381263345974
210,0.05507449569068602,0.056023384357139
211,0.05507057749884799,0.05602540437972345
212,0.05506544834407057,0.05602569659064175
213,0.05506177305795058,0.05602582159889444
214,0.05505800799077135,0.05602705299658689
215,0.05505463698986976,0.05602810167003492
216,0.05505186886793757,0.05602716984391647
217,0.05504828307606476,0.05602710550305054
218,0.05504527856882346,0.05602819455364746
219,0.05503959935706005,0.05602924367792624
220,0.05503649772663676,0.0560300031360309
221,0.05503444441798466,0.05603053060530399
