0,0.15931528924385677,0.15949953026227515
1,0.15264528987311274,0.15282864437425095
2,0.14643409704471685,0.14661468502815053
3,0.14049682473068748,0.1406702721411969
4,0.13484028712492344,0.135005213747522
5,0.12964098021225667,0.12980059751084275
6,0.1246645531065652,0.12482740022333552
7,0.12005581471665537,0.12021668267103595
8,0.11559710171547433,0.11575234278812668
9,0.11144577579038492,0.11159346656380507
10,0.10763987661169012,0.10778372352618552
11,0.1041435918620529,0.10428754116205798
12,0.10079892937938872,0.1009353536552421
13,0.09753728850561799,0.09766584514293399
14,0.0945710253797582,0.09469162148934875
15,0.09171716961251862,0.09182826422632931
16,0.08909179713534988,0.08920025978277683
17,0.0866944314128602,0.08680354385666217
18,0.08444253492668459,0.08454498218216758
19,0.0823577127606816,0.08244721817677307
20,0.08034452609449459,0.08043178388835462
21,0.07848240356700256,0.07855868659404602
22,0.07674558947383199,0.07681611731510571
23,0.07520552439550986,0.07526938810661167
24,0.07371613556263912,0.07377918741052696
25,0.07236327408350068,0.07242286483186083
26,0.07109179400015209,0.07114106459889306
27,0.06993475092672324,0.0699793179311603
28,0.06880819432482364,0.06884644457482425
29,0.06779453810236165,0.06782661863055647
30,0.06684524498922688,0.06687348690051877
31,0.06599783595253741,0.06602351792915508
32,0.06520599487091842,0.06522724055791915
33,0.06452670974836146,0.06454765076495679
34,0.06386606366745444,0.06388658401141906
35,0.06327009512677662,0.06329011399616707
36,0.06271915558374622,0.06273272655453177
37,0.06220888939531415,0.062218152857193794
38,0.06172798910339776,0.06173355478079072
39,0.06130631131204671,0.06130603682337875
40,0.060954516081315135,0.06095603660581456
41,0.060617715148007116,0.060615723704607154
42,0.06027756090661453,0.06027155613484245
43,0.059994677765848256,0.0599858170375995
44,0.05971340885230849,0.059702459127177504
45,0.059447836619747216,0.05943478794034789
46,0.059214131816271796,0.059197977305160895
47,0.05900803692544748,0.05898873259525369
48,0.05880887490599051,0.05878688969452157
49,0.05862837820118061,0.05860396880765473
50,0.05846921278248268,0.058441550406580854
51,0.0583300128142193,0.05830288152777398
52,0.05819853505736175,0.05816877350848903
53,0.05807448145165618,0.058044401635216375
54,0.05796925072399306,0.05793914886019729
55,0.0578609765848091,0.05782962610925024
56,0.05776688719187972,0.05773432424010194
57,0.05767223103245725,0.05763790967030947
58,0.05759258901852597,0.05755622755419607
59,0.05752234484783506,0.05748579717786924
60,0.057451738137413326,0.05741466052065926
61,0.0573923605011014,0.05735573481957911
62,0.05733170939612265,0.05729444177389177
63,0.057279968155882745,0.057242811927581815
64,0.05723355307749999,0.057195750357328164
65,0.0571903032795991,0.057153894607218904
66,0.05715263761695835,0.0571158575210416
67,0.057108568274402374,0.057070605080723584
68,0.05707786101717094,0.057040640740665303
69,0.057043389257293686,0.05700758128180297
70,0.057012518646585304,0.05697680754625633
71,0.056982297595391945,0.056947849085935524
72,0.05695604382826331,0.056920702850996444
73,0.05692809348102521,0.05689327236346397
74,0.05690275449517205,0.05686821134410399
75,0.05687830730134418,0.05684418815128793
76,0.0568567855130086,0.05682233399527406
77,0.0568324390306069,0.05679697505083617
78,0.05681470641396266,0.05677964592210858
79,0.056795963769324366,0.056760823348259375
80,0.056779970617713935,0.05674437701846913
81,0.05676461494815223,0.056731197128353054
82,0.05675120710026912,0.05671770320737053
83,0.05673928074272499,0.05670591551490636
84,0.056723231969032985,0.05669003667197009
85,0.05670964399061321,0.05667646159911006
86,0.05669908096735924,0.05666550149558942
87,0.05668820813007812,0.05665482330516185
88,0.056677949787583226,0.056644851221935216
89,0.05666748367163592,0.05663438378081708
90,0.05665822952247791,0.05662466141881134
91,0.05664895885384792,0.05661532489678845
92,0.05663993751370131,0.056607046634821946
93,0.0566295828670977,0.05659878442247562
94,0.0566210809411927,0.05659145359379653
95,0.05661517819807271,0.056585892327344706
96,0.056608025665624326,0.05657898263686378
97,0.05660166151278476,0.05657259207537893
98,0.05659440727421973,0.05656548261654981
99,0.056586818745509526,0.056558473703010065
100,0.05657918817193647,0.05655080606595888
101,0.056571406252650704,0.05654309805706772
102,0.05656566626207215,0.05653836847618378
103,0.05656044460116887,0.05653381066914918
104,0.056553643434564066,0.05652741537542073
105,0.05654805479850805,0.05652207022192783
106,0.05654193403424506,0.056516482193317195
107,0.05653776322832813,0.056514008713203695
108,0.05653238037959387,0.05650857640602481
109,0.05652546239630388,0.05650255516008767
110,0.056520061288261564,0.05649652300226129
111,0.056517039515127224,0.056493672601920175
112,0.056513120850681185,0.056490255669071496
113,0.056508626691613946,0.05648649852188934
114,0.056504931745311286,0.05648312401268192
115,0.05650105173472605,0.056479802691533
116,0.05649721380510457,0.05647684517594771
117,0.056495878726464534,0.056476225647939554
118,0.05649022061450495,0.05647143568723614
119,0.0564865839776899,0.05646800347898201
120,0.0564817548419541,0.05646449771335098
121,0.056476647541559545,0.05646060966105009
122,0.05646990910165753,0.05645529539128809
123,0.056466545792743704,0.05645227309525773
124,0.05646096765030548,0.056447295440143916
125,0.0564567321451298,0.056443444886902075
126,0.05645419849778093,0.056440785635997685
127,0.05645122976025717,0.056438414310327596
128,0.056446313297029344,0.056434546910019784
129,0.05644252994894061,0.05643051813121051
130,0.05643971734498417,0.05642862627361801
131,0.05643583017935044,0.05642575006331875
132,0.056431980913198246,0.05642197097376927
133,0.056429412377641305,0.056419801113959216
134,0.05642690355750929,0.0564183655291302
135,0.05642446609202338,0.056416558363111366
136,0.056421333861784106,0.05641387683522873
137,0.05641833665752098,0.05641137245314823
138,0.05641422241983934,0.05640849694793375
139,0.05641226120350814,0.05640657350036165
140,0.05640875237947398,0.056403344793599326
141,0.056403173970051367,0.05639894218416802
142,0.05640299885160374,0.0563987070768941
143,0.056399879235094756,0.05639631989429251
144,0.05639581646039681,0.05639318644061462
145,0.05639416820694282,0.05639235236124399
146,0.05639252079630595,0.056391201864668
147,0.05639011215261507,0.056389678988901994
148,0.05638809885155128,0.056387760548569574
149,0.0563857506544377,0.056385656926576246
150,0.05638475146065849,0.056385045360896564
151,0.05638278424701216,0.05638375665279784
152,0.056380576571231966,0.05638221628422426
153,0.05638037947237186,0.05638206907267596
154,0.056377841116762376,0.05638061360096045
155,0.056375037602277765,0.056379132183794985
156,0.05637295633164118,0.05637724660353367
157,0.056369976768336626,0.05637503360991191
158,0.05636843666313775,0.05637426219074417
159,0.05636719153086103,0.05637336270471161
160,0.05636462253817058,0.05637080355177734
161,0.05636304933170512,0.05636987538165657
162,0.05636106668795162,0.05636885884398965
163,0.05635823485854943,0.05636644926366843
164,0.056358219125273876,0.05636644959569319
165,0.05635339857406961,0.05636229417019661
166,0.056352239811325214,0.056361539054472214
167,0.05635070551656871,0.056360263184139545
168,0.05634764056053316,0.056358378575975254
169,0.05634474089487671,0.056356430839553606
170,0.056341739547335214,0.056354696613555286
171,0.05633669643731378,0.05635036894372708
172,0.056334757833427805,0.056349235696150725
173,0.05633240528538355,0.05634710366113704
174,0.056331441583673945,0.05634637207063752
175,0.056329741618287396,0.05634554650072013
176,0.056326329585439296,0.05634278609312426
177,0.056322302524912216,0.056340329741711465
178,0.056321996050427696,0.056340160527258216
179,0.05632120917166299,0.05633999101104017
180,0.05632038062030876,0.05633971650777614
181,0.0563190777426061,0.05633894818720871
182,0.056318330835563736,0.05633848643773368
183,0.056316748534758126,0.05633749221020142
184,0.056315938138886495,0.05633713420727011
185,0.056312798031599755,0.056334701028001644
186,0.05631199007651882,0.05633389339033678
187,0.05630859039571087,0.056331972572748676
188,0.056307437140100364,0.05633175686065425
189,0.05630547351476036,0.05633054182023554
190,0.056304070469575876,0.0563295012374748
191,0.056302067757771856,0.056327897553482165
192,0.05629950857563666,0.05632555106013045
193,0.05629633539114174,0.05632333379804092
194,0.05629453648695394,0.05632169800414775
195,0.05629392056868373,0.05632130694644559
196,0.056293223087291684,0.0563207931212505
197,0.056291685859360056,0.05632001681517704
198,0.056288341638015556,0.056317295001822865
199,0.05628671618064321,0.05631757517543887
200,0.0562851210523741,0.05631768174564019
201,0.05628489319249496,0.05631754421335206
202,0.05628425707819257,0.05631728965620018
203,0.05628302722292458,0.056316180351583124
204,0.05628297666845611,0.05631618208310165
205,0.05628277641850048,0.05631607383010606
206,0.05627866431819885,0.05631242197402201
207,0.05627712939820703,0.056311978083553996
208,0.056274027981103564,0.05630890140003333
209,0.05627183714277399,0.056306855830008114
210,0.05627183008197784,0.05630685604376262
211,0.05627065253313917,0.05630620577397752
212,0.05626921335276481,0.056305519974914994
213,0.056268220203561536,0.0563051152375372
214,0.056266734548702964,0.05630409009236749
215,0.05626474608759517,0.05630318124961074
216,0.056263189564324294,0.05630265771671808
217,0.05626257415397563,0.056302187947348044
218,0.05626082508973481,0.05630113079738334
219,0.05626067802619222,0.05630102430846999
220,0.05625925379544272,0.05630040756594383
221,0.056258438527532574,0.056300169529803254
222,0.056256299481467736,0.05629833602965185
223,0.05625441285140228,0.05629654464951377
224,0.05625135940709921,0.05629436559053677
225,0.056250967265889,0.056294113533273266
226,0.05624953871639771,0.05629362967894061
227,0.05624853703072154,0.05629334572877521
228,0.05624724768154077,0.05629262170586655
229,0.05624647962170908,0.05629205851896777
230,0.05624637430761094,0.05629201261598169
231,0.056245027963682824,0.05629140886702633
232,0.05624312889057776,0.05629009121770986
233,0.056243115977056585,0.05629009059330359
234,0.056241054123663065,0.05628877323174609
235,0.05623714546958453,0.05628578470350163
236,0.056234314260447636,0.05628385549676212
237,0.05623126103214688,0.05628118034785769
238,0.056230961412318155,0.056281156543240875
239,0.05622936959051021,0.05627983867689195
240,0.05622659678052351,0.056277724450844495
241,0.05622509293989269,0.05627691709610781
242,0.05622362074816738,0.056275537265773744
243,0.056223617465334726,0.05627553745126873
244,0.0562223223582542,0.056274313166189874
245,0.05621888388498822,0.0562707985012067
246,0.05621658419586712,0.056268623312771306
247,0.0562145455873444,0.056268269741742406
248,0.05621238549245631,0.05626743822672597
249,0.05621082402214108,0.05626708315259059
250,0.056209783896304925,0.05626695137628469
251,0.056207103074241954,0.056265290513913206
252,0.056206646262714384,0.056265118850779276
253,0.05620395253097788,0.05626279906335015
254,0.056202332372720765,0.05626212744184326
255,0.056199743668137424,0.05626093579242392
256,0.056199737998060655,0.05626093540370993
257,0.05619882837232384,0.056259849440712745
258,0.05619700880004019,0.05625811947629535
259,0.056197006468249135,0.056258119657740954
260,0.056195691131067184,0.056256683206776056
261,0.05619407600018352,0.05625578241771712
262,0.056191398401384623,0.05625372649463948
263,0.056189041917259146,0.056252903216477794
264,0.056187840080049296,0.05625265199139283
265,0.05618546823608827,0.05625119184937032
266,0.05618411940161999,0.05625046674595933
267,0.05618035441043371,0.056247937415878586
268,0.05617939695035625,0.05624713619396104
269,0.05617666265141296,0.05624588765673204
270,0.05617666062319983,0.05624588780500695
271,0.05617393269117075,0.05624498174898342
272,0.05617117756525465,0.056242676373881334
273,0.056171175755070975,0.056242676511109035
274,0.05617067879453219,0.05624240705417314
275,0.05616996362776695,0.056242190728195335
276,0.056169961984367564,0.05624219086286563
277,0.05616856622758368,0.05624213642284164
278,0.05616683536127871,0.056240932931048815
279,0.0561647986305358,0.05623888223729455
280,0.05616300278530223,0.05623736514824583
281,0.05616165760512691,0.056236206049561054
282,0.05615983552401247,0.05623460303347511
283,0.056158519337756826,0.05623368673713519
284,0.05615489335808519,0.056231058650066154
285,0.05615489202619074,0.05623105878619477
286,0.05615324579762733,0.056230000334543104
287,0.05615108545854236,0.056230029462126505
288,0.05614957361259577,0.05622863986576715
289,0.056146780853958876,0.05622610571081676
290,0.05614405208637712,0.056224280087032494
291,0.0561421755742442,0.056223216777381325
292,0.05614089939612437,0.05622292782104183
293,0.056139007020005134,0.05622162595510064
294,0.056136679633929425,0.05621966009806967
295,0.05613566191542136,0.05621898768666168
296,0.05613545319104832,0.05621880662969566
297,0.05613388265192591,0.05621763557451438
298,0.05613388148378453,0.05621763570283311
299,0.05613138448774671,0.056216772086856784
300,0.05612983272571246,0.05621588352664014
301,0.05612776525868668,0.056213988625466456
302,0.0561243880629763,0.05621185021146922
303,0.05612087195685439,0.05621022029717443
304,0.05611865892757774,0.05620850077839298
305,0.05611715334588738,0.05620700545529351
306,0.05611707096896219,0.05620684767344518
307,0.056116023906212974,0.05620603225963312
308,0.05611374952399599,0.05620479225578823
309,0.05611173379183421,0.056204366536427776
310,0.05611021448479903,0.05620434179046317
311,0.056108964975702405,0.05620437381684514
312,0.05610739958853788,0.05620302816998828
313,0.05610636313735901,0.05620239053889814
314,0.05610525378972789,0.056201680052783524
315,0.05610309963993373,0.05620005817680234
316,0.05610177197551013,0.056200097343257774
317,0.056100219563276967,0.05619961642147201
318,0.05609884051911859,0.056199147721296715
319,0.05609737470785954,0.05619798717274073
320,0.056096015960559686,0.056196667234057945
321,0.05609541805584719,0.05619610725072537
322,0.05609426295283446,0.056195994693224456
323,0.05609310419052656,0.056195576520340317
324,0.056090388220608176,0.05619326053034244
325,0.05609035097838873,0.05619326046623125
326,0.05608914130226054,0.05619262453240699
327,0.05608789228865893,0.056191429031243016
328,0.056087666490576824,0.056191338459923176
329,0.05608593327900344,0.056190823642270606
330,0.056084290081033036,0.05618977932259216
331,0.05608192160331142,0.056188980809089024
332,0.0560806175700725,0.056188207938459765
333,0.0560783902312034,0.056187381125928026
334,0.056077463246507274,0.056186899844442396
335,0.05607567211423533,0.05618544824590839
336,0.056074769541134266,0.05618534030568174
337,0.05607161268925813,0.05618407440964414
338,0.05607041207553311,0.05618391459885717
339,0.0560691154953443,0.05618381003061683
340,0.05606846690712087,0.056183649583559314
341,0.056067312536486016,0.05618312588651421
342,0.05606728160022777,0.056183125854186534
343,0.05606599719228536,0.05618218697514666
344,0.05606494056264828,0.056181569587637294
345,0.056063831653730765,0.05618073498528604
346,0.056062531111539395,0.05617943044856459
347,0.056061387027632185,0.056179101817036954
348,0.05606132595317281,0.05617910806200608
349,0.05605939578139457,0.05617764086792346
350,0.056057418920731655,0.05617628382550475
351,0.05605739520572076,0.0561762838345754
352,0.05605598663784275,0.05617575743629725
353,0.056055959479233884,0.056175757262256314
354,0.05605439516057418,0.056173879586268835
355,0.0560537012475472,0.056173621161350745
356,0.05605288470456461,0.05617291416923221
357,0.05605078749051308,0.056171246972665345
358,0.056050039581446984,0.05617064078878582
359,0.05604862299661401,0.056170303758085655
360,0.056047282274147826,0.05617001358081682
361,0.056045740557168267,0.05616942339257628
362,0.05604460505333561,0.05616835688506057
363,0.05604455359658152,0.056168358312797546
364,0.056042782223046275,0.05616864549325618
365,0.056041681310159595,0.056167723313465236
366,0.05604033096093867,0.056167524805737216
367,0.05603950611664453,0.056167029960497966
368,0.0560377792560553,0.05616675555376895
369,0.056036877268806747,0.05616686289708207
370,0.05603680119264261,0.05616687624244427
371,0.056035819801094365,0.056166151220308054
372,0.056035583027893666,0.05616610914997641
373,0.05603557368716081,0.05616610922954981
374,0.05603370412564917,0.05616493250734312
375,0.05603286779563888,0.05616392273548524
376,0.0560316186694948,0.05616315776804421
377,0.0560305487580518,0.05616240938457636
378,0.056029025259366996,0.05616161247076237
379,0.056027620204849395,0.05616170980603252
380,0.05602575511003465,0.05616022836270555
381,0.056024905767377536,0.05616014557152103
382,0.05602453771077542,0.05615986669445364
383,0.0560229866692307,0.056159215755180396
384,0.05602115941261179,0.05615828191048323
385,0.05602072078910558,0.05615827365899051
386,0.05601999416113467,0.05615748065100531
387,0.05601806032029374,0.056156042276612486
388,0.056016827973000394,0.05615576557054839
389,0.0560150808526541,0.0561547802201787
390,0.05601329632062378,0.05615434155675921
391,0.05601272201344408,0.05615384776093883
392,0.056011119632377454,0.05615327485294174
393,0.05600919964204023,0.05615284607721817
394,0.05600797593759704,0.05615252878241618
395,0.05600727463837783,0.05615213708488992
396,0.056005738816524285,0.056151145841850915
397,0.05600330608373275,0.056148625779838715
398,0.05600213019763993,0.056148210926485774
399,0.05600065551549913,0.05614750670698889
400,0.05599924889916615,0.05614681253108573
401,0.0559979826112918,0.05614671644971891
402,0.055996540956464176,0.056146320549103
403,0.05599650779762596,0.05614629679577238
404,0.055994984579722754,0.056146510185369376
405,0.055993436845590244,0.056145495810804455
406,0.05599217073817173,0.056145089232220786
407,0.055991044304943616,0.05614501381099263
408,0.055991003763274656,0.05614499584037257
409,0.05599069855321221,0.056144867868324386
410,0.055990664081409215,0.056144867832728505
411,0.05599064337471023,0.05614486733994985
412,0.055990603569947665,0.05614486754320739
413,0.05598904401323154,0.05614448505416492
414,0.05598761028525643,0.05614406319402625
415,0.055987596031515645,0.05614406278947863
416,0.05598619834741852,0.05614388299501713
417,0.055984531639405435,0.05614257895674231
418,0.055983968342374915,0.05614219894175349
419,0.055982456399991505,0.05614153282338936
420,0.05598033187258022,0.0561404248668876
421,0.05598014024760749,0.056140123521827685
422,0.055978267870187004,0.056138196868914435
423,0.05597818177148471,0.056138193315745585
424,0.05597690134359608,0.0561383462917435
425,0.05597612067842276,0.05613826806608561
426,0.055975104056890615,0.05613781177423019
427,0.05597326187962215,0.05613728676590137
428,0.05597194983994315,0.05613663822694302
429,0.05597063313326015,0.05613581223864496
430,0.05596929586060049,0.05613543243334886
431,0.05596801311135978,0.05613494991527603
432,0.055967493351913464,0.05613466769866638
433,0.05596702167399009,0.05613444770031594
434,0.05596652809556124,0.05613435842663651
435,0.05596593127700172,0.05613438834409475
436,0.05596448925241821,0.056133239799000145
437,0.055963947719803134,0.056132660622796184
438,0.055962743651423216,0.05613240498896998
439,0.05596234624354118,0.05613203518382645
440,0.05596197719430162,0.05613187778496611
441,0.0559618249313006,0.056131868599095046
442,0.0559602923492855,0.056130912988888726
443,0.055960271581866915,0.05613090913752068
444,0.055959235395830094,0.05613043348206111
445,0.055958308879201814,0.056130434236923564
446,0.055958029241959646,0.05613045872098271
447,0.055957137849381444,0.056130018324779825
448,0.05595573366183444,0.056129435653602684
449,0.05595441863621707,0.056128293915681464
450,0.0559527737679885,0.05612715387790328
451,0.055951166068140046,0.056126515539612
452,0.05594989793708493,0.056125595130111096
453,0.05594796727905055,0.05612537840686033
454,0.055947356877146415,0.05612515196173316
455,0.05594619365504713,0.05612487448847984
456,0.05594510701013895,0.056124955962210066
457,0.05594257351555549,0.056123560467782094
458,0.05594121612657614,0.056123603204811384
459,0.055940723531584954,0.056123548079398324
460,0.0559397438639374,0.05612295060723018
461,0.05593803264615851,0.05612275841576225
462,0.05593713121497634,0.05612224335941751
463,0.05593705914328995,0.056122199095046385
464,0.05593562110300085,0.0561212770367096
465,0.055934533471087955,0.056120594053959284
466,0.05593412153257285,0.056120341253691676
467,0.05593358198978511,0.05612010015104841
468,0.0559318741428934,0.05611892013546274
469,0.05593063019419327,0.056118663490549114
470,0.055930316662839506,0.0561183594754498
471,0.05592930704636714,0.05611802151405351
472,0.05592811850394831,0.05611780830740323
473,0.0559281086412451,0.05611781152453963
474,0.05592569231011593,0.05611672440554789
475,0.05592527834144585,0.05611623398710169
476,0.05592466465736685,0.05611563222911022
477,0.055923190530652395,0.05611530197849976
478,0.05592203783260863,0.05611497568943185
479,0.055920791049623525,0.05611465683815256
480,0.05592041335886621,0.05611453439171916
481,0.05591867075395629,0.05611424005504438
482,0.05591822375086065,0.05611406431000664
483,0.05591730482171428,0.056113080038855366
484,0.05591656814687582,0.056112627785245305
485,0.05591560915368639,0.05611219683257415
486,0.055914616642047305,0.05611179447080998
487,0.05591281380798484,0.056111608857973366
488,0.05591160006816757,0.056111087913310355
489,0.05591091908178753,0.05611043920665145
490,0.055910269815303844,0.056109712765916316
491,0.05591022190261385,0.05610971611065851
492,0.05590946912323903,0.05610934283808452
493,0.05590806649122834,0.056108168230576974
494,0.05590699010009176,0.05610761312358777
495,0.05590671785573023,0.05610735797883969
496,0.05590539814134887,0.05610687446707353
497,0.055905394901378684,0.05610687444892359
498,0.05590430298346824,0.056106310401471515
499,0.055902965219545124,0.05610576380777366
500,0.05590179775121628,0.056105457009091315
501,0.05590103098663412,0.056105755034758086
502,0.05589989739775297,0.05610517007202271
503,0.05589898622577427,0.056104559897624355
504,0.055898353309971296,0.0561043193155432
505,0.05589782454068048,0.05610415619650446
506,0.055896698111389566,0.056103819695805135
507,0.05589538627385275,0.05610298470600698
508,0.0558952526018953,0.05610295905441922
509,0.05589434806421735,0.05610250506747979
510,0.05589295375851256,0.056102462251076256
511,0.05589226212341371,0.05610221699852528
512,0.055890641479399705,0.056101047752932065
513,0.05588957167441243,0.056100597052206554
514,0.05588911502762051,0.05610065929742636
515,0.055888544627544855,0.056100323981394175
516,0.05588681761006149,0.05609984825818498
517,0.055885961644331364,0.05609961005882848
518,0.0558846773709694,0.056098856881373727
519,0.05588432710588368,0.05609848729164064
520,0.05588432267823787,0.05609848727262405
521,0.055883889586501555,0.056098147393685474
522,0.05588287228787421,0.05609832929722974
523,0.05588266470751201,0.05609837658298958
524,0.055881758444170176,0.056098452878443436
525,0.05588174078568362,0.05609845391659033
526,0.05588013081765852,0.05609804769765242
527,0.055879587627517185,0.05609787361397357
528,0.05587955779310505,0.05609787410035595
529,0.055879113183120395,0.0560980588849987
530,0.055877931624996144,0.05609789255099964
531,0.05587722923136408,0.05609766932001232
532,0.05587605981330958,0.05609754650002947
533,0.055875540340294114,0.056097161398568074
534,0.05587321886224904,0.0560955938439719
535,0.05587279925734077,0.05609521671664538
536,0.05587238397407213,0.05609490257913752
537,0.05587131342746967,0.056094971024388
538,0.055870377318827914,0.05609480232079572
539,0.055869060498281206,0.056093768473262424
540,0.055869055674563635,0.05609376846039604
541,0.055869025584520046,0.05609376846592655
542,0.05586854721710396,0.056093823330690296
543,0.05586683842919926,0.05609337703908639
544,0.05586534037143871,0.0560928748020143
545,0.055864309914729966,0.05609254151235588
546,0.05586342644001478,0.056092520225996235
547,0.055862919949866766,0.05609195030751164
548,0.05586184539843742,0.05609139995360918
549,0.05586036503889101,0.056091508643503984
550,0.05586034206940775,0.056091527857538674
551,0.055859805550439484,0.05609110473132922
552,0.05585879260820687,0.05609117570279357
553,0.05585777428973653,0.056091037518460854
554,0.05585735204091016,0.05609114130335804
555,0.05585637336822132,0.056091075797258166
556,0.05585437041397733,0.0560900059023921
557,0.05585310303915084,0.056090324918325205
558,0.05585270003642851,0.05609022396827555
559,0.05585261623843732,0.056090248368957374
560,0.0558515296159014,0.056089439905444884
561,0.055850905092528116,0.05608933397966299
562,0.055850835838851115,0.056089333949239005
563,0.055848964804329625,0.056088230157738256
564,0.05584751359735315,0.056086613378285355
565,0.05584741268009843,0.05608659323666276
566,0.0558463592282442,0.05608640764559412
567,0.055845581400891034,0.05608560824817271
568,0.05584447010454674,0.05608548792635835
569,0.05584312659309618,0.056085414604599725
570,0.055842487454783075,0.05608515205174529
571,0.055840865370007806,0.05608526235674763
572,0.05584047353095879,0.05608499600847744
573,0.055839092491044226,0.05608475235214337
574,0.05583903587898177,0.0560847382456506
575,0.055838191920380656,0.05608485715710603
576,0.055837284751910486,0.05608493747233603
577,0.05583589835541018,0.0560850453359715
578,0.05583581967651685,0.05608506684125835
579,0.05583528240538597,0.05608513637883309
580,0.055834122432402836,0.056084791204503076
581,0.05583384542955994,0.05608474515744631
582,0.055832755594014065,0.056083896989978115
583,0.055830649868249156,0.056082364433774186
584,0.05583062729490619,0.056082377217781046
585,0.05582991698896879,0.05608169881465504
586,0.055829314866718195,0.05608177516358258
587,0.05582899177707785,0.05608177574652549
588,0.055828172161684064,0.056081736879627614
589,0.05582781887695651,0.056081668053111364
590,0.05582739207686637,0.05608156132992758
591,0.05582606712295639,0.056080174178223086
592,0.05582507922429148,0.05607976654111305
593,0.05582420733592785,0.056079503395737564
594,0.05582373808806961,0.05607928218621723
595,0.05582280155933073,0.05607876581997342
596,0.055821209324200115,0.05607876805647375
597,0.05582058810669873,0.05607862817880629
598,0.0558193260632511,0.05607778882555978
599,0.05581891779884698,0.05607772863613561
600,0.05581852271030814,0.05607756751415535
601,0.055817655114068505,0.05607679965033785
602,0.05581652608245494,0.05607657099933884
603,0.055816127691070895,0.05607641213135781
604,0.055815074981388955,0.05607598547897992
605,0.055815051676126916,0.0560760123567377
606,0.05581428932086221,0.056075910188961256
607,0.055813478349486974,0.05607549055779028
608,0.05581258514926006,0.056074874964223545
609,0.055811611002268176,0.05607466221002524
610,0.05580990723767537,0.056073916119870976
611,0.05580865076915183,0.056073840000469166
612,0.05580831212556518,0.056073947247821644
613,0.055807231120766895,0.05607414684950541
614,0.0558064794151895,0.05607383222569864
615,0.05580494251111734,0.056073794542149766
616,0.055804840204498954,0.05607375261693369
617,0.05580396325992671,0.05607367636674143
618,0.055802857706032535,0.056073331107662334
619,0.0558024921290104,0.056072933153412434
620,0.055801659439996154,0.05607295211507599
621,0.055800151671106066,0.056071543243232935
622,0.055799893178009555,0.05607158678863428
623,0.05579879790446279,0.056071391847523896
624,0.0557985755587269,0.05607140207780548
625,0.05579762987872988,0.056071048249951384
626,0.05579616807630562,0.05607072612669118
627,0.05579436229001841,0.05606979028523499
628,0.055793629657507934,0.05606972514240773
629,0.05579351649789246,0.056069764629262796
630,0.055793070599290166,0.05606970175620399
631,0.0557930100641024,0.056069693342073186
632,0.0557920299733866,0.05606918598438146
633,0.05579195884162243,0.056069186049431174
634,0.05579194684650304,0.05606918594758613
635,0.055790716367816004,0.056068263331518035
636,0.05579003078678995,0.056067474830590894
637,0.05578935709313003,0.05606753902668686
638,0.05578908237012497,0.0560673246993724
639,0.05578876900298612,0.056067277800068
640,0.055787827379361124,0.056066712865546126
641,0.055786036916161894,0.056066320226037365
642,0.055784709873171336,0.05606598075129942
643,0.055784310057504,0.05606586675412156
644,0.05578360161759624,0.05606576092585509
645,0.05578227872105356,0.05606535039768344
646,0.05578161732983169,0.0560653601303978
647,0.055781085311575426,0.05606534429964825
648,0.05578059520997675,0.05606540494835271
649,0.05577996523623328,0.056065325934488035
650,0.05577890070347867,0.05606516716872892
651,0.05577835425954227,0.0560648075478569
652,0.05577814911904741,0.056064713590514126
653,0.055778136424794726,0.05606471336533304
654,0.05577741474086315,0.056064668241448526
655,0.0557761192867106,0.05606423342626116
656,0.055776047602253145,0.05606425854713718
657,0.05577591495198245,0.05606425597384037
658,0.05577456785734817,0.05606372103826135
659,0.05577326411176807,0.05606259612751742
660,0.05577314443149879,0.05606255408197654
661,0.05577242421749261,0.0560626564853488
662,0.05577147945598257,0.056062393316698315
663,0.05576971497348184,0.056062541084930244
664,0.055768977759859506,0.0560625303912871
665,0.055768613160970766,0.05606237476639778
666,0.05576841987065131,0.056062371138127655
667,0.055767536164965256,0.056061484314744926
668,0.05576734338308742,0.05606150687892725
669,0.05576669906806678,0.0560613629237868
670,0.05576558190062242,0.0560613624978195
671,0.05576460155967558,0.05606085613413199
672,0.055764491308137196,0.056060890334406
673,0.05576351824043888,0.05606085586984256
674,0.05576250296760635,0.056060519468264285
675,0.055761590092164574,0.056060225148873995
676,0.05576085828060258,0.05605980008581288
677,0.0557595551484853,0.05605855683674658
678,0.05575880172984106,0.05605831780042284
679,0.055758135454683035,0.05605833496121674
680,0.05575721646947321,0.056057675792388295
681,0.055756670157231875,0.056057778629982374
682,0.0557557604518069,0.05605778554653731
683,0.05575492153872638,0.056057232487778504
684,0.05575363145160558,0.0560571385064681
685,0.05575290464991832,0.056057007959161735
686,0.05575274387916915,0.05605701361742079
687,0.05575242631589359,0.056056701838543166
688,0.05575136775347308,0.05605615317498663
689,0.055750394856698894,0.05605590705077939
690,0.05574930332886002,0.05605555481641684
691,0.05574732695857204,0.056054754620973285
692,0.05574581687020166,0.056054987944776445
693,0.055745790458432316,0.05605499917722454
694,0.05574480685069175,0.05605512262964181
695,0.05574405605978103,0.05605502325686081
696,0.055744050831805926,0.056055023254528887
697,0.05574330308668837,0.056054871007291084
698,0.05574321877462616,0.05605477457891372
699,0.05574220537449656,0.05605468256853287
700,0.05574195602897578,0.05605463857435644
701,0.05574124134742498,0.05605421176504752
702,0.05574054255322815,0.056053926514165915
703,0.055739577949214726,0.05605361456131674
704,0.05573815772313066,0.05605274955631342
705,0.05573763704323597,0.056052519501307616
706,0.055737411371164294,0.056052470734213496
707,0.055737002350415656,0.0560521822718729
708,0.0557357219217152,0.05605275613200089
709,0.05573550271612461,0.05605274625287754
710,0.0557343952116447,0.05605282667464659
711,0.05573286931149816,0.05605295083266621
712,0.05573194543207914,0.05605254955861093
713,0.055730813102272764,0.05605225918918608
714,0.05572967502005111,0.056052138684796526
715,0.05572861295755055,0.056052060259531085
716,0.0557274140502577,0.056051978483203264
717,0.055726865812873914,0.05605147270400562
718,0.0557257714753008,0.05605085879789684
719,0.05572507687579695,0.05605065982057097
720,0.055725074575598596,0.05605065983308063
721,0.055724003553833064,0.05605068178074293
722,0.055723178969092235,0.05605032903683123
723,0.05572213324781085,0.05605022641972016
724,0.05572148630462145,0.056050047721425425
725,0.05572134552764191,0.05605004859167775
726,0.05572013456348919,0.056050307672858
727,0.05571921830764287,0.05604973834503906
728,0.055718371091750485,0.05604957185612199
729,0.055717128676427634,0.05604939104305678
730,0.05571707760915295,0.056049422651084084
731,0.055715944821427735,0.05604968325460318
732,0.055715939987588566,0.056049683250984944
733,0.055715330595011596,0.05604977744659428
734,0.05571445764904494,0.0560497725772033
735,0.05571399780769563,0.05604973541080041
736,0.05571300624891408,0.056049195973534825
737,0.05571299660397517,0.05604919597353083
738,0.055712110467445626,0.05604920101045461
739,0.0557111597541675,0.056048947449471656
740,0.055710560935117524,0.05604883069928129
741,0.05571055203450117,0.05604883060996674
742,0.05571024272220596,0.0560488610817793
743,0.05570940138878291,0.056048696455839805
744,0.055708142765850614,0.056048491529366896
745,0.05570793754778755,0.05604853372623578
746,0.05570706966674578,0.05604820674969709
747,0.05570596332864431,0.05604784164323077
748,0.05570563156959466,0.056047804082691575
749,0.05570537144560712,0.05604768882931313
750,0.05570457990919397,0.056047672682314933
751,0.055703654183055125,0.05604760558453905
752,0.05570365036877734,0.05604760557137896
753,0.05570247999099709,0.05604782642593311
754,0.05570092125403883,0.05604701125327268
755,0.05569979471171666,0.05604633459044493
756,0.05569893811820195,0.0560458016922805
757,0.055697523083191446,0.05604530664621671
758,0.055696951308450995,0.05604527255106679
759,0.05569614327116292,0.05604530634456086
760,0.05569571693945447,0.056044982060128444
761,0.05569565984114728,0.056044983509932096
762,0.05569514474349274,0.05604476257306848
763,0.055694700269859745,0.05604467932477575
764,0.05569418103496625,0.05604462050579455
765,0.055693390131578924,0.05604485678851743
766,0.05569316036175357,0.056044819744920676
767,0.05569228315366673,0.05604451674749097
768,0.05569126980912424,0.05604470170283406
769,0.05569013890675666,0.056044051831476704
770,0.05569003545623056,0.0560440782961176
771,0.05568965700507273,0.05604391788621846
772,0.05568856949421321,0.056043693258534186
773,0.05568828550682658,0.0560434883838605
774,0.055687364677788155,0.05604357647583705
775,0.0556869384729079,0.05604347374161789
776,0.055685724951110675,0.056042919487484466
777,0.0556852912699287,0.05604295970504844
778,0.055685000386906505,0.056043002673818336
779,0.05568487313519472,0.056043055400363036
780,0.05568437558407979,0.05604299661404567
781,0.05568372333285997,0.05604330411100875
782,0.05568301316108463,0.05604314346385012
783,0.05568173128603255,0.056042648509120684
784,0.055680967151791355,0.05604254124571834
785,0.05568029792801049,0.056042179579498023
786,0.05568029677414697,0.05604217958149213
787,0.055679575312798636,0.05604158382296394
788,0.0556783189803153,0.05604143818468776
789,0.05567780793995189,0.056041003954757765
790,0.05567657464270929,0.05604112820689884
791,0.05567541672780832,0.056041206021454126
792,0.05567478236397632,0.056040985746174
793,0.055674171043085585,0.05604061114804952
794,0.05567386055751378,0.0560406079297612
795,0.05567298507239205,0.056040439870325275
796,0.05567184407436718,0.05604013121103737
797,0.055670845919856535,0.056039298158243184
798,0.05566956859815412,0.056038535382470354
799,0.05566850592496036,0.05603870288233343
800,0.05566835813345063,0.056038679432920645
801,0.05566798036631653,0.05603879930502383
802,0.05566686431769643,0.0560380896471835
803,0.05566632462632857,0.05603774231329406
804,0.05566556789262267,0.05603794610671609
805,0.0556642189859414,0.05603765494763661
806,0.055663589794841144,0.05603785624186849
807,0.05566314268487573,0.05603785796950238
808,0.05566313483422379,0.05603786185984858
809,0.05566260848429486,0.05603789273978967
810,0.05566214490209204,0.05603778678920919
811,0.05566101946066981,0.05603749385458743
812,0.055659208188732885,0.05603717016387249
813,0.05565815768195918,0.05603679772120847
814,0.05565730177855645,0.056036965506939665
815,0.05565716604856426,0.05603692545701598
816,0.055656432761558884,0.0560372500474367
817,0.05565614572687893,0.056037213556297205
818,0.05565529410756432,0.05603650580338469
819,0.05565423904367042,0.056036524434479144
820,0.05565314156917003,0.05603672523714433
821,0.05565214448340511,0.056036713665955626
822,0.05565110559348982,0.056036129108274595
823,0.05565006317769131,0.05603603175395351
824,0.05564890496275237,0.056035450997581164
825,0.05564787863793649,0.05603475578756618
826,0.055647274465741546,0.05603476718844154
827,0.05564618958865344,0.0560346727190885
828,0.055645618884264794,0.05603440528489507
829,0.05564461168967665,0.056034281525076605
830,0.055644610076761934,0.05603428153874787
831,0.05564408702468067,0.05603422050418055
832,0.05564360956902305,0.05603425673570412
833,0.0556428390350553,0.05603445335375843
834,0.0556423614435378,0.05603398899887647
835,0.05564179069643262,0.05603383605413259
836,0.05564125352550758,0.056033207991981575
837,0.05564027633471759,0.056033029757760616
838,0.05563914559641902,0.05603291320139929
839,0.055638957038881776,0.056032731693014835
840,0.05563805097404392,0.05603242563122716
841,0.05563773655541942,0.056032485501288455
842,0.05563692407763244,0.056032358935100834
843,0.05563626347593631,0.05603254871657788
844,0.05563547336516659,0.056032127900142135
845,0.05563465702912811,0.05603199699487744
846,0.05563406419698115,0.05603198826604728
847,0.055633001616359284,0.05603193773036487
848,0.05563209383022061,0.056031846518257676
849,0.055631493412983776,0.05603178014283422
850,0.05563025102052634,0.056031474377100224
851,0.05562973448237205,0.05603161301528181
852,0.05562958909278558,0.05603156778923292
853,0.055628575804085194,0.05603083529758919
854,0.0556280813379775,0.056030863441401554
855,0.055627364448255896,0.05603096777008786
856,0.0556263004622528,0.056030779024581034
857,0.05562509487109602,0.05603096015518839
858,0.055624610663508454,0.056031345015653745
859,0.05562399773350945,0.056031176779369335
860,0.05562344895105679,0.056030882790092
861,0.05562271008264406,0.05603113946920496
862,0.05562261888044927,0.056031135047358405
863,0.05562243289653799,0.056031179313682726
864,0.055621120280668006,0.05603029488315056
865,0.05562077122131878,0.05603028854865307
866,0.05561998444138482,0.056029856497581715
867,0.05561922036799258,0.056029742981682805
868,0.055618165734439784,0.05602971893814575
869,0.05561803883606109,0.05602968096128586
870,0.05561777431255144,0.056029664459422514
871,0.055616477483578924,0.056029505391090355
872,0.05561542884358803,0.056029352403635
873,0.05561421862859321,0.05602944695170879
874,0.055614103391534275,0.05602935107929464
875,0.05561312864995272,0.05602933699191476
876,0.05561188751378298,0.05602931209150535
877,0.055611303482139496,0.0560290374355457
878,0.05561075756731943,0.05602891011406823
879,0.055609700090268145,0.056028783505299815
880,0.05560881211423804,0.056028422399431566
881,0.055608035543520444,0.05602818606918922
882,0.0556071498078205,0.056028158907643136
883,0.05560676357812758,0.05602810057429849
884,0.05560576299836144,0.05602814823494161
885,0.05560534408490716,0.05602816498139524
886,0.05560479635681958,0.05602836381377961
887,0.055603728442945116,0.056028189391384375
888,0.05560360918649059,0.0560282083632735
889,0.05560331826331567,0.056028233772733055
890,0.05560330687622985,0.05602823302565072
891,0.05560284137090951,0.05602822720513634
892,0.05560240867293153,0.0560282095642564
893,0.055601860909086226,0.05602815789952325
894,0.05560076554910655,0.056027688412123355
895,0.05559997092220422,0.05602737530623982
896,0.05559892719282695,0.05602766051045247
897,0.055597576981650756,0.05602758850763965
898,0.05559738820496062,0.05602750265484313
899,0.055596291908952315,0.0560274179177253
900,0.05559626050860283,0.05602741124506742
901,0.05559554167350523,0.056027362106858734
902,0.055593904686917245,0.05602680775976625
903,0.05559293431592184,0.05602684504076776
904,0.05559285716285049,0.056026852817388034
905,0.05559284208241237,0.056026856250353294
906,0.05559228121232975,0.056026737581484576
907,0.055591565537840046,0.056026640654699006
908,0.055590795627116045,0.056026651554796934
909,0.05558986722779946,0.05602641826367731
910,0.055589178390951434,0.056026554076948974
911,0.05558901557484615,0.05602654503596235
912,0.05558832209137211,0.056026215757205663
913,0.055587139564323165,0.056026221486167344
914,0.05558665359743054,0.05602598218968864
915,0.055585750341600036,0.05602581721252875
916,0.05558507775579309,0.0560254776094292
917,0.05558407453501589,0.05602540961226147
918,0.05558339149854677,0.056025217491501314
919,0.05558296027684881,0.056025100279206014
920,0.055582712603055445,0.05602510659012319
921,0.05558188734640934,0.05602492487530991
922,0.05558090110050311,0.05602465185793956
923,0.055579793695974156,0.056024215520393834
924,0.055578635774267436,0.05602390000666612
925,0.055577692526004675,0.05602378256401399
926,0.05557707734190413,0.056023619618913195
927,0.055575821142838114,0.05602364223417393
928,0.055575104085992984,0.05602363660234964
929,0.055574508317971415,0.05602353237943646
930,0.05557420323880152,0.056023412180081396
931,0.05557345877335696,0.056022895891758906
932,0.05557235268061825,0.056022969047628886
933,0.055571251546475374,0.056023159983084145
934,0.05557028039334883,0.056023129865243076
935,0.05556975772121545,0.05602322959464872
936,0.05556931826644705,0.05602318970331192
937,0.05556817158794574,0.05602328558646456
938,0.055568165907488254,0.05602328470863365
939,0.05556762389399753,0.05602331007184499
940,0.05556717099444737,0.056023469924090304
941,0.05556686752146257,0.056023413424173864
942,0.05556544270144972,0.05602340151255623
943,0.055564374791490886,0.0560232113790404
944,0.05556386839208847,0.05602308451243735
945,0.05556265942676044,0.0560222999054627
946,0.05556147973211533,0.056022056651619904
947,0.05556132879395264,0.05602203454464111
948,0.05556119782191371,0.05602197810201375
949,0.0555605516318319,0.05602173213823742
950,0.05556023978790683,0.056021846552120745
951,0.05555874057442084,0.05602114501564669
952,0.05555843383468468,0.05602095975671629
953,0.05555755685875528,0.05602106981108176
954,0.055556567242300105,0.05602081993802712
955,0.05555611908746367,0.05602079595222907
956,0.055555460904891545,0.0560201999127834
957,0.0555550851712004,0.05602018958657897
958,0.05555472751992452,0.056020083683537066
959,0.055554161578449834,0.0560201380684853
960,0.055553833916603894,0.05601990647494965
961,0.055553060115735964,0.05601989417291003
962,0.05555293985838616,0.056019863579323835
963,0.055551824161275194,0.05601995459228964
964,0.05555170310825258,0.05601998844451534
965,0.05555115401778564,0.0560197868039595
966,0.055550819095999855,0.056019681566306816
967,0.0555501866284194,0.0560195635969197
968,0.05554906147977916,0.05601992187423416
969,0.05554884183851662,0.056019872446617006
970,0.05554812471155018,0.0560198137515757
971,0.05554725292441911,0.05601954694433235
972,0.05554724826154149,0.05601954550522279
973,0.05554628875085189,0.056019708935576534
974,0.05554499193807808,0.05601951297216061
975,0.05554428839264349,0.05601963417665053
976,0.05554367822284931,0.05601937289306796
977,0.05554307380977173,0.05601895772510423
978,0.0555425753663032,0.056019051282192665
979,0.055542333356812384,0.056018866486311346
980,0.05554157956510012,0.056019364583253586
981,0.05554102867937369,0.056019220506068806
982,0.05553996593112743,0.056019320207280884
983,0.05553935730676653,0.05601912013221496
984,0.055538422977178196,0.05601928436545188
985,0.055538144895146406,0.05601928761141783
986,0.055537296291866885,0.05601856145491203
987,0.05553701859937735,0.05601843742991615
988,0.055536720135089104,0.056018399377964094
989,0.05553643210855396,0.05601829463353897
990,0.055535522108331854,0.05601853333551449
991,0.05553457800912974,0.05601749292229026
992,0.05553386798336675,0.05601769362170989
993,0.0555331606669507,0.056017334871461225
994,0.05553224643349513,0.05601701710093389
995,0.05553098965521583,0.056017032765872624
996,0.055530119031579374,0.05601646233624279
997,0.05552941900769951,0.05601634923169481
998,0.05552927072726669,0.05601639592528082
999,0.05552917890721192,0.05601635615262167
1000,0.05552888313859349,0.05601637521123713
1001,0.0555285445134388,0.056016340912308386
1002,0.055527830969608914,0.05601602711513174
1003,0.055527131900184885,0.05601608040439011
1004,0.05552692307802365,0.05601604906913541
1005,0.055525903281213776,0.05601589750998251
1006,0.05552527302888915,0.056015990191625314
1007,0.055524164232590385,0.05601588193920851
1008,0.05552329284586383,0.05601566667349229
1009,0.05552311739361605,0.05601563956284548
1010,0.055521655939005016,0.05601573701161279
1011,0.05552130159101613,0.056015659143744664
1012,0.05552109379973682,0.05601565359506225
1013,0.05552048731870982,0.05601571373000872
1014,0.05552033355405831,0.05601577914517826
1015,0.055519792158043445,0.05601595491793893
1016,0.055518706763412334,0.056016011844745944
1017,0.055518172953754295,0.05601598855356424
1018,0.05551724790772986,0.056015808787496804
1019,0.05551723325902349,0.056015804069996844
1020,0.055515631196461114,0.05601658846391987
1021,0.05551508360208105,0.05601659429642912
1022,0.055514339999860024,0.05601675486372057
1023,0.05551322168291342,0.05601671795683977
1024,0.055512798441756675,0.05601656593694537
1025,0.055512026500645316,0.05601654825329906
1026,0.05551099312551314,0.05601564696965711
1027,0.055510594983198325,0.05601564166313291
1028,0.05551023585775966,0.056015467120035016
1029,0.055509440436434486,0.05601550838930595
1030,0.055507980771474535,0.056015676524478274
1031,0.05550770955316563,0.05601562891647434
1032,0.05550695358730742,0.056015574636249996
1033,0.05550587076090919,0.056015191453501464
1034,0.055505759510410244,0.05601518495445621
1035,0.05550525673447474,0.056015371452713285
1036,0.05550432552127414,0.056015226069136954
1037,0.055504202541194786,0.05601526663369756
1038,0.055502485499596126,0.05601494280222755
1039,0.05550194820091283,0.056014632488100916
1040,0.05550138913197997,0.056014568499697694
1041,0.05550001655285331,0.056014892693130564
1042,0.05549845157414304,0.05601511459149654
1043,0.05549775846058922,0.05601549188115909
1044,0.05549664560579246,0.05601567671475827
1045,0.055495697730644035,0.0560149743990653
1046,0.05549484694263992,0.05601475774717832
1047,0.055493604658624074,0.056014464594150166
1048,0.055492842276304105,0.056014379825245694
1049,0.05549266277755814,0.05601449945149313
1050,0.05549237601877111,0.056014525561588105
1051,0.05549149964835918,0.05601462836490501
1052,0.055490793225813025,0.056014346619142806
1053,0.05549066761355644,0.05601429372593107
1054,0.05549012234023602,0.05601401554970847
1055,0.05548949870652594,0.05601401056095602
1056,0.05548876529080308,0.05601377897378145
1057,0.05548866041523977,0.056013770152765534
1058,0.05548849732831475,0.05601375960378247
1059,0.055487661596509745,0.05601332556959552
1060,0.05548664869874818,0.056013411371616986
1061,0.055486325587437144,0.05601331159037728
1062,0.05548612886888419,0.05601333373309459
1063,0.05548506981497488,0.056012951885762746
1064,0.05548470798497304,0.05601294464522108
1065,0.05548431576822022,0.056012635263935094
1066,0.05548308032575386,0.05601303347699649
1067,0.0554824919162267,0.05601306792431553
1068,0.05548150308403579,0.0560129547136379
1069,0.055480902131084045,0.05601298617452267
1070,0.0554800270088513,0.056012415955694755
1071,0.055479221119795585,0.05601228872758314
1072,0.05547910625334527,0.05601217587948791
1073,0.05547839882299511,0.056012036319681414
1074,0.05547779909413201,0.05601218173634214
1075,0.055476755947344844,0.05601213892043042
1076,0.055476222140942374,0.056012027822618625
1077,0.055475936339169474,0.05601199313903106
1078,0.055475662586998424,0.05601183352907767
1079,0.05547470161914277,0.05601161862833096
1080,0.055473723968442024,0.05601155111060433
1081,0.05547284681502424,0.056010877985785044
1082,0.05547283059718334,0.05601088374852113
1083,0.055472252184690374,0.05601100973014554
1084,0.055472156540124495,0.056010998288229905
1085,0.055471936585153585,0.05601097599645875
1086,0.055471633489786676,0.05601081462410462
1087,0.05547057095617665,0.056010224378417225
1088,0.05546981573906827,0.056010342199084816
1089,0.05546970434281302,0.05601028210459525
1090,0.055469225504696885,0.05601006867256418
1091,0.055467667030260924,0.0560099523095643
1092,0.055467558216132314,0.05600994381930357
1093,0.05546650351905839,0.05600952777793196
1094,0.055465111985739106,0.05600958651523733
1095,0.05546413635075284,0.05600936561816486
1096,0.055463099250078585,0.05600885584902617
1097,0.05546243837690745,0.056008807734347466
1098,0.05546150288893537,0.05600796730869166
1099,0.05546040106899706,0.05600791790345394
1100,0.055459626243611504,0.05600781175993272
1101,0.05545857241502418,0.05600733289331984
1102,0.05545716364061272,0.05600758134450172
1103,0.05545638762686312,0.05600781660742152
1104,0.055455653217017994,0.05600766055783651
1105,0.05545552504768629,0.056007670051275514
1106,0.055454725339069394,0.05600798976415467
1107,0.05545397915460633,0.05600780234564371
1108,0.05545353603804445,0.05600778046959826
1109,0.05545345186007671,0.056007801646919146
1110,0.05545223843238779,0.05600788123095474
1111,0.055451025674844716,0.05600810758132984
1112,0.05545022493401519,0.05600814630394166
1113,0.0554495753232966,0.056007959877650136
1114,0.05544878931689583,0.056007786393390095
1115,0.05544869071366026,0.05600772652350989
1116,0.055448199524623515,0.05600776371075097
1117,0.05544732575561097,0.05600765551064763
1118,0.055446157780403765,0.05600746226859149
1119,0.0554451064793636,0.05600732729745283
1120,0.05544442029596618,0.056007310565260544
1121,0.05544423149288497,0.05600727160444601
1122,0.05544340644437597,0.05600729562886899
1123,0.05544306068892483,0.05600723108417227
1124,0.05544244796362815,0.05600730574784944
1125,0.055442298787411644,0.056007168673166144
1126,0.05544138266622558,0.05600732060900946
1127,0.0554407597714623,0.05600736188971681
1128,0.05544024366606092,0.05600709972591747
1129,0.055439911510565085,0.05600695900519869
1130,0.055439332167573956,0.05600689708770158
1131,0.05543848442735285,0.05600675718923978
1132,0.05543722886429299,0.056006710739044015
1133,0.055435905590235514,0.056006825133508596
1134,0.05543448479471032,0.05600657470490085
1135,0.055434018164463236,0.05600679789313798
1136,0.05543302962458551,0.05600623094645318
1137,0.05543252572651675,0.05600626889490494
1138,0.05543183029235411,0.05600621138195378
1139,0.05543115529690899,0.05600624491337331
1140,0.05543106908435731,0.056006241643671684
1141,0.055430737438977896,0.05600604837742354
1142,0.055429908681320916,0.05600625692930728
1143,0.055429393065345375,0.056006161981385603
1144,0.05542905785491679,0.05600623951538509
1145,0.055428999468901036,0.05600623534511263
1146,0.05542822124442019,0.05600630361337142
1147,0.05542732772782082,0.05600624058552628
1148,0.055427324829349416,0.056006240593363614
1149,0.0554265282334006,0.056006230183774035
1150,0.05542507946277813,0.056006769856583205
1151,0.0554240492645249,0.05600659489799004
1152,0.055423887461634645,0.056006566402090896
1153,0.05542295548855086,0.05600666537297697
1154,0.05542261786036605,0.05600630170426817
1155,0.05542155674745349,0.056006065483543796
1156,0.05542074997428487,0.0560054400812966
1157,0.05542059031865716,0.05600539927457608
1158,0.0554198079549113,0.056005465002050024
1159,0.055418507495260956,0.05600553715422229
1160,0.05541795897942806,0.05600560341335434
1161,0.05541740514635837,0.05600559615475111
1162,0.05541649238982359,0.056005712373516335
1163,0.05541522847710444,0.056005677025903124
1164,0.05541421792513936,0.05600574556973535
1165,0.055414018555321506,0.056005691152209734
1166,0.05541368084404281,0.05600581327309515
1167,0.05541326229225861,0.056005924694039366
1168,0.055413081082521895,0.05600579382628604
1169,0.05541213582381745,0.056005904552636085
1170,0.0554112258065804,0.056006036477726076
1171,0.055410733890318545,0.05600576229447519
1172,0.055410409200401994,0.05600577457078275
1173,0.055409835401433294,0.05600574713589617
1174,0.05540896935092616,0.05600556868409274
1175,0.05540836353608932,0.05600557053846524
1176,0.05540759953747081,0.056004944586952925
1177,0.055407365998728274,0.05600504935338812
1178,0.05540721155728872,0.05600508244773689
1179,0.055406985810075374,0.05600511642119364
1180,0.05540597163603859,0.056004645340228164
1181,0.05540499658434876,0.05600442333268825
1182,0.05540488865979546,0.0560044031532531
1183,0.0554045071742972,0.0560043916295743
1184,0.055403839666150895,0.056004169089716165
1185,0.05540293540715821,0.056003966726845086
1186,0.05540266559655572,0.05600405482991919
1187,0.055401986394323435,0.05600409767407074
1188,0.055400859114872206,0.056003886319800106
1189,0.05539945819345598,0.056004022997844294
1190,0.05539899721208352,0.05600394698533119
1191,0.0553988728572019,0.05600383920811036
1192,0.05539852275045305,0.05600385951037717
1193,0.05539838662071813,0.056003784343757475
1194,0.05539795262170756,0.0560037112279702
1195,0.05539793359209786,0.05600371139688065
1196,0.055397065715462684,0.05600370062317009
1197,0.05539607141475864,0.05600371343729929
1198,0.05539521906733955,0.056003941611433274
1199,0.05539453279669897,0.056003535917999496
1200,0.05539335579373028,0.0560033159480639
1201,0.055393178602556485,0.05600329498200515
1202,0.05539142589450048,0.05600254911255554
1203,0.05539118344313904,0.05600248043388348
1204,0.05539094977283654,0.05600227694060519
1205,0.055390067401605694,0.056002233804595986
1206,0.05538937810391218,0.05600198716090522
1207,0.05538925491405696,0.05600190306361394
1208,0.055388508738369285,0.05600182048918712
1209,0.055388078102743155,0.05600169873094539
1210,0.055387357347207754,0.05600172589499799
1211,0.055387326185398086,0.056001724451160646
1212,0.05538672341366818,0.056001736863031205
1213,0.0553866052443542,0.05600177854053989
1214,0.055385876641342424,0.05600164900161171
1215,0.055385656873111894,0.05600151489502772
1216,0.05538459034549196,0.05600111335110066
1217,0.05538397808115524,0.05600134085796164
1218,0.0553836759501777,0.056001263764759876
1219,0.05538283875268106,0.0560013339269902
1220,0.055382760076965944,0.05600132313198891
1221,0.05538210497931667,0.05600116050023207
1222,0.055381369479353924,0.056001087855208194
1223,0.05538049485565399,0.056001332576148644
1224,0.05537962063980755,0.05600134305404312
1225,0.055378684000956094,0.05600072806374593
1226,0.05537802813111212,0.056000781783215256
1227,0.05537741973203588,0.05600110914106213
1228,0.055376235681486516,0.05600111377176884
1229,0.055375465424950136,0.05600127006910893
1230,0.05537488596421803,0.05600117879427962
1231,0.05537479642133183,0.056001163911904
1232,0.055374110388281425,0.05600126923375095
1233,0.055373426562119424,0.056000710696021846
1234,0.05537303615969304,0.05600055352141639
1235,0.055371960665658713,0.056000874028062454
1236,0.055370688107706255,0.05600061379197838
1237,0.05537044876537709,0.05600057380205554
1238,0.05537031968142408,0.05600054360114266
1239,0.05537024190443962,0.05600050956673356
1240,0.05536914659408706,0.055999877178567053
1241,0.0553682396084037,0.05599942999341996
1242,0.055368027332493235,0.05599945541916272
1243,0.05536742259105158,0.05599971367129239
1244,0.055366541968369425,0.05599937800976091
1245,0.05536579889768591,0.05599946740716169
1246,0.05536533125818256,0.05599937900925469
1247,0.05536478815661997,0.0559993173449873
1248,0.05536462870296488,0.0559992803519754
1249,0.05536456983423986,0.05599927978919337
1250,0.05536384978105561,0.055998752646110546
1251,0.05536281856915441,0.05599833211581505
1252,0.055362396508305586,0.05599831966430716
1253,0.055362174527191374,0.055998374207108584
1254,0.05536175352998709,0.05599831502913251
1255,0.05536155455149074,0.05599834287995118
1256,0.05536144578532452,0.055998333738253525
1257,0.055361128801436135,0.05599832786648279
1258,0.055360419396928866,0.055998585945896955
1259,0.05536038193270847,0.05599856598539382
1260,0.05536027595080799,0.05599857184996081
1261,0.0553600668483446,0.055998511344091666
1262,0.05535957015412616,0.05599827518787167
1263,0.05535954050906683,0.05599828093859406
1264,0.05535856696166038,0.05599812697759781
1265,0.05535853364480848,0.05599812699724559
1266,0.0553576448889714,0.05599782093277771
1267,0.05535723957798299,0.05599783948628817
1268,0.05535704785887953,0.0559977795071898
1269,0.055356197686371726,0.055998013526808346
1270,0.05535490950583971,0.05599807426263203
1271,0.055354312563050234,0.05599811013625017
1272,0.05535383104614189,0.055997848700192754
1273,0.05535298135998315,0.055997815382597106
1274,0.055351816409363125,0.05599826780338286
1275,0.055351502449938465,0.05599821509081273
1276,0.05535124434833763,0.05599815773057798
1277,0.05535019276277171,0.055998184420955895
1278,0.055349662551278114,0.05599819603586648
1279,0.05534952635222708,0.05599819906439995
1280,0.055348755969413695,0.05599781273004895
1281,0.055347921708340075,0.05599784868588302
1282,0.05534716291260361,0.05599790214378965
1283,0.055346766956961196,0.05599787344688991
1284,0.05534669659518629,0.055997855571738454
1285,0.05534650769705403,0.05599769272559421
1286,0.05534523356327073,0.05599772991248921
1287,0.055344940769586265,0.05599779680603133
1288,0.05534471440890121,0.05599780088841854
1289,0.05534462323441044,0.05599781004827157
1290,0.0553445383301746,0.055997804650388526
1291,0.05534370420261138,0.055997401869491044
1292,0.05534286520155375,0.055997115578599294
1293,0.055342012695625595,0.05599739894545723
1294,0.05534103208557706,0.055997494250770115
1295,0.05534013913694341,0.05599753781162948
1296,0.055339515578638865,0.05599746426307982
1297,0.05533942714323134,0.05599747935916803
1298,0.05533813148607283,0.055997515018970836
1299,0.05533801953541529,0.05599751082784419
1300,0.05533739134728144,0.05599756153469141
1301,0.05533670003188923,0.05599750188259387
1302,0.05533660198447768,0.0559974886009574
1303,0.0553362772298614,0.05599743184176587
1304,0.055335627209282735,0.0559976737923135
1305,0.05533542817339014,0.05599760809334294
1306,0.05533483099452114,0.05599770604519002
1307,0.05533445292035407,0.055997667396903344
1308,0.05533433107309298,0.05599771299144631
1309,0.05533423557682017,0.055997725821408016
1310,0.05533383577231814,0.05599762329207915
1311,0.05533368053509517,0.055997556388578285
1312,0.05533348974986156,0.055997484072157634
1313,0.05533323723476365,0.055997511668220167
1314,0.0553326257220824,0.055997557169351175
1315,0.05533206195373286,0.055997393774281
1316,0.05533203015155885,0.055997380544788644
1317,0.05533179752734986,0.05599743791996612
1318,0.05533121366284483,0.05599749332733932
1319,0.05533066952242871,0.05599766423786595
1320,0.05532997453164488,0.05599754044579762
1321,0.05532980130715727,0.055997662633964114
1322,0.055329303325906125,0.05599748223644705
1323,0.05532903074122084,0.05599750713048343
1324,0.055328491052732895,0.0559972436488019
1325,0.055327551728586034,0.055997174907337716
1326,0.05532666462228099,0.0559975877054998
1327,0.05532570433987816,0.05599689269772721
1328,0.055325644671898724,0.055996900678346846
1329,0.05532465731445541,0.05599694601850703
1330,0.05532401563440447,0.055997338866491345
1331,0.05532325030613914,0.05599733746969439
1332,0.055323095047402675,0.05599728627531888
1333,0.05532290356713582,0.055997258154439816
1334,0.0553221232771455,0.05599711273640941
1335,0.05532171489284429,0.05599718655990307
1336,0.05532118729802626,0.05599712863853914
1337,0.05532072243623388,0.05599718596261144
1338,0.05532071513477653,0.05599718518980589
1339,0.05532054576160123,0.05599718987444518
1340,0.055320054744641745,0.05599727346199293
1341,0.05531905981914666,0.05599722532787496
1342,0.05531839748212466,0.05599683123648881
1343,0.05531812167247064,0.055996769586580834
1344,0.055317921618273626,0.055996774782907426
1345,0.05531731408711313,0.05599686136660017
1346,0.05531711595412413,0.055996922683153594
1347,0.05531644603250352,0.05599698846718521
1348,0.0553157738850249,0.055996967737099536
1349,0.05531564306490399,0.055996964847104584
1350,0.0553150727091923,0.055996956271794046
1351,0.05531441381454964,0.05599698824564961
1352,0.055313633308944295,0.055996931549221314
1353,0.05531352847108232,0.0559969258643789
1354,0.05531320509283333,0.05599692759355693
1355,0.055313009166412054,0.05599676291495374
1356,0.055312335416553005,0.055996805901885674
1357,0.0553121012008647,0.0559967935568762
1358,0.05531203030400151,0.05599671414726746
1359,0.055311811137519505,0.05599663479663686
1360,0.055311004411077384,0.05599644587495857
1361,0.05531053549787746,0.05599647029599683
1362,0.055310417862445276,0.05599650003436697
1363,0.05530954585917605,0.05599632416281359
1364,0.05530951936343431,0.05599632448785302
1365,0.05530907694943159,0.05599634884477298
1366,0.05530849620998628,0.05599612841212205
1367,0.05530806911175062,0.055996042233758786
1368,0.055307773624674865,0.05599604477612933
1369,0.055307008702940294,0.05599585367969979
1370,0.055306287218068476,0.05599600775920854
1371,0.05530532399387711,0.05599647572954478
1372,0.05530491572652441,0.0559965071491766
1373,0.05530376404009694,0.05599642568286623
1374,0.055303558808478266,0.05599631491519309
1375,0.0553033710245611,0.05599628477757447
1376,0.055302607909079635,0.055996329098014046
1377,0.05530253918975796,0.05599633356168345
1378,0.05530213497501117,0.055996358666519745
1379,0.05530089370255436,0.05599627399904182
1380,0.05530013087811517,0.05599608389232625
1381,0.05529950000112471,0.05599601636817321
1382,0.055298331116935745,0.055996083291124155
1383,0.05529757663854524,0.05599630296837675
1384,0.055297347791832305,0.055996323670408986
1385,0.05529622107851177,0.05599653823338193
1386,0.05529465998423841,0.05599683191248887
1387,0.05529366168795956,0.05599691618369514
1388,0.055292488517209984,0.05599704040773965
1389,0.055292070769048414,0.05599711470025416
1390,0.05529200461974874,0.05599711820218445
1391,0.05529166879393772,0.05599705539417024
1392,0.055290933537071825,0.05599723056344238
1393,0.05528984479697291,0.05599731303482539
1394,0.0552894303622201,0.055997253025177406
1395,0.05528901715591248,0.05599734438381203
1396,0.05528843819861889,0.05599759106242602
1397,0.055287842565219646,0.05599758235210276
1398,0.05528668685740339,0.05599793961281232
1399,0.05528599016348676,0.05599819165110692
1400,0.05528592156263373,0.05599824879949893
1401,0.05528506144448343,0.055997971643561836
1402,0.05528423478556777,0.05599811777094506
1403,0.0552831015239331,0.05599817462063757
1404,0.05528258296150644,0.055998132203258506
1405,0.0552822344139997,0.05599811357016923
1406,0.05528211926037926,0.05599812503105556
1407,0.05528120529885577,0.05599813452633203
1408,0.0552802548525435,0.05599799744179014
1409,0.05528016195216093,0.05599798690376914
1410,0.05527941793279201,0.055998282640013185
1411,0.05527907125957004,0.055998348165296724
1412,0.05527896922024,0.055998369068387885
1413,0.05527780996790746,0.05599827001816211
1414,0.05527631724610417,0.05599813595497002
1415,0.055275291835104906,0.055998132277615686
1416,0.055274998190897054,0.05599831770122001
1417,0.0552742071361515,0.05599868600227734
1418,0.05527341526468798,0.05599877884807807
1419,0.05527272471667928,0.055998803060512525
