0,0.15288661400193757,0.15306984631154114
1,0.14077077741975638,0.14094948181644307
2,0.12996435698746062,0.13012774481690548
3,0.12051473434233534,0.12068617113733113
4,0.11202987230826242,0.11218946197272278
5,0.10446154140005867,0.10460841072936074
6,0.09807903955486293,0.09822871813759988
7,0.09254582112683071,0.09268428706701186
8,0.08756955824020111,0.08770707578448883
9,0.08312523309143746,0.08324689417189354
10,0.07932580394220119,0.07942107834781012
11,0.07608537947559264,0.07617829231172958
12,0.07320231739128927,0.07329292020585156
13,0.0708310906202776,0.0709145508287226
14,0.06875449495171672,0.06883195353309829
15,0.06697708260860039,0.0670479068540532
16,0.06552672846026064,0.06558220053362947
17,0.06421871386378622,0.06426616610777146
18,0.06313335916791442,0.06317506448857002
19,0.06223116109513217,0.06226128061028202
20,0.06147166745712951,0.06149693261391296
21,0.06082814598728761,0.06084869003122138
22,0.060268636513331315,0.06028157556229914
23,0.059832603546092496,0.05984029051663903
24,0.05942050071550913,0.05942579093628913
25,0.05905879173871936,0.05905837258968433
26,0.05875503069565406,0.05874955959170715
27,0.058481232648451224,0.05846778361745934
28,0.05825381011155955,0.05823385040416175
29,0.05808188456123393,0.058057020499613525
30,0.05792178709942508,0.05789303339004201
31,0.05777276257853817,0.05774008910851938
32,0.05765669708124658,0.05761995520494041
33,0.05756381271136209,0.05752261958408566
34,0.05746334902074141,0.05742238938575337
35,0.057384430949442775,0.057342480032520224
36,0.057312278305759835,0.05727025503012047
37,0.057251562624653675,0.05720935737306137
38,0.05719925013258871,0.057157932692329896
39,0.057156004890623946,0.05711424327224434
40,0.0571160735202171,0.057074378398315695
41,0.05707452032440516,0.05703247505001565
42,0.05703607382065626,0.05699337709703638
43,0.05700203169027844,0.05696008984510376
44,0.056975184724261926,0.05693376482656715
45,0.056949913055433,0.05691001837495624
46,0.056930056205932236,0.0568891477439526
47,0.05690624421883399,0.056867299154521586
48,0.056887472072193995,0.056850494501016036
49,0.056874379283520855,0.05683802571296978
50,0.05685462539112904,0.05682110342241952
51,0.0568376606539343,0.05680148702588916
52,0.056828457691823035,0.056792281368980575
53,0.056813994214231514,0.0567784035196272
54,0.05680192584216612,0.056765500874743025
55,0.05678464434306925,0.056749340023520826
56,0.056771995580425144,0.056736382307596825
57,0.05676268352840599,0.05672844726683515
58,0.056755235898933894,0.05672168505519134
59,0.05674906244005479,0.05671650436580366
60,0.05673581060763365,0.056705247108656695
61,0.056727309153630216,0.0566984027187094
62,0.05671913235784477,0.056689858598460596
63,0.05670718654528403,0.05668131974080987
64,0.056698265787077144,0.056672923984227117
65,0.05668567618290981,0.05666078653682944
66,0.0566792719691852,0.05665446164474397
67,0.056669432287100314,0.056645760770506454
68,0.05666307615377902,0.05664093824342382
69,0.056653329745826035,0.05663113566465965
70,0.05664840961148597,0.05662680171017118
71,0.05663700613998897,0.05661628768643014
72,0.056630696185458455,0.05661049151861676
73,0.05662444500728234,0.05660460752018224
74,0.05661968674200154,0.05660039931446257
75,0.05661108171112816,0.05659349156118218
76,0.05660266131714109,0.05658651666654658
77,0.05659777357682434,0.05658173838426638
78,0.05659099133602364,0.05657630773461541
79,0.056582515687362625,0.05656907516069063
80,0.05657617044322038,0.05656271627909479
81,0.05657261891844252,0.05656002326322781
82,0.05656851290244244,0.05655670332882453
83,0.05656452833471703,0.05655372244923045
84,0.05655870469030571,0.05654932077027751
85,0.056552238010119826,0.05654405845507167
86,0.05654806250156719,0.05654203630725824
87,0.05653796125353483,0.056532130865299846
88,0.05653000663304441,0.05652666287472697
89,0.056525150176686856,0.05652188179428095
90,0.056518229137673265,0.05651873899765904
91,0.05651417283610133,0.05651450749853228
92,0.056508778361503635,0.05650972047260638
93,0.05650615872146484,0.05650736905969282
94,0.05649851000284602,0.05650149228564979
95,0.05649280864129465,0.056496277547414035
96,0.05648761372439619,0.056492120278930934
97,0.056483284600494024,0.05648809537184576
98,0.056477107481707374,0.05648295305948093
99,0.056472108516168254,0.05647901945474347
100,0.05646791486431514,0.056475633220457976
101,0.05646401362930837,0.05647280323646673
102,0.05646099330666675,0.0564711318030246
103,0.05645591771458783,0.0564676993296415
104,0.0564524608390458,0.05646532456548901
105,0.0564485348205365,0.05646220047662009
106,0.056439955200473846,0.0564548116518175
107,0.056438026864603814,0.05645342924588695
108,0.05643508149784456,0.056451460761641745
109,0.05643149961628364,0.0564495917652111
110,0.0564281340269269,0.056446628153006745
111,0.05642413859777829,0.056442936653441016
112,0.05641785569236707,0.05643641458873415
113,0.056414886443458184,0.05643392310207807
114,0.05641104709065563,0.05643206267373168
115,0.05640868164679616,0.05643015839971083
116,0.056404745579047184,0.0564273904369299
117,0.05640005574999155,0.05642422043799253
118,0.056396693506511046,0.05642250345844562
119,0.05639237982778935,0.05641976275093235
120,0.05638958947675103,0.0564176824125492
121,0.056382861347246536,0.05641100721329837
122,0.05637995670401708,0.056408819004469514
123,0.05637399084198793,0.056403629567904866
124,0.05637045856638462,0.056401332508344254
125,0.05636417272857896,0.0563966411835177
126,0.05636002943967336,0.05639229076628826
127,0.05635637011331846,0.0563891006940402
128,0.05634678240394316,0.05637963850982063
129,0.05634429103223216,0.056379351044855176
130,0.05634238249184649,0.05637863821170514
131,0.05634022805914888,0.056376750155056575
132,0.05633351702487429,0.05636969087922747
133,0.05633074712127047,0.05636698367545921
134,0.05632900763799287,0.05636621171232442
135,0.056323221252947836,0.05636119159639214
136,0.056318766302804,0.056357428595597316
137,0.05631635963909827,0.05635605041035442
138,0.056312011676129856,0.056353308657393714
139,0.05630874595410689,0.05635313663342248
140,0.05630599372286644,0.05635279761965045
141,0.056300588485653016,0.05634822635620396
142,0.056298192677110975,0.056347583743884114
143,0.056291230955832106,0.05634054996506774
144,0.056287620488555005,0.05633783059219949
145,0.05628668351347169,0.056337865917187924
146,0.056282625761986955,0.05633587812457796
147,0.05627826505344348,0.056332421090377595
148,0.05627494789661788,0.0563288828127732
149,0.05627022257635421,0.05632478289313702
150,0.05626406202676916,0.05632012275828167
151,0.05626052438333843,0.05631750805228829
152,0.056256842410293544,0.05631397824643111
153,0.056250077268593685,0.056307930166651254
154,0.056244691586478004,0.056304054343674574
155,0.05624299992747567,0.056302623196162985
156,0.0562377559088803,0.05629807429404313
157,0.05623420926986747,0.05629715503543384
158,0.05622991359326754,0.0562939723612615
159,0.056227703195252034,0.05629176370127247
160,0.05622526349354962,0.056290694135652734
161,0.05622332513035914,0.05628927711697523
162,0.056218735186341476,0.05628442757251447
163,0.056215320421557406,0.056280704405941254
164,0.05621292569785733,0.05627884481190789
165,0.05620944407336649,0.05627634222851292
166,0.05620587579523299,0.05627522668843415
167,0.05620333274382017,0.056274318395083005
168,0.056201036728747295,0.056272236417213434
169,0.056198808882254564,0.056270996081612935
170,0.056193149649600566,0.056268496878361676
171,0.05618933235763312,0.05626507238991614
172,0.05618577086499426,0.05626325487887677
173,0.05618435373747278,0.05626277173269049
174,0.0561821416497727,0.05626243124027818
175,0.056180151476477855,0.05626093301467982
176,0.056176821958477466,0.056258413556750334
177,0.05617491952092346,0.05625788952348389
178,0.056169840324008714,0.056253243275744054
179,0.056165485502223826,0.05624949742551346
180,0.05616461399813816,0.056248929740875156
181,0.05616265333940778,0.05624762073717869
182,0.056161250112740334,0.05624651463722697
183,0.05615905286156712,0.05624629226030259
184,0.05615804982476258,0.05624538668949869
185,0.05615586189178541,0.05624396450572658
186,0.05615339964898946,0.05624238456569351
187,0.05615006181305773,0.05623962326854202
188,0.056147981123374484,0.056238275456034624
189,0.05614666356681441,0.05623756039077163
190,0.0561448958510926,0.05623627157170478
191,0.05614264915119107,0.05623452776098464
192,0.0561418087667302,0.056233857218891944
193,0.05613884506230943,0.0562316597197968
194,0.05613697046456332,0.05623135029979368
195,0.05613574886082962,0.056230774264092405
196,0.05613260835446713,0.056229976223793304
197,0.0561297655672147,0.05622889034021044
198,0.05612454955127965,0.056224449985554766
199,0.05612286396658605,0.05622501306026722
200,0.05611947662064194,0.056223355684905565
201,0.05611728299542084,0.05622188826675189
202,0.05611721583592424,0.056221888344222884
203,0.056113487398722434,0.05621889895038066
204,0.056110755654828454,0.056218553388209205
205,0.05610879516631489,0.05621793407249224
206,0.05610695766599061,0.05621676717586421
207,0.056105212543427194,0.056216116250720705
208,0.056102033943885354,0.05621416399458253
209,0.05609916865354935,0.05621184106766037
210,0.056099113633561834,0.056211876087578654
211,0.05609750486080916,0.056211346305702445
212,0.05609592225945242,0.05620983169566439
213,0.05609453865140857,0.056208547810888576
214,0.05609349529131608,0.05620795113551017
215,0.05608985979428472,0.05620685875321654
216,0.056089004631095375,0.056206546371695656
217,0.05608707521185907,0.05620589180533262
218,0.05608598550664657,0.05620488565264233
219,0.056082920123351455,0.05620380999650992
220,0.05608063608232198,0.05620212455177412
221,0.05607886035291818,0.056201851265584565
222,0.056078250569674006,0.05620168267056234
223,0.05607628687798247,0.05620013630911289
224,0.05607509883181239,0.05620024633789558
225,0.05607306976925572,0.056200253590562334
226,0.056071212726104526,0.056199231239996005
227,0.056071176710258054,0.056199239653278006
228,0.056069322843128114,0.056199315443592926
229,0.056066565357779145,0.056198138253015034
230,0.05606512574911533,0.05619770963353481
231,0.05606189314954864,0.05619592373277641
232,0.056061884350332894,0.056195923842831765
233,0.05606024229619833,0.05619477348413357
234,0.05605743959098091,0.056193032220215225
235,0.05605554772405069,0.056192268168610664
236,0.05605410795148459,0.05619124864227489
237,0.05605242449185084,0.05619082714263092
238,0.056049583082676505,0.05618828121303006
239,0.05604756827967336,0.05618700653145325
240,0.05604674927352231,0.0561858955542025
241,0.05604461499544048,0.05618520302448579
242,0.0560439185949537,0.05618495197259492
243,0.05604072755460677,0.05618302333597655
244,0.056040694123125234,0.056183014278126546
245,0.05603849558486252,0.05618153438053183
246,0.05603798573031047,0.056180816984650474
247,0.05603574670176388,0.056179358972023766
248,0.05603291110752402,0.05617674464008664
249,0.056029968237072694,0.05617547220152831
250,0.05602734564578313,0.056174057464553506
251,0.056024793472063864,0.05617380739680246
252,0.05602149733155372,0.05617262069596635
253,0.05602146393753429,0.05617261510104457
254,0.056019650057545556,0.05617234831732586
255,0.05601708333848325,0.05617160499834922
256,0.05601655391168945,0.05617162167872948
257,0.05601564802658121,0.05617096801284652
258,0.05601358071268421,0.05617156049005838
259,0.056012367428818814,0.056171455483058116
260,0.05601095496073353,0.05616983388177257
261,0.05601003504983152,0.05616929662124523
262,0.05600767269009433,0.05616729209744644
263,0.05600683939613546,0.05616721329989415
264,0.05600524919477577,0.05616632824818946
265,0.05600327008621477,0.05616609965297867
266,0.05599946257492317,0.056165821805081874
267,0.05599941694176856,0.05616582270170671
268,0.05599663590927855,0.05616438331806604
269,0.05599441983635833,0.05616284375665643
270,0.05599107144348969,0.05616080306168343
271,0.05598923784177061,0.05616028848154747
272,0.05598747084597759,0.056159909688162056
273,0.05598708712029061,0.05615982180601047
274,0.05598627411500134,0.05615963856972269
275,0.05598302559445686,0.05615930437672641
276,0.05597948402213538,0.05615698054972411
277,0.055977970531163,0.056156087814565804
278,0.05597541996032835,0.056155313681695684
279,0.05597259546802802,0.0561531996525691
280,0.05597197354392538,0.056153169579446785
281,0.055968944359422734,0.05615145771538112
282,0.055966497690808414,0.056150359053385335
283,0.055962930924319816,0.056150240680949745
284,0.055960725727561354,0.056148901281474754
285,0.0559592758768483,0.056147133679771095
286,0.05595780102130863,0.05614673005061294
287,0.05595662576514539,0.056146191099603115
288,0.05595494379300053,0.056144504179045526
289,0.05595306925756888,0.056144227835734306
290,0.055951988221934354,0.056143383378449874
291,0.05594905310636933,0.0561415705961727
292,0.05594701453089883,0.056140397067098155
293,0.05594664714078209,0.05614036545573618
294,0.0559445426794715,0.05613968568516232
295,0.05594249755000009,0.05613848321597756
296,0.05594173387172247,0.05613779923993608
297,0.0559412957072433,0.05613770402599345
298,0.0559393700311626,0.05613687537897058
299,0.05593678789582286,0.056135852448382206
300,0.05593678000462933,0.05613585354540688
301,0.055935340985404584,0.05613493277046906
302,0.05593486211930017,0.056134525778127636
303,0.05593299126018955,0.05613379242300434
304,0.055929809209174765,0.05613276920245447
305,0.055927793412585795,0.05613184806244838
306,0.05592622548396908,0.056131077570505054
307,0.055925180002528156,0.056131175701373257
308,0.055924609651777694,0.05613112568150241
309,0.05592332527030792,0.05613099404853183
310,0.0559229410878504,0.05613101370418198
311,0.05592086020652599,0.05612913183011814
312,0.05591989912831409,0.056129067288604256
313,0.055919754123219284,0.05612903703319276
314,0.055918562587630755,0.05612847621281319
315,0.055916610145426024,0.056127484415222896
316,0.055915153717046674,0.05612629087606319
317,0.055913502917576526,0.056125367005489014
318,0.05591197520206937,0.05612467159020121
319,0.05591132365890056,0.056124112588963916
320,0.05591040408028748,0.056123616886189776
321,0.05590831152470463,0.056122902030957406
322,0.055905637602478256,0.056121801829773395
323,0.05590513321851321,0.05612154725624466
324,0.055902354486308294,0.056120093217571644
325,0.055902325398688245,0.056120097209379646
326,0.055902086520781005,0.056119854444741595
327,0.05590033261956938,0.05612021991086096
328,0.055898698141123575,0.056119956696300044
329,0.05589751401380384,0.05612024254914872
330,0.055896785642997784,0.056120688344179936
331,0.05589557417319937,0.05612012654181995
332,0.055894913538727116,0.05611977580389889
333,0.055893715047810995,0.05611896959686323
334,0.055892130880800785,0.056117458654421075
335,0.055890148127298415,0.056116371451993184
336,0.05588830660397115,0.05611497537227423
337,0.055886057310478854,0.056114019339498944
338,0.055884172067045164,0.056113635238260656
339,0.055882492643325066,0.056112521071296655
340,0.05588053974686323,0.05611199169709241
341,0.05588033936450952,0.056111695464954245
342,0.05587985622163273,0.0561114743798971
343,0.05587901826625966,0.05611138059248596
344,0.05587685527215102,0.05610987055177014
345,0.05587671474533055,0.0561098808355682
346,0.055875211423482514,0.056109553855374056
347,0.055874007863538085,0.05610916822888921
348,0.055873809624761586,0.056109218584204625
349,0.055871745916996465,0.056107363215132315
350,0.05586965479833108,0.05610690960619099
351,0.05586865477819179,0.056106896243159086
352,0.0558683150551481,0.05610662044624062
353,0.0558666404403135,0.056106725242685215
354,0.05586612484976682,0.056106658548483276
355,0.05586493713349056,0.05610629403812181
356,0.055863581614076264,0.05610479401303878
357,0.05586316383506863,0.05610471715767879
358,0.055861643177021886,0.05610381587401027
359,0.055859756281106836,0.056102175577244666
360,0.0558587166493546,0.05610155061190298
361,0.05585677818979685,0.05610020457589226
362,0.055855736155865615,0.05609954876650969
363,0.05585488310131114,0.05609952276547387
364,0.05585250794256235,0.05609857348895431
365,0.05585120721543913,0.05609882232067893
366,0.05585024503881331,0.05609842213016463
367,0.055850069381779055,0.05609828416378486
368,0.055848811580706814,0.05609788109112115
369,0.05584830281773342,0.056097347955991105
370,0.055848118956278815,0.05609745111897567
371,0.05584650507093801,0.056097063003723205
372,0.05584389074428184,0.05609600768982156
373,0.055843280331467945,0.0560959639522057
374,0.05584185082983937,0.056094637205052714
375,0.05583986690931575,0.05609458475940863
376,0.05583715406217537,0.05609199734289824
377,0.05583559767314013,0.05609135008237748
378,0.05583410381041267,0.056091251057693366
379,0.05583259834944832,0.056090374710012644
380,0.0558304095063254,0.05609012319426123
381,0.05582958843406595,0.05608994329523503
382,0.05582953963917128,0.05608994299445605
383,0.05582894666313596,0.05608998222976456
384,0.05582668874623502,0.05608944923372183
385,0.055825042755586064,0.056088564013992585
386,0.05582334334039799,0.05608777244597823
387,0.055821783295465346,0.056087009921956144
388,0.05582025222260481,0.056086491587743495
389,0.05581843446492919,0.05608593038843893
390,0.05581842693508291,0.056085939752798776
391,0.055815921803080266,0.05608433553986655
392,0.055814121694061664,0.05608356924638436
393,0.05581312343967152,0.056083227476640116
394,0.05581125042276195,0.056083438637570496
395,0.055809882475064,0.05608313936519524
396,0.055808565869928224,0.05608211275779509
397,0.055806920750874185,0.05608091076607304
398,0.055806853981856405,0.05608091173776615
399,0.05580532903630935,0.05608021533978841
400,0.0558050852296867,0.056080261051107
401,0.05580437083058863,0.056080424450292564
402,0.05580429017752938,0.05608034268766762
403,0.055803255394820214,0.05607966029686417
404,0.05580163353815632,0.05607969310181027
405,0.05580032338223232,0.056079783258776876
406,0.05579920532339207,0.056079598338134945
407,0.0557988342725097,0.05607906862039728
408,0.05579738522268475,0.056079359100485164
409,0.055795323006653685,0.05607843791012743
410,0.05579446220581817,0.05607797606584299
411,0.05579326089794957,0.05607828607122543
412,0.055791672638359976,0.05607797894733137
413,0.05579013363876565,0.05607788249081023
414,0.055788450074769014,0.0560782571290221
415,0.05578644463924198,0.05607792811139388
416,0.055785157400014856,0.05607718992548055
417,0.05578358473395531,0.056076707120587654
418,0.055781246674947445,0.0560766777508693
419,0.05577960153817446,0.056076526135440154
420,0.055779050905517526,0.05607589921968911
421,0.05577671064334342,0.05607486430196865
422,0.0557751830475947,0.05607473525149759
423,0.05577309357569681,0.056074814885130476
424,0.05577202164852926,0.05607439840865386
425,0.05577056118467525,0.056074473843821096
426,0.05577032837320209,0.05607436504108513
427,0.055768146803916833,0.05607244106785445
428,0.05576793058587206,0.05607250202325204
429,0.05576661676084861,0.05607157861313471
430,0.055765287070070356,0.056071362329426014
431,0.055763928001450885,0.056070391272962164
432,0.05576389624317672,0.05607033762911036
433,0.05576217698973535,0.056070566521990974
434,0.05576095408860133,0.05607007167939222
435,0.05576020342708712,0.05606995309703964
436,0.05575921559503264,0.05606997290040282
437,0.05575851830356729,0.056069993892892286
438,0.05575798566252663,0.056069953016865494
439,0.05575581245780508,0.05606915765251123
440,0.05575412223949507,0.05606813753422467
441,0.05575382559947286,0.05606818583079316
442,0.055752393539399356,0.05606743277930573
443,0.055752175176054,0.05606743945784051
444,0.05575198193083302,0.05606732015301977
445,0.05575047610126228,0.05606786731189853
446,0.055749346083277036,0.056067192970059375
447,0.055747772567064216,0.05606646367606731
448,0.05574571620998171,0.05606531817165752
449,0.05574486954288228,0.05606525935650864
450,0.05574435679929814,0.056065208728079276
451,0.05574344254501462,0.05606470111084619
452,0.05574201659358873,0.05606528872847979
453,0.055741276711914534,0.05606519260170778
454,0.05574001050023748,0.05606463686991644
455,0.055739138372355564,0.0560644206019541
456,0.05573883329470517,0.05606447218989174
457,0.055738453617480546,0.05606433416266066
458,0.05573744555170684,0.05606375605943824
459,0.055736888858723944,0.056063576951898585
460,0.055735963783595154,0.05606323854903189
461,0.05573550704112347,0.05606275704736882
462,0.05573371224047593,0.0560613208659606
463,0.05573365285071134,0.056061330410506954
464,0.05573219897353848,0.056061482550316975
465,0.05573215667266116,0.0560614747105888
466,0.05573118327228781,0.05606117987779746
467,0.05573108710359768,0.05606114256132649
468,0.05573015158858591,0.05606198776724097
469,0.05573004452159367,0.056062070999948574
470,0.05572870197489289,0.056060985038995065
471,0.0557283965343772,0.05606090097263017
472,0.055728333286534884,0.05606091607625997
473,0.055726733440427154,0.05605996608660011
474,0.05572521038828811,0.05605976344436254
475,0.055724482550615406,0.05605923737895213
476,0.055723672336347195,0.056058920171319866
477,0.055722727268164934,0.05605878064789447
478,0.05572182029847328,0.05605869048201703
479,0.055720337846498644,0.056057348503557175
480,0.055719814283583344,0.05605759704453098
481,0.0557190048907466,0.0560572870648348
482,0.055717562680690357,0.056056677547915185
483,0.05571673162312192,0.056056886721866886
484,0.05571658024916494,0.056056898340707456
485,0.05571468799477425,0.05605719481924134
486,0.05571360724318111,0.05605658149740492
487,0.055711844958884885,0.0560557765249802
488,0.05571026896263152,0.05605506739657283
489,0.05570952257839479,0.056054805499854705
490,0.05570863892975653,0.056054785009587806
491,0.055708029425524476,0.05605538096293003
492,0.05570712453009224,0.05605545657852689
493,0.055705697191727084,0.056054703378793265
494,0.055703626122270734,0.05605359867705687
495,0.05570264326436604,0.05605359747966295
496,0.055701119447547215,0.05605348000441492
497,0.05569935492136453,0.056053391187129396
498,0.05569815801292706,0.056052525623281224
499,0.05569673474403758,0.05605188416275827
500,0.055695229217739936,0.05605118009005356
501,0.055693742974926734,0.05605126737849024
502,0.055692471302193694,0.05605205947540918
503,0.05569092361966071,0.05605170015056398
504,0.055689071057789974,0.05605175408088723
505,0.055688476313298436,0.05605157180874091
506,0.05568696310259998,0.05605116220476519
507,0.055686176848311716,0.056051222132006334
508,0.05568417884766426,0.05605118407198354
509,0.05568245540196728,0.05605080160500561
510,0.055681464898903216,0.05605052613821161
511,0.05568068211434826,0.05605013447399143
512,0.05568056264378805,0.056050088533348065
513,0.05568034145809956,0.05604997537432559
514,0.055678837011158555,0.05604970923370137
515,0.05567766872757208,0.05604902354304881
516,0.0556767012414821,0.0560488661905253
517,0.05567657641625058,0.056048851014666036
518,0.05567580247215092,0.056048443088636435
519,0.05567461936589301,0.056048346175018596
520,0.05567306761245143,0.056047143145375886
521,0.05567186429272612,0.05604674593290398
522,0.055669918496582545,0.05604614991961111
523,0.05566982063455782,0.056046154034888
524,0.05566831980916727,0.056046032226821384
525,0.05566654618948909,0.0560467772347946
526,0.055666207507117045,0.05604632365712358
527,0.055664994635760266,0.05604578993190174
528,0.05566348228757264,0.056044671834006216
529,0.055662074720408926,0.056044914591217194
530,0.05566130099473639,0.056044524129784654
531,0.05566098811549886,0.056044181339851326
532,0.055660446572603904,0.056044015846468356
533,0.05565966400761691,0.05604371833459593
534,0.0556577793428018,0.05604213208797706
535,0.05565641159718037,0.05604240823688197
536,0.05565499254419151,0.05604249039022866
537,0.05565469271544199,0.05604254916716633
538,0.05565310466970569,0.05604232643160762
539,0.05565183682359856,0.056042012461576064
540,0.055649898847484475,0.056041860717979175
541,0.05564860381176375,0.05604192368071281
542,0.05564797306726869,0.056041978219629106
543,0.055647512520560646,0.05604206392734375
544,0.05564702017704646,0.0560420860161803
545,0.05564542766845994,0.056041823158093335
546,0.05564423062370589,0.05604125228510755
547,0.05564346580235055,0.056040551286751276
548,0.05564207174896948,0.05604074101688893
549,0.055641199287483414,0.056040786748405104
550,0.05563967079554735,0.0560402550985144
551,0.05563848145533508,0.05604009103497607
552,0.05563726990257741,0.05604018766689643
553,0.055635969504637006,0.05603970584888149
554,0.0556353399411812,0.05603951525309897
555,0.05563421519792294,0.05603905643009876
556,0.05563327624254665,0.05603873126983518
557,0.05563257806409226,0.05603841461669711
558,0.05563142629444194,0.05603767670656784
559,0.05562973758550978,0.05603613972704263
560,0.0556294037143254,0.056036159254626204
561,0.055628232934421505,0.05603636463189949
562,0.055627681044727297,0.05603678469387879
563,0.05562711302975006,0.056036583491860616
564,0.055627069307733236,0.05603657715070091
565,0.055625590013190986,0.0560368023020894
566,0.05562507588139461,0.05603673900838298
567,0.055622808233048576,0.056037563492456186
568,0.055621704397479176,0.0560375452134421
569,0.05562122405490342,0.056037399608762584
570,0.05562085158954194,0.056037214097102536
571,0.05561948204547928,0.0560369187155442
572,0.055619044179197864,0.056037027061727036
573,0.05561890243840283,0.05603703091552365
574,0.05561737662153215,0.0560367205435208
575,0.05561591576696543,0.056036594093229065
576,0.0556149775543981,0.056036492415224105
577,0.05561374529634374,0.05603615219486137
578,0.05561248420006897,0.05603595470413702
579,0.05561136548799399,0.05603567258697556
580,0.05560971104169096,0.05603496539446207
581,0.05560855117633106,0.05603459726129143
582,0.05560791653067074,0.05603445878675241
583,0.055606449055392033,0.05603359229661453
584,0.05560506728865945,0.05603346029630902
585,0.05560406497385053,0.05603334227303453
586,0.05560281781494508,0.056033158024301886
587,0.05560207834046896,0.056032926151844714
588,0.05560046579489554,0.056032685676676706
589,0.055600242976058284,0.05603269454038265
590,0.05560002165446156,0.056032705594037134
591,0.05559895453987916,0.056032509408340724
592,0.055598910373195656,0.05603251937037514
593,0.05559774556994126,0.05603268420797474
594,0.05559746017336861,0.05603269242321096
595,0.05559596879238743,0.05603285721658257
596,0.05559563360873437,0.056033011763072245
597,0.05559417945796684,0.056032802168667725
598,0.055592427269892816,0.05603281194642535
599,0.05559163915327259,0.05603290928734585
600,0.05559067433856739,0.05603263935061247
601,0.05558956925843065,0.056033079225135646
602,0.0555882860552053,0.056032869513914355
603,0.05558647813807081,0.05603305414397505
604,0.05558531642526943,0.05603314735283722
605,0.05558407178421907,0.05603236862573216
606,0.055582918710109716,0.056031997399797154
607,0.055582171084140194,0.056031735607750925
608,0.055581522950756676,0.05603152035869525
609,0.055580884984708104,0.05603142727653335
610,0.05557940681918715,0.056030995325874196
611,0.05557830558267946,0.056030363744126885
612,0.05557742028715912,0.056030082876945886
613,0.05557585272919608,0.05603013588847118
614,0.05557531983303349,0.05603011033915589
615,0.05557384765973496,0.05602984316935037
616,0.0555716609802115,0.05602970421092259
617,0.05557051059308985,0.05603023804867266
618,0.055568781997949034,0.05603073415212323
619,0.05556793720563288,0.056030558038089505
620,0.05556765092214402,0.0560303366009409
621,0.0555663172376315,0.05603017708356313
622,0.05556479905708249,0.05603092928061983
623,0.055564141666679716,0.05603109643126018
624,0.05556277233574269,0.05603080710682805
625,0.05556093056673863,0.05603053272434302
626,0.05555905585559499,0.0560305236937468
627,0.05555773912560882,0.05603042974452068
628,0.055557462645607326,0.056030230562255194
629,0.05555726207251082,0.05603031791336905
630,0.05555594153444264,0.05603024013932355
631,0.055555823116204384,0.05603019389833921
632,0.05555445348095343,0.056029339895575354
633,0.05555288945716047,0.05602898241435485
634,0.055552045473552074,0.05602874466638297
635,0.05555063427520087,0.05602869655923505
636,0.055549536326321744,0.0560272560151807
637,0.05554884499951878,0.056027451950117144
638,0.05554774542980023,0.05602770069215256
639,0.055546576606539756,0.056027600655575084
640,0.05554649608527358,0.05602759646939441
641,0.05554569899127482,0.05602717557903833
642,0.055545169324959925,0.056027203650738946
643,0.055544603758591514,0.05602704029979268
644,0.055543577367947815,0.05602685188495132
645,0.05554232008133763,0.056026232807850886
646,0.055541196564403414,0.05602605880428649
647,0.05553920077715942,0.05602628982013778
648,0.05553878128403711,0.05602626673886909
649,0.055537770109639006,0.056026092244443396
650,0.0555375156894674,0.05602625353950456
651,0.0555369375316004,0.056025891591775
652,0.0555356397098473,0.05602575888118368
653,0.055535450932045656,0.056025679930421686
654,0.0555342982337731,0.056025400486797744
655,0.055534094186266064,0.056025488346841006
656,0.05553303385723607,0.056025652780099376
657,0.05553291073838516,0.05602568124102543
658,0.055532003934773984,0.05602539484765735
659,0.0555315839917882,0.05602519949786874
660,0.05553071157572042,0.05602513011199233
661,0.05553046984710462,0.056024865317321954
662,0.055529721392325065,0.05602432550937005
663,0.055528868071637615,0.056024122120198964
664,0.0555277873229028,0.05602412364543423
665,0.05552679486179435,0.056024270130353784
666,0.05552572444615224,0.05602381415736768
667,0.05552510634792423,0.05602382874711442
668,0.055524455358415194,0.05602364004444242
669,0.05552345609619345,0.05602376979903531
670,0.0555220927415725,0.056022602555673304
671,0.05552157098354563,0.056022247080895086
672,0.05552018348647292,0.056022239820571994
673,0.05551881736476119,0.05602160677918519
674,0.055517909477102924,0.0560215419645138
675,0.05551651448873465,0.05602115010913596
676,0.055516272983332865,0.056021260231704804
677,0.05551444537928068,0.05601953947041052
678,0.05551327817200908,0.056019313179807816
679,0.05551161717033198,0.056019494832081886
680,0.05551002385281803,0.05601938614330908
681,0.055509564813706884,0.05601937847891643
682,0.05550878954618691,0.0560189838786159
683,0.055507795086172526,0.05601915704843923
684,0.055506014947206604,0.056018368163317005
685,0.05550583495837601,0.0560183327526058
686,0.05550533809020572,0.0560184132585481
687,0.05550421478565833,0.05601835044530334
688,0.0555031860829296,0.05601863140658976
689,0.05550129770828269,0.05601854203901977
690,0.055499414739629806,0.05601880114577553
691,0.05549918741581792,0.05601879467006564
692,0.055499016796259674,0.05601876273514095
693,0.055497888158580574,0.056018601092149754
694,0.05549656446568675,0.05601777653657687
695,0.055495578424865556,0.05601777966958803
696,0.05549554052792372,0.056017808938482495
697,0.05549448771498518,0.0560178484157459
698,0.055494137521828336,0.05601752819194711
699,0.05549266190188939,0.056017860682338536
700,0.05549242571852587,0.05601783667356413
701,0.055491211274982945,0.05601754797463458
702,0.05549041292518852,0.05601764594263373
703,0.05548924890509315,0.05601756251705149
704,0.05548893352681525,0.056017591103484414
705,0.05548749336948563,0.05601741039250094
706,0.055487080605162685,0.056017652422099856
707,0.0554867862450858,0.05601767795072595
708,0.055485669182905505,0.056017758989156084
709,0.05548544604901999,0.056017768491353696
710,0.05548413854244401,0.05601808925883586
711,0.05548405327868828,0.05601808661395385
712,0.05548286787412857,0.05601773551447975
713,0.055482633043220306,0.056017619323595946
714,0.055481829273072554,0.056017554525030516
715,0.05548073029238453,0.056017415481464286
716,0.055479247271620756,0.05601757151486051
717,0.05547803256912704,0.05601763860219511
718,0.05547800456148222,0.056017640340101704
719,0.05547657788886223,0.05601838477286666
720,0.055476127942724184,0.05601816078153481
721,0.05547515368760988,0.05601756711096294
722,0.05547410871356584,0.05601754355108055
723,0.05547270723752886,0.0560175878759774
724,0.05547133871668153,0.05601748389745788
725,0.055470214305071,0.056016263911763654
726,0.05546835081728159,0.0560154082154001
727,0.05546705932846336,0.056015156963566466
728,0.05546574238411143,0.056014827264187876
729,0.05546551740008798,0.056014618398654265
730,0.05546382707365219,0.056014899874609385
731,0.055463733745545585,0.05601501877143266
732,0.05546248557727717,0.05601490957331065
733,0.05546190537961894,0.056014973091149896
734,0.055461315338319675,0.05601487602482868
735,0.055460112671228745,0.05601475326939176
736,0.055459654426113926,0.056014547479824026
737,0.055458988178035636,0.056014419801998186
738,0.05545774256732793,0.056014540704812744
739,0.055456309015932806,0.05601393909275379
740,0.055454939173408414,0.05601433014798078
741,0.055453470960398536,0.05601466076069748
742,0.05545255641784687,0.05601442113356727
743,0.055451100452926,0.05601472125569368
744,0.05545095696396682,0.05601476530208782
745,0.055449590145879045,0.0560148218644825
746,0.05544898912389274,0.05601471754378936
747,0.05544728897572338,0.05601487609611175
748,0.05544627737799315,0.05601473579968456
749,0.05544518875548761,0.056014842615664265
750,0.05544475563819697,0.05601485530634546
751,0.05544438915507069,0.05601478255261463
752,0.05544354046773113,0.05601486578948624
753,0.05544259272074312,0.0560149426333248
754,0.05544143748104746,0.05601521043829116
755,0.05543993712802131,0.05601521370773992
756,0.05543858502744402,0.05601496434109292
757,0.05543774020370102,0.05601478299209337
758,0.05543684290818072,0.05601568839079596
759,0.055435123488328124,0.0560167619992561
760,0.05543396781218889,0.0560162646693589
761,0.05543305661024673,0.0560158397744982
762,0.05543169593598183,0.05601512362260287
763,0.05543064301099127,0.056014476180259794
764,0.055430041736084394,0.05601451192115977
765,0.0554287935222717,0.05601454488178806
766,0.055428622063639965,0.056014405646107775
767,0.05542823863323063,0.056014148194077434
768,0.05542731044966702,0.056014243710207946
769,0.05542690959679432,0.05601416585810712
770,0.05542664411312641,0.05601428258813615
771,0.055425758800339314,0.056014600931129685
772,0.05542456898545517,0.05601501646820957
773,0.055423741258779385,0.0560149714806403
774,0.05542219104325787,0.05601480034554941
775,0.055422034636330775,0.05601496112243212
776,0.05542129922662968,0.05601466523582642
777,0.055419718483621594,0.05601590807490895
778,0.05541951894428427,0.05601591402464217
779,0.055418129336916346,0.05601561487292084
780,0.05541693834198587,0.05601569118502625
781,0.05541635171218305,0.05601596756179838
782,0.055416161252967396,0.05601586597977497
783,0.05541588684099772,0.056015764459129945
784,0.05541488783303889,0.05601592579504133
785,0.05541466391322276,0.05601568071433277
786,0.05541347275570414,0.05601543237831132
787,0.055413422309037445,0.05601543951527391
788,0.05541224939421814,0.056015419735880326
789,0.05541190940759915,0.056015467433075464
