0,0.16166485030213315,0.16184818200427292
1,0.15731030184942116,0.1574940079487075
2,0.15324021705956897,0.1534251725058287
3,0.14945649315773715,0.14964692145163488
4,0.1459616009227556,0.14615600699135453
5,0.14271208819290826,0.1429086410519531
6,0.13757974237910603,0.13778152481946904
7,0.1326378850151137,0.13284331240773697
8,0.12801112251887348,0.1282228331851267
9,0.12370729987174739,0.12392463167735977
10,0.11965568195190758,0.11987547151097368
11,0.11587618130038595,0.116099628098431
12,0.1123492900236931,0.11257479951761296
13,0.10906878429612772,0.10929670455774589
14,0.10601543423743173,0.10624338102195907
15,0.10318789509790025,0.10341505300224192
16,0.10057570633499333,0.10080030301145265
17,0.09814379639699379,0.09836706630685159
18,0.0959024178672105,0.09612457852105384
19,0.09383145003279834,0.09405063278671688
20,0.09096328642534887,0.0911707139187714
21,0.08825989109964257,0.08845569152935723
22,0.08579874004712333,0.08598506017919832
23,0.08344646433293801,0.08361929690526645
24,0.08127830492922375,0.08144248131003036
25,0.07928053470990866,0.07943468726074056
26,0.07750384181610924,0.07764844909574321
27,0.07576280521722058,0.07589746087733491
28,0.07415244322445025,0.07427585808765139
29,0.07266794881788882,0.07278237429850808
30,0.0712927074688057,0.07139848127352255
31,0.07004137566896833,0.07013899994991177
32,0.06887320120348102,0.06896317598769128
33,0.06780675964901617,0.0678890102982166
34,0.06683034126552465,0.06690589714576312
35,0.06593472808123582,0.06600308592510255
36,0.0651102648926717,0.06517155194095862
37,0.0645358944969238,0.06459321208461144
38,0.06388328487786718,0.06393636042032974
39,0.06325494447135666,0.06330496136010703
40,0.06266090564553722,0.0627056818236396
41,0.06211958550532132,0.062160439929104264
42,0.06162635829433083,0.06166128552662244
43,0.06117297302120432,0.06120341034053113
44,0.06075811436716389,0.060783874675748084
45,0.060389152867487673,0.06041075361700778
46,0.06004692914962007,0.06006588261653508
47,0.0597360750268814,0.05975111596292307
48,0.05944795455712862,0.059459319804207815
49,0.059187921935329395,0.05919669266676726
50,0.05895227685755874,0.05895798711749308
51,0.058741640522449005,0.05874435239859583
52,0.058542953600375675,0.05854273285921326
53,0.05836668831149196,0.058363981605191934
54,0.058205096297055295,0.05820305625815456
55,0.058055592058656805,0.05805163394343204
56,0.05791913966362619,0.05791302102622963
57,0.05779923865937283,0.057791891811215954
58,0.05769411843915404,0.05768566381531349
59,0.057590273015889204,0.057580917060819366
60,0.05750127363205057,0.05749056291418291
61,0.057419014961920714,0.05740893424650759
62,0.0573383493045453,0.057326552008145584
63,0.05726522504077074,0.05725212406845156
64,0.05720144407847591,0.05718703736810724
65,0.057145241757052635,0.05713041278084866
66,0.05709707473464379,0.0570810472243435
67,0.057057605375655074,0.057040806253432025
68,0.05701123502468955,0.05699362154882152
69,0.05696894446292129,0.05695015937987773
70,0.056934071952523146,0.056913653245099824
71,0.05689665691110442,0.05687594802788523
72,0.05686206476977503,0.056841171879403685
73,0.05683014784525418,0.05680886493989328
74,0.05679960974284288,0.056777947153490486
75,0.05677405243716932,0.056752134732894026
76,0.05675017668604041,0.05672877553649405
77,0.05672840659360901,0.05670634138768609
78,0.056707935675601055,0.056685158700328434
79,0.056688722616151696,0.056667362941316565
80,0.05667232908266044,0.05665140079474639
81,0.056657274687092425,0.056636182413133535
82,0.05664164936480217,0.05662136821693464
83,0.056625914002315605,0.056605901480756816
84,0.05661163590859134,0.05659144796803749
85,0.056598591885219464,0.056578294968076245
86,0.05658799295534344,0.05656830640520126
87,0.05657787500841821,0.05655840616751252
88,0.05656563344626462,0.05654673965241753
89,0.05655589906203865,0.0565368974063994
90,0.05654822015237477,0.05652928429915274
91,0.05653995399750669,0.05652076505825158
92,0.05653134091878737,0.05651246956135541
93,0.05652288731636139,0.05650407868241909
94,0.056514363437942174,0.05649630439957039
95,0.056508508106039294,0.05649085553221114
96,0.056501415298193705,0.05648354957709905
97,0.05649569896820279,0.056478077672637045
98,0.05648847425032076,0.056471898319113194
99,0.056484679965872246,0.05646767674006236
100,0.056478896255357174,0.05646240904897936
101,0.056472537688671255,0.05645708188491618
102,0.05646834321805449,0.05645358057257299
103,0.056463932152552035,0.05644921682935828
104,0.0564605980504359,0.05644569232648131
105,0.05645474540782695,0.05644131190335746
106,0.056449232486660894,0.05643574592430055
107,0.05644420875114951,0.05643195771311224
108,0.05644071044875918,0.05642906339600488
109,0.05643583215707147,0.05642512289485054
110,0.056431084888279866,0.05642042274575146
111,0.05642820174488359,0.05641793883715726
112,0.05642160282054118,0.05641102480440912
113,0.05641827639203872,0.05640869083075026
114,0.056416137540243154,0.056406592245046565
115,0.05641320858013024,0.05640319224283305
116,0.05641111960745551,0.05640113996419347
117,0.05640943212456971,0.056399745222154726
118,0.05640414843315278,0.05639672990839325
119,0.05640318955744208,0.05639530406285041
120,0.05639982237034178,0.05639274921808831
121,0.05639751107446067,0.056391019792636915
122,0.056393132086172734,0.056387089702497575
123,0.056389832797269515,0.05638426612189618
124,0.05638522817975034,0.05638036173003881
125,0.05638287116790175,0.05637879165660291
126,0.0563819401528479,0.056378253563760666
127,0.05638166028776052,0.05637789767455074
128,0.05637646325858484,0.05637369525523066
129,0.05637243553971792,0.05637003012674217
130,0.056370808658321045,0.056369330055310626
131,0.056370274618683644,0.05636888966982274
132,0.056368034449034356,0.056367041501151786
133,0.05636802720244341,0.05636704160207518
134,0.056365293598558054,0.05636444672616126
135,0.05636420591091503,0.05636351780300831
136,0.05636392165811079,0.056363179767645745
137,0.05636058229889306,0.05636234907664748
138,0.05635788970765718,0.056360568069154245
139,0.05635786393024516,0.05636056808967511
140,0.05635561410136683,0.056358631491990815
141,0.056354467658877826,0.05635772613012865
142,0.05635325074194284,0.05635667270686675
143,0.05635242052724747,0.056356053788443355
144,0.05635176965199549,0.0563553455721837
145,0.05634807893622942,0.056353435359616844
146,0.05634766667768824,0.05635318686606802
147,0.05634445535541601,0.056350215855065305
148,0.05634397156967062,0.05634989586991819
149,0.056343848136752785,0.05634971995978527
150,0.056343796894120536,0.056349749469939266
151,0.05634116383671328,0.05634732049568335
152,0.056339308739750786,0.056346183511616445
153,0.056336383654479315,0.0563434169850016
154,0.05633316858443408,0.05634082332981427
155,0.056330801575085555,0.05633988030120971
156,0.05633044789649753,0.05633964147456305
157,0.056327921821968295,0.05633701044285525
158,0.056325126111837695,0.05633468853945003
159,0.05632408459599526,0.05633352651444578
160,0.05632363369687971,0.05633311510700995
161,0.056320382454870144,0.056329529236571196
162,0.05632024087839878,0.05632940492573862
163,0.056318509410686134,0.056327676564673634
164,0.056317389340949965,0.056326823725999606
165,0.056314957359885176,0.05632574060431733
166,0.05631322763227096,0.05632429024284833
167,0.056311059175380374,0.05632261683343684
168,0.056307100242093934,0.05631929119259565
169,0.05630687458259828,0.05631901545839923
170,0.05630676969308863,0.05631887416312047
171,0.05630623232835764,0.05631851902397265
172,0.056304566540381844,0.056317193182612864
173,0.05630375307922074,0.05631656270140431
174,0.056301721356068674,0.05631526355525686
175,0.056301694692200754,0.056315278445429155
176,0.05630006099147949,0.056314002404009286
177,0.05629712276928625,0.056311751744315894
178,0.056295086190059136,0.05631021529644771
179,0.05629424484426391,0.056309646453684886
180,0.05629074190826848,0.05630723857428766
181,0.05628811156556959,0.056306014679235475
182,0.056285622935669896,0.05630437297593392
183,0.056285019937438355,0.05630418870776892
184,0.056285015240535405,0.056304188795552934
185,0.05628459658928278,0.05630387752746554
186,0.056281898515356664,0.05630214841931591
187,0.05628110567550304,0.05630145885074668
188,0.056280483088833724,0.056301098484473025
189,0.05628009741210868,0.05630074569090343
190,0.05627963131772245,0.056300368679382186
191,0.05627878776235829,0.05629981329299773
192,0.05627878776208959,0.056299813330485164
193,0.05627637252048027,0.05629788845059619
194,0.056275701923528036,0.05629743032606042
195,0.05627514072078579,0.05629700481358051
196,0.056272687548850564,0.05629606141363112
197,0.05627260500767247,0.05629609681917151
198,0.056271609331572325,0.056295323441896285
199,0.05626869656057211,0.05629275344808953
200,0.05626662581318214,0.05629080198886052
201,0.056266545667508716,0.056290733782875094
202,0.056265433611933875,0.056290240266475486
203,0.056265401021555285,0.05629023710819178
204,0.05626389957316824,0.05628876281520632
205,0.05626389805182433,0.05628876282723321
206,0.056262285719073934,0.05628790920443291
207,0.05626173060988009,0.05628727312802913
208,0.05625979394750234,0.05628499026332412
209,0.056259447479761845,0.056284976237184065
210,0.05625773229745979,0.05628336075610599
211,0.056256873090581284,0.05628286995282854
212,0.05625440868167215,0.056280573328884524
213,0.05625292570714397,0.05627898632008122
214,0.05625291941897372,0.0562789864610733
215,0.056252793053906486,0.05627899809075306
216,0.05625150392686946,0.05627825000517903
217,0.05624915516422336,0.056276699628077395
218,0.05624685705936867,0.056275835438362405
219,0.05624683696659851,0.0562758354191516
220,0.05624537343856643,0.056275048372279764
221,0.05624446790572383,0.056274381610676175
222,0.05624248951795183,0.05627214551254335
223,0.05624066193369148,0.05627070407138788
224,0.05623743956754132,0.05626861884326649
225,0.05623685152823417,0.056268036060195134
226,0.056233730671136205,0.05626563427444767
227,0.056233366518681084,0.05626543804030638
228,0.056231509773862716,0.0562642562174366
229,0.05623141872963943,0.05626418226489147
230,0.056229090456979804,0.0562624173877894
231,0.05622854559871905,0.05626210306613615
232,0.05622749894542379,0.056262135594227054
233,0.056226093340542675,0.056261332345915155
234,0.05622244803813374,0.056257896579501386
235,0.05622213947875668,0.05625766264639344
236,0.056220094523981266,0.056255794588114055
237,0.05621962063767996,0.056255367502780956
238,0.056219077201617285,0.056255088321328424
239,0.05621638212491942,0.05625257514583437
240,0.056214753759833334,0.0562512408645889
241,0.056213760820736605,0.056250775835723396
242,0.05621375619835832,0.05625077596404255
243,0.05621211769327102,0.056250705702242165
244,0.05620982040636534,0.05624892596364417
245,0.05620926766618044,0.05624859745204942
246,0.05620741737691659,0.056247756316558366
247,0.056207102701487224,0.05624750654565173
248,0.05620684192256079,0.05624736733269652
249,0.056205240929584586,0.05624636540234746
250,0.05620177917800883,0.05624420910796973
251,0.056200656255435556,0.05624409108141384
252,0.056199543463532224,0.056243272636186226
253,0.05619677987743145,0.05624062128971457
254,0.056194840150916026,0.056238992465536354
255,0.0561917004708605,0.05623619354451274
256,0.056191119752538446,0.05623568543630834
257,0.05618926229594658,0.05623411050616317
258,0.0561886493124529,0.05623399673593946
259,0.0561885728415927,0.056233996866999376
260,0.05618657667659107,0.05623368088561498
261,0.05618312165428275,0.05623105414801765
262,0.05618095087265289,0.0562307759937661
263,0.05617900920659752,0.05622877595894737
264,0.056177625213615905,0.05622716942131048
265,0.05617627705270996,0.05622634402079261
266,0.056174143812618794,0.05622577699442566
267,0.05617237532643361,0.05622405927973424
268,0.05617072269788477,0.05622286000277254
269,0.056168409987146894,0.0562208592217016
270,0.05616555183128416,0.0562177931962332
271,0.05616387171175338,0.05621650429378241
272,0.056162276782563476,0.05621517398511166
273,0.05616083243409243,0.05621393412238675
274,0.05616010939531667,0.05621315321370908
275,0.05615825064240912,0.05621169785667934
276,0.056155594835156995,0.05620985678945377
277,0.05615530954162865,0.056209539580045965
278,0.056154792369710146,0.056209145742411364
279,0.056149856506436044,0.05620502642967628
280,0.056149852927808795,0.05620502656307063
281,0.05614811960015875,0.05620353901978645
282,0.056147494102022175,0.05620303722891797
283,0.05614732981577895,0.05620305010134571
284,0.05614648978137779,0.05620241010908301
285,0.05614641195990136,0.05620241453851907
286,0.05614560193784637,0.05620152889237487
287,0.056144782569906584,0.05620092025333441
288,0.05614348606474328,0.056199924152615176
289,0.05614334101114997,0.056199761075342115
290,0.05614229734527564,0.056199954848645026
291,0.056141015262530784,0.0561988243998677
292,0.056139947833429814,0.0561982003605086
293,0.056139856218418535,0.05619820100712196
294,0.05613843009760505,0.05619702604604064
295,0.056138164650664894,0.05619678205532204
296,0.05613559494067682,0.056194977154355785
297,0.05613487017643398,0.05619506835881231
298,0.05613360909849565,0.05619444279829576
299,0.056132115560650696,0.05619326992058043
300,0.05613004077532227,0.05619193134780237
301,0.05612738681762068,0.0561900315571735
302,0.056125473354664626,0.05618859541203261
303,0.056124218855256244,0.056187572073135926
304,0.05612417328509812,0.0561875720372791
305,0.05612358551687376,0.056187278140765747
306,0.056122607543324474,0.05618688356966684
307,0.056122433872105755,0.05618681655134317
308,0.05612083549424809,0.05618583117790066
309,0.05611770685177506,0.05618310278112297
310,0.05611539297233136,0.05618077772757071
311,0.05611383684048272,0.056179237186599076
312,0.056112135265120114,0.056177873540880344
313,0.05611043258793422,0.056176473865240675
314,0.0561064300894746,0.05617326812567071
315,0.05610414445366199,0.05617098086836402
316,0.05610410661079335,0.05617098127639228
317,0.05610405283602686,0.05617098168230011
318,0.05610265561274907,0.05617054727920988
319,0.05610260523125121,0.056170547287410014
320,0.05610166712648935,0.056169743662191206
321,0.05610036147523393,0.0561691002371963
322,0.05609886883325798,0.05616873712202505
323,0.05609766444976071,0.056168468400758106
324,0.05609741325127744,0.056168274045236326
325,0.05609522899971125,0.05616752057851483
326,0.05609427791042018,0.05616650471408909
327,0.056093252288853424,0.05616678852479779
328,0.056092009231281846,0.05616604853694745
329,0.05609183514615742,0.056166052407139254
330,0.05609026448596314,0.05616577011695199
331,0.056089043968493006,0.056164559955893416
332,0.05608748830307008,0.05616346862103602
333,0.056085969301379955,0.056162444253487924
334,0.056083917203603825,0.05616056570516971
335,0.056082635532209185,0.05615958223117808
336,0.056082584230678016,0.056159582487493774
337,0.05608134027205068,0.056158702295865004
338,0.0560797073676671,0.05615779966712099
339,0.05607752193788991,0.05615569155780449
340,0.056076194748564755,0.056155170449332714
341,0.05607524099697532,0.056154590531420155
342,0.05607342168488765,0.05615395116634942
343,0.05607043907153451,0.056151621956516344
344,0.05607004605890376,0.05615133647998356
345,0.05606762802652869,0.05614980171541625
346,0.05606752313532472,0.056149775002312205
347,0.05606612954726881,0.05614919533250446
348,0.05606522535298284,0.0561489638186525
349,0.056063265289132296,0.05614712921762902
350,0.05606325968088336,0.05614712920332327
351,0.05606193694205062,0.05614574981528206
352,0.056061812416331715,0.05614572615380908
353,0.0560615352639638,0.05614567689440678
354,0.05606149282587314,0.05614567870924116
355,0.05606012765854961,0.05614517154093556
356,0.056058929088058325,0.05614424523470422
357,0.05605705273311247,0.05614387406633562
358,0.0560561456582327,0.05614347810943807
359,0.05605485194044895,0.05614293963920128
360,0.0560548281318977,0.05614294170993027
361,0.05605450016845223,0.05614277028905886
362,0.056053846462293014,0.056142506888514465
363,0.056052987939066996,0.05614236164077584
364,0.056052962874227216,0.05614237669454037
365,0.05605235300705306,0.056142213375471636
366,0.05605138412112653,0.05614151849337807
367,0.05604951645371006,0.05614015875260246
368,0.056048843883784304,0.05613966210803145
369,0.05604818532638951,0.0561391857798081
370,0.05604715065549294,0.0561390928977414
371,0.05604567789534263,0.05613765001026053
372,0.05604413379159878,0.05613647442949707
373,0.056043435723498757,0.05613617379836947
374,0.05604102088370018,0.056133838779147016
375,0.056039561453092634,0.05613294838038381
376,0.05603950722679467,0.056132948255830775
377,0.056038929496213676,0.05613253938546775
378,0.05603776084123934,0.05613245894848705
379,0.056036810594861104,0.056131847918848954
380,0.05603349893761119,0.056129300176115636
381,0.056031655977132576,0.05612808904429031
382,0.056030060603263404,0.05612693336489941
383,0.056028887790006345,0.056125841119367734
384,0.056028036385174014,0.05612493147672238
385,0.0560266862932245,0.0561246175575445
386,0.05602508199837087,0.05612387874318329
387,0.056024110857575686,0.05612260758928592
388,0.05602387350845371,0.05612251808630041
389,0.05602382909547041,0.05612253342724504
390,0.05602280063567372,0.05612152499634269
391,0.05602209856653366,0.05612116814610326
392,0.05602155793667422,0.05612072532122392
393,0.05602009919873383,0.05611975893729835
394,0.0560189049435639,0.05611837851482505
395,0.0560180318870834,0.05611745680777915
396,0.056016107468843404,0.05611572098450778
397,0.056012925892177115,0.05611299978136628
398,0.05601223952533408,0.05611272774365833
399,0.05601221997959855,0.056112727755849176
400,0.056011301329816354,0.0561119116075818
401,0.05600947229027113,0.05611145565253561
402,0.05600861048802613,0.05611119970842095
403,0.05600858630273457,0.056111184809599
404,0.05600693286995608,0.05611075122990265
405,0.05600661259925295,0.056110695033592534
406,0.05600640471808271,0.056110568769393764
407,0.05600590339733995,0.05611017525749976
408,0.056005479202744624,0.05610999894781266
409,0.056004359390553336,0.05610880071190347
410,0.05600320695193393,0.056108379026248795
411,0.05600316457986456,0.05610837901902628
412,0.05600126347646868,0.05610724927072053
413,0.05600008210644932,0.05610663140769841
414,0.05599912839199266,0.05610623268742599
415,0.05599803038168767,0.05610531136337129
416,0.05599691053944073,0.056104647125195195
417,0.05599532507552017,0.05610397995918349
418,0.0559938517047567,0.05610278541612045
419,0.055992875000894546,0.05610188258283725
420,0.055992854001629185,0.05610188247173864
421,0.05599137296707927,0.05610190117181912
422,0.05598986530155538,0.056101010016767934
423,0.055988794665403886,0.05609997883362111
424,0.05598747614058374,0.05609926844864974
425,0.05598654121776661,0.05609863457442661
426,0.05598565237327728,0.056098147028556096
427,0.05598468086015885,0.056097324032678544
428,0.055984124709377685,0.05609696048774933
429,0.05598308309590253,0.05609672086438239
430,0.05598236520686547,0.05609644821829828
431,0.05598176784699324,0.05609609607391028
432,0.05598059305443873,0.05609560102376261
433,0.05598029055394641,0.05609557014620286
434,0.05597977120728177,0.0560955027518956
435,0.05597783714158314,0.05609390826768309
436,0.055976586724200694,0.056093479871256575
437,0.0559765737939244,0.05609348191864677
438,0.05597573798147925,0.05609335282798121
439,0.05597560965061185,0.05609343566012803
440,0.05597369346724657,0.056093303308937276
441,0.05597249822848725,0.05609265220077376
442,0.055972455836106605,0.05609265186442299
443,0.05597105067813565,0.056092553801940746
444,0.05596883371798978,0.05609128590042037
445,0.055968769114503394,0.056091286208974335
446,0.055968366348202896,0.056090976903607634
447,0.05596656625391245,0.05609103589677599
448,0.05596468440994466,0.056089945427615445
449,0.055963571189899815,0.05608912810926462
450,0.055962733467424045,0.05608879086156499
451,0.05596206661334514,0.056088640721165366
452,0.05596127098255819,0.05608780817304916
453,0.055960291066581375,0.05608749270661282
454,0.055958819955528746,0.056086517686573474
455,0.055958775111081174,0.056086517098584594
456,0.0559587466424386,0.05608651708642788
457,0.055958023338161036,0.056085797974659235
458,0.05595639755638867,0.05608487357658933
459,0.05595521563574535,0.05608443794479203
460,0.055954562864220445,0.056084289308992515
461,0.055954476077873176,0.05608433309077818
462,0.05595317703161161,0.056084037454989515
463,0.055952628894959125,0.056083696304754634
464,0.05595119220607837,0.05608370133127654
465,0.05595033539754846,0.05608361078797226
466,0.05595016246171774,0.05608351937130338
467,0.05595005411224666,0.05608353703556146
468,0.05594988185110174,0.05608336767390239
469,0.05594964454603359,0.05608326946489077
470,0.05594848030195905,0.056082305058938194
471,0.05594757037973942,0.05608247563489763
472,0.05594666740346863,0.05608245354023684
473,0.05594564905247465,0.05608214798986721
474,0.055944191574763755,0.056082351433056364
475,0.05594330336963773,0.0560817334248052
476,0.055943115240861485,0.056081739518467164
477,0.0559426179741594,0.0560816054139871
478,0.05594044207291643,0.056079491817619787
479,0.05593843336762832,0.05607810696505424
480,0.055937844625627064,0.056077811692006346
481,0.055936600934937714,0.056077515534276486
482,0.05593600878557095,0.05607722945573491
483,0.0559345710468241,0.05607628403446551
484,0.055933916240984156,0.056075775618605744
485,0.05593303083282945,0.056074905736199665
486,0.0559329874176224,0.0560749058855261
487,0.055931013677088706,0.05607353337129809
488,0.0559298024820935,0.056073072824466205
489,0.05592939493526524,0.05607288313672336
490,0.055927385322635574,0.05607204027460393
491,0.055927247830555006,0.05607205520385126
492,0.05592657533765139,0.056071726702727226
493,0.05592643016935719,0.05607171625418588
494,0.055925643744220606,0.05607176934503296
495,0.05592517984998929,0.05607160120207967
496,0.05592422233418311,0.05607114949889715
497,0.055924201873070054,0.056071138754902196
498,0.05592313208113,0.0560705996811285
499,0.05592311157086236,0.05607058741532108
500,0.05592183904757073,0.056070390194431614
501,0.05592120651000729,0.05607012452775521
502,0.05592118860714842,0.05607012452821242
503,0.05591994510513311,0.05606977031837676
504,0.055919051624030575,0.056069120030164225
505,0.05591873418763763,0.05606923846211988
506,0.05591816337845549,0.056068505713357704
507,0.055917725751894784,0.05606821981944265
508,0.05591759872515417,0.05606814628717011
509,0.0559166886798564,0.05606741458033333
510,0.05591592167582298,0.056067444365301936
511,0.0559147543075869,0.05606713574135713
512,0.055913124193240966,0.05606594531494485
513,0.05591233036504658,0.05606571006354406
514,0.05591215577582121,0.05606561639353158
515,0.055911506289108986,0.05606521122605349
516,0.055910117753297295,0.05606446997672942
517,0.055909513554578204,0.056064303107419944
518,0.05590857207835018,0.05606425993041832
519,0.055906014278974986,0.05606218910769666
520,0.055904702755090095,0.05606088818500866
521,0.055904625195431594,0.05606088859534041
522,0.055904528829146836,0.05606079281148747
523,0.055904038928183034,0.05606035541845784
524,0.05590322363687353,0.05605973873575206
525,0.05590284814834994,0.05605970849653343
526,0.05590225744829964,0.05605960561574709
527,0.05590155397531108,0.05605979103119551
528,0.05590084048723973,0.056059314276154494
529,0.05589982655033374,0.056059107641561266
530,0.0558995518439836,0.05605913109102592
531,0.05589813087968247,0.056058911353989035
532,0.0558975962358277,0.056058908816108415
533,0.0558967623401909,0.056058423048760235
534,0.05589611777495413,0.056058496794824525
535,0.05589610902611937,0.05605849676932062
536,0.055895915634371164,0.056058270317072244
537,0.05589489597672204,0.0560576192332694
538,0.055894562440164566,0.056057588545387914
539,0.0558942022101567,0.056057355602111926
540,0.055893521352983415,0.05605692817904934
541,0.05589232318066794,0.056056259386242764
542,0.05589215287296975,0.05605623234258035
543,0.05589077140911503,0.05605525691056954
544,0.0558894851971777,0.05605499343898855
545,0.05588854857866615,0.05605490704061007
546,0.05588686136970133,0.05605357845331678
547,0.055886780683508566,0.05605353601773725
548,0.05588676997326006,0.05605353595522115
549,0.05588554423957246,0.05605289803182861
550,0.055884435519727355,0.056051998078203775
551,0.05588430450390362,0.05605196976284366
552,0.05588347891398209,0.056051830777438014
553,0.055883117291433984,0.05605161698468917
554,0.055881335141039414,0.05605057854456466
555,0.055881256357620125,0.05605058120329189
556,0.05588028015575219,0.05605045712473382
557,0.05587917689201455,0.05605052543264122
558,0.05587817421350869,0.05605000046762336
559,0.0558773472983462,0.05604908778354835
560,0.05587625095262773,0.056048176087346864
561,0.055876124801154906,0.056048186083059684
562,0.055876089953052197,0.056048203950779335
563,0.0558745188851194,0.0560470048905416
564,0.055874370090584144,0.05604683783567895
565,0.055873650956735244,0.05604674084852638
566,0.05587248632828263,0.05604566659890695
567,0.055871865721543026,0.05604516248620204
568,0.05587084027997511,0.05604427281911982
569,0.0558706050875366,0.0560439310670185
570,0.055869802951457694,0.05604356271555286
571,0.05586924959936307,0.05604354353198856
572,0.05586923950832328,0.05604354352335271
573,0.05586892463157442,0.056043571699108376
574,0.05586861795097607,0.05604352295055854
575,0.055867333329781,0.05604358715204259
576,0.05586656096429819,0.05604318434508009
577,0.05586558832865676,0.056042868434223965
578,0.0558650585606643,0.056042826425940134
579,0.055864631668655865,0.05604257126937288
580,0.055864109689920644,0.05604253120731852
581,0.055863572976367494,0.05604211984321401
582,0.055862346802595476,0.05604183114120395
583,0.05586114846908778,0.05604137447155829
584,0.05586089746169426,0.05604131204292391
585,0.055860208997833706,0.0560410827650306
586,0.05586018442504436,0.05604109406021023
587,0.05585972351321898,0.056040998172168725
588,0.05585916726746525,0.05604073863769796
589,0.055858601676166714,0.05604032360791325
590,0.05585818236167258,0.05604014632216882
591,0.05585794541743014,0.05604010614375973
592,0.05585724258415625,0.056039758418914544
593,0.055857154727749415,0.0560396905642663
594,0.055856317725352676,0.05603914272082231
595,0.05585514451608684,0.056039390209936264
596,0.055854027189384044,0.056038830085831826
597,0.05585316635573698,0.05603885573614325
598,0.055852925791331526,0.056038793860170605
599,0.055852247383380564,0.05603881428458589
600,0.05585157427811071,0.05603828042204047
601,0.05585019769015352,0.05603838586991121
602,0.05584944868709328,0.056038362608569856
603,0.055849038530050646,0.056038312610646325
604,0.05584793881730245,0.056038022553474204
605,0.0558479322950371,0.056038022501283605
606,0.05584766012194893,0.05603792333936993
607,0.05584742231007607,0.056037956621796295
608,0.05584590933163844,0.056037259906103656
609,0.055845239783775244,0.05603727095913788
610,0.055844123406004184,0.05603675188951766
611,0.05584353920341896,0.05603627171474273
612,0.05584349013056417,0.0560362327983372
613,0.05584297480076485,0.05603606816225244
614,0.055842968469127105,0.056036068114912914
615,0.05584173491713554,0.05603601424586182
616,0.05584046074793766,0.05603581854764063
617,0.05584045441204546,0.05603581848462276
618,0.05584024451091517,0.05603574505495299
619,0.05583878526777926,0.056034853666087944
620,0.05583859734190484,0.05603489693460595
621,0.05583807569260464,0.05603500767943788
622,0.05583806371328995,0.05603500034890333
623,0.05583804591222579,0.05603500027738218
624,0.055837608692562345,0.05603454059173574
625,0.05583654661740546,0.05603418675065249
626,0.05583621922370053,0.05603400994082809
627,0.05583505273869223,0.05603351218358076
628,0.05583391459097163,0.056033636367528394
629,0.0558339082122813,0.05603363635286497
630,0.05583266172301675,0.0560333256873467
631,0.055832481433150935,0.056033312162118286
632,0.0558320005789197,0.05603296843131792
633,0.055831798500613844,0.05603305866415211
634,0.05583026638630908,0.056032375991524386
635,0.05582958411526249,0.05603249304821449
636,0.055828118051631674,0.056031589616212976
637,0.05582753403446562,0.056031632633304226
638,0.05582730429021533,0.05603155764960391
639,0.05582661244004201,0.05603161700756463
640,0.055825832340803946,0.05603150261965874
641,0.055825543334433084,0.0560314439657829
642,0.055824792341803896,0.05603142200448566
643,0.05582452217258462,0.05603139122324174
644,0.05582445736203436,0.0560313162555685
645,0.05582339650823082,0.05603115585787635
646,0.05582318729375104,0.0560311087794797
647,0.05582241310704291,0.05603097970568006
648,0.05582168121763189,0.056030592454228506
649,0.05582121012518955,0.05603028361020831
650,0.05582105605663353,0.056030256687845593
651,0.055820097975803326,0.056030102040703564
652,0.05581915793390425,0.05602963858794907
653,0.05581821521406949,0.05602959340893748
654,0.05581757072307764,0.05602928090638363
655,0.05581623695304045,0.05602944085729512
656,0.05581598037571042,0.056029480328940263
657,0.05581584907209235,0.056029489873214336
658,0.055815844924097656,0.05602948987379297
659,0.055814735507462764,0.05602926689304096
660,0.05581414789440514,0.05602905798892418
661,0.055812926537659326,0.056028949250720515
662,0.05581223570934877,0.05602886726214688
663,0.05581184148651408,0.05602879080937035
664,0.05581090314120917,0.05602869745131424
665,0.05581089651233881,0.05602869751551813
666,0.05581020400510973,0.05602858136869768
667,0.05580966501314433,0.056028671776898076
668,0.05580918562986827,0.05602876663804598
669,0.05580903000693014,0.056028609609661904
670,0.0558074875436574,0.05602912427828893
671,0.0558058120085073,0.056028921764793675
672,0.055804663075878745,0.056028993156184516
673,0.05580409866276165,0.05602871834152981
674,0.05580267113951276,0.056027977556788844
675,0.055802430985512616,0.05602789200282747
676,0.0558017224133801,0.05602798531197222
677,0.055801067254312116,0.0560277714882485
678,0.055800644661039824,0.056027437818816084
679,0.05579961137661323,0.05602734967579774
680,0.055798417382278025,0.05602703505030617
681,0.05579761371508642,0.05602673818192348
682,0.055796930185813665,0.056026217094173845
683,0.05579625492964587,0.05602629766981979
684,0.0557955138787998,0.0560260110590923
685,0.05579456173340073,0.05602600467802469
686,0.055794358262137765,0.05602590518220532
687,0.05579341514551887,0.05602551203900391
688,0.05579228165952849,0.05602503736994327
689,0.055790972391313864,0.05602405712096176
690,0.0557896323649366,0.05602337132121262
691,0.05578886031215194,0.056023222798640304
692,0.05578884204758046,0.056023235978228614
693,0.05578796891117744,0.05602316472010742
694,0.05578669682226391,0.056022941228090824
695,0.05578666664600672,0.056022933012731584
696,0.05578662716496834,0.05602293551602523
697,0.05578564644628131,0.056022716487716284
698,0.055785005701926044,0.05602263306330824
699,0.05578395594572019,0.056022028347506726
700,0.05578340241730319,0.05602173251350629
701,0.055782621800035015,0.05602119975493491
702,0.05578250145060166,0.05602121072281494
703,0.05578177872011727,0.056020968621362674
704,0.05578079203228078,0.05602111557960749
705,0.055780762140767506,0.05602111677466027
706,0.05577965797070021,0.05602130699033512
707,0.05577938495720593,0.05602129169803188
708,0.055778741690298145,0.05602094801216834
709,0.05577789096866339,0.05602065725746578
710,0.055776831518934616,0.05602040616852893
711,0.05577653693841476,0.05602019838092847
712,0.055776041410098225,0.05602004170759681
713,0.05577577008666926,0.05601976918716486
714,0.05577547107421103,0.056019612669233686
715,0.055774874135617825,0.056019468867292824
716,0.05577400740559494,0.056019532513727675
717,0.05577400575825745,0.05601953251587561
718,0.0557737249784089,0.056019489189438984
719,0.055773636561910006,0.05601940001624002
720,0.05577363252403766,0.05601939998759921
721,0.05577281572248573,0.0560189042723337
722,0.055772211703283094,0.056018307030398555
723,0.05577182187300114,0.05601811635837836
724,0.05577119513890463,0.05601813036610966
725,0.05577069227425069,0.05601843288954088
726,0.05577040613837105,0.0560184341490696
727,0.055770378130094944,0.05601841377175691
728,0.0557699378518018,0.056018505133097474
729,0.055769677785047586,0.05601849666353927
730,0.05576892137131816,0.05601826887638501
731,0.05576800584455242,0.05601799806276092
732,0.05576662860500236,0.05601708583957258
733,0.05576611682419029,0.05601699505205071
734,0.055766029663816566,0.05601696954234666
735,0.055765436766444944,0.05601658591776173
736,0.05576451700225389,0.05601665906507868
737,0.05576321790959005,0.056016390484145244
738,0.05576205747769101,0.05601625114416708
739,0.05576203514099229,0.056016278630643034
740,0.05576168668306604,0.056016319082809116
741,0.055760251921280514,0.05601589123863419
742,0.055759668461816174,0.05601560737081232
743,0.055759552988481294,0.05601562370731125
744,0.05575940103669454,0.05601567410670776
745,0.05575833842886843,0.0560151420894262
746,0.055757937694585764,0.0560148380658173
747,0.0557576401672582,0.056014912267585724
748,0.05575758905509177,0.05601489719618854
749,0.055756131160488276,0.05601394682098137
750,0.05575469244085789,0.0560126842164531
751,0.05575428053150475,0.05601254935529261
752,0.05575385389171257,0.056012568055721246
753,0.055753224967018664,0.05601239247752848
754,0.05575303921996695,0.0560123696220191
755,0.05575195452332242,0.056012745823212064
756,0.055751554678360404,0.05601257059321532
757,0.055751379244659956,0.05601256383754141
758,0.05575081211172904,0.056012409773513065
759,0.05574974426799968,0.05601240576703622
760,0.0557497394393403,0.05601240572221487
761,0.05574867074957183,0.056011630326347615
762,0.0557479320221019,0.056011151066026846
763,0.0557473756021535,0.056010867919488956
764,0.055746400874354216,0.056010434912458246
765,0.055746379607993606,0.05601043488115236
766,0.05574507357559182,0.05600967288997354
767,0.05574493471854121,0.0560096480785617
768,0.05574466792501395,0.05600966955575455
769,0.05574447887978238,0.05600974634283635
770,0.055743593461781954,0.05600897692840927
771,0.05574245342012356,0.05600886696095797
772,0.05574142214403443,0.056007932325710386
773,0.05574007869863286,0.056006815232463966
774,0.05573967143758243,0.05600662542085428
775,0.055739038072361996,0.056006447463052514
776,0.055738215887647116,0.056006303060439896
777,0.05573791318888962,0.05600621325530076
778,0.05573739562238551,0.056005910853761144
779,0.055736885844845305,0.05600548187608204
780,0.05573649246566377,0.056005292949407724
781,0.05573647813426498,0.05600529311877702
782,0.0557356865096766,0.05600504228790886
783,0.0557353392668819,0.05600488561733658
784,0.05573479250722449,0.05600485031169802
785,0.05573381788844936,0.05600469379661952
786,0.055733341579308315,0.05600479215740908
787,0.05573322599183288,0.056004798143713716
788,0.05573218212475937,0.056004504827031586
789,0.055731975313847805,0.05600450080792887
790,0.055731411774475645,0.05600423642941806
791,0.05573136922487016,0.05600423681644332
792,0.055731271574614,0.05600424313513666
793,0.05573103824850331,0.05600417134558751
794,0.055730907550280956,0.05600412466253912
795,0.05573065559283733,0.056004157277676984
796,0.05573020282741915,0.056004142110403
797,0.05572993949877381,0.05600442043598667
798,0.05572981432425374,0.056004424275598444
799,0.05572922106286145,0.05600417473673375
800,0.055729025992571526,0.05600417859675727
801,0.05572844551656045,0.05600419092203138
802,0.05572733519555072,0.05600389757782898
803,0.055726754116889314,0.05600374657988121
804,0.05572561683215316,0.056003182886259766
805,0.05572432587325832,0.056003385355663154
806,0.05572283163391064,0.05600331149010512
807,0.05572253008859508,0.056003251080832844
808,0.055722141724432336,0.056003096543897686
809,0.05572161782454001,0.056002649135302715
810,0.05572153456281477,0.056002496010236685
811,0.05572045254279421,0.05600178668323678
812,0.05571892774200514,0.05600043178795819
813,0.055718352569703415,0.05600034843410389
814,0.05571789589435976,0.056000188196538785
815,0.055716837254202844,0.05600034035403406
816,0.0557160677607225,0.05600017547015374
817,0.055715172222131126,0.05600038323407015
818,0.055714408613062386,0.0559996826352827
819,0.05571436903340762,0.0559996827295554
820,0.055713551304337174,0.055999645164213824
821,0.055713182676951224,0.05599964412858803
822,0.0557122847400561,0.05599965531001721
823,0.05571222506004661,0.05599968076761272
824,0.05571192292329229,0.05599967391064888
825,0.05571051749800744,0.05599992921947927
826,0.05571036057961472,0.055999961488955245
827,0.05571010733788307,0.05599986351613903
828,0.05571009710274818,0.05599986340780551
829,0.055709960324377604,0.05599984407532277
830,0.05570897894252204,0.055999807456616736
831,0.05570890558204296,0.05599980747250563
832,0.05570797405776457,0.05599939453287989
833,0.05570779952200575,0.05599940030518597
834,0.055706757741707455,0.05599889246790572
835,0.05570629839441947,0.05599880193959431
836,0.05570544866695398,0.05599878087035663
837,0.05570481546392409,0.055998613388900366
838,0.05570407473544667,0.05599825462630605
839,0.05570398662428677,0.05599825608341309
840,0.05570377910900679,0.05599823106691876
841,0.05570311047599804,0.05599814338927527
842,0.055702547300229985,0.055997755993683784
843,0.0557023600105704,0.05599766378105129
844,0.05570163658391043,0.055997526235275936
845,0.055701505002066574,0.05599748909970808
846,0.05570125085822335,0.0559975101936682
847,0.05570121540759945,0.05599751002126476
848,0.05570075982665137,0.05599756283917096
849,0.05570020187817371,0.055997628868517314
850,0.05569965646849162,0.05599717402769465
851,0.055699035484137266,0.05599696139945157
852,0.05569859091453562,0.05599697365531261
853,0.055698156701356215,0.05599684931830669
854,0.055698075617305276,0.05599685936464527
855,0.0556974508359305,0.0559966903467554
856,0.05569725772228187,0.05599669253147639
857,0.05569687152422349,0.055996602324716135
858,0.055696599478089595,0.05599660530052107
859,0.05569654100729141,0.05599660681455835
860,0.0556958082423454,0.055996657490295386
861,0.05569559428786506,0.05599665583282837
862,0.055695464414573466,0.05599665586940036
863,0.05569459261036187,0.055996624933418365
864,0.055694029645425185,0.05599667888078507
865,0.05569285032239784,0.05599649758230407
866,0.05569248523299069,0.055996396272083956
867,0.05569237980567737,0.05599643566079026
868,0.05569169121750692,0.0559965001377023
869,0.055691530472449395,0.05599650457700401
870,0.05569081708043349,0.055996379112402773
871,0.05568967389075259,0.0559967129008375
872,0.05568959810230224,0.05599671607007596
873,0.05568896834511123,0.05599654960787151
874,0.055688324997827617,0.0559964295723413
875,0.055687875008443924,0.05599637375149216
876,0.0556874626876792,0.05599643882744461
877,0.05568738352583671,0.05599647791128375
878,0.05568709861806145,0.05599610433992239
879,0.05568663552338166,0.055996027663843886
880,0.055686228455635194,0.055995964115671336
881,0.05568549614285445,0.05599597294990687
882,0.05568457790965374,0.055995564388947025
883,0.05568447652669204,0.055995564535385095
884,0.05568380762426427,0.055995288193142645
885,0.055683043991792365,0.055995129152603115
886,0.05568275217058977,0.055995223464385666
887,0.055682570107999506,0.05599522334061624
888,0.05568191145182621,0.05599466046769035
889,0.0556817088032266,0.05599457917717423
890,0.055681659718402936,0.05599457425943333
891,0.05568065347580128,0.05599398859973863
892,0.05567960121058619,0.05599418475644901
893,0.055679352507346326,0.05599427447358026
894,0.05567919450832871,0.05599426790463262
895,0.05567834006311681,0.05599400603889322
896,0.055678207288922164,0.05599390827892474
897,0.05567753041896379,0.05599397135494853
898,0.055676114818618165,0.05599335208238261
899,0.055675698557698765,0.055992923890255154
900,0.05567517771890534,0.055992841085361796
901,0.055674632870973934,0.055992534222973456
902,0.05567441449740404,0.055992424509309836
903,0.05567352007987496,0.05599182618333821
904,0.05567294847895499,0.05599153230517181
905,0.0556726727648157,0.055991559656431
906,0.055672278248728904,0.055991540811682464
907,0.05567214941999553,0.05599153494006344
908,0.05567151954170505,0.05599155742833399
909,0.055670813290363746,0.05599129753003152
910,0.055670531560384824,0.05599123858005813
911,0.055669950410167826,0.0559912943264872
912,0.055669303211415014,0.055991330319864356
913,0.05566919674376934,0.05599130525014522
914,0.055669152795606774,0.055991297665109546
915,0.05566909280723633,0.05599134769221623
916,0.05566852566872453,0.05599145195178186
917,0.05566827783137157,0.055991292426616865
918,0.05566825090205375,0.05599129334415094
919,0.05566793395342251,0.0559913457538555
920,0.05566788911387656,0.05599134531212306
921,0.0556675957695264,0.0559913083521419
922,0.055667305516887866,0.05599119199462839
923,0.0556659858716637,0.05599118410800132
924,0.05566589407063572,0.055991202270340545
925,0.05566549459181892,0.05599119760380653
926,0.05566443595110995,0.055990485182240264
927,0.05566407546719057,0.05599037885963172
928,0.05566332105307039,0.055990005612666476
929,0.05566256119002099,0.05598990334578666
930,0.05566247197011932,0.05598989225699022
931,0.05566192044832369,0.05599015107227439
932,0.05566166598074428,0.05599020763491641
933,0.05566151713922441,0.055990086423090085
934,0.05566135780526178,0.055990060559049454
935,0.05566093793074338,0.05598999738045562
936,0.05566075859975679,0.05598997794487509
937,0.0556599912414173,0.05598974809558566
938,0.0556593395324756,0.05598927480888509
939,0.0556593178883574,0.055989274031199215
940,0.05565856326970868,0.0559891137944994
941,0.055658385153346986,0.05598906950622266
942,0.05565800961800036,0.055989080081274685
943,0.055655995065448355,0.05598783027790554
944,0.05565569577287086,0.055987801465470985
945,0.055655637059899996,0.05598779899823053
946,0.05565413950854482,0.05598730361981043
947,0.05565349096692908,0.05598713973120512
948,0.055653074491684544,0.055987077409544624
949,0.05565268303656019,0.05598706471245688
950,0.055651818258016926,0.05598702672280415
951,0.055650855297257246,0.055986649936873474
952,0.055650041336936865,0.05598685284949634
953,0.055649863674823316,0.05598688515829214
954,0.055648983847746726,0.05598658493550797
955,0.05564748691634563,0.055986035455863614
956,0.05564665982292385,0.055985965076878995
957,0.055646638086317535,0.05598596914641274
958,0.055646057037708696,0.05598556759507738
959,0.05564519011961782,0.05598552509368945
960,0.05564517143572169,0.05598551813218258
961,0.05564480549340744,0.05598556123454983
962,0.055644590377067836,0.05598556380762002
963,0.055644216690433596,0.05598547225184655
964,0.05564412527507957,0.05598542703134922
965,0.05564407957020577,0.05598542677238143
966,0.055643293647603995,0.05598512607738795
967,0.055642490450574116,0.05598516076471527
968,0.05564202904155826,0.05598522221218147
969,0.05564202478748097,0.0559852223159654
970,0.05564175809289099,0.055984993126792074
971,0.055640938419594554,0.05598442242923754
972,0.05564081110476728,0.05598436599424956
973,0.05564043594196645,0.05598403102796945
974,0.055639543780558874,0.05598373373028377
975,0.05563953149620587,0.05598373986916307
976,0.05563941656479754,0.05598372722805291
977,0.05563899479989935,0.05598364791694241
978,0.05563858959114341,0.05598358864795754
979,0.05563807747429781,0.05598349934909848
980,0.055637917143441455,0.05598356239488074
981,0.055637830806333534,0.05598357805631167
982,0.055637358552668034,0.0559835756534273
983,0.05563699994798433,0.05598348848157742
984,0.05563697106401779,0.05598348432625215
985,0.05563630416843835,0.05598354603967982
986,0.055635476767010694,0.05598380175423159
987,0.05563514095519126,0.05598379517205446
988,0.055634881850711713,0.055983814436606126
989,0.05563453577576138,0.05598384252293419
990,0.055634258695604094,0.0559839468272403
991,0.055634093328159516,0.055983881826773635
992,0.05563354108261759,0.05598382455565592
993,0.05563320867381643,0.055983612540875194
994,0.055632283856037884,0.05598333865599748
995,0.055631568421120374,0.05598321639383477
996,0.055631376755639686,0.05598330553004146
997,0.055631052112157325,0.055983190073219204
998,0.055630188644586846,0.05598319989064907
999,0.055629384603429616,0.055983104521650756
1000,0.055628201647536527,0.05598212428152824
1001,0.05562816820085884,0.05598213212569191
1002,0.05562793306515495,0.05598194087919472
1003,0.055627295923229104,0.055981925437568136
1004,0.055627213609974246,0.0559819738377855
1005,0.05562679267087931,0.05598190606827225
1006,0.055625919467618024,0.05598215168356785
1007,0.055625527464111396,0.05598209436716606
1008,0.05562540706935061,0.0559821289202265
1009,0.05562506251514331,0.05598204301868866
1010,0.0556245998913664,0.05598167677040136
1011,0.05562334320585619,0.05598221535565613
1012,0.05562307986799675,0.05598205168701348
1013,0.0556228620585148,0.05598203341380268
1014,0.055622241116455154,0.055981862821965454
1015,0.055621131118332265,0.05598187110383266
1016,0.05562018672670478,0.05598195071757593
1017,0.055619411848130206,0.05598237457997895
1018,0.05561826947947425,0.05598179019397223
1019,0.05561808538613979,0.05598177283314196
1020,0.0556178180928102,0.05598169073381697
1021,0.05561672736259712,0.055981391623726104
1022,0.055616003298374954,0.05598144186547793
1023,0.0556159829674733,0.05598144204406067
1024,0.05561579737880215,0.05598147050161678
1025,0.055615741620372625,0.05598146073956866
1026,0.05561468214893406,0.055981323123981075
1027,0.055614148929142425,0.05598138561965949
1028,0.055613143510222264,0.05598156600782884
1029,0.055612416992994976,0.055981540191627134
1030,0.055612066856309754,0.05598156507958005
1031,0.05561169617540577,0.055981406931209385
1032,0.055610897729969536,0.055981464346181134
1033,0.05561034941124143,0.05598147335481047
1034,0.05561001027304027,0.0559816089618215
1035,0.05560919927811684,0.05598155875323822
1036,0.05560861006824565,0.05598147151818514
1037,0.05560846292735281,0.05598145471900151
1038,0.055608404574900204,0.05598144771627241
1039,0.055607996254261466,0.05598138123513835
1040,0.05560733993315448,0.05598147791610464
1041,0.05560666401848111,0.05598141983457406
1042,0.0556063279270375,0.055981372886029696
1043,0.05560558554394209,0.0559810777543825
1044,0.05560476211386712,0.05598107908695356
1045,0.0556038731811167,0.05598130140355438
1046,0.05560382607384607,0.055981318849364775
1047,0.055603320080164595,0.05598132280454963
1048,0.05560273604346767,0.05598128330847323
1049,0.05560164534115278,0.05598114028814837
1050,0.05560129805142441,0.05598088272485076
1051,0.055600912383943796,0.055980984465162045
1052,0.05560039727207611,0.05598095761862544
1053,0.055600183568106955,0.05598075340046759
1054,0.05559924504917465,0.05598068895589743
1055,0.05559866054448429,0.055980831386455765
1056,0.0555975499889898,0.05598054132019887
1057,0.055596616990302654,0.05598034230775124
1058,0.05559643649279419,0.055980360488147515
1059,0.055595762958670344,0.055980269892401624
1060,0.05559538463163649,0.05598040590014309
1061,0.05559429453158109,0.05598075022791971
1062,0.05559337799565414,0.055980639530924185
1063,0.055593060088140266,0.055980624050802126
1064,0.0555928177893677,0.055980610599520204
1065,0.05559187221453599,0.05598055892892403
1066,0.05559165241032806,0.05598052194585739
1067,0.0555910688165674,0.055980460318263446
1068,0.05559031494450661,0.05598038457110825
1069,0.055589483513899515,0.05598034418868302
1070,0.05558842170556515,0.05598023173371456
1071,0.05558797209581277,0.05597990873541461
1072,0.05558742095626643,0.05597940333424386
1073,0.0555872679353545,0.0559794101030791
1074,0.05558663660121714,0.055979053145488886
1075,0.05558584891250092,0.05597908523902288
1076,0.05558572836159733,0.05597910886042322
1077,0.05558470674040569,0.05597891186967463
1078,0.05558446659878489,0.05597897965887634
1079,0.05558427108602434,0.05597902880459033
1080,0.05558411986477243,0.05597908187030792
1081,0.05558342562030439,0.05597915182306596
1082,0.05558242650914095,0.05597831744888726
1083,0.05558238428572116,0.05597831338318451
1084,0.055581198955566735,0.05597824651891264
1085,0.05558008434422041,0.055978114288307325
1086,0.05557961640434153,0.0559780925216794
1087,0.05557868254909979,0.05597761767372955
1088,0.0555783836612068,0.05597751285555338
1089,0.055578338389133494,0.055977517678009514
1090,0.05557776372933101,0.05597723592300752
1091,0.055576732462304226,0.055976725575059796
1092,0.05557566112785826,0.055976867631342825
1093,0.055575572043867205,0.055976845926387395
1094,0.05557488294411432,0.055976907451993504
1095,0.05557475325878201,0.05597697076246877
1096,0.05557425455009504,0.05597669170518055
1097,0.0555738546330918,0.055976447869824766
1098,0.05557383911147724,0.055976457700227786
1099,0.05557302916130677,0.0559764287352739
1100,0.05557283475480333,0.0559764113099914
1101,0.055572341371481426,0.05597624299664503
1102,0.05557225044382499,0.05597624347833685
1103,0.05557207744211922,0.05597626115787623
1104,0.05557090169471263,0.05597556142809229
1105,0.055570674468398626,0.05597548928163255
1106,0.05557038975952057,0.05597551461117644
1107,0.05556961003075858,0.0559755794841591
1108,0.05556942308857668,0.0559755279713749
1109,0.055568471516622864,0.05597567283245908
1110,0.05556830050505693,0.05597570027535493
1111,0.0555672373828161,0.05597581729341809
1112,0.05556696519962693,0.055975871427239345
1113,0.055566665402377174,0.05597571254140956
1114,0.055566353462553,0.05597557117139707
1115,0.055564925568593576,0.05597497354985452
1116,0.05556466704932844,0.055974964393662965
1117,0.055563847323576,0.05597485187120141
1118,0.0555636925978995,0.05597483099708406
1119,0.055563479658864254,0.055974826444354676
1120,0.05556279545729206,0.0559747987663318
1121,0.055562591151408304,0.05597468704036152
1122,0.0555625460855128,0.05597469765113375
1123,0.055561516786928764,0.05597420585038105
1124,0.05556140729636515,0.05597425942230242
1125,0.05556069357613692,0.05597432816820512
1126,0.05555993942648816,0.05597432972097059
1127,0.05555984149589037,0.055974333424249886
1128,0.055559499641948534,0.05597426387680489
1129,0.055558060152671895,0.055973161260011256
1130,0.055557269907130384,0.05597297583865374
1131,0.055556024466832124,0.05597259691237279
1132,0.05555561593183486,0.05597273798055324
1133,0.05555437447560914,0.055972799053834676
1134,0.05555398751241984,0.055972882438625166
1135,0.05555379519563047,0.055972851365919236
1136,0.05555337634898657,0.055972995817640925
1137,0.05555321770140119,0.055972992780575714
1138,0.055552564890880785,0.05597288181107914
1139,0.055551813983293674,0.05597213249178721
1140,0.05555170774001273,0.055972276372144476
1141,0.055551313710671214,0.055972109013352075
1142,0.055550453987053466,0.05597218469638352
1143,0.055550198564388156,0.05597211666833724
1144,0.055549643361692824,0.05597227832837018
1145,0.055549482727180896,0.055972331228397586
1146,0.055549304438527757,0.05597232945653658
1147,0.055549125958403896,0.05597221663599358
1148,0.05554909610009292,0.05597221418240394
1149,0.0555489243447345,0.05597204490664697
1150,0.05554828167458138,0.05597178316166251
1151,0.055548207926812775,0.05597177876998439
1152,0.05554790228553582,0.05597170043066034
1153,0.05554760862425039,0.055971709542528454
1154,0.05554689739911964,0.05597160449043165
1155,0.055546334754976556,0.055971235108473176
1156,0.05554616399564788,0.05597110793458784
1157,0.05554528286869013,0.05597075245865725
1158,0.055544484712254004,0.05597065715527904
1159,0.05554330858244395,0.05597068065330406
1160,0.05554245144487031,0.055970283921862374
1161,0.055542374598999474,0.05597027348925072
1162,0.05554223350179991,0.0559703240630388
1163,0.055541921923186695,0.05597025134519886
1164,0.05554171641487491,0.05597015772304934
1165,0.0555415572546701,0.055970157391799044
1166,0.055540612244777354,0.05596982906131303
1167,0.05554011207174926,0.05596969213205672
1168,0.055539693170746245,0.05596982754112489
1169,0.05553943315986183,0.05596963421830659
1170,0.0555386635155115,0.055969248838143124
1171,0.05553783281142878,0.05596919933998043
1172,0.05553761122226988,0.05596922801588929
1173,0.05553682054691358,0.05596919162248136
1174,0.05553665958475064,0.05596919355037861
1175,0.055535961289862074,0.05596913844796219
1176,0.05553570586233577,0.05596913926397114
1177,0.0555349704988799,0.05596911817056441
1178,0.055534731793729426,0.05596887595347775
1179,0.05553426571536149,0.05596881219282076
1180,0.05553373317292839,0.05596864060097415
1181,0.05553352926700578,0.055968696327086044
1182,0.055533160800690165,0.05596857250860723
1183,0.05553212822175252,0.05596857810211012
1184,0.05553125614789875,0.05596856888775047
1185,0.055530227688715524,0.05596768735799373
1186,0.05552999158080185,0.05596766670345946
1187,0.05552981259467703,0.05596763559143487
1188,0.05552970050788795,0.05596757733672484
1189,0.0555292638976339,0.05596744966058608
1190,0.05552914009416737,0.05596744658789242
1191,0.05552897989360291,0.055967622726573504
1192,0.05552883621945462,0.05596761180055567
1193,0.05552824012678233,0.055967306237443955
1194,0.055528015182674924,0.05596730680950455
1195,0.05552705616936369,0.05596745301139009
1196,0.055526217385684896,0.055967250224543484
1197,0.055525614335733046,0.05596724438902478
1198,0.055525596234589254,0.05596724609561435
1199,0.05552557733453619,0.05596725368690097
1200,0.05552465582303835,0.05596706460598342
1201,0.05552388650125836,0.055966950963253936
1202,0.0555232743663344,0.055967000347817965
1203,0.055522756935315935,0.05596715600475462
1204,0.055522046365740034,0.05596724494359754
1205,0.055521388015945465,0.055967035287903234
1206,0.055521337387826476,0.05596706154491957
1207,0.055521073806464746,0.05596701562276311
1208,0.05552102004808843,0.05596702552652663
1209,0.05552050250281807,0.05596710451294245
1210,0.05552021267811058,0.055967011220863484
1211,0.05551975878625336,0.05596687800684755
1212,0.0555196301112885,0.055966884315795266
1213,0.05551942706508103,0.05596690060987599
1214,0.05551909523695306,0.05596689032949162
1215,0.055517790778212325,0.055966849449203056
1216,0.05551763897608042,0.055966873148476974
1217,0.0555173915755022,0.055966786591151466
1218,0.05551722686008355,0.055966792065439606
1219,0.05551719277891662,0.05596679059307466
1220,0.055516577978420065,0.05596651047960883
1221,0.055516043116006594,0.05596635972095295
1222,0.05551571203394132,0.05596643336365584
1223,0.05551439886342927,0.05596650868025135
1224,0.055513967117052206,0.05596632168512075
1225,0.05551386339167794,0.0559664306961006
1226,0.055513189798883485,0.05596626376148108
1227,0.05551240885624468,0.055966268057769254
1228,0.05551228138483171,0.055966273270093354
1229,0.055511756229490214,0.05596630680746924
1230,0.05551105847505778,0.05596608776410567
1231,0.05551098804118655,0.05596611513310212
1232,0.05551037583680124,0.055966217436620294
1233,0.0555100804922573,0.055966215364302296
1234,0.055510010705230685,0.05596620941166461
1235,0.055509296523952235,0.05596639950698661
1236,0.05550865821074062,0.05596641808325068
1237,0.055508195802599775,0.05596628161196332
1238,0.055508074823313595,0.05596622552292646
1239,0.055507409092500494,0.05596617307964988
1240,0.05550731319939355,0.055966144076859715
1241,0.0555067204941414,0.055966081349028474
1242,0.055505942180959514,0.05596594186747295
1243,0.055505380639726126,0.05596576950965897
1244,0.05550504372361461,0.055965725239536086
1245,0.055504329712813126,0.05596550081577369
1246,0.05550404178854985,0.05596548372583678
1247,0.05550399915748208,0.0559654770400708
1248,0.055503821951428986,0.05596565996261596
1249,0.055503506078344166,0.05596562409303048
1250,0.05550348126267058,0.05596562585932701
1251,0.05550206489731172,0.05596559717169665
1252,0.05550195875161328,0.05596559355201716
1253,0.05550107236245853,0.05596564315834452
1254,0.05550065349131891,0.05596556239968396
1255,0.05550063630760069,0.05596556568253564
1256,0.05549931684116804,0.05596505748217828
1257,0.05549838995895472,0.055964512771371946
1258,0.05549835833189173,0.0559645087183038
1259,0.05549747423910929,0.055964577295112734
1260,0.05549738144634756,0.05596455385507477
1261,0.055496708602037655,0.05596447480741854
1262,0.055496244371208855,0.055964291701304104
1263,0.05549541073294788,0.05596415809579695
1264,0.05549458055321868,0.055964182646173026
1265,0.0554944286887379,0.05596412582286113
1266,0.055493924922100944,0.05596394366535833
1267,0.055493290049105824,0.05596395656099271
1268,0.0554931095971678,0.05596410914137348
1269,0.05549305622546099,0.05596409880938108
1270,0.055492095122221245,0.055963589160705596
1271,0.0554915855938469,0.05596353581097754
1272,0.05549118706747424,0.05596351343901008
1273,0.05549103718863674,0.055963517580500645
1274,0.055490036944302844,0.05596398591563763
1275,0.05549003285228841,0.05596398587278678
1276,0.05548965007843972,0.055964029493658196
1277,0.055489352368116064,0.05596421349151145
1278,0.05548900382237478,0.05596436740815104
1279,0.05548841574187816,0.05596431168943239
1280,0.05548828223869684,0.055964318226731986
1281,0.055488113487684614,0.05596432742272745
1282,0.055487529773971256,0.055964320658611476
1283,0.05548724718307993,0.05596435126851847
1284,0.055486372147704834,0.05596418395065369
1285,0.05548596441835246,0.05596427802755274
1286,0.05548594502872446,0.05596427856328841
1287,0.055485429455392345,0.05596425509925662
1288,0.055485373605046684,0.055964286556745756
1289,0.055485033177689484,0.05596430891338437
1290,0.0554839795371812,0.05596452718049193
1291,0.05548393967179342,0.055964529259386483
1292,0.055483522043274565,0.055964589737193496
1293,0.05548344444015053,0.05596469378538301
1294,0.0554826227078827,0.05596447213581322
1295,0.055481568267925406,0.05596383208467419
1296,0.05548140750095978,0.05596376993307792
1297,0.05548095027237202,0.05596363232956428
1298,0.05548036638500958,0.055963716551387245
1299,0.055480286264921755,0.055963699143133136
1300,0.05548013420030747,0.05596375030233445
1301,0.05547999718839559,0.05596373626798257
1302,0.055479141591537454,0.05596325066054624
1303,0.055478120661246355,0.055962525927103206
1304,0.05547794870510819,0.05596252711269063
1305,0.05547787242461843,0.05596252716149517
1306,0.05547764412131582,0.05596256507406805
1307,0.05547745067539475,0.055962571691332695
1308,0.055477199683671805,0.05596244127134013
1309,0.05547665397526445,0.055962400705561424
1310,0.0554751518977788,0.0559612180670143
1311,0.05547422494916564,0.05596122870809466
1312,0.05547399454707302,0.055961049833279465
1313,0.055472896553169386,0.055960976440206985
1314,0.05547210992048713,0.05596111405823856
1315,0.055471996856275754,0.05596112278492824
1316,0.05547195123342407,0.055961118610258334
1317,0.05547157362908711,0.05596113099560455
1318,0.055471115192649884,0.055961082722842385
1319,0.055470975803018026,0.055961145679185136
1320,0.05547065835980415,0.05596107624523059
1321,0.05546985594036432,0.05596097774493365
1322,0.05546888783475852,0.055961249057782575
1323,0.05546830934814315,0.055960838779982834
1324,0.05546824849880131,0.055960880482963826
1325,0.05546793677919466,0.055960943886409785
1326,0.055467626861973755,0.05596097721071009
1327,0.05546735770709697,0.05596070875741918
1328,0.0554669320338528,0.055960687765271654
1329,0.055466538802752076,0.055960736106542674
1330,0.05546623972959621,0.055960830935985195
1331,0.055466151962105005,0.05596079402391312
1332,0.05546615031256814,0.055960792207181295
1333,0.05546606162595212,0.055960784447956685
1334,0.055465919955031855,0.05596072657147924
1335,0.05546552596748273,0.055960598631721495
1336,0.05546504947635538,0.05596060479330935
1337,0.05546486620218245,0.05596067976721713
1338,0.0554647890130393,0.055960667352580706
1339,0.05546389286688464,0.05596088198521368
1340,0.05546364608164312,0.05596093738027386
1341,0.05546345314293607,0.05596082097735643
1342,0.05546269644509432,0.05596077575851841
1343,0.05546214739369277,0.05596074319466635
1344,0.055461880464989954,0.05596051349900714
1345,0.05546137706869293,0.055960465481613104
1346,0.0554611119932518,0.055960439545240936
1347,0.055460463529048196,0.05596027928463324
1348,0.05546016855740759,0.055960369830827555
1349,0.05545957830649155,0.05596028685848681
1350,0.05545937540942243,0.0559601305402255
1351,0.05545924886203523,0.05596002040244761
1352,0.05545918847546181,0.05596000748772298
1353,0.055459162504409854,0.055960011390186054
1354,0.055458697880739365,0.05595999746430108
1355,0.0554584076322812,0.05596003011618294
1356,0.0554579386753245,0.05596039009836688
1357,0.055456880724663475,0.0559604550662945
1358,0.05545655402853591,0.0559604597220144
1359,0.05545606659134955,0.055960551136097735
1360,0.055456047949956636,0.05596055316418879
1361,0.05545559544266549,0.055960539306785205
1362,0.05545478035602387,0.055960682021704435
1363,0.05545376456489381,0.055960975048320115
1364,0.05545356867079377,0.05596097278596222
1365,0.05545325539088902,0.05596101903241661
1366,0.05545273470698886,0.05596095738612034
1367,0.05545222789825916,0.05596110439008192
1368,0.05545124883086187,0.0559609762576926
1369,0.055450773398165225,0.05596086745937157
1370,0.05545007007355458,0.05596091555155565
1371,0.0554499723154967,0.055960914714925925
1372,0.05544984783200644,0.055961110125205306
1373,0.05544965793622751,0.05596106848073526
1374,0.05544935589572368,0.05596076367408147
1375,0.055449077601824735,0.05596069369015505
1376,0.05544838359401006,0.055960244621775616
1377,0.05544825419634397,0.05596027153357489
1378,0.05544753160658144,0.05595974295944693
1379,0.055447148550709875,0.05595966600391514
1380,0.05544687950492408,0.055959684940992946
1381,0.055446795860553365,0.055959675743054514
1382,0.055445985535378134,0.05595895436748766
1383,0.05544514707749211,0.05595894244897638
1384,0.05544493810483988,0.05595898394548765
1385,0.05544468569001613,0.05595888607963545
1386,0.055444177231626486,0.055958954464647395
1387,0.05544310116413136,0.055958641517674816
1388,0.055442455242891084,0.05595849931588399
1389,0.05544221705505006,0.05595838473334705
1390,0.055441510267133676,0.0559583540538881
1391,0.055440681275844284,0.055958253569298004
1392,0.055440163880296774,0.055958290875298855
1393,0.055439965816494456,0.055958260363884606
1394,0.05543892665212866,0.055958329590960296
1395,0.055437820719847465,0.055958343721907194
1396,0.055437740059851234,0.05595835866662532
1397,0.055437109263435404,0.05595851455107656
1398,0.055436795303884887,0.05595856462306593
1399,0.05543677169758846,0.05595855305223131
1400,0.05543659641944548,0.05595860582368483
1401,0.05543610945262314,0.05595849577749655
1402,0.055435988035486425,0.05595853974375662
1403,0.05543510915469276,0.0559583417951921
1404,0.05543452622327297,0.05595809913445276
1405,0.055433488648299015,0.055958107248189524
1406,0.055433122090020256,0.055958157616873845
1407,0.055432546351765845,0.0559580555101601
1408,0.055432314488449895,0.05595805126836238
1409,0.055431418496002666,0.055958226636421506
1410,0.05543091487685716,0.05595841782698478
1411,0.05543090622062448,0.05595841533571627
1412,0.05542984766568609,0.05595815176410008
1413,0.05542872597081243,0.05595815519785706
1414,0.055428675113085774,0.0559581547904733
1415,0.055427925843462414,0.055958011719311786
1416,0.05542728027361906,0.05595792684580903
1417,0.05542696538786248,0.055957928521021355
1418,0.05542677505866368,0.05595795465248812
1419,0.05542629113008635,0.055957946315315255
1420,0.055425981725824434,0.05595800517025495
1421,0.05542506691083711,0.055958519216543406
1422,0.05542479168411847,0.055958468547221266
1423,0.055424529313554335,0.0559585443130996
1424,0.05542439150808012,0.055958570302227624
1425,0.05542412813087402,0.05595861464234607
1426,0.05542394833675064,0.05595858946279995
1427,0.055422907988227646,0.055958491586890126
1428,0.05542215040669051,0.055957982997487735
1429,0.055421323969603226,0.055958034316565736
1430,0.05542091912726029,0.05595795982801292
1431,0.05542051901046579,0.055957967808565774
1432,0.055420238162389966,0.05595799458126906
1433,0.055420108994098084,0.055958062501006905
1434,0.055419911419157704,0.05595789479028056
1435,0.05541949756769092,0.055957627484592036
1436,0.05541873450445872,0.05595725164447765
1437,0.05541859599176352,0.05595715513924526
1438,0.055418018170014564,0.05595691558693878
1439,0.0554174746212631,0.05595688200794074
1440,0.05541643697792499,0.05595675368987854
1441,0.055415602319610596,0.055956681497862155
1442,0.055414926057539705,0.05595655362730439
1443,0.05541481526260368,0.05595653213573241
1444,0.05541427490019133,0.05595651559341902
1445,0.05541334397103866,0.05595632214036144
1446,0.055413079208982606,0.05595628493756151
1447,0.055412091042989824,0.05595635945607594
1448,0.05541110290601096,0.055955751835734764
1449,0.0554102902016386,0.05595567438122512
1450,0.05540970285575862,0.055955844513761656
1451,0.05540901992853178,0.05595581856702546
1452,0.055408838214663705,0.05595584045972782
1453,0.055408776666442616,0.055955808889551366
1454,0.055407956971944373,0.05595591462523836
1455,0.055407813445627126,0.05595590128969404
1456,0.055407712360385594,0.0559558893716332
1457,0.055407436894629576,0.05595592235038682
1458,0.05540696627670504,0.05595581321673374
1459,0.05540655787317589,0.05595563325110537
1460,0.05540586376848488,0.05595547629002763
1461,0.05540494246867501,0.055955645033132245
1462,0.055404864162173634,0.05595568838781338
1463,0.05540421776168559,0.05595546461065157
1464,0.05540374649201417,0.05595545814533149
1465,0.05540340028101663,0.05595541827945159
1466,0.055403063623086404,0.05595543543234607
1467,0.055402118910596106,0.055955515652185144
1468,0.05540186532342928,0.055955477308948356
1469,0.05540093698578187,0.055954748259410506
1470,0.05540023976200264,0.055954768851005594
1471,0.05539970628121097,0.055954963747601075
1472,0.055398759709851524,0.055955047760102294
1473,0.05539829920762248,0.05595514094054823
1474,0.05539815921223493,0.05595516719654954
1475,0.055397505618070136,0.05595488093646291
1476,0.05539694845399392,0.05595500031189386
1477,0.05539631546040308,0.05595510234579064
1478,0.055395791585592734,0.05595518701314881
1479,0.055395686716478154,0.05595524640546627
1480,0.055395369859208864,0.05595526900959291
1481,0.055395098458659676,0.05595525403907698
1482,0.05539506865829786,0.05595525886701989
1483,0.05539455385652566,0.05595535372424281
1484,0.05539366765807904,0.05595488305921285
1485,0.0553928197283451,0.0559546501911836
1486,0.055391935320674594,0.05595471659281196
1487,0.05539150998076977,0.05595470085424706
1488,0.055390782912602896,0.05595476055938624
1489,0.05539066408768,0.0559547600655507
1490,0.05539004226080824,0.05595487049652482
1491,0.05538940469792572,0.05595488590030678
1492,0.05538838683808953,0.05595461972168783
1493,0.05538757287194108,0.05595483094414741
1494,0.055387223106664635,0.055954907853738696
1495,0.05538712138520662,0.05595483239691325
1496,0.05538700448313007,0.055954791659379804
1497,0.055386384441305496,0.05595471740826911
1498,0.05538594774001266,0.055954454743258136
1499,0.05538565686397691,0.055954459735053926
1500,0.05538554655161693,0.05595449346612427
1501,0.05538492316857882,0.05595470854460666
1502,0.05538446547854833,0.05595467960553808
1503,0.05538356342236374,0.05595467936813881
1504,0.05538310830737465,0.05595462460854884
1505,0.05538269161127521,0.0559547409790362
1506,0.05538197337712532,0.05595472750896303
1507,0.05538166947823138,0.055954758115750236
1508,0.055381444661991165,0.05595479391237939
1509,0.0553813122749084,0.05595482332645511
1510,0.05538114518627721,0.05595470647649489
1511,0.055380549520923875,0.05595489252847764
1512,0.05537969651845209,0.055955096177201825
1513,0.0553796739323458,0.05595512465324741
1514,0.05537905770985958,0.05595514263420104
1515,0.05537809681245596,0.055954930020252786
1516,0.05537788716290237,0.05595498705867549
1517,0.05537695301581564,0.055955028251206795
1518,0.05537669395531412,0.05595486379485845
1519,0.05537661243911574,0.055954862101387386
1520,0.05537569102851273,0.055954882029190085
1521,0.05537472893594407,0.05595474933075603
1522,0.055374026823474976,0.05595475350353744
1523,0.05537398229358316,0.055954767325306715
1524,0.05537374716166767,0.05595475469355846
1525,0.055373073558188206,0.05595470775024911
1526,0.055372983619311325,0.0559547284081161
1527,0.05537238400529506,0.05595457090077255
1528,0.055372034205455646,0.05595458097084226
1529,0.055371669501617246,0.05595461629344896
1530,0.05537144150211958,0.05595460112123665
1531,0.055370990493483915,0.05595440654447656
1532,0.05537095210107852,0.05595435264463374
1533,0.05537090909358196,0.05595438566524398
1534,0.05537078701366109,0.055954350985004765
1535,0.055369867411779385,0.05595440060364026
1536,0.05536975209822153,0.05595440228254505
1537,0.055369603885660604,0.05595438484807002
1538,0.055369134619248236,0.055954538957632256
1539,0.055368671772100954,0.05595468873607488
1540,0.055367779110150527,0.05595483938466842
1541,0.055367715475399794,0.05595483463041204
1542,0.05536737456354636,0.05595492779540533
1543,0.055367071930138394,0.05595491734434123
1544,0.0553668347808652,0.05595489131281318
1545,0.05536655512032301,0.05595474171707998
1546,0.05536584051024518,0.05595441194975549
1547,0.05536510054386742,0.05595443805209487
1548,0.05536481272881696,0.05595443228663178
1549,0.05536423960315596,0.05595443974465697
1550,0.05536360724652605,0.05595466854336851
1551,0.0553629984838978,0.05595446462130536
1552,0.0553620016812749,0.05595390776956786
1553,0.05536181711504962,0.05595406490789538
1554,0.05536174789147922,0.055954113907111594
1555,0.05536155181083489,0.05595413939977243
1556,0.055361527748052114,0.05595414502803488
1557,0.055361301566262185,0.05595417770583799
1558,0.055361287226677595,0.05595415028117443
1559,0.055361105696462735,0.055954138314564
1560,0.055360244997516427,0.055954077047837926
1561,0.05535917492421027,0.055953696456497996
1562,0.055359044498610545,0.055953730521294
1563,0.055358852993819964,0.05595374575762651
1564,0.055357447284032274,0.05595337238789917
1565,0.05535703633015617,0.0559533427496348
1566,0.05535623667567648,0.05595294757427247
1567,0.05535555983990375,0.055953285459884844
1568,0.055354714563825035,0.05595325587700994
1569,0.05535463964791586,0.05595326679460207
1570,0.055354005555386145,0.05595326636875533
1571,0.055353977235212584,0.055953260978360085
1572,0.05535392868514542,0.055953283957447884
1573,0.055353046363833196,0.055953261880616
1574,0.05535234377342596,0.05595302019672075
1575,0.05535180804145303,0.05595300145953388
1576,0.05535109853455746,0.05595304144678775
1577,0.055350883480125596,0.055952994107927874
1578,0.0553508135431624,0.055952975676546356
1579,0.05535064967433469,0.05595307440073408
1580,0.0553497155117641,0.055953200538887554
1581,0.05534927571019035,0.05595323193480461
1582,0.055348583004268474,0.055953230561954746
1583,0.05534813145390317,0.05595337320319922
1584,0.05534768542840443,0.055953385146099835
1585,0.05534761659596027,0.05595341983805861
1586,0.05534741163157352,0.055953466385355095
1587,0.055347249993977034,0.05595343464396216
1588,0.055347040803422294,0.05595343615174087
1589,0.055346469186318206,0.05595354005592649
1590,0.0553463450164273,0.055953548535863776
1591,0.05534623931575643,0.055953563424911985
1592,0.05534573025395097,0.05595346145731911
1593,0.05534539036064203,0.05595352902276105
1594,0.055345073834490895,0.0559535304301689
1595,0.05534502891752491,0.05595352480259004
1596,0.05534486141783277,0.05595351899184363
1597,0.055344389687208076,0.055953543828317555
1598,0.05534373106628942,0.055953808975466986
1599,0.05534315145010379,0.05595392168463788
1600,0.055343016884710196,0.055953910015376904
1601,0.05534252351396698,0.05595406671305391
1602,0.05534207528424509,0.05595386510651894
1603,0.05534177156969823,0.05595403416726994
1604,0.055341544473265794,0.05595410552825587
1605,0.05534144624795415,0.05595411063844956
1606,0.05534100002188876,0.05595413491053673
1607,0.05534093495656378,0.05595414945953311
1608,0.05534035214708505,0.055954230475934355
1609,0.055340106381367035,0.05595419884920184
1610,0.055339959176408736,0.055954302537290626
1611,0.05533961706512888,0.05595406676564818
1612,0.055338789362406764,0.05595410156084572
1613,0.055338619693278045,0.0559540326677022
1614,0.05533823187915774,0.05595400019714097
1615,0.05533778199471277,0.055954027662223405
1616,0.05533709476391898,0.05595372388825462
