0,0.16325464304626838,0.16353636551890574
1,0.15979131173887215,0.16007185112064753
2,0.1564499275695703,0.15672753235873582
3,0.15316589764910843,0.15343895429239626
4,0.14999213350116472,0.15025885070983655
5,0.14690404997171982,0.14716600301056146
6,0.14390907987199006,0.1441696367672925
7,0.14099948441820154,0.14125255536362435
8,0.1381745807595137,0.13842599961591162
9,0.13547392133411562,0.1357241007393751
10,0.13281277726481705,0.13306138451936725
11,0.130213063382099,0.13045948968144863
12,0.12768020519354478,0.1279221635480678
13,0.125236282316394,0.12547648480540566
14,0.12287343822650168,0.12311084112190347
15,0.1205909473638743,0.12082609968415815
16,0.11834397221375854,0.11857426795632306
17,0.11618888499766573,0.1164162408969624
18,0.11408415012766399,0.11430562901498756
19,0.11198311217338107,0.11219871402234623
20,0.11003433700792992,0.11024965503689403
21,0.10814286866507344,0.10835779376950824
22,0.10625371623613977,0.10646292183087142
23,0.10449777597421786,0.10470516767697041
24,0.10276376417529812,0.10296922433826718
25,0.10109280132865733,0.10129839526248192
26,0.09945448135013407,0.09965456288924064
27,0.09787525741831053,0.0980709404373249
28,0.09634993540569058,0.09654113929642844
29,0.09488631622927365,0.09507621829633765
30,0.09346620136372266,0.0936558531279296
31,0.09207419074150308,0.09225793474606568
32,0.09071450701024902,0.09089202325078746
33,0.08941324143046105,0.0895857983758556
34,0.08816018356809258,0.08832655047101362
35,0.08693244319684333,0.08709349706067006
36,0.08579852269186308,0.08595767106564711
37,0.08465357317245266,0.08480707475777699
38,0.08355231980523337,0.08369983552854489
39,0.08247006317646118,0.08261165330549755
40,0.08142353243474641,0.08156003479447214
41,0.08041713847182387,0.08054719113417366
42,0.07944166705638384,0.07956754134211116
43,0.07851128492290008,0.07863394081304413
44,0.07761338647652101,0.07773066025518925
45,0.07673989419556194,0.07685255788788278
46,0.07593395407591333,0.07604491424781891
47,0.07512403871385416,0.07523141592035931
48,0.07434813221484947,0.0744509905124095
49,0.073609794024041,0.07370659928911605
50,0.0728981054513404,0.07299076994042586
51,0.0722245179146075,0.0723118024077344
52,0.07157721601145699,0.07166098889653114
53,0.07095647571303838,0.07103713425726664
54,0.07037360210395294,0.07045196838835542
55,0.0698226083323127,0.06989750400128575
56,0.06926702293064667,0.06933672032987649
57,0.06872895945015,0.06879398580566641
58,0.06821282654730901,0.06827389511286548
59,0.06773278644266256,0.06779154674284124
60,0.06725564916403402,0.0673110672714188
61,0.06679498130914731,0.06684713574124543
62,0.0663593652403824,0.06640775013076754
63,0.06594970169846129,0.0659950110603837
64,0.06555170699927176,0.065593820986502
65,0.06516688273871378,0.06520525482085643
66,0.06479999941475939,0.06483434091282253
67,0.06444805510296743,0.06448013770527486
68,0.06411073452620307,0.06413910298405183
69,0.06378965335699135,0.06381427415241728
70,0.0634859349995604,0.06350819778151862
71,0.06318939447658196,0.06320925598074943
72,0.06291716959214019,0.06293590168217761
73,0.06265093100734119,0.0626669905962241
74,0.062387047988098195,0.062401278122058014
75,0.06214361297087158,0.06215533322616083
76,0.061916815291681276,0.06192654332883905
77,0.061698118517560005,0.06170549128668668
78,0.061492349890618,0.061497388317745295
79,0.061296370256358854,0.06129944218552073
80,0.06109959305869219,0.061100810056959054
81,0.06092127999275526,0.06092196383208123
82,0.06074063947697782,0.0607386224421798
83,0.060571824202379054,0.060567660580771884
84,0.06040480426003521,0.060397788484840134
85,0.06025684615043802,0.06024852893831834
86,0.06010554450276469,0.060094965800595694
87,0.059967859914055004,0.05995636472919717
88,0.05982757723622165,0.05981424276125895
89,0.05969696961392749,0.05968253191360744
90,0.05957570737188967,0.05956201539053936
91,0.059459566422434204,0.05944460759080536
92,0.05934311471621537,0.05932662223460903
93,0.059240918769057245,0.059224108565579976
94,0.05913388746768951,0.05911515339459908
95,0.05903137842167558,0.059011328015916104
96,0.05894252261310051,0.058921808806700296
97,0.05885051533993031,0.05882849628471142
98,0.05876491803639163,0.0587415738051238
99,0.058679886475215805,0.05865470589187888
100,0.05859678172102322,0.058570726554539314
101,0.058520486174693326,0.058492985007134894
102,0.0584453311975108,0.05841674670515212
103,0.0583782039134892,0.05834862948436134
104,0.05831364576881641,0.05828430213287961
105,0.05824951587802888,0.058219385569332135
106,0.05818828868903213,0.058156993417937286
107,0.0581318787824734,0.058099774816696016
108,0.05807489987844581,0.05804145610028294
109,0.05802341347348542,0.05798861513446959
110,0.0579769408304435,0.057942190607934416
111,0.05792712528387698,0.05789147669599056
112,0.057879594642066275,0.05784351350782427
113,0.057834942135932696,0.05779815222729379
114,0.05779464430222703,0.057757296369295184
115,0.057751332184460505,0.057713020021227635
116,0.057711994601451454,0.057673222621638716
117,0.05767424095161897,0.05763514113934583
118,0.0576344692436509,0.057594313711192086
119,0.057599075018480536,0.05755834291220728
120,0.05756742359772182,0.05752579965204159
121,0.057535460796538915,0.05749315153569845
122,0.057505385247372594,0.057462918561693235
123,0.05747278530193148,0.05742949841348324
124,0.05744791846579214,0.05740451919777385
125,0.05742345553601398,0.05737987539234619
126,0.057400278002081036,0.05735604265741279
127,0.05737744738399714,0.05733285938314294
128,0.057355693003948195,0.05731076050065601
129,0.057332219497290546,0.05728671794649981
130,0.05730817944313853,0.05726237642306388
131,0.05728785941498921,0.0572420310726252
132,0.05726886476727696,0.057222584233972175
133,0.05724835501743249,0.057201230950975214
134,0.057229549328642826,0.05718211871910148
135,0.057211848521035585,0.05716420456805161
136,0.05719069223096296,0.05714295128065859
137,0.0571749870158894,0.057127005969668986
138,0.05715825033725305,0.05710959945633632
139,0.057142314770441176,0.05709322629116628
140,0.057127201658124994,0.05707800031651251
141,0.057113058957364606,0.057063613124275
142,0.05710108644998122,0.05705151211484126
143,0.05708796415867652,0.057038152989502634
144,0.057075307679826055,0.05702527991357673
145,0.057062461986519916,0.057011696090617875
146,0.05705111590594238,0.056999820785385215
147,0.05703895991212271,0.05698759247459742
148,0.057024698220794104,0.05697362018491565
149,0.05701424735645019,0.056962751424246984
150,0.057003312254346364,0.056951423141794806
151,0.05699181741716893,0.05694023944005101
152,0.05698094266642388,0.05692923226475597
153,0.05697065689016604,0.056918681124787845
154,0.05696140777224722,0.05690971316340495
155,0.0569527269120308,0.056900940509943834
156,0.056946236911804934,0.056894548154415026
157,0.05693946858205678,0.05688785904621526
158,0.056931767260188074,0.05687998942539739
159,0.05692190219859808,0.056870497889911574
160,0.05691426732125558,0.05686241194389286
161,0.05690730023505714,0.05685472329398553
162,0.05689985050330646,0.05684690792386197
163,0.056892321989318505,0.056839478300387374
164,0.05688598174759955,0.0568329003735299
165,0.05687772177848349,0.056825213878618226
166,0.05687173924925944,0.05681908628479435
167,0.05686434202680369,0.05681164014647504
168,0.05685709091051078,0.056804448635705065
169,0.05685144212024008,0.056798482112844086
170,0.05684618754581091,0.05679361286054469
171,0.056839755005417526,0.05678757061354179
172,0.056836215655468654,0.0567838893195407
173,0.05683216940032011,0.05677956852331915
174,0.056829338545723695,0.05677690477557715
175,0.05682517417869939,0.056772823956554516
176,0.0568210591845881,0.05676894554371982
177,0.05681758223181136,0.056765203995478186
178,0.05681326599503287,0.05676119497037905
179,0.05680921469029422,0.05675732841518776
180,0.05680517397642477,0.05675321689324896
181,0.05680144727761534,0.0567493942063349
182,0.056799135352511874,0.05674733794449612
183,0.05679631257714218,0.056744556964651575
184,0.0567926983217978,0.05674089892040829
185,0.05678863079717502,0.05673715611587775
186,0.05678516047646987,0.056733730450660415
187,0.05677974770501897,0.05672838489399467
188,0.056775775447905505,0.05672477576937466
189,0.05677144656225171,0.05672094198822247
190,0.05676707914500634,0.0567163052274163
191,0.05676285608215003,0.0567120959987623
192,0.056760987767493686,0.05671054851145695
193,0.05675702030229116,0.05670673665697063
194,0.05675469734927443,0.056704430438260796
195,0.056750912515883864,0.05670076904469339
196,0.05674612029233779,0.056696098881243356
197,0.05674300640600331,0.056693011549478596
198,0.05673861037947456,0.056688380614075926
199,0.05673533903024112,0.05668576271177719
200,0.05673322156255589,0.05668399727636142
201,0.05673136129545685,0.05668210048239891
202,0.05672838251767014,0.0566791683394474
203,0.0567269057269368,0.056678102853168294
204,0.056724398701178104,0.05667611690827234
205,0.05672226617184774,0.05667415638066429
206,0.05672062458494234,0.05667283250605281
207,0.056717041750001786,0.056669329772127255
208,0.056715133414969664,0.056667680185398715
209,0.05671197299097628,0.056664658608150294
210,0.0567099188364011,0.05666288321096452
211,0.05670555411818834,0.05665912175484932
212,0.05670361524037337,0.05665741250375418
213,0.05670052064832933,0.05665451688683617
214,0.05669851139637792,0.05665281357013699
215,0.05669520738578401,0.056649901868445325
216,0.0566929320820458,0.05664737471149072
217,0.05669054675393443,0.05664466809780717
218,0.056687901604670375,0.05664329460527321
219,0.056685268118231394,0.05664054202544243
220,0.05668394307224722,0.05663916620320887
221,0.05668264609827699,0.05663775875243199
222,0.056680934348878824,0.056636194232530385
223,0.05668003668262346,0.05663549319708615
224,0.056678057237138806,0.056633573670584685
225,0.056675275774788605,0.05663056833915001
226,0.056673843805465286,0.05662937757307625
227,0.056671245731331525,0.05662676408839969
228,0.05667011870820481,0.05662576999261159
229,0.056667788374446554,0.05662335689695147
230,0.05666526630558947,0.05662083583254005
231,0.05666450569943347,0.05662020178505358
232,0.056663636506572905,0.0566194018547202
233,0.056662490212835356,0.05661839148041922
234,0.05666105359703516,0.05661729647513095
235,0.056660773805835174,0.05661695522321557
236,0.05665860232779747,0.056614971875046875
237,0.05665691172442118,0.05661323658275464
238,0.05665516027504589,0.05661151870878477
239,0.056653651361092204,0.056610519084508426
240,0.056652059639665714,0.05660916069526691
241,0.05665044569734019,0.05660799225333517
242,0.05664852668549601,0.056606332805166144
243,0.05664762430839381,0.05660530757145282
244,0.0566466752644289,0.056604536982010824
245,0.05664487572652691,0.05660292659861486
246,0.056643352119669206,0.056601504036294464
247,0.05664274165180239,0.05660103727872224
248,0.05664011950851169,0.05659859564379536
249,0.05663955639448833,0.056597992437412356
250,0.05663951991852088,0.05659794542817278
251,0.056637949452278534,0.05659699240576131
252,0.056636813904516844,0.05659586257682983
253,0.056633817897641825,0.05659386377099549
254,0.05663246302165086,0.05659284299490761
255,0.05663097595102251,0.056591446651421275
256,0.056628820589771096,0.05658960604499318
257,0.05662634760202375,0.056587071844738795
258,0.056625672711785646,0.05658644444019411
259,0.0566243479854766,0.05658535605040561
260,0.05662431998270263,0.05658532086527725
261,0.05662353466448084,0.056584687025689015
262,0.05662154547401733,0.05658349425576471
263,0.056618541953889996,0.056581032841929044
264,0.056617896852047635,0.056580643788355825
265,0.05661625173350854,0.05657922269669524
266,0.056614881096436316,0.056577830331461465
267,0.05661379437636211,0.056576701793235186
268,0.05661185435261861,0.05657505626117753
269,0.05661001176806766,0.05657371692513758
270,0.056607758477008496,0.05657178299441481
271,0.056607059057242004,0.056570984866179244
272,0.056605573365236854,0.056569850178837415
273,0.056603377349829,0.05656769130576637
274,0.056601719907547546,0.0565663978519973
275,0.05660064402914411,0.056565525931951716
276,0.05659957500099475,0.05656466525625892
277,0.056599563520419754,0.05656465020242619
278,0.05659878043774739,0.05656428128207691
279,0.05659537012164819,0.056562198962920376
280,0.05659395936599658,0.05656084517543537
281,0.05659225430052124,0.05655889896518846
282,0.056591366577522666,0.056558188049162454
283,0.05658968542285402,0.05655702021359762
284,0.056588306152403275,0.05655589776448973
285,0.05658745914669948,0.05655520088195663
286,0.056585792332525815,0.05655413258752078
287,0.05658576694154849,0.05655413136224066
288,0.05658448486517792,0.05655301010324447
289,0.05658309412698128,0.05655132372278523
290,0.05658182640821818,0.05655014993925981
291,0.05657941229144621,0.05654961846908411
292,0.0565780856835926,0.05654865933119649
293,0.0565776281780067,0.05654831630894578
294,0.05657567167623891,0.056546620983055414
295,0.056574912667724166,0.05654601270934807
296,0.05657183924654926,0.05654323446603524
297,0.05657002317166265,0.056540986542632024
298,0.056569602047302645,0.056540799147080496
299,0.05656857272808925,0.05653949437285424
300,0.0565668232260005,0.05653801936558073
301,0.05656632488356627,0.056537238637225554
302,0.056565349112962814,0.05653662860147725
303,0.05656440807341359,0.05653597346848712
304,0.05656438196305271,0.05653595085000069
305,0.05656255780791294,0.05653426594541898
306,0.0565605169381816,0.05653293893443058
307,0.056559724880084296,0.05653252183294168
308,0.05655856041071896,0.05653136841106206
309,0.056557788691647556,0.05653078887089282
310,0.05655624348840528,0.05652941673749988
311,0.05655550345522585,0.05652912089558305
312,0.05655444800985839,0.056528328642598304
313,0.05655412355186861,0.05652812963523524
314,0.056552511016883314,0.0565271433344881
315,0.056552090063961884,0.05652685599265031
316,0.0565517015578199,0.056526652167302634
317,0.05655047382579912,0.05652582764158415
318,0.05654935279391495,0.05652458485637563
319,0.05654792176500304,0.056523568468184335
320,0.056546000971374986,0.05652171976453014
321,0.056544917303957026,0.05652140942056604
322,0.05654416960112224,0.05652094110575514
323,0.056543692471688806,0.056520610155460144
324,0.056543475006317845,0.05652042357561257
325,0.05654276966755836,0.056520110222956214
326,0.05654166909550654,0.05651919001884172
327,0.056540418441327324,0.05651803321137691
328,0.05653911706938126,0.0565169289212652
329,0.05653772562730149,0.05651569501252915
330,0.05653572817073122,0.056515191640532154
331,0.05653327373502477,0.05651302378180056
332,0.05653316017087371,0.0565130087660948
333,0.05653207353445137,0.05651204817649804
334,0.0565319658951414,0.05651197347359793
335,0.05653089671758532,0.056511039161362
336,0.05652978964593693,0.05651021470137383
337,0.05652770283275721,0.05650796363301953
338,0.05652660552018266,0.056507168884449434
339,0.05652543368198856,0.05650621389911505
340,0.05652422112537846,0.05650508975651527
341,0.056524041473366995,0.05650493707697493
342,0.056523276741766874,0.056504631642586976
343,0.056523027058128394,0.056504425086811035
344,0.05652125217748305,0.05650328556072224
345,0.056520532522826086,0.05650286316529577
346,0.056519826550194475,0.05650214125337914
347,0.056518433346433486,0.056501604152524657
348,0.056517670282646065,0.056500768354657706
349,0.056517248275832675,0.05650067789385384
350,0.056516183440905816,0.05650034615740219
351,0.05651574326089736,0.056499972378232725
352,0.05651468732379785,0.056499094987943935
353,0.05651404841246717,0.05649877180962359
354,0.05651213636198438,0.05649722194159163
355,0.056512107025419575,0.056497175717713476
356,0.05651203490978383,0.05649711049480384
357,0.0565115540799487,0.05649670242161517
358,0.05651001230228262,0.056494816938416424
359,0.05650999400031088,0.056494825850163057
360,0.05650998668106672,0.05649479400102586
361,0.05650846065263789,0.05649377725124082
362,0.05650706455320273,0.05649289378565156
363,0.0565067941818242,0.056492759612965654
364,0.056506683371645466,0.056492755985818835
365,0.05650581196947443,0.05649219172492899
366,0.05650529941338376,0.05649157618971745
367,0.056505270604197216,0.056491566415710306
368,0.056504874314987096,0.05649124069791552
369,0.05650341062810254,0.05648971612095038
370,0.05650311243598529,0.0564895989905622
371,0.05650261314399627,0.05648922352310825
372,0.056501900476784224,0.056488758581108967
373,0.056499928759404926,0.05648737236097123
374,0.056498532670249096,0.05648663220978421
375,0.05649758022642948,0.05648562215476352
376,0.05649718881644041,0.05648541504456032
377,0.056495808903688244,0.056484334743648924
378,0.05649551467784622,0.05648431099868664
379,0.05649448867509313,0.05648395081228278
380,0.056493175738281075,0.056482927605664084
381,0.05649263993282809,0.056482869595583386
382,0.05649211429994432,0.05648270204520142
383,0.05649134832914975,0.056482369073129576
384,0.056491316215189796,0.056482342600391554
385,0.05649031010081443,0.05648192205197389
386,0.0564892816792173,0.05648133960192907
387,0.05648870077773759,0.05648075792957312
388,0.05648741845903793,0.056479945367307875
389,0.056487311428547606,0.05647978238542777
390,0.05648485526986743,0.05647834298876367
391,0.05648348650659527,0.05647728057894999
392,0.05648348390547647,0.05647727925407628
393,0.056482362598272266,0.05647663244821041
394,0.056480664722022116,0.05647528245539724
395,0.05648022484957448,0.05647500591572606
396,0.05647959097584959,0.05647461312065007
397,0.05647827787914745,0.05647358860062638
398,0.05647647813113789,0.056472272777730786
399,0.056475761577291776,0.05647184238238733
400,0.05647520413521128,0.056471579657022694
401,0.05647505966819816,0.05647157373942099
402,0.05647433397437793,0.05647146804348761
403,0.0564736352080853,0.05647092975563898
404,0.05647355059314109,0.05647096592156242
405,0.05647322408105033,0.05647086715771438
406,0.05647255763906732,0.05647031447152492
407,0.05647187522315796,0.05646986098472306
408,0.056471126049208946,0.05646925617579792
409,0.056470525137233496,0.05646879020903742
410,0.05646980544618375,0.056468356372007256
411,0.05646842446839065,0.05646740484266879
412,0.05646720198206803,0.056466733481306985
413,0.056466700726375094,0.056466296258907096
414,0.05646530343091468,0.05646511996521078
415,0.056464989113925404,0.05646499344086675
416,0.056464250992899076,0.05646418072950493
417,0.05646374481997647,0.05646390211296996
418,0.05646325648681303,0.056463530693811714
419,0.056462960159468986,0.05646324119557869
420,0.056462095836639456,0.05646259245932711
421,0.056461824559987696,0.056462490843575866
422,0.056460353615238636,0.05646138016472988
423,0.05646000689748197,0.05646103876762013
424,0.05645976302378528,0.05646110590242005
425,0.05645927581876138,0.05646083943314296
426,0.05645781021272528,0.05645968674753818
427,0.056457463320884395,0.056459452121735657
428,0.05645707933866512,0.05645925822654215
429,0.05645670601305771,0.05645911757704979
430,0.05645502499816534,0.05645885959652679
431,0.0564545640946445,0.05645860297657752
432,0.0564541248143155,0.05645832257464836
433,0.05645387351747969,0.05645810429409853
434,0.05645342378119822,0.056457780701408736
435,0.05645237959077055,0.0564569371745029
436,0.05645127247757075,0.05645619916731195
437,0.05645047872445599,0.0564556648489339
438,0.056450136533735394,0.05645553617404872
439,0.056450096673572404,0.05645551677032201
440,0.05644935503873885,0.056455330715317956
441,0.05644891046570453,0.05645518916790563
442,0.05644805145830486,0.0564549652528937
443,0.05644779506432538,0.0564547708170887
444,0.056447577243564,0.05645466300223791
445,0.056447038538185,0.05645406402292524
446,0.05644630171058918,0.056453395805833695
447,0.05644555465566995,0.056452741094273985
448,0.05644532057344655,0.05645265974136986
449,0.056444668599228184,0.05645158327101638
450,0.056444505121555334,0.056451452019170824
451,0.056442855216232,0.05645036862951501
452,0.056441586325561045,0.0564493372034835
453,0.05644127288591823,0.05644894154535506
454,0.056440938317417845,0.05644893403296663
455,0.056440777829639306,0.05644890182276874
456,0.05643919399005896,0.05644866356950014
457,0.05643919915571068,0.05644864970144886
458,0.0564388374231708,0.05644858361119717
459,0.05643869747939715,0.056448618418493315
460,0.056438542203155424,0.056448595865867736
461,0.05643794253100167,0.05644829315097107
462,0.056437632361054466,0.056448138699398416
463,0.05643681374809043,0.05644772533699174
464,0.056436445872378456,0.05644739290405883
465,0.05643571083671723,0.05644729381198477
466,0.0564353523892812,0.05644692842672405
467,0.056434662784325684,0.056446253792681256
468,0.056434369335001684,0.05644616648148992
469,0.05643419395690533,0.05644614298281295
470,0.05643367010237343,0.05644556464190054
471,0.05643333123252139,0.056445547402308005
472,0.05643160305297896,0.05644411043575616
473,0.05643147791117718,0.05644408646117919
474,0.056431072668327295,0.056443981441981594
475,0.056431069657397664,0.05644398475758442
476,0.056430132813689804,0.05644280365638101
477,0.056427697574033424,0.05644079111087228
478,0.056427698160004515,0.056440794796469705
479,0.056427320599834706,0.05644067123256608
480,0.05642620345325957,0.05643995156425956
481,0.05642575429680968,0.05643999043600691
482,0.056424741031492524,0.056439321915934614
483,0.05642335031938927,0.05643807384280548
484,0.05642259695169844,0.056437619908835765
485,0.05642164275568785,0.056437191720578955
486,0.05642063979640874,0.05643689344729142
487,0.05641974655464292,0.05643629448809634
488,0.05641921469230404,0.056436052036826986
489,0.05641801462871981,0.05643503400276882
490,0.05641771686094037,0.05643489765603496
491,0.056417580321902,0.05643489669838478
492,0.05641674233668427,0.05643486118650497
493,0.05641550110040311,0.056434376210111
494,0.05641394895641654,0.05643291318078831
495,0.05641320949543742,0.05643252942350322
496,0.05641216781736321,0.05643191006787103
497,0.056411594132324695,0.056431523203359674
498,0.056411597759378755,0.056431526908558946
499,0.05641038175828753,0.05643073183893257
500,0.05640986114477683,0.056430378857097487
501,0.056408668440800946,0.0564296592046151
502,0.05640778298366399,0.05642886546975347
503,0.056407172338588385,0.0564282702708348
504,0.05640656897551796,0.05642768990834484
505,0.05640557495131186,0.05642690053824908
506,0.05640498411004477,0.05642662182702565
507,0.05640441848269471,0.05642605232656091
508,0.056403462637118394,0.056425386480670255
509,0.05640321964775293,0.05642529350693803
510,0.05640287289915271,0.056425090594062165
511,0.05640216251584607,0.056424487759741335
512,0.05640175452405508,0.05642419051724188
513,0.05640088625239193,0.05642359535677023
514,0.056400309847294466,0.05642306154087835
515,0.05640005786549466,0.05642291481569029
516,0.05639968964242472,0.05642232315562094
517,0.05639828429734082,0.056421255045671456
518,0.05639822834475975,0.05642125567380075
519,0.05639746911713228,0.056421153511446734
520,0.0563972206579353,0.056420886527620465
521,0.056396154388570936,0.056420187610855536
522,0.05639524462224236,0.05641963417422746
523,0.056394878285063954,0.056419382897551745
524,0.0563944442840011,0.05641918538016648
525,0.056393899593799715,0.05641870975671038
526,0.056392946752996706,0.05641816971579955
527,0.05639241771843861,0.05641782669898456
528,0.05639151968155743,0.0564171019450843
529,0.05639093234764106,0.05641700012201417
530,0.056390208879360686,0.056415983184206604
531,0.056389679206132165,0.05641575524768411
532,0.056389032840924294,0.056415602322660796
533,0.05638896458029815,0.056415614014591595
534,0.05638823296506149,0.056415160817249746
535,0.05638739295471677,0.0564144233744934
536,0.05638728561760762,0.056414416585686064
537,0.05638624565345565,0.056413716266156086
538,0.05638546357323636,0.05641297016359857
539,0.05638523142349887,0.056412806838520124
540,0.056384818605007075,0.05641253120989743
541,0.05638460349237665,0.056412459158495076
542,0.056384137028138236,0.056412323020632066
543,0.056383716447078236,0.056412113697920055
544,0.056383430085950356,0.05641196517013867
545,0.0563826910787582,0.05641138856083282
546,0.056381038290113636,0.05640974759027254
547,0.05638083994047652,0.05640976571493747
548,0.056380163182045216,0.056409202488998854
549,0.05637963892833143,0.05640884702053343
550,0.056378432104738536,0.05640878657967814
551,0.056377921669240036,0.056408735010577526
552,0.05637737475763189,0.05640851848654185
553,0.05637721169132919,0.056408335438455234
554,0.056376986020626296,0.05640820623667656
555,0.05637575047195535,0.056407134158405606
556,0.0563754812094019,0.05640704590865425
557,0.056374817971301436,0.05640646688504111
558,0.056374373931035594,0.05640609541856957
559,0.05637360324329468,0.056405332849650526
560,0.05637228742571122,0.05640443150858619
561,0.05637162275423433,0.0564039605378454
562,0.056371044954719424,0.05640347235169092
563,0.056370016323719525,0.05640256341878898
564,0.056369160769439916,0.05640218911644161
565,0.05636879936925973,0.05640222395100353
566,0.0563685703640446,0.05640210681886486
567,0.05636777884856922,0.05640144548786981
568,0.05636715978458751,0.05640120070623222
569,0.05636676047192104,0.056401112228047466
570,0.0563652394545139,0.056400203489708756
571,0.05636451120442572,0.05639991417827869
572,0.05636332542014368,0.05639923887128759
573,0.056363062045735574,0.056399211884438576
574,0.05636242916777363,0.056398667213309696
575,0.056361667704169116,0.05639815572387232
576,0.056360897016991346,0.05639768806784322
577,0.05636018000922127,0.056397349283172096
578,0.056358920965873686,0.05639674781385394
579,0.056358000663128224,0.05639630402233842
580,0.056357688307515204,0.056396218602702136
581,0.056356361436806994,0.05639498463841568
582,0.05635551010939904,0.056394418369930185
583,0.05635477315472393,0.05639422824069843
584,0.056354445925466456,0.056393859907121875
585,0.056353747029617623,0.056393417720010094
586,0.056353743726642515,0.05639344928587196
587,0.056352890074588255,0.0563927957548324
588,0.056352533337234625,0.05639245981565386
589,0.05635235543835851,0.05639243716315968
590,0.056351487565073646,0.05639172229369779
591,0.05635085950755212,0.05639108168031491
592,0.05635004950144682,0.056390321412668906
593,0.056348865205107616,0.056389656091871694
594,0.05634840321094258,0.056389544032473565
595,0.056347002562473325,0.056388776646358635
596,0.05634610671839239,0.056387874366719444
597,0.056344812013301146,0.05638666994827401
598,0.05634408367045822,0.056386203648745845
599,0.056343741766249664,0.05638593165825682
600,0.05634341353047378,0.05638564725256935
601,0.05634290557749993,0.05638513423975232
602,0.056342253832370605,0.05638431212631005
603,0.05634198009248763,0.05638404508115553
604,0.056341020543212744,0.056383408012677695
605,0.056339503953692395,0.056382063754794806
606,0.056338863098859215,0.05638156924846383
607,0.05633807853848023,0.0563813383063242
608,0.05633789729448384,0.05638128349247496
609,0.05633717151284743,0.056381405734629984
610,0.056336843314398456,0.056381328909071105
611,0.05633486698927928,0.056379957519603
612,0.0563346389480416,0.05637990366484901
613,0.05633391987575223,0.05637926252233799
614,0.0563326091831503,0.056378317080971636
615,0.056331716518063804,0.05637754791802368
616,0.05633057241753881,0.05637656352584023
617,0.05633000002554503,0.05637618283715391
618,0.05632959019633234,0.05637601612602617
619,0.056328595282699755,0.05637508060097179
620,0.056328429073244556,0.056375119099787846
621,0.056328095639617666,0.05637503593323171
622,0.05632717309061029,0.056374622606568704
623,0.056326444107750784,0.05637386131985992
624,0.05632584803827275,0.05637352304894209
625,0.05632476272575771,0.05637308841090337
626,0.0563245379674439,0.05637287236336485
627,0.056324176934020934,0.05637256397021653
628,0.05632308221678297,0.05637182629156582
629,0.056322908384923646,0.05637175197898804
630,0.05632206903378396,0.0563710561823692
631,0.05632189636156951,0.056371000757464255
632,0.056321213403470544,0.05637057267525705
633,0.05632008538764124,0.05636991604614469
634,0.056320040519856535,0.05637000685880635
635,0.05631868277594426,0.05636928840875533
636,0.05631815384367403,0.056369012660440955
637,0.05631760010094418,0.05636875362304623
638,0.05631746790371133,0.056368497910496224
639,0.056316987101613356,0.056368356097593074
640,0.056315983111631635,0.05636756569141607
641,0.0563152638699711,0.05636726051015422
642,0.0563138843319235,0.056365937053459034
643,0.05631325876724416,0.056365615729661034
644,0.05631297646488576,0.05636541022629729
645,0.05631174772939618,0.056364497987386804
646,0.05631117147777139,0.05636420043776119
647,0.056310431452370906,0.05636347598204175
648,0.056309720056416365,0.05636296787865217
649,0.05630940572348455,0.05636276552880071
650,0.056308867567333866,0.05636277198544862
651,0.056307896987395224,0.05636208385642297
652,0.05630748979816418,0.0563619255236514
653,0.05630623553355954,0.05636153833986637
654,0.05630580291801022,0.05636147472496579
655,0.05630552741569702,0.05636121764540297
656,0.056305251523556726,0.05636096954230353
657,0.05630391971055068,0.05635961329189076
658,0.05630307583730452,0.056359241483636975
659,0.05630250912891776,0.05635863149954931
660,0.056301374703182194,0.05635742682714504
661,0.05630122507044522,0.05635731548081889
662,0.05630089410927376,0.05635687138942785
663,0.05630014124368185,0.05635630837865173
664,0.056299741111092,0.05635599234425218
665,0.056299392822357554,0.05635564730087064
666,0.05629830663331934,0.05635516349827223
667,0.056297245625830286,0.05635438677129052
668,0.05629611795485695,0.05635366466161107
669,0.056295066567210485,0.05635300381648608
670,0.05629489590433734,0.05635295064712624
671,0.056294070753516244,0.056352475052662096
672,0.056293600702836434,0.056352534240199
673,0.05629336595410813,0.056352471369021676
674,0.056293243011588875,0.05635243445693695
675,0.056292733733593045,0.05635201367691639
676,0.05629213036326834,0.056351802265398356
677,0.05629062870566037,0.05635044365967995
678,0.0562903965592296,0.056350284042096396
679,0.05628962140218669,0.05634986706734236
680,0.05628880058338663,0.05634985310167383
681,0.0562886222630201,0.05634980256153736
682,0.05628800710991593,0.05634954777174968
683,0.05628772663125117,0.05634945984359985
684,0.05628758181941126,0.056349468558373104
685,0.05628690598703307,0.05634916398256178
686,0.05628609258930656,0.05634838439330772
687,0.05628553628963532,0.05634825569669594
688,0.056285106838825115,0.05634787520345595
689,0.056284073773083004,0.05634731864096799
690,0.056283345970326706,0.05634663013087653
691,0.05628258964548324,0.05634602767325177
692,0.05628221542948855,0.05634573994269081
693,0.0562814549014608,0.05634532638575022
694,0.0562803344328509,0.056344922181298655
695,0.0562796533553361,0.05634448438595722
696,0.05627934897299578,0.05634427668901253
697,0.05627877953849219,0.056343784795326084
698,0.05627813702776771,0.056343639956917206
699,0.05627792960440905,0.05634354692829851
700,0.05627765473817605,0.05634347436644443
701,0.05627656095189369,0.05634289090133068
702,0.056276453335301305,0.05634282016304967
703,0.05627607898984305,0.05634261357222075
704,0.0562757787968545,0.05634246012469839
705,0.05627530927037628,0.056342301806849675
706,0.05627474929502734,0.056341965989094335
707,0.056274241841035154,0.056341587429939555
708,0.056273818999400795,0.056341179624258685
709,0.05627299371306941,0.05634060461364737
710,0.05627246419218656,0.05633997725213415
711,0.05627077012603162,0.05633859660719702
712,0.05627027920652601,0.056338409855151025
713,0.05626946547300973,0.05633807690911998
714,0.05626909440061718,0.05633792596038548
715,0.056269022356025315,0.05633793224979943
716,0.056268256355338664,0.05633720423910043
717,0.05626796169317124,0.05633722277134141
718,0.05626743326113995,0.056337155840085064
719,0.05626710156971168,0.05633713460334563
720,0.05626565305170918,0.056336077407462916
721,0.0562650877931172,0.056335784883632625
722,0.056264781475792454,0.0563355458103474
723,0.05626405983608522,0.056335002936990466
724,0.05626325968513025,0.05633433799111412
725,0.05626306460224617,0.05633429139992856
726,0.05626277177361455,0.05633423844829169
727,0.056262373281005355,0.056333972929948115
728,0.056261958028369655,0.05633359583798847
729,0.05626113368722873,0.056333035464648434
730,0.05626097699989404,0.05633300910421654
731,0.05626088817579731,0.056333101416815266
732,0.05626061096458281,0.05633292043746694
733,0.056260420712419976,0.05633262701944281
734,0.056259959902530854,0.05633248297753427
735,0.056259900180098854,0.05633253649954132
736,0.05625937025669726,0.05633215288960689
737,0.05625880552687748,0.056331782748588424
738,0.05625830210332265,0.05633165504824674
739,0.05625761015720913,0.05633128045271645
740,0.05625722825052196,0.05633096808399623
741,0.056257095464026345,0.056330923971925795
742,0.05625684702807959,0.05633075993398877
743,0.05625632308160391,0.05633012696577895
744,0.0562552501427783,0.05632989195540328
745,0.056255123358546495,0.05632982741536075
746,0.05625506087026434,0.05632976599531502
747,0.05625462721162532,0.05632948734062156
748,0.05625429985502963,0.05632922557253218
749,0.05625419490954065,0.056329169491265076
750,0.056254042110846225,0.05632902967674118
751,0.056253482164879784,0.056328609989927864
752,0.056252902223497415,0.05632875665376774
753,0.056252747038510985,0.05632880269339354
754,0.056252395742250424,0.056328722177204055
755,0.05625234885398173,0.05632869366811462
756,0.056251850219502,0.056328232115585374
757,0.056251716015677196,0.05632812763288626
758,0.05625074435630057,0.05632727648153528
759,0.05625062745933324,0.056327251960178966
760,0.05625036525427288,0.05632712314450618
761,0.05625008302069501,0.056326878929742225
762,0.05624946096389015,0.056326453003183695
763,0.05624863449712574,0.05632605984500633
764,0.05624829799926038,0.05632564496749909
765,0.05624818075647395,0.056325607923380816
766,0.0562481515033927,0.05632560790580963
767,0.05624751128762499,0.056325441604296735
768,0.05624716836881004,0.056325247928560564
769,0.0562465910785946,0.056324819644455
770,0.05624633698840968,0.05632456301294528
771,0.05624563373392874,0.05632391781720671
772,0.05624521363792871,0.05632346400837427
773,0.05624444765347416,0.056322580680500216
774,0.05624422180532782,0.05632262968694112
775,0.05624356868098943,0.056322278050617666
776,0.05624339391911725,0.05632230882376351
777,0.05624317665277429,0.05632217787122866
778,0.0562424756956161,0.05632164946758736
779,0.05624163685905271,0.056321067633607405
780,0.056241192786938884,0.056320970032572755
781,0.056241020742688025,0.056320876514300594
782,0.056240434952094555,0.05632032435263975
783,0.05624004953523547,0.05631998302349991
784,0.05623928618121823,0.056319466227988495
785,0.056238979673360806,0.05631938243617968
786,0.056238794943646,0.0563191769199833
787,0.05623808653697576,0.0563185117794678
788,0.056237838414809053,0.056318416102748146
789,0.056237811655371533,0.05631847875610826
790,0.056237742401660205,0.05631833951885447
791,0.05623749640150835,0.05631832790677246
792,0.056237317896575566,0.05631821810567339
793,0.056236555103565115,0.05631782638692173
794,0.05623645754015788,0.05631777921670309
795,0.05623590187797853,0.05631738420165927
796,0.056235486824993505,0.05631708769484758
797,0.056234979904038904,0.05631662273281552
798,0.05623481175379354,0.0563164711025572
799,0.056234229215829115,0.0563160829422603
800,0.05623366566562271,0.056315790097006706
801,0.05623302835037201,0.05631518143568007
802,0.056232611426458454,0.05631486390679005
803,0.056232127219816914,0.05631444186747184
804,0.056231439045768515,0.05631417517007365
805,0.05623124044124172,0.05631411605771847
806,0.056231011154562596,0.0563139160362922
807,0.05623042904764246,0.056313387050703934
808,0.05623023956318114,0.056313349828734933
809,0.05623009327455648,0.05631325964320937
810,0.05622991284002238,0.056313150091968786
811,0.056229695793780184,0.05631307591068979
812,0.056229509011459386,0.056313111310708264
813,0.05622887540302744,0.056313157566534905
814,0.05622864507086871,0.056313214027684744
815,0.05622807271838983,0.05631263398715927
816,0.05622792393027699,0.056312492390411965
817,0.056227161365375054,0.05631184169575868
818,0.056226912308243115,0.05631157977532926
819,0.05622664301942694,0.05631146537073925
820,0.05622654608339552,0.056311483839277976
821,0.056226219889199465,0.056311149978038266
822,0.05622605437660683,0.05631102350381144
823,0.05622566498240675,0.05631082576466478
824,0.056225553441766975,0.05631042928975013
825,0.05622553726394913,0.05631042872393163
826,0.05622435926042525,0.056309848799244375
827,0.05622426643874704,0.056309899483176835
828,0.056223606946464874,0.056309268747972256
829,0.05622332112941141,0.056309092482403865
830,0.056222538185871355,0.0563089597651338
831,0.05622244724579902,0.0563089357819311
832,0.056221577677888164,0.05630906010242593
833,0.05622131415758841,0.05630878652244681
834,0.05622111310859466,0.056308586445869044
835,0.05622070127486869,0.05630846004203787
836,0.056220175326282484,0.05630817543978669
837,0.05621995377193592,0.05630807457874766
838,0.0562197680441894,0.056307892663245075
839,0.05621913367400056,0.05630738437003258
840,0.05621908247628087,0.056307437869667264
841,0.05621896066132364,0.05630733985360477
842,0.05621828504403979,0.05630693040510809
843,0.056218015591045216,0.05630684589597321
844,0.056217337639896635,0.056306918314352736
845,0.05621706492090387,0.056306761104901695
846,0.05621664088082873,0.05630651790495556
847,0.056216041524339344,0.056306254750455156
848,0.056215576546485804,0.05630650103109896
849,0.056215575484032776,0.056306503500086286
850,0.05621492173550853,0.056305833966443786
851,0.0562143192987725,0.05630523785821237
852,0.056214021453137863,0.05630517835131
853,0.056213712113756996,0.05630498120565394
854,0.056213337822924654,0.05630470826838709
855,0.05621331613591307,0.056304724798714414
856,0.05621281262795217,0.05630447822219718
857,0.056212218177330714,0.056304042499638725
858,0.056211746217519856,0.05630360651552065
859,0.056211708758279744,0.056303626419689154
860,0.05621084663833244,0.05630315448222867
861,0.05621081460602869,0.05630319542532199
862,0.056210774828102786,0.05630320819836648
863,0.05621043167953311,0.056302979495121704
864,0.05621023965995474,0.05630289117906191
865,0.05620984368312753,0.056302625305077236
866,0.05620952057740573,0.056302628627608715
867,0.056209442450197204,0.05630260899396122
868,0.05620935656975012,0.056302683185979294
869,0.05620935132359987,0.05630268637111667
870,0.05620891759080094,0.05630275486886414
871,0.056208818846476404,0.056302778091609204
872,0.056208784810359985,0.05630277409083137
873,0.05620865090182383,0.05630271062305269
874,0.05620858803054933,0.05630270960982661
875,0.056208457330669793,0.05630267304850727
876,0.05620783341944598,0.05630215342142082
877,0.05620769622407013,0.05630211489041244
878,0.05620751803951869,0.05630195867435294
879,0.056207450871821406,0.05630198343695005
880,0.05620710531793427,0.05630183165544764
881,0.05620670673325422,0.056301456859625405
882,0.05620596609574982,0.05630119908479693
883,0.05620567731181955,0.056300955128006425
884,0.056205356060990495,0.056300672063779984
885,0.0562051288055525,0.056300598137970954
886,0.05620493201410804,0.05630058758281253
887,0.0562045298503737,0.05630029482118685
888,0.05620434888512194,0.05630019806932282
889,0.05620401564427846,0.056299958667709954
890,0.056203915201466614,0.0562999636527509
891,0.05620338748187894,0.05629974075528294
892,0.05620321587383609,0.05629960572057883
893,0.05620289077044245,0.05629946748049847
894,0.05620233807002457,0.05629941538284948
895,0.056202241830855856,0.05629936706205319
896,0.05620220511854368,0.05629933830446978
897,0.05620174310145354,0.05629928988222906
898,0.056201587778588746,0.056299252503785646
899,0.056200051159719024,0.05629803071476754
900,0.0561993270687524,0.05629761365253017
901,0.0561986998744119,0.056296923345869866
902,0.05619830452771559,0.05629669953675829
903,0.05619795479623858,0.0562966372598642
904,0.05619793542143132,0.05629667527992642
905,0.05619783554206567,0.05629654846402236
906,0.05619780628349265,0.0562964971248481
907,0.056197798591969675,0.0562965040418804
908,0.056197520450645966,0.05629636733334551
909,0.056197177059017556,0.056296325570180245
910,0.05619674748539501,0.056295998058142865
911,0.05619643353824024,0.056295586577376266
912,0.05619639718711856,0.056295588528154215
913,0.05619606811037549,0.05629535244454859
914,0.05619599088994101,0.056295397528327594
915,0.056195914460767354,0.05629540503573313
916,0.05619557489502011,0.0562953513661032
917,0.05619519509165903,0.056295306146734884
918,0.05619486012765966,0.056295093959843966
919,0.05619441261552528,0.05629497262856442
920,0.05619414310328478,0.05629471671212703
921,0.05619385722646515,0.05629462532862566
922,0.056193539741465966,0.05629449078455131
923,0.05619321646760326,0.05629440234006538
924,0.05619277017143022,0.05629397702819487
925,0.056192389883733,0.05629391927019969
926,0.05619192258045961,0.05629365705862554
927,0.056191697271851186,0.056293519872161545
928,0.05619135406765747,0.05629317731577661
929,0.05619093526037421,0.056293191933487696
930,0.056190675801420294,0.05629310725664395
931,0.05618995984734363,0.056292583434655624
932,0.05618962876030536,0.05629245338873387
933,0.05618956149780131,0.056292459452822644
934,0.056189557257085014,0.05629245914847718
935,0.056189476006447935,0.05629253056229627
936,0.05618923109780565,0.05629248347068959
937,0.05618913030334956,0.05629245272989899
938,0.0561883403446824,0.0562920756314122
939,0.05618817708044149,0.05629195709399525
940,0.05618777341383201,0.056291422586712374
941,0.05618677420102672,0.056290360463323884
942,0.0561864110018264,0.05629027638726935
943,0.05618615643830447,0.05629017189091728
944,0.056186032301534246,0.05629011228793069
945,0.056185704855817406,0.056289962111153585
946,0.05618547457497255,0.056289877544666536
947,0.05618521198005257,0.05628974419209371
948,0.05618439863691903,0.056289151185955684
949,0.056184159233438315,0.056289024183569375
950,0.056183940983656845,0.05628911837911911
951,0.05618337155542472,0.056289128980139484
952,0.05618310334179631,0.0562890066056406
953,0.056183081365049986,0.05628899657080531
954,0.056182559632622246,0.05628869806220417
955,0.05618235049611935,0.05628866009758003
956,0.05618224229255511,0.05628864829059108
957,0.05618203113701386,0.05628845633514514
958,0.05618190393094187,0.05628842763062736
959,0.05618166656603269,0.0562881905677769
960,0.05618139218864943,0.056288073586632084
961,0.05618091588175728,0.05628772030577422
962,0.05618063733980072,0.056287574354466755
963,0.05618053511005611,0.0562875321042475
964,0.056180443156540444,0.05628749548321441
965,0.05618017955630289,0.05628759468717516
966,0.05617953212994935,0.05628737361148494
967,0.056179202935072343,0.05628723371524508
968,0.056179073186133334,0.05628733243714844
969,0.05617861613166342,0.056287068926936024
970,0.056178499763674214,0.05628707112199189
971,0.05617787499378213,0.05628668976821209
972,0.05617787017693445,0.05628668846528987
973,0.05617747595078123,0.05628632216304662
974,0.05617695570092795,0.056286097593328324
975,0.05617687522110831,0.05628598629378666
976,0.056176103465371864,0.056285404808193815
977,0.056175905822828644,0.05628538226866581
978,0.056175902436071845,0.0562853806997058
979,0.05617590246316522,0.05628540536642742
980,0.05617483939888599,0.056285381459853095
981,0.056174786757906416,0.05628538739983033
982,0.056174429691261546,0.05628522772264108
983,0.056174357288053936,0.05628527254896769
984,0.056174036632358613,0.056284952513833635
985,0.056173891603347466,0.056284899797343885
986,0.05617383335175645,0.05628489302789057
987,0.05617341075042758,0.05628458140663947
988,0.05617331823906531,0.056284678277458734
989,0.05617316419083951,0.05628464904756612
990,0.056173179586759964,0.05628469938148841
991,0.05617281819897815,0.05628467092712065
992,0.05617263430693124,0.056284639957994466
993,0.05617246647002869,0.056284587284359006
994,0.05617191603744998,0.05628416801411106
995,0.05617176495157141,0.05628402809371187
996,0.05617130426352159,0.056283795597516756
997,0.056170968914486794,0.056283776412898244
998,0.05617057938641944,0.05628382900595211
999,0.05617047563239311,0.056283797708822275
1000,0.056170277822237664,0.056283879337459194
1001,0.05617015547177812,0.056283755803074015
1002,0.0561698622178739,0.05628345449096624
1003,0.056169839910179285,0.05628345678566966
1004,0.056169673204326316,0.05628331160976483
1005,0.05616941448830537,0.056283296817339463
1006,0.05616885626763611,0.05628292302390494
1007,0.05616882348117212,0.05628292676398774
1008,0.05616877020874817,0.05628294607459055
1009,0.056168170856581906,0.05628260837457403
1010,0.0561676813016286,0.05628227033736593
1011,0.05616765267527852,0.0562822797734537
1012,0.056167154750466436,0.05628180190219614
1013,0.05616651507392408,0.056281282371514404
1014,0.05616632184160283,0.05628118104908609
1015,0.056166119426295555,0.05628100082801011
1016,0.056165839399581086,0.05628081784269255
1017,0.056165732977422216,0.05628086556576243
1018,0.056165729488770695,0.05628086563147849
1019,0.056165688008826674,0.05628079301219377
1020,0.05616546623793145,0.05628053117406935
1021,0.05616526544873524,0.05628035830810381
1022,0.056164859129215206,0.0562800503181119
1023,0.05616474102439633,0.05628003519445911
1024,0.05616471304144018,0.056280069757851006
1025,0.0561646948461703,0.056280062755233506
1026,0.0561642848022986,0.05627986735155655
1027,0.05616405497694159,0.056279884083059194
1028,0.05616402766335195,0.05627990956363698
1029,0.05616335800405867,0.05627992618909781
1030,0.05616302048067797,0.05627976295839288
1031,0.05616252599990591,0.05627922552592435
1032,0.056162525337528045,0.056279367572318856
1033,0.0561624864976748,0.05627938405068356
1034,0.05616237455580895,0.05627934658566191
1035,0.05616211829929045,0.0562790507039809
1036,0.05616196577504834,0.05627900057060391
1037,0.05616195171943346,0.056279009124079814
1038,0.05616170878125396,0.056278935508185246
1039,0.05616106863223606,0.05627887008245478
1040,0.056160774998964984,0.056278664821365114
1041,0.056160770524395165,0.05627866013800216
1042,0.056160346267236975,0.0562782968946687
1043,0.05616036842756422,0.05627834405726919
1044,0.05616008735040555,0.056278394352440794
1045,0.05616008696263178,0.05627843763484955
1046,0.05615984708256836,0.0562784959735047
1047,0.05615957868555818,0.056278393268421906
1048,0.0561591093137235,0.056278245233469124
1049,0.05615878644603466,0.0562778484781658
1050,0.05615854671459272,0.05627771747564788
1051,0.056158471929078024,0.056277692630851146
1052,0.05615820275434876,0.05627758415614829
1053,0.05615817914568862,0.05627758874929151
1054,0.05615816294312513,0.05627759164749121
1055,0.05615798798442608,0.056277558937024366
1056,0.05615763884052191,0.05627748544725967
1057,0.056157399715879915,0.05627751140300665
1058,0.056157088812049005,0.05627740684114395
1059,0.056156957067464,0.05627744052815352
1060,0.05615665468553813,0.056277308926825975
1061,0.056156607149445315,0.05627732084061199
1062,0.05615638789286818,0.05627723522846764
1063,0.0561561213506629,0.056277171119983545
1064,0.056155987625302224,0.05627715973484438
1065,0.05615569281333426,0.05627703394689447
1066,0.05615515118755809,0.05627650071490758
1067,0.05615515240158327,0.05627649912202644
1068,0.05615468088580418,0.05627601769818
1069,0.05615445773694041,0.056275957371091215
1070,0.056154248669581276,0.05627582114746804
1071,0.0561538778404605,0.056275844861051624
1072,0.0561538462086393,0.056275851471446856
1073,0.05615352112247601,0.056275721889240404
1074,0.05615335521459384,0.0562757325215486
1075,0.05615328728347724,0.05627570921446885
1076,0.05615284005527649,0.056275642316186286
1077,0.0561522718681323,0.056275474200937696
1078,0.05615213175690576,0.056275479587383534
1079,0.056151461730861885,0.05627514662964449
1080,0.05615125527920203,0.056275054543209614
1081,0.056151185030855956,0.056275070237361946
1082,0.05615118330238303,0.05627506987839151
1083,0.056151136072811275,0.056275064421554194
1084,0.056151097035133705,0.05627504561522636
1085,0.05615081710260703,0.056274912845104524
1086,0.056150752523341986,0.056274905174731965
1087,0.05615047556728647,0.05627478074000516
1088,0.05615046840014258,0.05627482088980714
1089,0.05614998175824716,0.05627457534991582
1090,0.056149646913618526,0.05627437639520782
1091,0.05614952120651138,0.056274381471355855
1092,0.05614919242859219,0.05627428883918491
1093,0.05614909227755319,0.05627429991879609
1094,0.056148736114066754,0.05627392932928321
1095,0.05614869801504754,0.056273919080515364
1096,0.05614846963460683,0.05627395977170227
1097,0.05614832442733886,0.05627393145138464
1098,0.056148200158083944,0.056273903743038596
1099,0.05614812627890426,0.056273906307628706
1100,0.05614811972804782,0.056273897302704164
1101,0.05614772342198541,0.056273818642446315
1102,0.05614769395487141,0.05627381549232107
1103,0.05614746136803399,0.056273762905616725
1104,0.056147452923244724,0.05627383217984325
1105,0.05614746174788616,0.05627383586688069
1106,0.05614732302843856,0.05627393658168958
1107,0.056146829694883896,0.05627350516432152
1108,0.05614681189692199,0.05627350322348338
1109,0.05614677963122393,0.05627350524147506
1110,0.05614590967002125,0.056273090281227435
1111,0.05614574683775292,0.056272967713208645
1112,0.0561455080376522,0.05627267741874186
1113,0.056145417845542486,0.05627279129489829
1114,0.056145264179936386,0.05627272554940445
1115,0.05614525542851415,0.05627274012191566
1116,0.0561452467564,0.056272713105584155
1117,0.05614494843792483,0.05627268159847855
1118,0.05614466849031484,0.05627235673622777
1119,0.05614439545664511,0.05627233737350446
1120,0.05614440964016719,0.056272387561917825
1121,0.05614430245639069,0.05627237525810986
1122,0.05614358378154519,0.056271775119959455
1123,0.05614336891668999,0.056271685221155394
1124,0.056143054061091165,0.05627156381239419
1125,0.056142997386699645,0.05627162376221752
1126,0.05614297368483123,0.056271646210580534
1127,0.056142930428432596,0.05627162034639539
1128,0.056142430771618713,0.05627153701502913
1129,0.05614242146298617,0.056271540770959125
1130,0.0561422745983447,0.05627149780463925
1131,0.05614181614492999,0.05627123762493212
1132,0.05614177703253544,0.05627123459369739
1133,0.05614121932596999,0.05627073542177562
1134,0.05614096098127118,0.05627052412691885
1135,0.05614073637004079,0.05627045546203341
1136,0.056140710151939235,0.05627046036228367
1137,0.05614071096563617,0.056270460666916856
1138,0.05614035096366078,0.056270349210680456
1139,0.05614035262343365,0.05627035056585368
1140,0.05614043146653424,0.056270357319215994
1141,0.056140430009672504,0.056270359836855306
1142,0.056140391134635294,0.05627035122403661
1143,0.05614042135256086,0.05627036777892295
1144,0.056140253044151406,0.05627014231015719
1145,0.056140240757975,0.056270144466997074
1146,0.05613984783884266,0.056269928250074014
1147,0.05613957663465267,0.05626965704547692
1148,0.05613918360665331,0.05626942642790051
1149,0.05613917376748372,0.0562694353429843
1150,0.056139175075489274,0.05626943587663699
1151,0.05613911698078279,0.056269468086928356
1152,0.05613864142375997,0.05626923884690272
1153,0.05613847234953012,0.0562691804636027
1154,0.05613843422969356,0.05626920443985531
1155,0.0561376446428516,0.05626835317818675
1156,0.05613735395388177,0.056268312885764615
1157,0.056137258040003205,0.056268312141200434
1158,0.05613728001042034,0.056268358844398576
1159,0.056136927260486934,0.05626817003678847
1160,0.05613644755177937,0.05626770871396651
1161,0.05613640764462262,0.05626771133014959
1162,0.056135956530314925,0.05626764519325352
1163,0.05613596186028321,0.05626764592930937
1164,0.05613558532842459,0.05626758705083848
1165,0.05613538420607166,0.056267546357486764
1166,0.05613533899995484,0.05626752660742416
1167,0.056135000445957296,0.05626750480491094
1168,0.05613498983338374,0.05626750125605897
1169,0.0561348498236954,0.056267435742170774
1170,0.05613462955866837,0.05626719466296739
1171,0.05613436287997728,0.056267052727876306
1172,0.05613419572854239,0.05626703775593797
1173,0.05613415233149868,0.05626703878166671
1174,0.05613400843781629,0.05626695486985495
1175,0.05613371804015617,0.05626687328726032
1176,0.05613361165440659,0.056266896249717833
1177,0.05613345090526108,0.056266859331323506
1178,0.05613347655895306,0.05626688775026188
1179,0.056132887509681054,0.056266683390542686
1180,0.056132472418033534,0.05626666916332984
1181,0.056132448525734575,0.056266673467225636
1182,0.056132404082544746,0.05626667192012519
1183,0.05613226468672211,0.05626657408218153
1184,0.05613207596071928,0.056266577018791064
1185,0.05613186780281671,0.05626654969079128
1186,0.05613171256298956,0.05626646167858205
1187,0.056131555797301516,0.05626644006907479
1188,0.056131555247833004,0.056266439543227596
1189,0.0561315425105328,0.056266436940025616
1190,0.05613071841747518,0.056265705956339
1191,0.05613060840392826,0.05626561387587336
1192,0.05613044574622631,0.05626565056766369
1193,0.05613025736223847,0.05626564876977481
1194,0.05613014298835335,0.05626559504085236
1195,0.05612973951730485,0.05626562195510514
1196,0.05612972814740278,0.05626564278304399
1197,0.0561297231926828,0.056265641614953815
1198,0.05612967964402431,0.05626561620063163
1199,0.05612953025360499,0.056265493836795355
1200,0.05612950649356258,0.056265529893899484
1201,0.05612927218351535,0.05626558626595192
1202,0.056129256017296604,0.056265598412592786
1203,0.05612902265049025,0.056265677208403864
1204,0.056128970174238214,0.05626566300517724
1205,0.05612881257725255,0.05626549884062155
1206,0.056128669984257,0.05626542410564017
1207,0.05612841598357517,0.05626525041857068
1208,0.0561282726260921,0.05626529667059164
1209,0.056128163386069505,0.0562652714820519
1210,0.056128143960196206,0.05626527633490675
1211,0.05612806630229295,0.05626522441682447
1212,0.05612800990205542,0.05626522493034993
1213,0.05612800929190655,0.0562652264147589
1214,0.056127550193260926,0.05626502366730804
1215,0.05612754261251616,0.05626499325938593
1216,0.0561273372886027,0.056265032666549655
1217,0.05612734652076716,0.05626501801208071
1218,0.05612685635595581,0.05626476392368308
1219,0.05612673265719786,0.056264730363974745
1220,0.056126729978645595,0.05626473813486856
1221,0.05612655851502227,0.05626471891936358
1222,0.0561264633015386,0.056264690270242536
1223,0.05612641626676803,0.056264689481690756
1224,0.05612640592504273,0.056264688073984624
1225,0.05612628253124058,0.05626459085927105
1226,0.05612628083732917,0.05626459173153648
1227,0.0561262508614795,0.05626457467095531
1228,0.05612617525456355,0.05626455746122749
1229,0.05612615315898675,0.056264547094580064
1230,0.05612611140971739,0.056264514028365194
1231,0.05612591148876455,0.056264463971968236
1232,0.05612584980552173,0.056264466343763385
1233,0.05612572977620946,0.05626449235807713
1234,0.056125643228247764,0.056264469481983916
1235,0.05612563483956777,0.056264504470198595
1236,0.056125440680998964,0.056264388950182036
1237,0.05612480856281578,0.05626394973733717
1238,0.05612479517659971,0.056263953790548445
1239,0.056124698793731255,0.056263949898525394
1240,0.056124425952032805,0.0562636300994926
1241,0.056123967463853515,0.05626328091294632
1242,0.0561239765493352,0.05626329509158376
1243,0.05612390050942318,0.05626326862205191
1244,0.056123784831576935,0.05626327676335179
1245,0.05612338446279681,0.05626327109938288
1246,0.056123264107773796,0.05626323921920694
1247,0.056123005413340143,0.05626325499592177
1248,0.056123051857784025,0.05626334838820213
1249,0.05612286361200097,0.05626318270329672
1250,0.056122379561423505,0.05626285076567462
1251,0.056122345447753436,0.05626285799002093
1252,0.05612207620517887,0.05626248845446615
1253,0.05612199100935372,0.05626247723390588
1254,0.05612190022738825,0.05626242840090905
1255,0.05612137419524982,0.05626254021305137
1256,0.0561212301555229,0.05626246910545885
1257,0.05612121550564121,0.05626246499057725
1258,0.056121180285564044,0.05626243741905415
1259,0.056121168807308504,0.05626242213676482
1260,0.05612099085338459,0.05626238808343681
1261,0.056120985564101014,0.05626241184944694
1262,0.056120241961161894,0.056262063552125825
1263,0.05612013148067389,0.056262031791087956
1264,0.0561200221092899,0.056262039012311485
1265,0.05611996080632573,0.056261981022116624
1266,0.05611969989246764,0.0562618826621842
1267,0.05611968066029171,0.05626187696080179
1268,0.05611946250473137,0.05626186765984098
1269,0.056119458879867794,0.05626186799178632
1270,0.05611945984935139,0.05626186901721733
1271,0.0561192441883218,0.05626182110759525
1272,0.056118936426936855,0.0562619219143012
1273,0.05611888504126214,0.05626195253304635
1274,0.05611880351713959,0.056261921005697824
1275,0.05611878864651682,0.05626192377770668
1276,0.05611877726478886,0.05626208218228108
1277,0.05611877800180838,0.056262083188926185
1278,0.056118725975551634,0.056262093486103046
1279,0.05611852373096544,0.056262060078000796
1280,0.056118522446716126,0.05626206830604379
1281,0.05611818818412801,0.05626187623556861
1282,0.056118150461006475,0.05626187518284072
1283,0.05611827880017527,0.05626196526473755
1284,0.056117999217701435,0.05626175406355943
1285,0.05611797897945294,0.056261778697957336
1286,0.0561178639040815,0.05626172479548948
1287,0.056117714081836655,0.0562617294267502
1288,0.056117356502958966,0.05626138194304679
1289,0.056116945644341186,0.05626113274797933
1290,0.05611691675310682,0.056261123205763444
1291,0.056116914577863816,0.05626112171875172
1292,0.05611691389754625,0.05626112141276476
1293,0.056116841752153625,0.056261131005808956
1294,0.05611677270245738,0.056261095154407366
1295,0.05611667009866798,0.05626112224329506
1296,0.05611640779460418,0.05626098594008298
1297,0.05611626021145111,0.056260992610421647
1298,0.05611624456336416,0.05626100670459328
1299,0.05611617362107989,0.056260990982631515
1300,0.05611540801005872,0.056260484715337226
1301,0.05611540362773652,0.05626048002193626
1302,0.056115403489272596,0.056260480105627585
1303,0.05611533022065096,0.05626044844038184
1304,0.0561153299684892,0.056260448254713435
1305,0.056115185880323985,0.056260398011087155
1306,0.056115011780470986,0.05626034354155587
1307,0.056114996545424,0.05626033280032035
1308,0.05611459688878115,0.05626023033258779
1309,0.05611452471732657,0.05626019331972555
1310,0.056114430146815386,0.05626015254846665
1311,0.05611412562030404,0.056259831293026565
1312,0.05611412595430627,0.05625983261098721
1313,0.05611411491604347,0.05625983016554248
1314,0.056114061895298536,0.05625982737416265
1315,0.05611377660603864,0.05625965334084654
1316,0.056113585891125466,0.056259508974400546
1317,0.05611329209423071,0.056259384638403354
1318,0.056113288070384175,0.056259382547003314
1319,0.05611314032798881,0.05625939308881027
1320,0.05611312818018979,0.05625942680458199
1321,0.056112935323623415,0.05625942188774432
1322,0.05611270160226618,0.05625928149714827
1323,0.05611256009155744,0.056259211511810875
1324,0.05611256781709062,0.056259249273574556
1325,0.0561125766408299,0.05625925978250311
1326,0.056111747850956684,0.05625873132751849
1327,0.056111737510936024,0.0562587362815136
1328,0.05611169760385886,0.05625870904632731
1329,0.05611134806783512,0.05625844898696955
1330,0.05611092485396599,0.05625867591670534
1331,0.05611087368678418,0.05625865527135485
1332,0.05611084186644546,0.056258630195923746
1333,0.0561107506118185,0.0562586847045531
1334,0.05611044225583159,0.05625868734500077
1335,0.05611039002555582,0.05625858198723864
1336,0.05611035737599839,0.05625860026031644
1337,0.05611028535490739,0.05625856494540987
1338,0.05610990739429134,0.05625835725063973
1339,0.056109814605119955,0.0562583633512006
1340,0.05610981648563815,0.056258364870574354
1341,0.05610990346205692,0.05625846987005195
1342,0.0561095286915135,0.056258152424568934
1343,0.056109409969543445,0.05625828273726531
1344,0.05610918012411547,0.0562580334511118
1345,0.05610915789849439,0.056258028011664865
1346,0.056109092944659024,0.05625804253415011
1347,0.05610907736449885,0.05625802248277872
1348,0.05610895897344756,0.05625798115488817
1349,0.05610888593515629,0.05625797968058516
1350,0.056108795064410355,0.05625790817686177
1351,0.056108790720674595,0.0562579049566068
1352,0.056108517978609065,0.05625801566758223
1353,0.056108487108828126,0.05625801271082227
1354,0.056108215097071444,0.056257828792141265
1355,0.05610819531228107,0.0562578778927147
1356,0.05610806081913426,0.05625778145795155
1357,0.05610762343257552,0.056257528632093386
1358,0.05610761649172451,0.056257515310157304
1359,0.056107313905385335,0.05625723858010093
1360,0.05610628952031467,0.056257033204857074
1361,0.05610615774772746,0.05625689439618024
1362,0.05610578193511021,0.05625646086980832
1363,0.056105716188683916,0.05625651366201382
1364,0.05610556840572742,0.05625646900998455
1365,0.056105322572061925,0.05625643354948699
1366,0.05610522479572151,0.05625642085596272
1367,0.056105213066631646,0.056256418399495495
1368,0.056105116054964786,0.056256373971243945
1369,0.05610477373842152,0.056256418727784155
1370,0.05610430364932564,0.056256203857790184
1371,0.05610420411390296,0.05625629225690534
1372,0.056104143190067415,0.056256247036214055
1373,0.056104109551564835,0.05625625032284619
1374,0.05610411155299275,0.05625626535750964
1375,0.0561037780577097,0.056256098382295686
1376,0.056103736490814134,0.05625607146821651
1377,0.05610357652881897,0.05625598064321696
1378,0.056103499363412676,0.05625591982649323
1379,0.05610350445707091,0.05625594251913571
1380,0.056103452568550295,0.0562559343460009
1381,0.056103219351245424,0.05625570870503315
1382,0.05610296631963171,0.05625560551332323
1383,0.05610296193422715,0.056255614573649686
1384,0.05610284784708456,0.056255481413291834
1385,0.056102821527553616,0.05625547852472197
1386,0.056102652248673175,0.05625549838274078
1387,0.05610232623087816,0.05625540594891721
1388,0.05610194821277166,0.05625531798383835
1389,0.0561019462706588,0.05625531795796508
1390,0.05610184564572166,0.056255265259481255
1391,0.05610171056980839,0.05625520308948195
1392,0.05610166975900506,0.05625520109906089
1393,0.05610152690456169,0.05625513843228532
1394,0.056101184503480374,0.05625495474505583
1395,0.05610042194406951,0.056254790861761744
1396,0.05609971562388853,0.05625415381299147
1397,0.05609971148442795,0.05625415681102891
1398,0.05609837708180904,0.0562531276916728
1399,0.05609830601350287,0.056253090310282715
1400,0.05609830594265895,0.056253090372054115
1401,0.05609815251597091,0.05625302276223718
1402,0.05609777588898364,0.05625303435857475
1403,0.056097565353934425,0.05625315051839718
1404,0.05609704786820228,0.05625256006500007
1405,0.056097021908307704,0.056252553038845104
1406,0.05609702026077362,0.05625255315702206
1407,0.05609701346746419,0.05625255019404457
1408,0.05609678793578097,0.05625251624330672
1409,0.05609664228893089,0.056252445993970814
1410,0.05609620711719056,0.056251925748889355
1411,0.05609617730333254,0.05625192197702473
1412,0.056096157630774315,0.056251904952400164
1413,0.05609615603102695,0.056251908310337245
1414,0.05609609132718905,0.056251873081101036
1415,0.056095878962515375,0.05625179222703847
1416,0.056095488846741634,0.0562515224465584
1417,0.056095375098905394,0.05625147640304342
1418,0.05609501484134545,0.056251507128131914
1419,0.05609495555971744,0.056251510531186745
1420,0.056094860776174565,0.05625143969137878
1421,0.056094847233023756,0.056251428311555454
1422,0.056094846626331366,0.05625143090411972
1423,0.05609438818540427,0.05625119096090412
1424,0.05609400477776932,0.05625079177839623
1425,0.056093868123897724,0.05625077091202513
1426,0.05609358776830282,0.05625058327637583
1427,0.05609351891789287,0.0562506259909122
1428,0.056093516078536305,0.05625063008096043
1429,0.056093503762552725,0.05625060942775912
1430,0.05609338508835734,0.05625064040294235
1431,0.056093350269308825,0.05625064938590477
1432,0.05609335923121985,0.05625064641506507
1433,0.0560933304449616,0.056250637976682005
1434,0.05609331730114544,0.05625063721699043
1435,0.056093311564867104,0.05625065483293254
1436,0.05609321685124134,0.05625064855164596
1437,0.05609302636215012,0.05625046194938846
1438,0.056092976359819725,0.05625050399580944
1439,0.05609293363566766,0.05625052508578134
1440,0.05609277128487654,0.05625037587097175
1441,0.05609275487886625,0.056250380442972744
1442,0.05609262269125442,0.056250311553284464
1443,0.05609243954486055,0.05625015079428718
1444,0.05609243695133544,0.056250151147749144
1445,0.05609238767951552,0.05625011163787549
1446,0.0560922436513999,0.0562498982162741
1447,0.05609181052766352,0.056249519219498195
1448,0.05609162204731137,0.056249501863404966
1449,0.05609158696659437,0.056249512751333615
1450,0.05609158598936779,0.05624951215797003
1451,0.05609149680433421,0.05624950608744054
1452,0.05609132666375835,0.05624952487710652
1453,0.056091328077851485,0.056249540043313916
1454,0.05609132876785354,0.05624954394869215
1455,0.05609132491415686,0.05624956384756966
1456,0.05609131760403695,0.056249560740786
1457,0.05609130876383537,0.056249565366701414
1458,0.05609103137611896,0.056249625467321956
1459,0.05609102099211437,0.05624963664686893
1460,0.05609083989871606,0.05624961661657517
1461,0.05609085470659779,0.05624967234302769
1462,0.05609044699162312,0.056249623491707895
1463,0.05609042761436226,0.05624959266217698
1464,0.05609043822049015,0.056249600749838174
1465,0.05609042415565237,0.056249586322560156
1466,0.056090414174159324,0.0562495857482873
1467,0.05609029607966816,0.05624953644544698
1468,0.05608964297995267,0.056249034060486494
1469,0.0560893271110696,0.05624893866633304
1470,0.056089325895671026,0.056248938026473905
1471,0.05608916917064948,0.05624896597440623
1472,0.05608894859367747,0.05624872502809518
1473,0.056088935822525075,0.056248704829960125
1474,0.05608884502972295,0.05624866893930524
1475,0.05608880194177396,0.056248658059660714
1476,0.056088726669418054,0.056248639652605674
1477,0.056088660381889185,0.0562485967064549
1478,0.056088634198607955,0.05624858753312902
1479,0.05608863292859795,0.05624858804498619
1480,0.056088347111902505,0.0562483159317561
1481,0.05608820157957827,0.056248183866485585
1482,0.056087946211573834,0.056248101449703936
1483,0.05608773278390791,0.05624801316473224
1484,0.0560877267758411,0.056248010820396585
1485,0.05608677306714674,0.056247375745644604
1486,0.05608674433035402,0.05624737202742876
1487,0.056086679370863646,0.056247371835478406
1488,0.056086670395632504,0.05624739129449017
1489,0.056086668275033814,0.05624739229882451
1490,0.056086655191408846,0.0562474464146808
1491,0.05608662312595294,0.056247437833244276
1492,0.056086533488008385,0.056247393701957214
1493,0.056086386940909325,0.05624733492388628
1494,0.056086315781016784,0.05624734300787906
1495,0.056086018210829196,0.05624709885430588
1496,0.05608586089864149,0.056247026417516034
1497,0.05608584699277552,0.05624702648339724
1498,0.056085851165758094,0.0562470284303509
1499,0.0560858512440843,0.05624702854700144
1500,0.05608570520749434,0.05624699348868379
1501,0.05608528895458583,0.05624699212999594
1502,0.05608485781205171,0.05624667369667075
1503,0.05608478586154514,0.05624671422776079
1504,0.05608451077372566,0.05624641790556239
1505,0.056084328741668084,0.056246287505137216
1506,0.056083953111057266,0.056246088442477374
1507,0.056083921551831444,0.05624608866469111
1508,0.05608361854492251,0.05624611615764936
1509,0.056083124692175725,0.05624599154662301
1510,0.05608305172781745,0.05624598717313755
1511,0.056082375453086,0.0562457912702058
1512,0.05608223102611541,0.05624575205470554
1513,0.05608212601623999,0.0562456925838983
1514,0.05608200328516154,0.056245666097960285
1515,0.056081723887325304,0.05624569104774895
1516,0.05608160946210714,0.056245614168116624
1517,0.05608158920452024,0.0562456333988793
1518,0.05608159030873428,0.056245635389400896
1519,0.05608144876735259,0.056245575785492566
1520,0.05608132688893352,0.056245516419773336
1521,0.05608128188428916,0.05624545742400416
1522,0.0560812809111787,0.05624547263807714
1523,0.05608128226986811,0.05624547371613279
1524,0.05608127772731316,0.056245463357926795
1525,0.056081209917574426,0.05624543010473379
1526,0.05608120871478257,0.056245430790716526
1527,0.056081044709575034,0.056245225634561226
1528,0.05608102623997185,0.05624523252544117
1529,0.05608100748802127,0.056245225475277265
1530,0.05608096914242247,0.05624518759163597
1531,0.056080966422587156,0.056245189397165544
1532,0.05608096297629374,0.056245186683894055
1533,0.05608083856082963,0.05624514363703449
1534,0.05608082219993581,0.05624514711818514
1535,0.05608079141003127,0.056245128938151784
1536,0.05608079371344018,0.05624513180070058
1537,0.056080510131081465,0.05624500096354654
1538,0.05608043463486784,0.05624503038658437
1539,0.056080196699913876,0.05624489223242435
1540,0.0560800040637909,0.05624482424882474
1541,0.05607965678944522,0.05624467016778907
1542,0.05607949590329597,0.056244573500220746
1543,0.056079470323975554,0.05624455620187483
1544,0.05607941540196248,0.05624457903051131
1545,0.05607925238027943,0.05624463015795471
1546,0.05607922718567458,0.05624461506346506
1547,0.05607909905729808,0.0562446573384183
1548,0.056079081634061216,0.0562446096326485
1549,0.0560789414633002,0.05624457916752513
1550,0.05607850578706009,0.05624421517974709
1551,0.05607849278320779,0.05624420473282405
1552,0.056078342958617335,0.05624418854951674
1553,0.056078321649406876,0.056244192765554216
1554,0.05607831989982845,0.056244193240795236
1555,0.05607831063921505,0.056244186403215476
1556,0.056078236200781874,0.05624417812831864
1557,0.05607824186971844,0.05624420068180608
1558,0.0560782458979414,0.05624420437770083
1559,0.05607822421375614,0.05624421207547723
1560,0.056078176145149546,0.05624421764380213
1561,0.056078174268762646,0.05624421483622997
1562,0.05607817384284974,0.05624421789111552
1563,0.056078160872201105,0.056244205358032186
1564,0.05607800411767687,0.05624410053444596
1565,0.056077917266126175,0.056244077949948325
1566,0.056077982571033955,0.056244148191946355
1567,0.05607798341940281,0.05624414886775539
1568,0.05607779887348227,0.056244054917725446
1569,0.056077675488553254,0.05624391858834351
1570,0.05607767253420111,0.056243930095671066
1571,0.05607759044598476,0.05624385811001733
1572,0.05607738431554341,0.0562438747061237
1573,0.056077362213150954,0.05624385808859553
1574,0.05607732326487843,0.05624389368361597
1575,0.05607732583240844,0.05624389531168213
1576,0.05607674088254378,0.056243406392498224
1577,0.056076744763729425,0.05624342716585073
1578,0.0560767462981409,0.05624342983653926
1579,0.056076736629769725,0.05624341965284725
1580,0.05607647373334171,0.05624315450937519
1581,0.056076449483491136,0.056243125306889186
1582,0.05607608392919162,0.05624277886442521
1583,0.05607595900028854,0.056242653598997404
1584,0.0560759566845855,0.05624265432490021
1585,0.05607592870660191,0.05624262994657235
1586,0.05607586737591958,0.056242588367326346
1587,0.05607586065507374,0.056242553684399746
1588,0.056075859178769026,0.05624255358419846
1589,0.05607578117132889,0.05624252581439066
1590,0.05607570392387552,0.056242445923643955
1591,0.05607565804496996,0.05624244186925499
1592,0.056075655224659786,0.05624244610934133
1593,0.056075568789721864,0.05624240920553277
1594,0.05607554989089092,0.05624240629486501
1595,0.05607554882189995,0.05624240578964373
1596,0.05607554822495167,0.05624240529709359
1597,0.056075525931881906,0.05624239344464992
1598,0.05607552371762366,0.05624239408121294
1599,0.05607535579360166,0.05624251852760354
1600,0.05607501753812898,0.056242401406779906
1601,0.056075032221558595,0.05624241884782452
1602,0.05607495162973542,0.05624244320547046
1603,0.0560745493110153,0.056242268450057475
1604,0.05607452510975285,0.05624225132634771
1605,0.056074068159619364,0.056242168045467646
1606,0.05607384687444307,0.0562421830343264
1607,0.05607380724128994,0.05624212909951147
1608,0.05607380886952042,0.056242131446472055
1609,0.056073611179439084,0.05624194923872661
1610,0.0560735556226434,0.056241928869776504
1611,0.05607340714359052,0.056241892257462095
1612,0.05607337343730528,0.05624188802145511
1613,0.05607331513858194,0.0562418275334134
1614,0.056073317387966275,0.05624183112814764
1615,0.05607327643530024,0.05624184117927502
1616,0.05607320815657924,0.056241875485416856
1617,0.05607312485555981,0.056241832465931556
1618,0.05607310331009247,0.05624182594900954
1619,0.056072977311205315,0.05624175249948557
1620,0.056072978290101126,0.0562417576201687
1621,0.056072969047039053,0.05624175332696647
1622,0.056072968049698184,0.05624175303481572
1623,0.056072968217386776,0.05624175157184993
1624,0.0560728782692393,0.056241715553548524
1625,0.056072876074989515,0.05624171738057881
1626,0.056072837581556574,0.056241712691904706
1627,0.05607283693356181,0.056241712240525245
1628,0.0560727307639155,0.05624170564080982
1629,0.056072558951204346,0.05624169766553238
1630,0.056072468182569356,0.056241620172834
1631,0.05607246714281639,0.05624162073297397
1632,0.05607246896066464,0.0562416159692738
1633,0.05607223028346781,0.056241523999816564
1634,0.05607219343217608,0.056241516571767555
1635,0.05607219345621098,0.05624151659384682
1636,0.05607219259840682,0.05624151611514654
1637,0.056072031925569484,0.05624154717626609
1638,0.05607202674547963,0.05624155894956448
1639,0.05607204314396355,0.056241595862733584
1640,0.05607204504120955,0.05624156200094952
1641,0.056071979627045625,0.056241546680018434
1642,0.05607196021091893,0.05624153719486932
1643,0.0560719252048524,0.056241543597814726
1644,0.05607192070458512,0.05624154235703192
1645,0.0560718762719781,0.056241566839167735
1646,0.05607180182135432,0.05624149530040341
1647,0.05607178940066493,0.05624157372171475
1648,0.05607158117267677,0.056241508116145776
1649,0.056071504699761035,0.056241483926821434
1650,0.05607150358479021,0.05624148423367242
1651,0.056071503153138295,0.05624148581802474
1652,0.05607120124762074,0.05624143912150455
1653,0.05607120002250066,0.05624144468611846
1654,0.05607107722139276,0.05624144299407769
1655,0.056070736383982904,0.05624152847732801
1656,0.05607062119739223,0.056241490420485186
1657,0.0560706192868694,0.05624148928372108
1658,0.0560703977938535,0.05624139030898543
1659,0.056070404502208966,0.05624139384123871
1660,0.05607031425906755,0.05624132632411223
1661,0.05607016646043223,0.05624123342099079
1662,0.056069630435257214,0.056241285972067186
1663,0.05606963314976765,0.056241288736919505
1664,0.056069567486496275,0.05624124085650713
1665,0.056069464465936955,0.05624112696865847
1666,0.056069352389491615,0.05624110346875495
1667,0.05606931889013612,0.056241127771958895
1668,0.05606932237580542,0.05624112618514881
1669,0.05606919588176717,0.0562410711037875
1670,0.05606915078997042,0.056241038369537
1671,0.05606914375551116,0.056241038955248984
1672,0.05606913976224945,0.05624104159135922
1673,0.05606907617714406,0.05624105644673303
1674,0.05606903266457686,0.05624103231702327
1675,0.05606902914318688,0.05624103240569917
1676,0.056069065696647206,0.05624106887002099
1677,0.05606875842460635,0.05624118807789235
1678,0.05606871561882467,0.056241178629748936
1679,0.056068571289009245,0.05624118267437078
1680,0.05606855542316692,0.05624116738426718
1681,0.05606855602985805,0.056241168053624946
1682,0.05606853227986734,0.05624112764264344
1683,0.056068527115323674,0.05624112890983708
1684,0.05606851693142726,0.05624114609121542
1685,0.05606851141525336,0.05624113936841927
1686,0.05606849640455897,0.05624113380699804
1687,0.056068465532243615,0.05624113979815587
1688,0.05606847740560596,0.0562411616946739
