0,0.1591803139354035,0.1593578816802444
1,0.15240020739978083,0.15257768366959293
2,0.14615794807005517,0.14633068217735648
3,0.14011579546552175,0.1402865355637658
4,0.13441519115827388,0.13458559732391426
5,0.12913480028296628,0.12930902314868467
6,0.12407136650964255,0.12423792647789746
7,0.11932093834003048,0.11948119347158423
8,0.11492570598659911,0.11508521461977533
9,0.11083517171343148,0.11098537368674496
10,0.10696305827854882,0.107114668033181
11,0.10324363235556455,0.10338912216279096
12,0.09976421514863884,0.0999074832758648
13,0.09659263064006561,0.09673500549713818
14,0.0936477810563581,0.09378549488849768
15,0.09080019084830913,0.09093276198382956
16,0.0881468249828449,0.08827290805184017
17,0.08563977611072573,0.08576002073814222
18,0.08335558247178675,0.08347386127544396
19,0.0812164981484263,0.08133091320184535
20,0.07923330858116225,0.07934243790839707
21,0.07739448123658985,0.0774996887894595
22,0.0756962952944854,0.07579810096580199
23,0.07417753417036137,0.074274692102952
24,0.07277788549399228,0.07286645386743668
25,0.0714661628820731,0.07155488051038189
26,0.07020983211010492,0.07029591251874079
27,0.06906036661349979,0.06914416517257109
28,0.06799446560869,0.06807337977227754
29,0.06702680741675171,0.0671024411466908
30,0.06612432555290049,0.06619435019603355
31,0.06530108879230462,0.06536834225877948
32,0.06454069741481468,0.06460374090424952
33,0.06384345921782712,0.063903904053807
34,0.06320084789710351,0.0632590301678248
35,0.06261417374142346,0.06266812282736589
36,0.06207843422887669,0.062128161832501985
37,0.06159117660566347,0.06163673891785163
38,0.061143752891264946,0.061186650414445286
39,0.06072600086697859,0.060764938416330794
40,0.06034932461665717,0.06038555481133422
41,0.06000281818230652,0.0600349737163537
42,0.05969489405063492,0.059726955656745705
43,0.05941795407326562,0.0594486542239545
44,0.059148347798754226,0.0591772764761172
45,0.05890631110907523,0.05893310666160818
46,0.05868340662591552,0.05870703901655804
47,0.05848464253057995,0.05850710507897962
48,0.05830004441465073,0.058321049948569105
49,0.05813266773471756,0.05815283864439597
50,0.05798195999869148,0.05800164622623206
51,0.05783590621127774,0.05785464117848641
52,0.05770612190158794,0.05772316901095951
53,0.05758826998114736,0.057605771397164315
54,0.057486204339947354,0.05750254396617514
55,0.057384806211032396,0.0574023111733324
56,0.057294500704507687,0.05731165114414955
57,0.05721039643519054,0.05722729343833272
58,0.05713489790004078,0.05715098586985282
59,0.05706293307942385,0.05707944814047095
60,0.05699261304599381,0.05700764627237332
61,0.056931606150190016,0.05694844451285281
62,0.05687358588861688,0.05688947361365103
63,0.05682447066785139,0.05684042641464011
64,0.05677862977957637,0.056795791529574424
65,0.05673703947790733,0.05675538208279141
66,0.05669398307832633,0.05671324983554882
67,0.05665980654329998,0.05667903995909302
68,0.0566224086223321,0.05664311541093529
69,0.056586565480831026,0.05660860928044179
70,0.05655608800335938,0.05657838928033267
71,0.05652493966895061,0.056548597112366865
72,0.05649727227850976,0.056521197901398465
73,0.056474832356739314,0.056498845346849236
74,0.05645090436134984,0.05647574273243315
75,0.05643018269516441,0.05645635800211779
76,0.05640767897786803,0.056435280077725865
77,0.05638754436949933,0.05641601486416316
78,0.056371100033980055,0.056401084698637284
79,0.05635559291398817,0.05638599642442005
80,0.056338447011296616,0.056370062040816855
81,0.05632273623134882,0.05635523896712406
82,0.05630629010145571,0.056339339213113585
83,0.056292042492304836,0.0563263272734877
84,0.05627942514958533,0.05631538576457808
85,0.056267346875508384,0.05630459454100092
86,0.05625604488495026,0.05629472270453364
87,0.056244281524871355,0.056283726238377754
88,0.056233967512012074,0.056275025722329605
89,0.05622222680557352,0.05626443580412202
90,0.0562137095492476,0.05625802281389386
91,0.05620271628403641,0.05624853440066812
92,0.056191840933183454,0.05623961300598751
93,0.05618365025507085,0.056233271205064404
94,0.056174778917228656,0.05622644938008099
95,0.056167525466421765,0.05622080964066681
96,0.05615910990068564,0.056214467710760864
97,0.05615199468648132,0.05620907261253232
98,0.05614364664904121,0.05620369949393417
99,0.05613596994881606,0.05619787237461194
100,0.0561280835258408,0.056190971118047876
101,0.05612086272312133,0.05618677303432976
102,0.056115099286556704,0.05618166329947485
103,0.05610943153384629,0.056177206479551545
104,0.05610248242325148,0.05617082268741569
105,0.05609735795315231,0.05616740955222624
106,0.0560924586984271,0.05616491690045556
107,0.0560858283831297,0.056160401519062736
108,0.05608003600362426,0.056157086850356606
109,0.05607458993844292,0.05615424963938809
110,0.05606866084848465,0.05614963997602286
111,0.056064305823503954,0.05614714157654974
112,0.05606016454672486,0.05614576552765335
113,0.05605473202504618,0.0561413515086699
114,0.05605023711708598,0.05613916895096795
115,0.05604531097112663,0.05613488726046485
116,0.056041083291488644,0.05613243797954237
117,0.05603666030456663,0.0561306548621549
118,0.05603208708088391,0.05612768613745035
119,0.056027921280116806,0.05612545228823715
120,0.05602386866236369,0.056124559317022045
121,0.05601965164583934,0.056121788658963466
122,0.056015488121872806,0.05612018001457605
123,0.056012013844148834,0.05612013692683334
124,0.05600785849164976,0.05611930958351854
125,0.05600399604251132,0.0561179238819785
126,0.05599981972133994,0.056115664643066374
127,0.055996563303740296,0.05611544085595728
128,0.05599319975666478,0.0561152464162284
129,0.05598909023930272,0.05611249754481318
130,0.05598525678563601,0.05611148649145004
131,0.055981988205744376,0.056110875978419884
132,0.05597739977626049,0.05610809112071288
133,0.055973803194392664,0.056106934641171835
134,0.055970466207127915,0.05610682938459125
135,0.055967417410646474,0.05610574892076376
136,0.055964321508843694,0.05610503061793566
137,0.05596096346638189,0.05610300859808584
138,0.05595806822656987,0.05610253796991957
139,0.05595468468097634,0.05610139315587886
140,0.05595032317917451,0.05609955365368783
141,0.055946167023181344,0.05609861460993952
142,0.05594317881070392,0.05609811490843599
143,0.05593989981276366,0.056097742921687226
144,0.05593667306181079,0.05609694727847254
145,0.05593361777592277,0.05609649777903907
146,0.05592986650155216,0.05609547903571277
147,0.0559268031996895,0.05609470673501164
148,0.055923644268848,0.05609294604904528
149,0.0559202105939378,0.056091826038000156
150,0.0559167322507097,0.05609156696516779
151,0.055913269577264044,0.0560906847423756
152,0.055909878146790666,0.05608982009181278
153,0.05590767748383068,0.05608950867902949
154,0.055904470047012426,0.056088729851957335
155,0.05590086428407655,0.056086998395612576
156,0.055897593794708746,0.0560865200830201
157,0.05589388835960091,0.0560858253047285
158,0.05589083762116472,0.05608544684084413
159,0.05588793829195079,0.05608531985629381
160,0.05588443669692728,0.05608485987940272
161,0.055880960090990035,0.05608455941970241
162,0.05587829241372552,0.05608432354764216
163,0.05587566637373217,0.05608373792179464
164,0.05587250231436771,0.05608258774686392
165,0.05587006461931689,0.05608251480811078
166,0.05586685847734304,0.056081947180151324
167,0.055863684678568816,0.05608179772892646
168,0.055860955165410224,0.05608144704521203
169,0.055858912751404255,0.05608145449044291
170,0.0558557306109119,0.05608021763161509
171,0.05585343517952045,0.05607988337055246
172,0.055850935210965194,0.056079928245221164
173,0.055847949231466666,0.056079655357852094
174,0.055845690261089355,0.05607901795758725
175,0.05584338560523004,0.056078546167090265
176,0.0558403229462571,0.05607784452339655
177,0.0558374911097469,0.056077521252386534
178,0.05583430024425106,0.05607686024030662
179,0.055831987498496945,0.05607655909561015
180,0.05582901423620324,0.056076376262855956
181,0.055826135163293523,0.056075675860141214
182,0.055823712881717086,0.056074498543735196
183,0.055821310019103225,0.05607391005607853
184,0.055818864299234355,0.05607371879440328
185,0.05581646683494187,0.05607332873242399
186,0.05581438737384753,0.056072973682870786
187,0.05581151808019609,0.05607281497964018
188,0.05580949485726455,0.056072651269592697
189,0.05580624917717871,0.05607218403772977
190,0.05580231643182545,0.05606995547683859
191,0.05580004995066534,0.0560694684241113
192,0.0557973332742549,0.056068451962019095
193,0.055795366568435895,0.05606836691398336
194,0.05579242883157542,0.05606838445264876
195,0.05579007460990667,0.05606886897824168
196,0.055787035220497924,0.05606788312614877
197,0.0557840566440032,0.056067050795893594
198,0.05578174916371564,0.05606663773513557
199,0.05577891184068338,0.05606715084834835
200,0.055775423801098886,0.056065485556786684
201,0.05577257275807278,0.05606516368183145
202,0.05577045363465967,0.05606467642635832
203,0.05576789665872311,0.056064797904475244
204,0.05576593446968593,0.05606452070889996
205,0.05576333994529285,0.05606419899193704
206,0.05576151751773118,0.05606428165717673
207,0.05575902571329179,0.05606408383651988
208,0.05575696873384593,0.05606428222173871
209,0.05575431125087447,0.05606450059434605
210,0.055752166065015804,0.05606464785687252
211,0.05574932359137197,0.056062991986154415
212,0.05574697533614972,0.05606233563486054
213,0.05574435889048141,0.05606207433996612
214,0.055741846214549876,0.0560618373176104
215,0.05573942894723194,0.05606097072456259
216,0.05573719576229113,0.056060980303028675
217,0.05573463464374931,0.056060904137937455
218,0.05573193847541958,0.056060513007803986
219,0.0557291603553982,0.05605960333248743
220,0.055726761917634794,0.056060083942476226
221,0.055724804942123576,0.05606007644992925
222,0.05572207503974197,0.05605871417935002
223,0.05571973984352919,0.05605888842488144
224,0.055718027028906186,0.0560589094910039
225,0.05571585229335855,0.05605899011995287
226,0.055713722899533524,0.05605815521995085
227,0.05571180145548756,0.05605778430321958
228,0.055709728121556515,0.05605713393747916
229,0.05570709797432829,0.056057471269619165
230,0.0557046101866562,0.05605758349827387
231,0.0557024813639418,0.056057581301695684
232,0.05569971609913815,0.05605698697886323
233,0.0556969428903387,0.05605617079834268
234,0.05569483980990031,0.05605624833911887
235,0.055692528136008744,0.056056240366537884
236,0.05569071525800672,0.05605617000597836
237,0.05568923989553886,0.0560561094209928
238,0.05568743154564465,0.05605584048116643
239,0.05568486098303085,0.056054755423417195
240,0.055682584518719394,0.056054939470972856
241,0.05568067748974185,0.056054711135747504
242,0.05567906162931922,0.056054267446979125
243,0.05567568822137057,0.05605343017212906
244,0.05567253306303122,0.05605204775048642
245,0.055670177782898074,0.05605199383264465
246,0.05566745715298575,0.0560517497266034
247,0.05566410591548694,0.05605002557085657
248,0.05566084060159936,0.05604879247575498
249,0.05565802717353804,0.05604861945266743
250,0.055655805106563434,0.05604807247839372
251,0.055653650739107795,0.056047368475083875
252,0.055651660994107004,0.05604741017998066
253,0.055646950792550505,0.056044738696961804
254,0.055644834986676384,0.05604488566282891
255,0.05564267569608077,0.056045021459742765
256,0.05564028588973966,0.0560443700435793
257,0.05563869311002689,0.05604429905933231
258,0.055636059037258156,0.0560437892946228
259,0.055632791940917026,0.05604301894778498
260,0.05563016019305316,0.05604256197619457
261,0.05562827365676262,0.05604247880610468
262,0.055626285754579445,0.05604239943720261
263,0.05562296618539806,0.05604094886781417
264,0.0556211684627895,0.056040887683852174
265,0.055618761917705324,0.05604040253424191
266,0.05561706517692649,0.0560403801039824
267,0.055614650728274255,0.05603935550353667
268,0.055612241189657366,0.05603968123575166
269,0.05561033522663936,0.05603955330853641
270,0.055607600525347065,0.056039725222705554
271,0.055605753284336236,0.05604039531820105
272,0.055603804200042344,0.05604007058745963
273,0.05560209879182743,0.05604004729380373
274,0.05559922042553942,0.05603970120240123
275,0.055597354352599535,0.056039425514886936
276,0.05559509179025082,0.05603917024392116
277,0.05559315516919727,0.05603951147317462
278,0.05559088671694609,0.05603959534229212
279,0.05558689758784995,0.056039263101292446
280,0.055585563972786085,0.056039104674341464
281,0.05558394460370273,0.05603958284277079
282,0.05558143503620604,0.056039199298121185
283,0.055579492097893486,0.05603928653764455
284,0.05557768187733975,0.05603923030065076
285,0.055575541518976375,0.056039520791585654
286,0.05557316692086055,0.056040084141084696
287,0.055570585738702105,0.05603948133578802
288,0.05556899826855797,0.05603935334502844
289,0.05556704728418614,0.056038780620341136
290,0.05556520545197666,0.05603893380865138
291,0.05556226016363677,0.05603838435850911
292,0.05556062895794538,0.05603839567993702
293,0.055557998438051426,0.05603857697612019
294,0.05555559118136721,0.05603850871029543
295,0.05555361158588153,0.05603842250794785
296,0.05555124453857995,0.05603849742519555
297,0.05554905667119684,0.05603843784408939
298,0.05554728045529276,0.0560379807381788
299,0.055545709440725656,0.05603823900471407
300,0.05554413138932737,0.056037737886306505
301,0.05554154313235919,0.05603726451958834
302,0.05553980502049471,0.05603691574020417
303,0.05553724180773091,0.056036949803125034
304,0.05553532456846642,0.05603693903480431
305,0.055533733669818126,0.056036874746411676
306,0.055531511521994856,0.05603649809182238
307,0.055529814304585805,0.056035855424787465
308,0.055527584019193235,0.056035512638421575
309,0.0555259590047849,0.05603539324352183
310,0.05552390624682598,0.0560354647467217
311,0.055521978929530515,0.056035221155049435
312,0.05552043042641103,0.05603543635081845
313,0.055518591346778924,0.056035674882620366
314,0.05551657671546035,0.05603607682510919
315,0.05551412276088255,0.056035420835914486
316,0.05551245192612875,0.056035114638039986
317,0.05550980396427433,0.056034113463382926
318,0.05550748642517886,0.05603431940443227
319,0.055505279584114414,0.05603397704283829
320,0.05550329422954476,0.05603387984608643
321,0.05550111428289174,0.056033944744897216
322,0.05549875912160038,0.05603295432810008
323,0.05549654972693679,0.05603284894760393
324,0.05549425011699206,0.056032708543525635
325,0.055492110676128296,0.05603185230235928
326,0.055490084672236054,0.05603208112944956
327,0.05548884359395734,0.05603237411294182
328,0.055486915819091695,0.056031911827443256
329,0.055484894459771054,0.05603137483772815
330,0.05548335371315093,0.056031362149562884
331,0.05548109054347413,0.05603100418544505
332,0.05547941741916579,0.05603132156689237
333,0.05547753484106729,0.05603119038114955
334,0.05547551756987684,0.05603082892139324
335,0.055473572607040444,0.05603022352003526
336,0.05547152877518551,0.05602998271207263
337,0.05546950524119641,0.056029788172175556
338,0.05546738556872032,0.05602943470678367
339,0.055465994111613466,0.05602948615130994
340,0.05546428492389704,0.05602979725998037
341,0.055463025231977,0.056029696316746674
342,0.055461108252446316,0.056029172955163034
343,0.05545945624342609,0.05602915230802918
344,0.05545707759956958,0.05602912307264795
345,0.05545484498261755,0.05602937166294049
346,0.05545260854607331,0.056029404959839046
347,0.055450671219198,0.056029493499594574
348,0.05544843585890764,0.05602875039235564
349,0.05544673631900816,0.05602820392480043
350,0.055444812943826596,0.05602846569616074
351,0.05544276726604628,0.056028572833451175
352,0.0554385777689436,0.05602731234965471
353,0.05543729991342007,0.05602751370998703
354,0.05543553101505606,0.0560275248316176
355,0.05543340448741665,0.05602724029971632
356,0.05543166785715794,0.056026918061243644
357,0.055429740436836294,0.056026990923173266
358,0.05542815641082683,0.05602688648967138
359,0.05542646986369309,0.056027299233754796
360,0.05542456737645115,0.05602704098019865
361,0.05542315608082024,0.05602742368169634
362,0.05542163566892207,0.05602739551755273
363,0.055419926584657206,0.0560277324310959
364,0.05541838259472955,0.056027813158777307
365,0.055416490434777074,0.05602774050509526
366,0.05541527869959718,0.056027671995699635
367,0.05541280165838077,0.05602724871420771
368,0.05541132705821249,0.05602721442605228
369,0.05540990597853909,0.05602747112950808
370,0.055408177771753823,0.056027398499412386
371,0.055405722593575,0.05602720259389023
372,0.05540418143705644,0.05602721901469118
373,0.055402127161672504,0.05602740251941388
374,0.05540000153574773,0.05602689384555531
375,0.05539800173287114,0.05602654631922872
376,0.05539560064385922,0.05602646010178943
377,0.05539323667483533,0.056025819842036494
378,0.0553909776269662,0.05602515274832701
379,0.0553888709822542,0.056024995240124414
380,0.05538734138648768,0.05602509357681583
381,0.055385444876796856,0.05602511673666417
382,0.05538323403249296,0.056024732764671605
383,0.05538094490556623,0.056024838194775106
384,0.0553793301714392,0.05602474806931893
385,0.055377272569675666,0.05602503368309276
386,0.055375886232650856,0.05602557827301949
387,0.055374697835824,0.05602597346371053
388,0.05537312551570398,0.05602599513607423
389,0.05537140382800065,0.05602581711489295
390,0.0553695157491962,0.05602536466486467
391,0.05536792123838005,0.05602490332298052
392,0.05536596447459124,0.056024471860636735
393,0.05536367341584839,0.05602459802316614
394,0.055361758658542225,0.05602480704983051
395,0.055359256833834074,0.0560247159516376
396,0.05535801122122062,0.05602471884687744
397,0.055353831992022096,0.05602247601094532
398,0.05535122899293769,0.0560223631758332
399,0.05534888467757859,0.05602221804330645
400,0.05534701895722448,0.056022050017720385
401,0.055344177391734736,0.056021613206600436
402,0.055342054347457974,0.05602155168049378
403,0.05533847389577162,0.0560202565890039
404,0.055336088515329986,0.0560196205025814
405,0.05533475886166651,0.056019847151065894
406,0.05533346990258319,0.05601988424515148
407,0.05533172371483297,0.05601976417282003
408,0.05532932336645378,0.05601957285206159
409,0.055327487260458906,0.05601947691349194
410,0.05532558707783172,0.05601929512133106
411,0.055323734988755514,0.05601905566117302
412,0.05532217649314077,0.05601906053021035
413,0.05532067404884017,0.05601913516998541
414,0.05531915269924441,0.05601887560937992
415,0.05531759249119033,0.056018540883705475
416,0.05531571923057633,0.05601905491914059
417,0.05531346720392851,0.05601910653718129
418,0.055311420856694674,0.05601922357287744
419,0.05530972205263756,0.056019190099775705
420,0.05530846263513003,0.05601882493410131
421,0.05530692953875358,0.056018989228906274
422,0.05530521296674982,0.05601840878822431
423,0.05530312884677219,0.05601850744099764
424,0.05530147073940543,0.056018282292782176
425,0.055300026087662456,0.05601843186247776
426,0.055298343320477644,0.05601810750081897
427,0.05529623509156751,0.056018012078281575
428,0.05529411091830073,0.056018251905026406
429,0.055292384226274596,0.056018468881364976
430,0.05529082999681293,0.05601838267947396
431,0.05528901552541783,0.056018469314328447
432,0.05528721918253562,0.0560179863039593
433,0.055284570457795154,0.05601674895623964
434,0.0552829187741446,0.05601716345544606
435,0.05528115982411292,0.05601752278516725
436,0.05527898429431238,0.056016631111323795
437,0.055276998685704466,0.056016333806841234
438,0.055275902224199515,0.056016489797487065
439,0.055274649758749225,0.05601662354402312
440,0.055272818927699904,0.056016849978482
441,0.05527028474004374,0.05601649467619321
442,0.05526865112120047,0.05601675824444931
443,0.05526673268318607,0.056016787942945394
444,0.05526511180609115,0.05601670256032824
445,0.05526360723357404,0.05601674620491145
446,0.05526135536247797,0.05601616800895617
447,0.05525911198344544,0.05601595042410054
448,0.0552571860744665,0.05601638198393787
449,0.05525490634242119,0.056016182112265514
450,0.05525319660577957,0.05601603180625208
451,0.05525214869208079,0.05601612715980111
452,0.055250296097245646,0.056015786185878054
453,0.055249261052174765,0.0560160190330191
454,0.05524706524829443,0.05601546006707627
455,0.05524572499066691,0.056015530489963564
456,0.05524366558413813,0.056015211828013445
457,0.05524213484835186,0.05601529831683939
458,0.05524090806820996,0.056015365196957725
459,0.05523894968555749,0.056015541729034564
460,0.05523753777899813,0.0560155667613421
461,0.05523611728234351,0.056015809936564534
462,0.05523486152009647,0.05601647993574076
463,0.05523296319433448,0.05601627880432223
464,0.05523087997837314,0.05601613154738393
465,0.05522916557420395,0.05601575631914812
466,0.05522721785413243,0.056015572691327016
467,0.05522565064967443,0.05601583723278237
468,0.05522402426344195,0.0560156594400384
469,0.05522259238298062,0.05601534597006035
470,0.05522036372209145,0.056015147843730635
471,0.055218395552716376,0.05601487999370666
472,0.05521699170375375,0.056015685637318895
473,0.0552159248841807,0.05601581097996316
474,0.055214257222055814,0.056016084635947885
475,0.05521292914400157,0.056016069656391956
476,0.05521134907377091,0.05601596189694953
477,0.055209958047674666,0.05601607114535948
478,0.05520867539979855,0.056016061673988635
479,0.055207202491652306,0.056016084895346006
480,0.05520566158679824,0.05601547166603076
481,0.05520405745851623,0.056015816796179625
482,0.0552028937581764,0.05601617661546129
483,0.05520188819635906,0.05601630862877138
484,0.05519944772376574,0.05601631573823691
485,0.055198254855276,0.05601631792581231
486,0.05519648857011082,0.05601621694096371
487,0.05519515751729207,0.05601670314922378
488,0.05519422459372396,0.05601681692218394
489,0.055192386230644944,0.05601646362028285
490,0.05519100831007004,0.05601625173550905
491,0.05518901606159256,0.05601588846145093
492,0.05518727423066831,0.05601614018868698
493,0.0551856843086023,0.0560163757428285
494,0.05518413146314678,0.0560161920642603
495,0.05518221401403203,0.05601593338687125
496,0.05518042120030001,0.05601633661793443
497,0.055179081093187574,0.056016767677325066
498,0.0551775204556924,0.05601661046989653
499,0.0551761442935627,0.05601710067834275
500,0.055174660456288764,0.05601714032366802
501,0.0551730008084525,0.056017208949957875
502,0.05517100950799557,0.0560168727218096
503,0.055168476928553506,0.0560165375491057
504,0.05516693422972457,0.05601613529437538
505,0.055164698116330076,0.05601586938324077
506,0.05516326513082009,0.056015707215004214
507,0.05516142251267036,0.05601588926127675
508,0.05516006247585969,0.05601596366124803
509,0.05515833802720048,0.056015663601073934
510,0.05515724941099684,0.056016199935257846
511,0.055155062399377786,0.056016026593277694
512,0.05515326070048065,0.056016104267354795
513,0.055151344572195664,0.056016090966606556
514,0.05515016526975424,0.056016213394987815
515,0.055148717490736694,0.056016150199288066
516,0.05514726945991201,0.05601612836483008
517,0.05514517460195262,0.05601596049350731
518,0.05514412556081291,0.05601609374509055
519,0.05514167502098934,0.056016733396866095
520,0.055139836475542804,0.05601665940785653
521,0.05513797640743298,0.056016887011409576
