0,0.15303518994441703,0.1532125809959536
1,0.1412939616555889,0.14145959601069047
2,0.13080443211210935,0.1309825931242664
3,0.12153539925921236,0.1217327844004846
4,0.11318011736826085,0.1133565092588014
5,0.10583809321377315,0.10599929383161184
6,0.09927037871629994,0.09941950027289283
7,0.09369515278088579,0.09383781495645538
8,0.08861576148804465,0.08875674049832073
9,0.08439094456565156,0.08452167855045813
10,0.08039646920473466,0.08051718520792422
11,0.07709804016907328,0.07721735829815773
12,0.07421817699125713,0.07432058233351768
13,0.07164638555771266,0.07173376778668329
14,0.06947779250683915,0.06954875129769088
15,0.0676431547835169,0.0677042863069899
16,0.06605511202753986,0.06611432000074381
17,0.06472988165623737,0.06477212610016418
18,0.06356336995879483,0.06360518488424646
19,0.06262698937829277,0.06265542746115889
20,0.06177791258677078,0.061799552514687314
21,0.06107296083526169,0.061081876728297395
22,0.06046016884428444,0.060465373255173406
23,0.05990898434849266,0.059908707727151636
24,0.05944713133079449,0.05943811569757433
25,0.059050452488536936,0.05903222183344635
26,0.0587354788086355,0.058716866978219276
27,0.05845903712487072,0.05843240279696271
28,0.05824187209420084,0.05821336311570124
29,0.05806370167223241,0.05803059709041304
30,0.05789433779526501,0.05785916958056899
31,0.05776367207829179,0.05772701370133366
32,0.05765091068231806,0.05761353570402474
33,0.05755537771977876,0.057516774527820023
34,0.057464208713699366,0.057422179063059096
35,0.05738848281870195,0.05734480806374629
36,0.05731947893109398,0.05727666323045123
37,0.057263113984982614,0.05721585499399166
38,0.05720913610871237,0.057158980725320045
39,0.057161084926352856,0.05711228148891439
40,0.05712108314454644,0.05707256252775004
41,0.057087274000050245,0.05703858211722914
42,0.05705389663435015,0.057005402870721145
43,0.057024738296572466,0.056975968410823
44,0.05699364389248717,0.056942950414004365
45,0.05697052745468388,0.05691931099470993
46,0.05695096494929522,0.05690030366546917
47,0.05692869093902829,0.05687605135605221
48,0.056904673178510834,0.05685076447488632
49,0.05688780650645812,0.05683253711515155
50,0.05686857001866271,0.05681280162205989
51,0.05685605711651899,0.05679999497916737
52,0.056843887280178806,0.05678782609191213
53,0.05682247883178979,0.05676347190151606
54,0.05680811786769178,0.056749182158783246
55,0.056791676357421245,0.05673238240864436
56,0.056780380758813066,0.056719636767023913
57,0.056770924378172494,0.056710172586247116
58,0.05675930218116052,0.05669847480800907
59,0.056750838284670396,0.056690696560509436
60,0.05674419583255114,0.056685813744766764
61,0.05672985519919813,0.05667111760879732
62,0.056725225266717826,0.05666690422681226
63,0.056715597317866365,0.05665619108159489
64,0.05670788814121613,0.05664916996129558
65,0.05669847422438165,0.05663933438354161
66,0.056692710511708794,0.05663471849741656
67,0.05668833199573518,0.056631112971841105
68,0.056680011873862804,0.05662317332969195
69,0.056671208026405295,0.05661530694498697
70,0.05666428706744159,0.05660906203462585
71,0.05665775152090582,0.056601947448348976
72,0.056651640452396845,0.05659673828577573
73,0.05665106666230661,0.05659602891107379
74,0.056647783953307045,0.05659329201564498
75,0.05664091244278481,0.05658778584870958
76,0.0566354045415781,0.05658304056718879
77,0.05662885259249476,0.056578149366193375
78,0.0566218170793753,0.05657127956118612
79,0.05661643196108573,0.05656644630657535
80,0.05661127868220201,0.05656145419057057
81,0.05660579144543859,0.056558056417352814
82,0.056597047039287814,0.05654993982792059
83,0.05659301255256108,0.05654542954953175
84,0.05659112850751883,0.056544083403148926
85,0.05658642365498239,0.05653972595328913
86,0.05657981195797062,0.056533716788716395
87,0.05657596786825087,0.056529285984181464
88,0.056574446780759756,0.056528723032574835
89,0.05657002203831711,0.056525072979731396
90,0.05656978764719219,0.056524710390909984
91,0.05656582095885159,0.056520794972764035
92,0.05656524753550388,0.05652095904180667
93,0.05656160173876706,0.056518325556546574
94,0.05655446021716839,0.05651209062541686
95,0.05655286080240834,0.05651069320712136
96,0.056549218392696214,0.05650781084324379
97,0.05654564788873119,0.05650401512863959
98,0.05654031752067641,0.05649841999043871
99,0.05653387539133421,0.0564933699148404
100,0.05652855884628503,0.05648828878541379
101,0.05652475040839888,0.05648574677013569
102,0.05652007018873205,0.05648201908584452
103,0.056516284485662135,0.056479772018830136
104,0.056510698433821824,0.05647424978900556
105,0.05650244623912105,0.05646687412267726
106,0.05649928628869591,0.0564647887105968
107,0.056495091409116675,0.056460699274225895
108,0.05649157089639617,0.056456847110545764
109,0.0564867659480515,0.05645263269721991
110,0.056482445220102796,0.05645058178079653
111,0.05647805263518955,0.056446318942951164
112,0.056473230869960526,0.05644194083044955
113,0.056471668578201094,0.05644052524272734
114,0.05646758391164222,0.05643788088572674
115,0.056462773906125356,0.0564338363138115
116,0.05645827937102427,0.056430494456004884
117,0.05645371403195081,0.05642569343816934
118,0.056451410905058175,0.056423512907398464
119,0.05644909779145491,0.05642190749196265
120,0.05644683711431322,0.05642008129299737
121,0.056444721159221924,0.05641898802843707
122,0.056440558685273125,0.05641410001205785
123,0.056440478707175404,0.05641415724816449
124,0.05643595797436452,0.056409814058838485
125,0.05643007815549694,0.05640446084334113
126,0.056426670759816236,0.05640201230959668
127,0.05642424632210801,0.05639995998886191
128,0.05641965814150177,0.05639678686899355
129,0.056418308406567266,0.05639609018875654
130,0.056413978687476614,0.05639231157122924
131,0.0564100249277814,0.056388160861915455
132,0.05640835873622578,0.05638742543800823
133,0.05640613918447244,0.05638593296514642
134,0.05640290625311326,0.05638331076150343
135,0.05639951118297764,0.05638052392270162
136,0.05639714541368838,0.05637839597657442
137,0.05639394260497144,0.05637576849927954
138,0.05638990599012856,0.056372572563716625
139,0.05638574563020659,0.05636901725868684
140,0.056383411219010436,0.05636854004922196
141,0.05637901508370784,0.056365150709389855
142,0.05637704520696861,0.05636462236891374
143,0.05637470446918419,0.05636187388444965
144,0.05637225618671163,0.056359753629733
145,0.05637009562204306,0.0563583857385561
146,0.05636722294664682,0.056356057189547296
147,0.05636402387878571,0.05635317375740562
148,0.05636088496503874,0.056351070876940634
149,0.056356780029723295,0.056347684413896766
150,0.056354202263101894,0.05634538979393188
151,0.05635170185889428,0.05634347766523124
152,0.056348365682070446,0.05634056188971713
153,0.0563456333757135,0.056338609673830115
154,0.05634209404247179,0.056335196942495384
155,0.05634091055022529,0.05633504862498354
156,0.05633596705106763,0.056329824198118765
157,0.05633116221640686,0.05632530726990528
158,0.05632772818064971,0.05632206378117207
159,0.056323373116908056,0.0563182958840241
160,0.05632018541636802,0.056315911833907474
161,0.05631707580811338,0.0563131264731454
162,0.05631425396721139,0.0563110383506754
163,0.05631184865171691,0.05630859574883044
164,0.05630966471373861,0.056306984240127256
165,0.056306884348743626,0.056304881816162874
166,0.056304708103702285,0.056303801534917305
167,0.056301557059201264,0.05630162799773448
168,0.05629832425661806,0.05629976839417692
169,0.056292744068449356,0.05629649055840058
170,0.05629089605465882,0.05629502622532733
171,0.05628833255001017,0.05629266221077002
172,0.05628672710610368,0.056291837684275106
173,0.056283774839469794,0.056289643713865335
174,0.056281368896839705,0.05628869483640594
175,0.056277836432617315,0.05628642602550436
176,0.05627608842022733,0.05628518690268112
177,0.05627436170506655,0.05628330350076215
178,0.056271957022018405,0.05628106105872941
179,0.056269242908495554,0.05627858868596849
180,0.056266846026533146,0.05627691985751165
181,0.05626357796549042,0.05627414449541991
182,0.056261282557623304,0.056273589373117376
183,0.05625939297165232,0.056272281762891056
184,0.05625751205043941,0.05627090898806653
185,0.05625580031145796,0.056270306138869124
186,0.05625545109661667,0.056270174928223206
187,0.05625270128496533,0.05626841576701841
188,0.056251044109421326,0.056268079359722285
189,0.0562491966767526,0.05626693737931359
190,0.05624724941238076,0.05626549709054224
191,0.056245588178297425,0.05626513932880848
192,0.05624336174875365,0.05626379210503964
193,0.05624179024241884,0.05626301102062666
194,0.05623836499739563,0.05626006986704947
195,0.05623641870482822,0.05626009456644655
196,0.05623397254762122,0.056258224316925155
197,0.05623193219955146,0.05625677608408001
198,0.05623079001923418,0.056255781995510054
199,0.056229710580990286,0.05625491703301274
200,0.05622811322501408,0.056253823094413354
201,0.056224842057072365,0.05625151376132738
202,0.05622252959617038,0.056250431367518734
203,0.056220988103130434,0.05624991665296361
204,0.05621994082758572,0.05624894020686789
205,0.05621639299038775,0.056246783915015586
206,0.056215129350170104,0.05624623692678867
207,0.056214417273400076,0.056245922740865276
208,0.05621283307870412,0.05624498161972666
209,0.0562106374094317,0.05624478160760902
210,0.056209112294430846,0.05624368489727134
211,0.05620686177637562,0.05624354660459776
212,0.05620495868792503,0.05624204517788826
213,0.056203949000233795,0.056241795173739235
214,0.056201719347723396,0.05623931957806837
215,0.0561998484954421,0.05623806140925022
216,0.05619860345525704,0.05623699985402906
217,0.05619695738242032,0.05623554168969748
218,0.05619390764257498,0.05623308647301577
219,0.05619146720339433,0.056231415296166494
220,0.05619025243598527,0.056231163690368305
221,0.05618931114991045,0.056230397433694096
222,0.05618849584986409,0.05622990717745833
223,0.056186683384483176,0.056228423245446454
224,0.05618441053186592,0.05622675667636325
225,0.05618300460220422,0.05622617455089723
226,0.05618295161994575,0.05622629510104477
227,0.05618107919712908,0.056225349939298584
228,0.056179915380474836,0.05622438021607861
229,0.05617832992819982,0.05622292631899134
230,0.05617732634621029,0.0562227370360893
231,0.056174740105111864,0.0562215846172666
232,0.05617345996741231,0.05622096617173707
233,0.056172267993038504,0.05622014053099944
234,0.056172176669371694,0.05622016736960371
235,0.05617022715918849,0.056218558070986586
236,0.05616847309959438,0.05621764385973033
237,0.05616668568333365,0.05621627350499873
238,0.05616292424890246,0.05621351529033316
239,0.05616274999818361,0.056213468464735974
240,0.05616132324963325,0.05621266275933543
241,0.056159721057434886,0.05621258188209289
242,0.05615907179177087,0.056212404417359786
243,0.05615786958543866,0.056212752888395494
244,0.056156127636848234,0.05621243003731022
245,0.056155039060146,0.05621151393111516
246,0.056154111676209324,0.05621134751790212
247,0.05615244186806672,0.056210457726199474
248,0.05615097472759938,0.05620901574466007
249,0.05614906682796467,0.05620762420832719
250,0.056148388362746965,0.056207668819657976
251,0.05614533605802881,0.056205378432572985
252,0.05614497666827015,0.05620535691257797
253,0.05614303070743331,0.05620404710973358
254,0.05614188111060947,0.05620334158302155
255,0.05614128215169888,0.056203553720592596
256,0.05613802302744845,0.056201013513086914
257,0.056136913433922506,0.05620091196301026
258,0.056135965838185586,0.05620003029283265
259,0.05613424063335308,0.0561987059325378
260,0.056132858439195715,0.05619789639676796
261,0.05613147885096613,0.05619764029931884
262,0.05612993069564642,0.05619680161462724
263,0.05612858751431619,0.05619605140578522
264,0.05612760266979209,0.056195704622592574
265,0.05612685589420845,0.05619534867138327
266,0.05612591328288052,0.05619522395404137
267,0.05612505144498935,0.056195171285417955
268,0.05612495985056753,0.05619516826971492
269,0.0561228691623478,0.05619316810513895
270,0.05612095745714372,0.05619179728669896
271,0.05612016985020393,0.05619172183229499
272,0.05611719820920295,0.05618863857620638
273,0.05611552958377644,0.05618683790767734
274,0.05611527811649913,0.05618686814851209
275,0.05611455689599417,0.05618614497446727
276,0.0561128041207297,0.056185092986760256
277,0.05611076232038171,0.056183720300870696
278,0.0561098069552421,0.05618360492355081
279,0.05610754948349217,0.05618193993360832
280,0.056106759676517216,0.05618106341092303
281,0.056104470969040296,0.0561793084136224
282,0.056102665620568426,0.05617864340642307
283,0.0561005381824813,0.05617758458636224
284,0.05610018836119573,0.05617721740029852
285,0.05609888782590013,0.056176438061996736
286,0.056097200283988,0.0561752238419565
287,0.05609432348944419,0.05617260571663128
288,0.056093327354355245,0.0561721883363169
289,0.05609237636368052,0.05617129425364922
290,0.05609081849719204,0.05617034447287456
291,0.056089324998663925,0.0561689411925083
292,0.0560889329863275,0.05616893537539074
293,0.05608885688754046,0.05616895445854078
294,0.05608706469865098,0.056168410078292125
295,0.056086121697265894,0.056168067947918676
296,0.05608431851694615,0.056167089969024336
297,0.05608346198880754,0.05616709167573479
298,0.05608198395508974,0.05616601151011074
299,0.05608083314149842,0.056164873515948746
300,0.056080140103827274,0.05616466476469083
301,0.056077640306298866,0.056162652339802256
302,0.0560762959437386,0.056162265716296934
303,0.05607216256210013,0.056161515606477266
304,0.056071351244474314,0.05616090286158794
305,0.05606928102502312,0.0561605013688671
306,0.056067970652665444,0.05615990425636013
307,0.05606662715760169,0.05615900415704492
308,0.05606637446036963,0.05615902995251574
309,0.0560645508226068,0.05615941532159495
310,0.056063148777376275,0.05615831025848569
311,0.056062901052519286,0.056158315741812084
312,0.056061416095683235,0.05615699822989945
313,0.05605849944094812,0.05615489583070604
314,0.056057033760793754,0.056153647514859684
315,0.056056113358198545,0.0561535625859243
316,0.05605418574814511,0.056151876522771586
317,0.056052613042906936,0.056150336886883465
318,0.05605187021555109,0.056149964624269
319,0.056051790171571435,0.056149979178194656
320,0.05605159254972937,0.05615002715260901
321,0.05604977084752617,0.056149600308656365
322,0.056048714739553814,0.05614901213765338
323,0.05604700895212363,0.056148356571721666
324,0.056045970579147515,0.05614824583703173
325,0.056044776572994275,0.05614761684040773
326,0.05604255717872267,0.05614679271255386
327,0.05604171314995822,0.0561461053924112
328,0.0560403004402893,0.05614581837351446
329,0.05603907418438135,0.056145255803662995
330,0.05603801881426188,0.05614517906576554
331,0.056037964962887765,0.05614518051415997
332,0.056036703102202295,0.05614467776949397
333,0.05603581617203063,0.056144061541936005
334,0.05603525604926364,0.05614406343464493
335,0.05603285240479781,0.056142000755980775
336,0.05603282841085214,0.05614200083189536
337,0.056032376972418876,0.05614186066266095
338,0.05603191524978889,0.056141630140170484
339,0.056030911521470515,0.05614083720096749
340,0.05602928408899518,0.05613999171340694
341,0.05602720979834403,0.05613843577227188
342,0.05602575239323521,0.05613660491760257
343,0.056024064197848715,0.056135933996664056
344,0.05602247059235648,0.05613428745227036
345,0.056022266416443256,0.056134353679479936
346,0.056020632305923315,0.05613380790331664
347,0.05601890456206923,0.05613298507299544
348,0.056017809081050834,0.056132599035531965
349,0.056015936068657214,0.05613107490545754
350,0.05601470439886291,0.056130184416105705
351,0.05601256028797402,0.056129261156394196
352,0.05601026190576518,0.05612770902610277
353,0.05600938024014438,0.056127564188619916
354,0.05600842705560103,0.05612709246358828
355,0.0560080703112089,0.05612653218371697
356,0.05600759581692757,0.0561263323657368
357,0.05600664075963012,0.05612582703932998
358,0.05600514554597625,0.05612468216897725
359,0.05600332787085703,0.05612409741839252
360,0.05600199689819483,0.05612395323268294
361,0.0560003923680107,0.05612320872362309
362,0.05600017568581167,0.056122846352707326
363,0.05599903643311518,0.056121999131320766
364,0.05599774128250526,0.05612149376773408
365,0.05599759225917032,0.05612139835713401
366,0.0559964347195463,0.05612046385542392
367,0.05599529259241849,0.05611959566804382
368,0.05599527683291001,0.05611959557557023
369,0.055995049866571785,0.056119675919078495
370,0.05599484455599803,0.056119553435566814
371,0.055993540873043125,0.05611902666155106
372,0.055993345207354335,0.056119062641172765
373,0.055992235902621375,0.0561184831557134
374,0.055990794219376624,0.05611754868012028
375,0.05598970771899403,0.05611730617805796
376,0.05598882449163355,0.05611708396946243
377,0.05598800715002749,0.056116450512645084
378,0.05598650911129485,0.05611575206172122
379,0.05598553750753577,0.05611545834938748
380,0.055983674584518466,0.056115124174893186
381,0.05598365974910465,0.0561151240937046
382,0.05598191567253519,0.05611338038858961
383,0.05598085654788288,0.056113225577703006
384,0.05597952275069783,0.05611263506589679
385,0.055978857440882344,0.05611240473253726
386,0.0559781546966031,0.056111841137666305
387,0.05597714250772846,0.05611069287492173
388,0.05597671816678526,0.05611021681634593
389,0.05597663745466227,0.05611021678140814
390,0.05597550318952145,0.056110391049768206
391,0.055974413044292876,0.056109880825206924
392,0.05597331162680285,0.056109063468702855
393,0.055972221890016764,0.056108769336899796
394,0.055971266036954175,0.056108398016962574
395,0.0559701331597435,0.056107790133691736
396,0.05596884507510024,0.05610730153918867
397,0.055967991108860964,0.05610715345251498
398,0.0559664647219953,0.0561064653509623
399,0.05596551694937557,0.05610626322575423
400,0.05596448458760379,0.05610547224616657
401,0.05596328884964678,0.05610447472629376
402,0.05596308274626631,0.056104374777556865
403,0.05596019920846412,0.05610284736390272
404,0.05595934704088813,0.05610262109458417
405,0.055959191693591946,0.056102660661347364
406,0.05595788299344544,0.056101669882308934
407,0.05595697663570899,0.0561012293105386
408,0.055955831717903,0.056100098925639386
409,0.055954548060696115,0.05609986599358824
410,0.055953254220178,0.05609954777359518
411,0.055952325371330054,0.05609933443721899
412,0.05595056933944966,0.05609915734347186
413,0.055949646638872405,0.05609832748558691
414,0.055948568541293896,0.056097945077209055
415,0.05594773736606905,0.056097779327968014
416,0.05594658115990468,0.05609780751298158
417,0.0559459115619689,0.05609790730582866
418,0.05594578050620118,0.056097939179123174
419,0.0559442809581629,0.05609725638396292
420,0.05594370352004352,0.056097183781408426
421,0.05594273930627303,0.05609710029758316
422,0.0559403241982113,0.056094870613030375
423,0.05593856887236678,0.05609443087762521
424,0.05593772400575771,0.05609382712626434
425,0.05593690589273465,0.056093544713257594
426,0.05593648852154708,0.056093310187493875
427,0.05593564457907623,0.05609321832505242
428,0.05593466430311283,0.05609278614518785
429,0.05593359058892668,0.056092448628307506
430,0.05593228146114998,0.05609127281533981
431,0.05593216651422616,0.056091297479416755
432,0.055932130884700976,0.056091297308202955
433,0.05593111815868039,0.05609104739451688
434,0.05592954444246792,0.0560909558576809
435,0.055928617190143436,0.056090588145830234
436,0.055927834789396474,0.05609044934450536
437,0.05592642288647351,0.05608884368730994
438,0.055925283397549964,0.05608822243362872
439,0.05592367312544999,0.056087634187855784
440,0.0559225470333639,0.056087627379033334
441,0.055922158620798794,0.05608731198015197
442,0.055921675382711825,0.056087331304071515
443,0.055920598984762156,0.056087284027659313
444,0.05592016544045639,0.056087140298652714
445,0.055920080568348504,0.056087105481469744
446,0.05591808108308708,0.05608729823058631
447,0.055917798357137005,0.056087328282985426
448,0.0559166408216123,0.056087068318981664
449,0.055914922962831466,0.056086337546538315
450,0.05591484529904737,0.05608640505987398
451,0.05591428595689448,0.05608653518186077
452,0.05591423080711563,0.05608653634057438
453,0.055913740436562435,0.05608624847579521
454,0.05591285842017035,0.05608640714610747
455,0.055911984415656424,0.056085726756894015
456,0.055911920332079035,0.05608574277374375
457,0.055911215115678765,0.05608565201792977
458,0.055909968092578574,0.05608494317043634
459,0.055907590186363446,0.05608258710174387
460,0.05590687937533418,0.05608248220551681
461,0.05590667419606096,0.05608244245412547
462,0.055905728016361046,0.056082007196438875
463,0.05590566557944223,0.056082071801376074
464,0.05590483845320172,0.05608180778069878
465,0.05590296915721213,0.05608170194243703
466,0.05590162225589347,0.05608047941649356
467,0.055900875101873464,0.056079793381623236
468,0.055899817011678676,0.05607933271872651
469,0.0558992116459566,0.056079074852665514
470,0.055897889938200856,0.056078324030726476
471,0.05589604064753446,0.056077956125344476
472,0.05589548833450841,0.05607826452023525
473,0.05589469757013212,0.056078034358310914
474,0.05589390781129493,0.05607766640506084
475,0.05589346561966454,0.05607733305811556
476,0.055892440387433025,0.05607721456006961
477,0.055891846636135785,0.056077266444543326
478,0.055890816133011154,0.05607715383320775
479,0.05589033330535545,0.056076905768969745
480,0.05589000030303537,0.05607686856304225
481,0.055889401588525414,0.05607711531712418
482,0.05588867686287199,0.05607701014708223
483,0.05588741694167188,0.05607655209701249
484,0.05588662812020553,0.05607674213046387
485,0.05588591838538736,0.05607580849439376
486,0.05588571161276558,0.05607575842654198
487,0.05588557338542849,0.05607582196898447
488,0.05588533640780867,0.05607580375212411
489,0.05588354791403474,0.056074307994611695
490,0.05588184615965233,0.056074624681775036
491,0.05588097214894416,0.05607466914965187
492,0.05588086295763668,0.05607467944082777
493,0.05588079863197504,0.0560746467979122
494,0.05588004894250971,0.05607433949705833
495,0.05587978774169154,0.056074295183429955
496,0.05587888167576809,0.056073541075484346
497,0.05587809876798797,0.05607278333309022
498,0.055877985373712684,0.056072730822753054
499,0.055877462718868905,0.05607310630748074
500,0.055876843884793345,0.056073075015942955
501,0.05587616198280678,0.05607263555489017
502,0.05587509722502525,0.05607264154570419
503,0.05587467117331924,0.05607235142988573
504,0.0558738643484084,0.05607184938648534
505,0.055873379475207485,0.056072457650226275
506,0.05587263821245964,0.05607241562400875
507,0.05587186136961321,0.056072095144671166
508,0.05587055235699174,0.056072166783200685
509,0.05587052313800921,0.05607216471599548
510,0.05586983051898232,0.05607241538098427
511,0.05586973388192136,0.056072349216988435
512,0.05586885329507085,0.056072131777966515
513,0.055868763906497636,0.056072114313307116
514,0.055867890507170885,0.05607167601112711
515,0.05586694154614915,0.05607135239545245
516,0.055866420948235504,0.056071151726458754
517,0.055865778173125054,0.05607090124478317
518,0.05586551412580171,0.05607085682778442
519,0.05586534797721742,0.05607080595390353
520,0.055864958094084115,0.05607073656400966
521,0.05586431061667467,0.05607042821786417
522,0.055863320208885105,0.05606972975266397
523,0.05586274070079732,0.056069698787361275
524,0.05586168914929587,0.05606989124741363
525,0.055860491039885836,0.056069252511292945
526,0.05585946145494155,0.05606920299247575
527,0.05585929090680354,0.05606925663409867
528,0.0558585748888549,0.05606889029292701
529,0.055857826367230835,0.056068777331470386
530,0.05585754129267303,0.05606869613496652
531,0.055857506600175716,0.056068711011284765
532,0.05585717766314359,0.05606854993006001
533,0.055855865734653405,0.056068596526663024
534,0.05585515416753883,0.05606816065685131
535,0.05585438305957742,0.05606809629798967
536,0.05585419812859375,0.05606807251550611
537,0.05585403042239792,0.056068060058710845
538,0.05585301377338847,0.05606791936259318
539,0.05585213051182009,0.05606807852243597
540,0.0558513224964173,0.056067828742728434
541,0.055850783210937,0.056067805857803875
542,0.055850210918611316,0.05606777916618759
543,0.055849306617559616,0.05606773896723282
544,0.05584887796438275,0.05606763638543693
545,0.055848714295029155,0.056067557365520306
546,0.05584817184679107,0.0560671608915951
547,0.055847253575473606,0.056066955423804604
548,0.055846209672336444,0.0560665583013792
549,0.055846117236769,0.056066574184486274
550,0.055845335492482565,0.05606631068751192
551,0.055844893731319886,0.05606590875230751
552,0.0558441355078442,0.056066186442769145
553,0.0558435295119113,0.056066094163564735
554,0.05584231449515258,0.056065243253091215
555,0.055842284922357946,0.05606524555726435
556,0.055841734492344586,0.05606533458923825
557,0.055840845374255016,0.05606446023250539
558,0.05584038739880425,0.05606459073087573
559,0.05583900646768155,0.056063927702057904
560,0.05583875052713324,0.05606392146020276
561,0.055838523231467534,0.05606375553916147
562,0.05583731444012339,0.05606258837272105
563,0.05583559884764048,0.05606152435084752
564,0.055834706401657816,0.05606163079959015
565,0.05583364134513577,0.05606107743602047
566,0.05583282004444673,0.05606104299238297
567,0.05583236621102704,0.05606069220499306
568,0.05583130021326585,0.05606036239912791
569,0.05583046275788809,0.05606005369032175
570,0.055830122832148714,0.056060031317665
571,0.0558300227671435,0.05606006711152248
572,0.055829039382245545,0.05605968275047199
573,0.05582780114061305,0.0560590560265126
574,0.05582683952619176,0.056058369655274616
575,0.055826207204639045,0.05605848083849892
576,0.055825513359434906,0.05605783152737629
577,0.055825242961423764,0.0560575785445038
578,0.05582473384921923,0.0560575967176708
579,0.05582435351852883,0.05605757273778479
580,0.05582341736437919,0.05605755386984971
581,0.05582303822816863,0.05605746236374154
582,0.05582214753827279,0.05605776776406811
583,0.05582115806198376,0.05605845844971207
584,0.055821108824503494,0.05605846856817791
585,0.05582065674709962,0.056058309546417245
586,0.055819903749361015,0.05605814650400308
587,0.05581872516851389,0.056057507856188675
588,0.05581844938729634,0.056057511844207035
589,0.05581792836532092,0.05605751609166053
590,0.05581785885420415,0.05605752650166441
591,0.055817527826690694,0.056057607700934514
592,0.055816428184994216,0.056058011782659775
593,0.05581602635887203,0.05605800170650267
594,0.055815432172319865,0.05605771741237652
595,0.055813950474372716,0.05605788950805341
596,0.05581342367433888,0.05605800863815502
597,0.05581336476948012,0.05605800989060703
598,0.05581291158082517,0.05605800383321417
599,0.05581284924115747,0.05605795235106432
600,0.05581230828535631,0.05605826916220123
601,0.05581081772717417,0.05605890836082676
602,0.05581041653825296,0.056059293608405426
603,0.05580784038654483,0.05605647954547044
604,0.05580767549290987,0.05605653242604733
605,0.0558070196565274,0.056056382958347126
606,0.055806071148560135,0.056055904431061815
607,0.05580524816156307,0.05605573387430764
608,0.055804960704463884,0.056055648051523646
609,0.055803660479361465,0.056054601478898715
610,0.055803204661221045,0.05605448699765951
611,0.055802286186756735,0.056053688628549585
612,0.05580189831326322,0.056053624543324194
613,0.05580148306364279,0.05605336892116983
614,0.055800890013360374,0.05605341762171711
615,0.055799802726582304,0.056053317757938356
616,0.05579934884953589,0.05605302579827816
617,0.055798715788475596,0.05605302340668056
618,0.055798015818803316,0.05605299276618483
619,0.05579693285974966,0.05605262967183197
620,0.05579536604058015,0.05605258663732121
621,0.05579484190389847,0.05605257506084851
622,0.05579477594813601,0.05605257431871336
623,0.05579444608420419,0.056052665382978185
624,0.055794234926913995,0.05605264670353412
625,0.05579341794527594,0.056052606011776494
626,0.05579275201766697,0.056052325457275454
627,0.05579219206969172,0.05605269601207327
628,0.055791614304960324,0.05605256437330934
629,0.05579106176444829,0.05605289465315744
630,0.05578996948933943,0.05605224311285872
631,0.055789462262470384,0.05605207609232487
632,0.055788886147221786,0.05605138667388805
633,0.05578773380807873,0.056051229448407465
634,0.05578643228969495,0.05605218028138636
635,0.05578553721117173,0.05605201177972846
636,0.0557854653959676,0.05605199608485107
637,0.05578485041273562,0.05605152355715272
638,0.05578400048968827,0.05605116610248086
639,0.05578326747543237,0.05605102022445541
640,0.05578299957590298,0.056050783950734234
641,0.05578184925492957,0.05605045936367936
642,0.055781808538365195,0.05605048085973286
643,0.05578156034900916,0.05605031400023969
644,0.05578091032588841,0.05605005875228499
645,0.05577882645404945,0.056048848257421256
646,0.055778675887504334,0.05604881636288321
647,0.055778483988834705,0.05604885300723599
648,0.05577799127577176,0.05604880045086222
649,0.05577511522938963,0.05604724467215764
650,0.05577424172453021,0.056047349107138815
651,0.05577414009805005,0.056047346282902005
652,0.05577402384477279,0.05604733189132834
653,0.05577332465697729,0.05604739139507343
654,0.055772567921506915,0.05604718101971784
655,0.05577204878737775,0.05604713760180958
656,0.055771518571073576,0.05604681974887643
657,0.05577077843571361,0.05604625325181739
658,0.0557707184403507,0.05604624388666009
659,0.05577027296022368,0.05604602835418124
660,0.05576957348113806,0.056046009136622686
661,0.05576922260506048,0.05604628782215568
662,0.05576879648151225,0.056046156951177935
663,0.055767796818429534,0.05604585992805991
664,0.05576733488512101,0.05604579014074649
665,0.05576704062966044,0.056045576756764685
666,0.05576606661107483,0.05604543996043365
667,0.055765844349471946,0.05604525751480106
668,0.05576559741029187,0.056045263127178356
669,0.055764587394611466,0.05604505585316638
670,0.055764220997855225,0.05604508216658998
671,0.05576388807728904,0.056045121667063005
672,0.05576365197076905,0.056045138831243034
673,0.055762665372334826,0.056044555190701395
674,0.05576263571145643,0.056044555871526396
675,0.05576216765864209,0.05604458456122326
676,0.05576146919981096,0.05604392744500387
677,0.055761149989205124,0.056043596646685886
678,0.055760606541745014,0.05604361482507553
679,0.05576055341496993,0.056043623051673715
680,0.05576011190456222,0.05604370575175288
681,0.05576002925003149,0.05604371154715601
682,0.055759300136064435,0.05604356755469957
683,0.05575822199346145,0.05604361107259266
684,0.05575813504454613,0.05604363145738246
685,0.0557577922214176,0.05604356030142342
686,0.05575740370787831,0.0560435078541861
687,0.05575644770380299,0.05604328360205894
688,0.05575626700454302,0.056043114717388945
689,0.055755172610239115,0.05604310922631608
690,0.05575450045076033,0.056042533058923025
691,0.0557532670137762,0.05604254148352576
692,0.05575228321895509,0.056042567141981366
693,0.055752256867596814,0.05604255873915501
694,0.05575179414508985,0.056042816013367386
695,0.05575144574560383,0.05604287797342594
696,0.055750240835309155,0.0560420860755628
697,0.05574977833346391,0.0560420433908185
698,0.055749056189997856,0.056041815145636255
699,0.055749019243316635,0.05604183530389259
700,0.05574815709433722,0.056041506805743754
701,0.05574808726916626,0.056041501370359716
702,0.05574771488948382,0.05604137290476425
703,0.055747110782813365,0.05604104553721137
704,0.05574684567022571,0.056041061527378824
705,0.05574610492794035,0.05604096873288592
706,0.05574519738394225,0.05604077435548472
707,0.05574477430016986,0.056041058560150604
708,0.05574398797067171,0.05604030944837908
709,0.05574279734192286,0.056039754568758635
710,0.055742744263580474,0.056039660651817376
711,0.055742195470670525,0.05603956897119391
712,0.05574170143247468,0.05603964007879322
713,0.05574162765218381,0.056039633637038025
714,0.055740648040001804,0.05603942599408999
715,0.05574043535207059,0.05603934882637303
716,0.05574002509206531,0.05603937200190089
717,0.055739935715598266,0.056039368006661795
718,0.05573910126369985,0.05603944306071453
719,0.055739018789817435,0.056039347480890206
720,0.0557382948650275,0.05603969404830469
721,0.05573821644445654,0.0560395505558754
722,0.05573720212047537,0.05603917747664787
723,0.05573640190281749,0.05603926438746123
724,0.055735624181853564,0.056038882166317805
725,0.05573456497402232,0.056038253271911656
726,0.05573392547690499,0.056038255623765326
727,0.05573377836787435,0.05603837183953685
728,0.05573372306527628,0.05603837130571663
729,0.05573332216222781,0.05603823012383357
730,0.05573298315854413,0.05603809741958409
731,0.055732921031774144,0.05603809885894288
732,0.05573202146252734,0.056037759000262456
733,0.055731268623721096,0.05603726152215999
734,0.05573110365240893,0.05603711453908433
735,0.05573047641455031,0.056037156006444315
736,0.055730235102948014,0.056037070212102746
737,0.055729430930739766,0.05603620099281702
738,0.05572900324750847,0.05603622958895129
739,0.05572776894847966,0.056035510329551064
740,0.055727637004958294,0.0560355298172126
741,0.05572752072335731,0.05603553997662376
742,0.055726730072763686,0.05603511406077774
743,0.05572652474188621,0.05603488921064251
744,0.0557262352604109,0.05603480531018961
745,0.05572617495573416,0.056034750185582134
746,0.05572542500160771,0.05603450437316888
747,0.055725317981051854,0.05603451686568504
748,0.0557252314505061,0.0560345249601946
749,0.05572506417454506,0.05603452738748134
750,0.055724199526749785,0.05603471054252794
751,0.05572383395447186,0.056034648204561895
752,0.05572348457808152,0.05603462777070954
753,0.05572282971832455,0.056034520543179006
754,0.05572257912779253,0.05603434423015289
755,0.055721557717919735,0.05603379731049939
756,0.05572143938685138,0.0560338606030605
757,0.055720603385623416,0.05603417942505397
758,0.05572054685754839,0.056034190275779744
759,0.055720464016608885,0.05603421543230508
760,0.05571965951502129,0.056034211287022094
761,0.05571895457608964,0.056034155105071266
762,0.05571835422615537,0.05603427636580053
763,0.05571753615903456,0.056034071973567356
764,0.055716607060787,0.05603314571557437
765,0.05571610480919122,0.05603320465808975
766,0.05571571003801682,0.056032877197253673
767,0.05571508753122299,0.056033006173683106
768,0.055714388210650855,0.056032155177876034
769,0.05571323386676324,0.05603246162067049
770,0.05571204611342291,0.056033644632825244
771,0.05571172757952488,0.05603348670758951
772,0.05571136560406905,0.05603373860999363
773,0.05571050174558601,0.05603376756399888
774,0.055709441096355734,0.05603272929346596
775,0.05570794237263282,0.05603399942445256
776,0.055707876885439434,0.0560340129000508
777,0.05570692563180201,0.05603367215236367
778,0.05570658487425554,0.056033685114574336
779,0.05570610189548213,0.056033752642224245
780,0.05570601575303013,0.05603376875885869
781,0.05570530803316764,0.05603359683475869
782,0.05570521360003855,0.056033582921824164
783,0.055704978381173866,0.05603357761706168
784,0.05570461294486993,0.05603349903415359
785,0.05570384226218998,0.056033164873499415
786,0.05570308185726971,0.056033428971198805
787,0.055702986197950326,0.056033368416411995
788,0.055702880924223666,0.056033371840671455
789,0.055702782848357765,0.0560334069039573
790,0.05570237690065393,0.05603332697782766
791,0.05570224715263429,0.056033331497093324
792,0.055702161998676857,0.056033328885942764
793,0.05570165231957092,0.056033236161852226
794,0.055701109355952926,0.056033475972737966
795,0.055700963057267565,0.05603340550085247
796,0.055698873401465836,0.05603234956351269
797,0.055698305016980185,0.056032364870748745
798,0.055698226329468026,0.05603236716144002
799,0.05569819171407481,0.05603235632584277
800,0.05569809485854103,0.056032361106935095
801,0.055697919499151316,0.0560324154237568
802,0.05569783362972924,0.05603241850062877
803,0.05569768360468512,0.05603241177258167
804,0.055697640783185544,0.05603242354128308
805,0.0556974292677948,0.05603240441137656
806,0.055697395083150004,0.05603240486950054
807,0.05569681769419171,0.05603267749413703
808,0.05569657033458373,0.05603270367452581
809,0.055695457133115266,0.0560319229862876
810,0.055694691029894286,0.056031291213697765
811,0.05569406764623042,0.05603105021867718
812,0.05569367460372828,0.05603098819222908
813,0.055693272232828155,0.05603091707473766
814,0.05569311343869447,0.056030847997356914
815,0.0556925912731787,0.05603072425452544
816,0.055691955338016595,0.05603067190239564
817,0.05569151773051148,0.056030498584417575
818,0.055690708020365534,0.056030292191569145
819,0.05569001450072138,0.05602989976809229
820,0.055689071373205196,0.05603055455737973
821,0.0556881773223848,0.056030016772863615
822,0.05568726435791947,0.05602932000446586
823,0.05568718391956766,0.05602930886404001
824,0.05568712853793305,0.056029343075037506
825,0.05568683421725005,0.05602955379784246
826,0.0556859619433181,0.0560297627370042
827,0.055685218098845,0.056029583181798716
828,0.05568508108596877,0.056029557995900266
829,0.05568404528672632,0.0560294682302524
830,0.05568337692837072,0.05602893229583996
831,0.05568270854424977,0.056029156110560654
832,0.05568205697257277,0.05602916181868521
833,0.05568122685244892,0.0560287021981429
834,0.05568045015737174,0.05602856710001077
835,0.05567977444157385,0.05602831277357659
836,0.055679706087949705,0.05602831347089956
837,0.05567931913275352,0.05602836994287253
838,0.05567871298518015,0.05602847628692641
839,0.055677898281459706,0.05602838118127182
840,0.055677093651938236,0.05602793643760433
841,0.05567704568766876,0.0560279209766453
842,0.055676769454437454,0.056028012873400694
843,0.055676687069441885,0.05602801875548587
844,0.055675769329491455,0.05602820747720206
845,0.05567454216247904,0.05602751414413792
846,0.05567318280011686,0.056027610734732
847,0.05567310868502654,0.056027577215264995
848,0.055672397095183436,0.05602722071843793
849,0.055672271874319584,0.056027232103155744
850,0.05567199967900364,0.056027220811072295
851,0.05567181448193743,0.056027262358732864
852,0.05567147658075184,0.056027148517935735
853,0.05567132400818037,0.056027183654576616
854,0.05567121035769192,0.05602722965234528
855,0.05567049804277002,0.05602654844853658
856,0.05566963701042486,0.05602614020451871
857,0.05566943139732476,0.056026158660589076
858,0.0556693768790001,0.05602618276761
859,0.05566881536003238,0.05602612336600197
860,0.05566844492115527,0.05602614856002819
861,0.05566841945277144,0.056026151188816244
862,0.05566794173392207,0.056026369468786065
863,0.05566778612653412,0.056026383394896594
864,0.05566774591128722,0.05602641443551488
865,0.0556656600524033,0.056025298737233824
866,0.05566502791814637,0.05602528209052241
867,0.055663732540357454,0.05602417727233351
868,0.055663090424651396,0.056024235002061565
869,0.05566270945420922,0.056024414984957076
870,0.055662260971321036,0.056024312786801526
871,0.055662093949600075,0.05602420414313051
872,0.05566200411729767,0.056024155944326
873,0.05566196070060503,0.05602413290820015
874,0.05566193903702953,0.0560241388320689
875,0.0556618237959333,0.05602414140948118
876,0.055661098129710436,0.05602421651177058
877,0.05566016943627908,0.05602412892141922
878,0.055659419419845015,0.05602409041485281
879,0.05565914119829606,0.05602409232364819
880,0.05565897701755549,0.056024061274280786
881,0.05565809994439172,0.056023985895728406
882,0.055657665836149464,0.05602334362752679
883,0.05565678754583171,0.05602364444604934
884,0.055656192936283225,0.05602323162520298
885,0.05565565687813799,0.05602298542735253
886,0.05565551796644754,0.05602293958066725
887,0.055655380136362335,0.05602292683274445
888,0.055654237656820794,0.056023033294882424
889,0.055653113497877583,0.05602203458502349
890,0.05565141229307299,0.05602103860983991
891,0.055651241845793925,0.05602103575451918
892,0.05565118048146472,0.05602103693323458
893,0.05565087173358813,0.05602091432320767
894,0.05565028182570747,0.05602049580946817
895,0.05564983182893659,0.05602049577916014
896,0.055649368336451566,0.05602047696870269
897,0.05564867216858872,0.05602026049283964
898,0.05564782655828025,0.056020105008795104
899,0.05564772487381253,0.05602011855340688
900,0.05564738869277795,0.056019846797363784
901,0.05564615532545269,0.05601918567461904
902,0.05564613508850652,0.056019186182380686
903,0.05564518104395242,0.056019123451704504
904,0.05564462042826509,0.05601866751930271
905,0.05564419443863243,0.056018513674086924
906,0.05564413549424264,0.056018515152454464
907,0.05564367057716061,0.05601844148194637
908,0.05564353681283264,0.056018301161563304
909,0.05564292297890919,0.056018005986051396
910,0.055642764941984474,0.056017915878781036
911,0.055641914121683414,0.056018141320973436
912,0.05564102310041638,0.05601771096065753
913,0.0556409172303381,0.0560176992147484
914,0.05564076016297013,0.05601769251439214
915,0.05564021077269672,0.05601742793142057
916,0.05563954505379211,0.05601724662298157
917,0.055638793801457725,0.05601741746239717
918,0.05563828932755001,0.05601737674908881
919,0.055637594617945305,0.05601751869292385
920,0.055636715724414566,0.056016958591214736
921,0.05563584292756682,0.05601662527507982
922,0.055635462575634745,0.05601653295336251
923,0.055635274502624954,0.056016539033364766
924,0.05563448203014212,0.056016484578893376
925,0.05563373233161718,0.05601619991204625
926,0.05563352146284969,0.05601616274566932
927,0.05563296786222263,0.056016047823188565
928,0.055632934200742175,0.05601602306504103
929,0.055632128592436846,0.05601512316437337
930,0.05563201967491411,0.056015133058909254
931,0.05563156774136413,0.05601528643681997
932,0.055630278867085534,0.056014318219311125
933,0.05563022633616637,0.05601431271736045
934,0.05563013708735541,0.05601425318915213
935,0.0556299669191109,0.056014240385513336
936,0.05562948230208477,0.056014225032382216
937,0.05562931795801731,0.05601410021544339
938,0.055628994848852066,0.0560141566668616
939,0.05562837228908825,0.056014023120383706
940,0.055627568454976996,0.056013874724155956
941,0.05562742420066761,0.056013864070969706
942,0.05562731018678034,0.056013828409920995
943,0.055626585176339505,0.056013332792021316
944,0.05562580114612043,0.05601304514994379
945,0.05562480293015351,0.056014582313363544
946,0.05562463957461779,0.05601463368817397
947,0.05562409443806378,0.05601463571551
948,0.05562316719143853,0.05601467949405267
949,0.05562266211122467,0.05601457467487858
950,0.05562226273970648,0.056014453783125036
951,0.055622229314840906,0.05601444920039474
952,0.05562149161171434,0.056014485203311
953,0.05562055772489422,0.05601453938444262
954,0.05562045835908398,0.05601453947254541
955,0.05561975961242487,0.05601422457149359
956,0.05561958547054234,0.05601420571103604
957,0.05561931170869133,0.056013786305842236
958,0.05561929314787595,0.05601379445993911
959,0.05561878156302568,0.05601379739638394
960,0.05561863729613197,0.05601372033351578
961,0.05561804106228376,0.056013155338563145
962,0.05561795171892809,0.056013139746442515
963,0.05561729677803575,0.05601279715798994
964,0.05561710720193317,0.0560127544783167
965,0.0556170101809998,0.05601275453408795
966,0.05561667976105711,0.05601251397621754
967,0.05561586183087128,0.05601269393439184
968,0.05561525286396526,0.056012764796139154
969,0.05561476538997969,0.056012890692757424
970,0.05561456786823116,0.05601274997672135
971,0.055613737268933185,0.05601286347865392
972,0.055613615777323745,0.05601273077171273
973,0.05561293845117324,0.05601294100173159
974,0.055612871862711785,0.056012942695578063
975,0.05561265652843644,0.05601291236281455
976,0.055611845327667796,0.05601329636001918
977,0.05561176643639978,0.05601329768064646
978,0.05561171228755942,0.056013262291688654
979,0.05561091322467521,0.056013669985584255
980,0.05560950631798193,0.05601230480128118
981,0.055608937630026764,0.056012341696847226
982,0.0556088252779878,0.05601232364986657
983,0.05560816417262071,0.05601244274746813
984,0.05560720977887669,0.05601166283263524
985,0.055606215669634064,0.05601131468792117
986,0.055606052432890636,0.05601134456976796
987,0.05560555490183555,0.05601155458712226
988,0.05560445638669442,0.05601137988124063
989,0.05560423646042507,0.05601131298759272
990,0.05560393219736574,0.056011281452140654
991,0.055603850817399054,0.056011278699367235
992,0.055603722069228104,0.05601128672653553
993,0.05560324841250669,0.05601110075968482
994,0.05560243362127397,0.056010843484200684
995,0.05560157897777634,0.05601090344623555
996,0.05560098559548294,0.05601133012937857
997,0.05560072072614989,0.056011451273374216
998,0.05560054396996094,0.05601137151179816
999,0.05560030860086868,0.05601122432175442
1000,0.05559992451782438,0.05601105915298658
1001,0.055599125530820116,0.05601109020568554
1002,0.05559907653912462,0.05601108015621415
1003,0.05559893347391572,0.05601111530645392
1004,0.05559883070533577,0.05601106264036482
1005,0.055598316392419266,0.05601099088208675
1006,0.05559772981723642,0.05601103312327059
1007,0.05559708129961567,0.05601123443769917
1008,0.05559670127731725,0.05601123796150511
1009,0.05559577149166623,0.0560102898409497
1010,0.055595329641741645,0.056010119119182473
1011,0.055595262115520405,0.05601010050945715
1012,0.05559463934266918,0.05601029793874392
1013,0.05559410131338385,0.05601010201565708
1014,0.05559382398071617,0.056010071331534524
1015,0.05559280792492262,0.05600908307861891
1016,0.05559272421733322,0.05600905512665451
1017,0.05559225762695881,0.05600898281550478
1018,0.05559158851911267,0.0560089036124238
1019,0.055590813629966165,0.0560090217146349
1020,0.05559040433763955,0.05600891319378192
1021,0.055589953734649054,0.05600879569064902
1022,0.05558982158086433,0.056008814766154345
1023,0.05558910500253387,0.056010034351873794
1024,0.0555890408216909,0.05601002947771325
1025,0.05558897923872301,0.05601002612093765
1026,0.05558884408169765,0.05600996175178807
1027,0.0555880092411283,0.05601010215311489
1028,0.05558792956505581,0.05601010769869948
1029,0.05558731276647638,0.05600988370764967
1030,0.05558679441043469,0.05600988205619408
1031,0.055586070272839905,0.05600919968041218
1032,0.05558597531487506,0.05600924261442399
1033,0.055585922401153155,0.056009240349902845
1034,0.0555857463222177,0.056009262300705125
1035,0.055585556731141385,0.056009119671313126
1036,0.055585081013562826,0.05600898598079006
1037,0.05558434078282072,0.056009190022607035
1038,0.05558426605047117,0.05600919162218183
1039,0.05558367149484036,0.05600900507651665
1040,0.05558343872729643,0.056008982997215975
1041,0.05558267619384752,0.05600868878190745
1042,0.05558137066310268,0.05600880899445656
1043,0.05558065407813632,0.05600875254581591
1044,0.055579899450264876,0.05600868817453284
1045,0.05557950122977894,0.05600872919199869
1046,0.05557862758464921,0.056008545063543864
1047,0.055577818475745805,0.056008461806540406
1048,0.055577504145292375,0.05600860847982863
1049,0.05557665223286028,0.05600829728006761
1050,0.05557645810020075,0.05600830326875843
1051,0.05557587317371145,0.05600804079230358
1052,0.05557565874901013,0.05600788790329281
1053,0.0555745736703917,0.05600825380000078
1054,0.05557410344143678,0.05600827169230257
1055,0.055573550700520974,0.05600823376618667
1056,0.055573287460205054,0.05600835949626938
1057,0.055572684659149156,0.056008121835548264
1058,0.05557252231598358,0.05600814224549062
1059,0.055571980174285183,0.056008551430880966
1060,0.05557174478565781,0.0560086526195612
1061,0.05557149423466927,0.05600860873352521
1062,0.0555710719256002,0.05600872033872686
1063,0.0555703319977029,0.05600892651065755
1064,0.05556984069193705,0.05600911881654012
1065,0.05556981781959768,0.056009126942446544
1066,0.05556952584180698,0.05600934923654538
1067,0.05556906397308967,0.05600955928205216
1068,0.05556817832500169,0.05600920559594311
1069,0.055567976567927384,0.05600923660574301
1070,0.055567579661262106,0.05600915528605264
1071,0.05556745963688803,0.05600912751931031
1072,0.0555673329713785,0.05600903164113632
1073,0.05556727543422537,0.05600903260668919
1074,0.05556703503308582,0.056009118319813644
1075,0.05556626030145635,0.056008948484849275
1076,0.05556573684434013,0.056009318283688235
1077,0.055565560632793484,0.05600945043830417
1078,0.055564956204359556,0.05600970307509655
1079,0.05556434163848383,0.05600933965649304
1080,0.05556350591481202,0.056009134110910005
1081,0.05556322486105177,0.056008959367339045
1082,0.05556320381520369,0.05600896099614432
1083,0.05556306563609125,0.05600899807393261
1084,0.05556267391789795,0.05600907817366188
1085,0.05556213875516139,0.056009180292334315
1086,0.055562054426903776,0.05600920638094694
1087,0.0555615327610441,0.056009204626210965
1088,0.055561510696716276,0.05600923357116462
1089,0.055560817477567866,0.05600914338575694
1090,0.055560624015488405,0.05600910726089593
1091,0.055559785950625454,0.05600916929951178
1092,0.0555589271153507,0.05600941507644894
1093,0.05555826312521934,0.05600931268849465
1094,0.05555779384159548,0.056009058637769886
1095,0.05555773022117711,0.05600905856358367
1096,0.05555763673538168,0.05600892554514504
1097,0.05555745810372709,0.05600893176298911
1098,0.05555666988564603,0.05600905157326166
1099,0.05555654487890348,0.056009043667335154
1100,0.05555567448066679,0.0560087091348618
1101,0.05555483941961377,0.056008032090119536
1102,0.05555429586820355,0.05600783754607103
1103,0.05555389995890196,0.05600770676392966
1104,0.0555532091036543,0.056007663123638377
1105,0.05555294247201184,0.056007380059086974
1106,0.055552788804924556,0.05600730480972751
1107,0.0555525189848075,0.05600734651284408
1108,0.05555183607737234,0.056007470177617376
1109,0.055551119766713467,0.056007166117951444
1110,0.05555068351965824,0.056006927415662655
1111,0.05555025024904252,0.05600677427336277
1112,0.0555499747104181,0.05600684061606807
1113,0.055549421178594065,0.05600642435283268
1114,0.05554929357129179,0.05600644312593342
1115,0.055548953429919994,0.056006356182257126
1116,0.05554812274338341,0.056006296993680135
1117,0.055548085499322275,0.05600629408079984
1118,0.05554741429509428,0.05600614623628611
1119,0.0555471501456344,0.05600606436137309
1120,0.05554638815118701,0.05600604760933182
1121,0.0555461658374253,0.056006116554966665
1122,0.055545812816378645,0.056006039623350004
1123,0.05554508369477992,0.05600587555315824
1124,0.055544224874201985,0.056005379071468346
1125,0.05554408285314987,0.056005232602679866
1126,0.05554341162856785,0.056004857210398724
1127,0.055542892382561895,0.056004718841607744
1128,0.05554280287365765,0.05600472970645168
1129,0.05554270405616009,0.056004590867410504
1130,0.055541791870144686,0.05600479050410424
1131,0.05554050029019417,0.05600555990152684
1132,0.0555398105347745,0.05600578134043834
1133,0.05553909972347678,0.056006228528397886
1134,0.05553852849128266,0.0560061967752473
1135,0.05553819304836444,0.0560061360120118
1136,0.055537840178424155,0.0560060838929206
1137,0.055537825588014955,0.056006083687833566
1138,0.055537700465232355,0.05600601995289579
1139,0.055537176575820316,0.05600586919921436
1140,0.05553708564329844,0.05600587998052612
1141,0.055536975953848544,0.05600587984094455
1142,0.05553688745915086,0.05600587970667523
1143,0.05553613844136218,0.056006220230880525
1144,0.05553544126441055,0.056005602321120965
1145,0.05553499787708387,0.0560056640947589
1146,0.05553492047993849,0.05600564234294857
1147,0.0555347062642865,0.05600570166878937
1148,0.055534127673898384,0.05600579497019055
1149,0.05553358741357261,0.05600608698857995
1150,0.05553322648000747,0.05600619322046077
1151,0.05553305907383825,0.056006129947372696
1152,0.055532834342170864,0.056005924329363445
1153,0.0555327832420427,0.05600591421877555
1154,0.055532450052204835,0.05600585977699918
1155,0.05553199318866274,0.05600575844408634
1156,0.055531859367521905,0.05600574720159861
1157,0.05553172232267286,0.05600574644263455
1158,0.05553157419937029,0.056005664631395835
1159,0.05553155038322819,0.05600566361582813
1160,0.0555311548119577,0.05600553321527456
1161,0.055530514680460503,0.05600604836494279
1162,0.055530040870183546,0.05600611856859892
1163,0.05552961060187997,0.05600641927160318
1164,0.05552941007008356,0.05600647478768694
1165,0.055529325174515885,0.056006452516216165
1166,0.0555292671583585,0.056006435124399546
1167,0.05552849536902182,0.05600632039553032
1168,0.05552842616491343,0.056006306192289954
1169,0.05552820227782191,0.05600630082397094
1170,0.055527481344451825,0.056006371928582016
1171,0.05552726611795082,0.05600636815418738
1172,0.05552719585069144,0.05600632964084846
1173,0.055526511364805214,0.0560060463380906
1174,0.05552628472148404,0.056005957155142845
1175,0.055526205556969147,0.056005958749398524
1176,0.055525128519313585,0.05600605654409181
1177,0.05552473131783805,0.05600602741669728
1178,0.05552429892614598,0.056005996731191235
1179,0.05552426597890579,0.05600600630011787
