0,0.15340451699972382,0.15362036795303338
1,0.14487240359521664,0.1450697986840225
2,0.13318970865437552,0.13339466014399184
3,0.12486485109531313,0.12504023437685766
4,0.11589992039810348,0.11608242147469112
5,0.11128550103041465,0.11148581591816195
6,0.1064382612993183,0.1066393881543845
7,0.09972223320087215,0.09992004577022644
8,0.09522552438789979,0.09541303936975537
9,0.08925087627781998,0.0894246602565018
10,0.08432147316565286,0.0844900443662639
11,0.08067031962652764,0.08081483540510984
12,0.07784264607798991,0.07797215256569369
13,0.07464612213125292,0.07477245926650251
14,0.07258131081864068,0.07269536703077394
15,0.07085769785867024,0.07096325970020669
16,0.06916652498680913,0.06926971807490648
17,0.06752264668660958,0.06761769432522957
18,0.06604798717500632,0.0661368665339851
19,0.065187089070174,0.06526657008068587
20,0.06424652206337753,0.06432228075669431
21,0.06312674410067105,0.06319250096276247
22,0.06247584382978216,0.06253577827110315
23,0.06139101236544207,0.06144503431152594
24,0.06083826117210062,0.06088855824012943
25,0.06009229121441539,0.06014071943833494
26,0.05972932855957561,0.05977345948099312
27,0.05918310904037512,0.05922507816998925
28,0.05899523194679519,0.05903996834276418
29,0.0588204881370505,0.0588646316001414
30,0.05851800260421132,0.05855829825638534
31,0.05811147296524826,0.05814758855858339
32,0.05790947313864901,0.05794535672438383
33,0.05761126993215382,0.0576431253497777
34,0.05735773088124621,0.05738696512658462
35,0.05718926565899619,0.05721706611757387
36,0.05706541172562286,0.0570925427167062
37,0.05693673971727063,0.0569632034810913
38,0.0568834714988967,0.05691033391993498
39,0.05675537715536267,0.056780831372427
40,0.05665202637249798,0.05667329528367491
41,0.05656683835757772,0.05658637826777697
42,0.05652642096545622,0.05654520549443055
43,0.05650360974787957,0.05652439369463279
44,0.05647458497255643,0.05649764085089522
45,0.05643033334043188,0.05645433608203277
46,0.05641592322386637,0.05644208308690619
47,0.05636727278974144,0.05639154023081326
48,0.05633608864173897,0.05636054871583895
49,0.05631887491456851,0.05634432263723131
50,0.05629472268114701,0.05632070604467047
51,0.05628054011605525,0.05630729879128445
52,0.05625345914297958,0.0562792902477934
53,0.05623611794874506,0.05626345039734123
54,0.05621995267881134,0.0562484508195293
55,0.05621067577018469,0.0562410165764811
56,0.05619163343764387,0.05622092333502896
57,0.0561814014767951,0.05621162413370455
58,0.05616518137970547,0.05619627536311592
59,0.05615339334046521,0.05618618005079475
60,0.05614170620937444,0.05617622201558087
61,0.05613026288703456,0.05616706308359539
62,0.0561249038291814,0.05616250496505543
63,0.05611389429836484,0.05615167455965574
64,0.05610326668045616,0.05614252112779479
65,0.05609658389095031,0.05613730553815248
66,0.05608947849407595,0.05613148220267009
67,0.05608597382624043,0.05612970605715972
68,0.05608177120514805,0.05612649649276275
69,0.05607797674545648,0.05612384072952744
70,0.05607214001390354,0.05611953233830169
71,0.05606985172449633,0.05611872091748914
72,0.05606464911878153,0.05611447838227612
73,0.05605858607890968,0.05610976999830312
74,0.05605559459847605,0.05610767918150307
75,0.05604786956074665,0.05610092127090901
76,0.05604435689495945,0.05609877061880579
77,0.05603852724521093,0.05609448305586707
78,0.05603655498765561,0.05609411379621134
79,0.05603454642954044,0.05609294779191949
80,0.05603163877803217,0.05609253562634448
81,0.05602987792822774,0.05609227175257566
82,0.05602753653124198,0.05609122951122264
83,0.05602126644717007,0.05608778920824464
84,0.05601951466562532,0.05608798804384016
85,0.05601469022221097,0.05608617400353619
86,0.0560103329187079,0.05608419865263824
87,0.0560070918447482,0.0560816912963215
88,0.05600247017975224,0.05607908618360329
89,0.05599800762411761,0.05607653632840898
90,0.05599363036299195,0.0560742576048238
91,0.05599035888454522,0.05607249706079732
92,0.05598702350937048,0.0560720818676933
93,0.05598369192940917,0.05606952042035726
94,0.05597900168696662,0.05606718646007615
95,0.055976202485137,0.05606593858742692
96,0.05597441879785565,0.05606550916272637
97,0.05597226002344759,0.05606505862754216
98,0.05596787797125716,0.05606230359986678
99,0.05596550900780849,0.05606050812831709
100,0.05596404608018703,0.056060610130138
101,0.05596224085339498,0.05606017866079661
102,0.05596094851279497,0.05606013233033388
103,0.05595947973759849,0.05606031695672485
104,0.055955832818098,0.05605921561070885
105,0.05595305074188002,0.05605918120415216
106,0.05595046551264755,0.05605835886747674
107,0.05594676726748123,0.05605662355780762
108,0.05594411619591307,0.05605558417433903
109,0.05594148491469444,0.0560545618964327
110,0.05594002118930508,0.05605420301167884
111,0.05593913953694607,0.05605402988811768
112,0.05593531355579153,0.05605207095775366
113,0.05593461228556862,0.05605214940925753
114,0.05593123698709362,0.05605126723806318
115,0.05592981070098643,0.05605136118909857
116,0.05592710177177442,0.05604990745358712
117,0.05592359633256833,0.05604797687722823
118,0.05592018612628859,0.05604672557723388
119,0.05591745530362122,0.05604577333913526
120,0.05591361533504359,0.0560429973402758
121,0.05591150724336465,0.05604286227378568
122,0.05590655618033519,0.0560405008873556
123,0.05590418222421827,0.05604007016887421
124,0.05590261852673949,0.05604041907399758
125,0.05590061821601552,0.05603969760409075
126,0.05589825978160527,0.05603900922211462
127,0.05589589608558039,0.05603837909410417
128,0.05589355623611263,0.05603793998983594
129,0.0558921422842275,0.05603708902967694
130,0.05589073929622015,0.05603737669329393
131,0.05588951840310948,0.05603797589992517
132,0.05588728313919369,0.05603717374584871
133,0.05588273985545778,0.05603624507905904
134,0.05588158040220498,0.05603618887767303
135,0.05587944012891702,0.05603596781253317
136,0.0558775570888882,0.05603557527309927
137,0.05587555578726216,0.05603462381420751
138,0.0558741464441368,0.05603478011519034
139,0.05587190348916121,0.05603416832551773
140,0.055869089277996,0.05603307861898414
141,0.05586583788527181,0.05603202372399807
142,0.05586420624592212,0.05603191036331459
143,0.05586319365073435,0.05603209553330191
144,0.05586180924311059,0.05603208365787851
145,0.05585925909080083,0.05603178437761146
146,0.05585815011560687,0.05603186557451782
147,0.0558553275747413,0.05603118157915449
148,0.05585388937515502,0.05603096675121258
149,0.05585267721841522,0.05603075226013711
150,0.05585134990674543,0.05603103388766292
151,0.05584919551594891,0.05603036641893658
152,0.05584684226020509,0.05603021610442031
153,0.05584457966520014,0.05603016070278811
154,0.05584286134471594,0.05603003068603971
155,0.05584086876834875,0.0560298146063473
156,0.05583850941737912,0.05602913717423063
157,0.05583566615744156,0.05602876550675159
158,0.05583349716855871,0.05602831774505806
159,0.05583079647522335,0.05602739217264358
160,0.05582840232688328,0.05602730543304835
161,0.05582502780122562,0.05602673839055378
162,0.05582353985628118,0.05602660075382282
163,0.05582118467816951,0.0560271546085802
164,0.0558192846716627,0.05602733212776442
165,0.05581709265624216,0.05602658674801653
166,0.05581485796644265,0.05602599680415356
167,0.05581315782451282,0.05602545055630002
168,0.05581181534413318,0.05602531368689279
169,0.05581032181773166,0.05602579591929904
170,0.05580905076738797,0.05602592503541202
171,0.05580652531945736,0.05602468761563253
172,0.05580535246189103,0.05602480867711434
173,0.0558022658465985,0.05602222387103782
174,0.05579949013072959,0.05602266147018269
175,0.05579823480541449,0.0560226998493651
176,0.05579746556731578,0.05602274392067699
177,0.0557965955679345,0.05602265608313235
178,0.0557953840591415,0.05602264129984556
179,0.05579396216970776,0.05602276598889453
180,0.05579234718173822,0.05602306524322664
181,0.05579078240280153,0.0560227588580065
182,0.05578872096641238,0.05602165548166158
183,0.0557882636066567,0.05602140938676232
184,0.05578657643289898,0.05602140177566949
185,0.05578574051022446,0.05602167808694708
186,0.0557844360106674,0.05602223062819159
187,0.05578173683327885,0.05602175189087005
188,0.05577997649478402,0.05602139668825987
189,0.05577824052610097,0.05602146236222626
190,0.05577555454928661,0.05602134955318407
191,0.05577302979573948,0.05602030718257552
192,0.05577039421162057,0.056019594408006
193,0.05576897312142112,0.0560189772715796
194,0.05576712091238836,0.0560190354452829
195,0.055765844991867,0.05601895838754017
196,0.05576391965051576,0.05601814786034472
197,0.05576126263752094,0.0560173916208395
198,0.05576039783100204,0.0560175733681036
199,0.05575894323666923,0.05601626307826221
200,0.05575806870538449,0.05601616400251358
201,0.05575618585251374,0.05601626903856478
202,0.05575350246629589,0.0560157177725181
203,0.05575167045859442,0.05601486749405447
204,0.05575006590943177,0.05601495550317266
205,0.05574863859413715,0.0560146063397062
206,0.05574626251187236,0.05601410992607193
207,0.05574559232551689,0.05601441996191363
208,0.05574386854804178,0.05601350950453095
209,0.05574167321969663,0.05601194617721032
210,0.05573946198788249,0.05601194062232144
211,0.05573687407317422,0.05601163996429492
212,0.05573574234346262,0.05601216298196188
213,0.05573468326945349,0.0560119476883452
214,0.05573283930243646,0.05601173589891777
215,0.05573145372219288,0.05601194987197238
216,0.05572983797762611,0.05601108686480158
217,0.05572832684658158,0.05601155020167009
218,0.05572591056917592,0.05601181003424346
219,0.0557241945957409,0.05601146207026621
220,0.05572317836026903,0.05601159730706269
221,0.05572186368790664,0.0560116508103008
222,0.05571969364992136,0.05601131091051002
223,0.05571809737379255,0.05601084104256961
224,0.05571676812971825,0.05601089288179038
225,0.05571369163619695,0.05600943438239385
226,0.05571264134270972,0.05600949097070872
227,0.05571096641175886,0.05600988799947047
228,0.05570928700554852,0.05601013541013188
229,0.05570798393884235,0.0560110269349419
230,0.05570647517613198,0.05601171868788078
231,0.05570481823256115,0.05601198459417244
232,0.05570282589702888,0.05601223855940742
233,0.05570172214213414,0.05601295676460658
234,0.05570108237517338,0.05601291963109487
235,0.05570002093259024,0.0560129928285664
236,0.05569786112720113,0.05601273099177042
237,0.0556958314306208,0.05601233927605707
238,0.05569470156279952,0.05601213792125627
239,0.05569295258889168,0.05601212894776002
240,0.05569197162183499,0.05601284582785029
241,0.05569121928886363,0.05601340595660931
242,0.05569032834890206,0.05601398511719494
243,0.05568897585336433,0.05601437159490684
244,0.0556880340099012,0.05601481997125256
245,0.0556869649977614,0.05601474992144018
246,0.05568651199693186,0.05601488204731427
247,0.05568562832317089,0.05601518858612016
248,0.05568423899206783,0.05601526711726305
249,0.05568249881540925,0.05601518673952957
250,0.0556815820156917,0.05601557433642031
251,0.0556794472239254,0.05601557247914949
252,0.05567878868929987,0.05601557381222592
253,0.05567787617185008,0.05601556769844698
254,0.0556772040549038,0.0560158055688253
255,0.0556758780337511,0.05601560420396848
256,0.05567456641205895,0.0560147707883277
257,0.05567280986101094,0.05601522391838641
258,0.05567146218607353,0.05601485091546888
259,0.05567043446855097,0.05601501575468027
260,0.0556681083666354,0.05601497350942382
261,0.05566657676689795,0.05601483207359073
262,0.05566481462552152,0.05601464891362309
263,0.05566437483707971,0.05601416612633128
264,0.05566248290484124,0.05601429380808436
265,0.05566137878758768,0.05601414827747329
266,0.05565918511526558,0.05601406038621451
267,0.05565793473704034,0.05601394525103507
268,0.05565652413867352,0.05601470532022022
269,0.0556560745702992,0.05601459870543658
270,0.05565547868083185,0.05601482501958105
271,0.05565379800865851,0.056014438447897
272,0.055652255733069,0.05601417676926058
273,0.05565140630722865,0.05601460917777749
274,0.05565022007821952,0.05601529673572406
275,0.05564903556416067,0.05601589032206893
