0,0.15549146848869075,0.15566929329233176
1,0.14552618062339936,0.14570152225344535
2,0.1364190998830256,0.13658541692181608
3,0.12810571255218509,0.12826417985629288
4,0.12053200507926905,0.12068328630050462
5,0.11363925448310255,0.113785391386131
6,0.1073909921884495,0.10753311977373027
7,0.10172909239290609,0.10186529714932381
8,0.09660863470218346,0.09673787311379743
9,0.09199486868254497,0.09211741748519904
10,0.08785717363678422,0.0879716025333828
11,0.0841369318441414,0.08424535520013605
12,0.08081579082650141,0.08092228386506436
13,0.0778600544207301,0.07795837151969454
14,0.07522422824614892,0.07531549598108607
15,0.07289348826787286,0.07298308058711098
16,0.07081121609095609,0.07089256476297717
17,0.06897727015242959,0.06904951173144522
18,0.06735592829936653,0.06742203330416197
19,0.06593316747755393,0.06599163669234019
20,0.06469113002985001,0.06474659639989092
21,0.06360018241993158,0.06365209046084337
22,0.06264962008585083,0.06269753685250976
23,0.06182190101305357,0.06186427113513941
24,0.06110133475996991,0.06113862937247597
25,0.06047586672023426,0.06050733845176689
26,0.05992651990820437,0.05995246796167543
27,0.05945137584556324,0.05947452074131774
28,0.05904104133849369,0.05906087685192099
29,0.05868509384218847,0.05870142631936154
30,0.05837345394506808,0.05838775808557332
31,0.05810557868499567,0.05811799639019109
32,0.05787168237114559,0.05788182344432463
33,0.05766983369385822,0.05767787809816222
34,0.05748197032476152,0.05749429796036037
35,0.05732732249483194,0.05733849613255726
36,0.05718573863144034,0.05719957690517071
37,0.05706756122999105,0.05708047690506026
38,0.05696494264412599,0.05697671786517355
39,0.05687542672409319,0.05688772801180167
40,0.05679802298457137,0.05680874224943724
41,0.0567263543080584,0.05673650705964101
42,0.05666722309449868,0.05667841844016978
43,0.05660722743328411,0.05661917882489065
44,0.05656090402518426,0.05657409018667422
45,0.05651260514680392,0.05652820610017453
46,0.05647613813570904,0.0564912899624161
47,0.05644131403262956,0.0564588823617538
48,0.05640639097318195,0.05642633180680607
49,0.05637846580885946,0.05639775858305382
50,0.05635047515429162,0.05637124501664396
51,0.05632830604602027,0.0563502180256869
52,0.05630384246156001,0.05632946800772599
53,0.05628598858808454,0.0563124638918639
54,0.05626964632463505,0.05629677818672256
55,0.05625091920322552,0.05628220314800688
56,0.05623484752623253,0.05626910363585898
57,0.05622053372592918,0.05625628549427807
58,0.056206530186244,0.05624622692919911
59,0.05619221769714417,0.05623386936358211
60,0.05617991553071519,0.05622570427056005
61,0.05616904799970838,0.05621680214191609
62,0.05615942534338725,0.05620956686016768
63,0.05614944147871003,0.05620360410871324
64,0.05614200119374509,0.05619879490262585
65,0.05613313613719723,0.05619114096917766
66,0.05612425828138844,0.05618318464215954
67,0.0561141720683587,0.05617463140061669
68,0.05610617442749502,0.0561690231023138
69,0.05609813661452714,0.05616170784843156
70,0.05609203011711253,0.05615719644439284
71,0.05608371019065909,0.05615214710618683
72,0.05607792859656484,0.05614817937864001
73,0.0560705930585207,0.05614265582126365
74,0.0560637273244589,0.05613853313870058
75,0.05605782254305084,0.05613429036701806
76,0.05605299756017108,0.05613174126169781
77,0.05604659341671659,0.0561276790802781
78,0.05603996884197009,0.05612320382184192
79,0.05603644583671803,0.05612151924316022
80,0.05603111721418506,0.05611886150759334
81,0.05602558138090146,0.05611538731846891
82,0.05602061809779561,0.0561127471261991
83,0.05601540116361047,0.05611007948544178
84,0.05601097161257631,0.05610718119437192
85,0.05600632859328343,0.05610378729953931
86,0.05600338916265099,0.05610259222300557
87,0.05599917546516618,0.05610105478445715
88,0.0559955525404786,0.05609961352247565
89,0.05599117993110267,0.05609725249395662
90,0.05598467322388327,0.05609622894812318
91,0.05598088279860609,0.05609436706314781
92,0.05597723948852883,0.05609351214993012
93,0.05597187758325108,0.05609075495409012
94,0.05596965205043317,0.05608990172461913
95,0.05596630444509894,0.05608900220045646
96,0.05596231456603219,0.05608715142331153
97,0.05595925865268841,0.05608632552222876
98,0.05595509439738041,0.05608349961163885
99,0.05595075012961212,0.05608256464716743
100,0.05594663700671711,0.05608197005703163
101,0.05594404539226135,0.05608120994854677
102,0.05593884747526652,0.05607954441661226
103,0.05593567987570768,0.05607827596589489
104,0.05593223935608593,0.05607709816913628
105,0.05592870357761822,0.05607489761655467
106,0.05592539963682729,0.05607409922189037
107,0.05592186501684403,0.0560724180085779
108,0.0559186477644084,0.05607157933125135
109,0.05591532059983572,0.05606957906095756
110,0.05591226460794275,0.05606896278267197
111,0.0559098893218507,0.0560682569980777
112,0.0559063574429791,0.05606706163020535
113,0.05590187353737863,0.05606649627457778
114,0.05589903028832767,0.05606520871504932
115,0.0558952873928363,0.05606480231437536
116,0.05589313646119925,0.05606459569142751
117,0.05588955499237224,0.05606455497380965
118,0.05588567200584537,0.0560634674909227
119,0.05588213043608284,0.05606335490180071
120,0.0558790266307113,0.05606102199011897
121,0.05587472320259594,0.05606114985827436
122,0.05587265883617466,0.05606120157703015
123,0.05586878419182432,0.0560603408281048
124,0.05586518109837907,0.05605915213058439
125,0.05586227599279538,0.05605934926146838
126,0.05585871795636416,0.0560587727399192
127,0.0558559314811826,0.05605832509759993
128,0.05585255819421076,0.05605755171747256
129,0.05584956850730288,0.05605713206927204
130,0.05584677541598,0.05605687743924634
131,0.05584519381318847,0.05605707336512094
132,0.05584203035861115,0.05605578206086421
133,0.0558388761560371,0.05605603654813895
134,0.05583662624915379,0.05605610786872282
135,0.05583353779063181,0.05605457628945554
136,0.05583116555632851,0.05605421191942787
137,0.05582859626920949,0.05605384330180219
138,0.05582565322855358,0.05605275848886512
139,0.05582356940254899,0.0560524557065343
140,0.05582103106338701,0.05605249889306096
141,0.05581842935485518,0.05605217359096171
142,0.05581620206477492,0.05605164500653356
143,0.05581330696169613,0.05605203270898537
144,0.05581127617896414,0.05605050771931258
145,0.0558085385231687,0.05605098800046883
146,0.05580229837679559,0.05604879215967581
147,0.05579933323196941,0.05604843296681571
148,0.05579487260334354,0.05604755240471646
149,0.05579309846121848,0.05604688228569422
150,0.05579066122173072,0.05604665768604294
151,0.05578826532878702,0.0560454647479869
152,0.05578520945013558,0.05604588926555264
153,0.05578262653294317,0.05604579172555558
154,0.05578022017639805,0.05604504189531386
155,0.05577781244095199,0.05604529631125078
156,0.05577531100439599,0.05604462738440689
157,0.05577116284649517,0.05604226148411946
158,0.05576888586655233,0.05604253835356329
159,0.05576614301249366,0.05604184902461247
160,0.05576481746377463,0.05604178322416858
161,0.05576261158393642,0.05604197613367343
162,0.05576021679539069,0.05604238697533286
163,0.05575797046371397,0.05604264298330335
164,0.05575566789152691,0.05604250701621244
165,0.05575451551279689,0.05604325086577232
166,0.0557526688263305,0.05604313757352204
167,0.05575060458534,0.05604362296192286
168,0.05574886826990016,0.0560436831959987
169,0.05574654122062361,0.05604317338840681
170,0.05574371487229487,0.05604201530357115
171,0.05574142013376514,0.05604311172253192
172,0.05574060413629193,0.05604288959201842
173,0.05573848713075968,0.05604153473595682
174,0.05573711932304266,0.05604157468299033
175,0.05573533182393167,0.05604169361408724
176,0.05573431463903494,0.05604168822661085
177,0.05573249987284539,0.05604276147620251
178,0.05573041468357116,0.05604224505893309
179,0.05572957782826807,0.05604231863963571
180,0.05572782711242898,0.05604195254305405
181,0.05572429702151913,0.05604020663957517
182,0.05572217215592569,0.05603883472032224
183,0.05572047081066724,0.0560387019148947
184,0.05571910867271144,0.05603864747747423
185,0.05571689440565893,0.05603764797691819
186,0.05571573263232969,0.0560374448439199
187,0.05571297396461312,0.0560370038884541
188,0.05571077164191884,0.05603719999009536
189,0.05570911861415777,0.05603765770434274
190,0.05570613021822767,0.05603593501510927
191,0.05570412478445347,0.05603505929212977
192,0.05570129646424012,0.05603393939969082
193,0.05569940471834985,0.05603390665885657
194,0.05569826336177806,0.05603377441321625
195,0.05569672370562372,0.05603350004699155
196,0.05569349849646971,0.05603282817742095
197,0.05569063845508872,0.05603250993677073
198,0.05568921050630853,0.05603265052548981
199,0.05568679064297782,0.05603208747164184
200,0.05568556895281629,0.05603214361312217
201,0.05568330113259207,0.05603212153571573
202,0.055681314983877,0.05603192559492003
203,0.05567909148605417,0.05603216608520487
204,0.05567672952528736,0.05603209851242592
205,0.05567495313096031,0.05603144165893742
206,0.0556726119934291,0.05603130662162496
207,0.05567036010078687,0.05603147957277862
208,0.05566862741451879,0.05603150532103496
209,0.05566552473260616,0.05603037323293484
210,0.05566368775150517,0.05603055361563532
211,0.05566175931747774,0.05603025614812396
212,0.05565991501773997,0.05602973743249555
213,0.05565896934188428,0.05602965190294378
214,0.05565628214103597,0.05602890090890088
215,0.05565414599444215,0.05602852697477578
216,0.05565332875254004,0.05602846977902533
217,0.05565115066410337,0.05602803710908309
218,0.05564903997822619,0.05602722047920688
219,0.05564633729557399,0.05602702556018157
220,0.05564415230638415,0.05602629166531946
221,0.0556423553788493,0.05602629898520996
222,0.05563979442443457,0.05602540212942711
223,0.05563785654650115,0.05602541044082397
224,0.05563570869503213,0.05602567938250297
225,0.05563340431251791,0.05602542625833225
226,0.05563258280032701,0.05602571091587081
227,0.05563116808070107,0.05602594442609238
228,0.05562915941901873,0.05602558221454403
229,0.05562833884773149,0.05602557267875398
230,0.05562694526795766,0.0560254797753825
231,0.05562522937330028,0.05602640954570545
232,0.05562289692180256,0.0560260905623547
233,0.05562183313680271,0.05602614356473488
234,0.05561922321004625,0.05602540276114138
235,0.05561720276474962,0.05602471728883689
236,0.05561505697023351,0.05602430371021367
237,0.0556143572266254,0.0560242415865851
238,0.05561245076814542,0.05602445194344173
239,0.05561010752591259,0.05602521797703745
240,0.05560827561237063,0.05602467109672277
241,0.05560612636463846,0.05602484966416844
242,0.05560449951343401,0.05602421206479045
243,0.05559770416286899,0.05602022161030728
244,0.05559619189578362,0.05602009598684385
245,0.05559240261910989,0.05601874022857566
246,0.05559111514959719,0.0560188846021653
247,0.05558936692442982,0.05601935522427764
248,0.05558703817749767,0.0560184959504313
249,0.05558546721681779,0.05601870777242707
250,0.05558357092004897,0.05601878916644038
251,0.05558138037531932,0.05601951808882942
252,0.05557969168032927,0.0560199980945207
253,0.05557817392062567,0.05602040932172982
254,0.05557622805599422,0.05601985737988006
255,0.05557315529820306,0.05601911303209939
256,0.05557247080523112,0.05601919524570744
257,0.05557169521533702,0.05601885831842213
258,0.05556916167879666,0.05601933878966819
259,0.05556801737333595,0.05601865162864235
260,0.05556634026862999,0.05601873046793997
261,0.05556369212297851,0.05601906050470254
262,0.05556197905295051,0.05601900828141589
263,0.05556141895294402,0.05601929083403386
264,0.05555971058634046,0.05601947166826519
265,0.05555814525244658,0.0560192888116413
266,0.05555682193435211,0.05601908115942094
267,0.05555515317547539,0.05601920871113068
268,0.05555449217076319,0.05601925069444352
269,0.05555274638333621,0.05602007286551405
270,0.05555105732324905,0.05601969314053882
271,0.05554921466549238,0.05602016894800398
272,0.0555486270002053,0.05602008146804961
273,0.05554725466009607,0.05602005426226081
274,0.0555462295386177,0.05601994508730018
275,0.05554459624445143,0.05602065002210502
276,0.05554283335137594,0.05602037995855511
277,0.05554167627667844,0.05602056789743773
278,0.05554002675764025,0.0560201090337101
279,0.05553735658039564,0.05601912719468285
280,0.05553347430044958,0.05601873105587698
281,0.05553191023312485,0.05601867551943154
282,0.05552964312484474,0.056017872400676
283,0.05552790388170226,0.05601797139464755
284,0.05552598781204536,0.05601794824485367
285,0.05552430728272068,0.05601880521953206
286,0.05552354345888306,0.05601893565034791
287,0.05552287663224587,0.05601904446798561
288,0.05552075549756857,0.05601917628594751
289,0.05551899160807306,0.05601891734693704
290,0.05551841549852157,0.0560189101062504
291,0.05551678886220823,0.05601882746576401
292,0.05551478451046715,0.05601830897386291
293,0.05551384552932503,0.05601808573365488
294,0.05551254670900371,0.05601853548935262
295,0.05551077456835544,0.05601932318368692
296,0.05551023518984812,0.05601933582537388
297,0.05550894067589476,0.05601897418967779
298,0.05550796419519938,0.05601867098609428
299,0.05550614731552138,0.05601786153939588
300,0.05550540143953699,0.05601781538558132
301,0.05550383983578525,0.05601771411248925
302,0.05550277168876856,0.05601793280385022
303,0.05550163521188437,0.05601838978691034
304,0.0555006664658932,0.05601845757132855
305,0.05549926267726456,0.05601835893172427
306,0.05549763048994277,0.05601786511651013
307,0.055495960376538,0.0560180328059257
308,0.0554926541973947,0.05601824252399024
309,0.0554909615545619,0.05601802860723629
310,0.0554896316793309,0.05601812199481469
311,0.055488146528911,0.05601792702223379
312,0.05548479915813614,0.05601614979651546
313,0.05548312594667691,0.05601534517586992
314,0.05548153704063595,0.05601579539293797
315,0.05547999444830417,0.05601501130893215
316,0.05547855198066196,0.0560152053594416
317,0.05547711641362469,0.05601543566937753
318,0.05547573734962182,0.05601586482002248
319,0.05547469602510182,0.05601631105448792
320,0.05547324617069229,0.05601698426201081
321,0.05547160953270651,0.0560177252038605
322,0.05546988336559509,0.05601813521444796
323,0.05546770971344094,0.05601842274619651
324,0.05546256221657563,0.05601622274622443
325,0.05546134147646659,0.05601696590415463
326,0.05545893817528882,0.05601637040235111
327,0.05545723767330274,0.05601621919533688
328,0.05545580306356569,0.05601614078643246
329,0.05545433628098859,0.05601617809767364
330,0.05545307105951776,0.05601604547353823
331,0.05545167135228257,0.05601660619686664
332,0.05545018890439136,0.05601713679952343
333,0.05544861234551808,0.05601733994266944
334,0.05544721722289266,0.056017055736923
335,0.05544530456782197,0.05601714722369752
336,0.05544379568436658,0.05601748191940616
337,0.05544245809363192,0.05601800053663109
338,0.05544133654959721,0.05601781415603761
339,0.05543970568542109,0.05601748375295625
340,0.05543810462215826,0.05601740153660138
341,0.05543711797878821,0.05601786557674943
342,0.05543518127102347,0.05601761621109717
343,0.05543370699721435,0.05601737804521968
344,0.05543257835052275,0.05601705637693737
345,0.05543109819196965,0.05601751504141329
346,0.05542840033286295,0.05601595646178732
347,0.05542808847478295,0.05601611412078149
348,0.0554262524155,0.05601583468072124
349,0.05542312791195651,0.05601561014063321
350,0.05542112011305823,0.05601549966814087
351,0.05541926182428913,0.05601509371646702
352,0.05541746218325166,0.05601485093504672
353,0.05541566428459254,0.05601475155565188
354,0.05541359623522411,0.05601403085618217
355,0.05541171057797634,0.05601392974042069
356,0.05541027592694385,0.05601389837574149
357,0.05540802643984166,0.05601349603300431
358,0.05540550682938122,0.05601287276145019
359,0.05540325505897737,0.05601259733166978
360,0.05540122573888276,0.05601228462194743
361,0.05540004455216286,0.05601206009915811
362,0.05539887003245962,0.05601271379717069
363,0.05539805111593462,0.05601298422428155
364,0.05539673163499301,0.05601272064976359
365,0.05539582836293864,0.05601291807110105
366,0.05539436546840335,0.0560132059035888
367,0.05539231269568567,0.05601298782722059
368,0.05539085332040977,0.05601299547587166
369,0.05538883508314615,0.05601331906083421
370,0.05538736312567152,0.05601337722295246
371,0.05538581891740057,0.05601327480162285
372,0.05538448280402964,0.05601314198230697
373,0.05538262455756156,0.05601278906484914
374,0.05538130028171029,0.05601313500679644
375,0.0553795342743441,0.05601306842488687
376,0.05537812132934737,0.05601298374688406
377,0.05537660843924371,0.05601281463211775
378,0.05537522425987006,0.05601280340133395
379,0.05537192065098254,0.05601255407096177
380,0.05537064719045923,0.0560125890156627
381,0.0553689232286856,0.05601275423605961
382,0.05536797404268542,0.056012778248996
383,0.05536618125549134,0.05601351164645258
384,0.05536490393750828,0.05601408082539193
385,0.05536401300261608,0.05601413510107249
386,0.05536241405824797,0.05601401414027237
387,0.05536170488568429,0.05601479382985596
388,0.05535882543178374,0.05601420188098974
389,0.05535762747958464,0.05601492287049981
390,0.05535577841995988,0.05601483606227867
391,0.05535441930326538,0.05601481506815083
392,0.05535303382552505,0.05601489698267047
393,0.05535185109898816,0.05601582177313254
394,0.05535130091360875,0.05601583140217802
395,0.05534929506240776,0.0560154234074951
396,0.05534816460656899,0.05601596775695507
397,0.05534721239553428,0.05601609926768596
398,0.05534573301722868,0.05601627119011435
399,0.05534479906132229,0.05601640695481917
400,0.055343104956478,0.05601637419029165
401,0.05534087307576751,0.05601544416011996
402,0.05534001381800304,0.05601596550649241
403,0.0553387650530997,0.05601676907488726
404,0.05533754464555775,0.05601681394121698
405,0.0553366707718646,0.05601742149439044
406,0.05533549833855528,0.05601828117249739
407,0.05533390650523718,0.05601803647543192
408,0.0553329894725768,0.05601839237857068
409,0.05533172325451449,0.05601899471934083
410,0.05533038110448616,0.05601918821726735
411,0.05532885768167181,0.05602011311744785
