0,0.15954090264011697,0.15971700671111627
1,0.1526970066094164,0.15286658331944888
2,0.1462699340082819,0.1464347957454623
3,0.14017836218935895,0.1403368235445371
4,0.13443723570106672,0.13458724051339166
5,0.12896350103911802,0.12911034366810376
6,0.12386643810488028,0.12401333016621217
7,0.11907635860402582,0.11921858661807551
8,0.11461237363631167,0.11474704860004392
9,0.11056659402635965,0.11070105006595989
10,0.1066686769534641,0.10680490082190688
11,0.10293152740085754,0.10306486364369154
12,0.09946029567333167,0.09958778365338058
13,0.09642628961885555,0.09655070780786493
14,0.09335615308900493,0.0934791227244163
15,0.0904874255067024,0.09060790996194094
16,0.08781807345195189,0.08793170589430331
17,0.08533781056827598,0.08545008144789748
18,0.08298236906657093,0.08309209766113244
19,0.08099829872951758,0.0811058433481408
20,0.0789900314880198,0.07909619841195858
21,0.07729936918263133,0.07740298414583449
22,0.07565447474700365,0.07575530104242466
23,0.0740265333705771,0.0741271942759394
24,0.07255221632268517,0.07265254441126745
25,0.071160444506589,0.07126053162833715
26,0.06990392504338716,0.07000351008815475
27,0.06881314312115007,0.0689114491162424
28,0.067748972740766,0.06784727924906749
29,0.06674299493776319,0.06683969755044813
30,0.06582113315580006,0.06591797635278433
31,0.06501448248744175,0.06510841622805498
32,0.06423347781128527,0.06432949836436173
33,0.06351778452259234,0.06361168299293404
34,0.06286360834114973,0.06295958285744281
35,0.06226097328789891,0.06235643398327301
36,0.0617321826953456,0.06182780965069276
37,0.0612306185200683,0.06132562791716457
38,0.06077463899121428,0.0608716536493917
39,0.06035909290864942,0.06045873667659812
40,0.05999217290245994,0.06009191792786119
41,0.05964562156565377,0.05974676710236664
42,0.05933937255290141,0.05944015220175195
43,0.05905190723828768,0.05915400742910928
44,0.05879039355559055,0.058895090626123
45,0.05855105057253865,0.05865671111075684
46,0.05833349540137821,0.05843989349858298
47,0.05813438485072589,0.0582415139922596
48,0.05795927544404364,0.0580652539646106
49,0.05779642094309893,0.05790385824368516
50,0.05763896479700172,0.05774706671383181
51,0.05750283564735627,0.05761324888479787
52,0.05738144562615829,0.05749197715367981
53,0.05726638733225817,0.05737771768845664
54,0.05716296332844351,0.05727773349814684
55,0.05706180325349489,0.05717897673245772
56,0.05697843627767888,0.05709679469070627
57,0.05689473572718287,0.05701334308315816
58,0.05682222945799192,0.0569418569257128
59,0.05675838315651066,0.05687977784399365
60,0.05669648455743857,0.05682120818668582
61,0.05664063643695844,0.05676802776747585
62,0.05658989019016323,0.05671954633400734
63,0.05654351409876388,0.05667592849751107
64,0.05650030086830088,0.05663375614693249
65,0.0564566341824625,0.05659396120822135
66,0.05642003949489,0.05655918003535414
67,0.0563875649714834,0.05652876967056545
68,0.05635707301606278,0.05649977125618785
69,0.05632830964739034,0.05647494281861189
70,0.05630178908220947,0.05645025719849094
71,0.05627699868177319,0.05642772224276903
72,0.0562529710637201,0.05640765707380957
73,0.05623113442707828,0.05638799839836461
74,0.05620945719368832,0.05637065539172343
75,0.05618851235139403,0.05635243151470893
76,0.05617013028649791,0.05633814666841592
77,0.05615372424948459,0.05632380600914657
78,0.05613773929275922,0.05630996570928166
79,0.05612059664768979,0.05629538919113521
80,0.05610638081533333,0.05628360222775523
81,0.05609359123542509,0.05627316209466256
82,0.05607974691933624,0.05626051629401108
83,0.05606504444959592,0.05624967552487867
84,0.05605182624581127,0.05623814688914408
85,0.0560393402413531,0.0562275044339756
86,0.05602923128714186,0.05622024030332849
87,0.05602101652713108,0.05621406206058718
88,0.05601113891254288,0.05620790834396254
89,0.05600278690467913,0.05620292084453657
90,0.05599174622745443,0.05619396531793529
91,0.05598347381189481,0.05618763778731854
92,0.05597464785765376,0.05618312104960473
93,0.0559664713524264,0.05617768585368481
94,0.05595622859964334,0.05617134582271639
95,0.05594903496858072,0.05616734153701135
96,0.05594077600635637,0.05616105267992182
97,0.05593268524770412,0.05615545343275155
98,0.05592398853824837,0.05614987571470294
99,0.05591508293570537,0.05614513348107456
100,0.05590748702862561,0.05614081890121649
101,0.0558996204268589,0.05613500895522173
102,0.05589148440521053,0.05613059530865465
103,0.0558852504243935,0.05612627503463611
104,0.05587789404766821,0.05612190918374976
105,0.05587213504981388,0.05611940814097265
106,0.05586528983777995,0.05611526596756106
107,0.05585731437930385,0.05611247319213578
108,0.05585157142120957,0.05611010244540258
109,0.05584486157418785,0.05610538055775861
110,0.05583906947703056,0.05610248948645419
111,0.05583365791130246,0.05609966555146384
112,0.05582757479960342,0.05609786815500702
113,0.0558224065133601,0.0560955342027282
114,0.05581656439297639,0.05609454820788794
115,0.05581135127456765,0.05609243819716654
116,0.05580497148022324,0.05608960684314569
117,0.05579939088060982,0.05608767836871427
118,0.0557935034779541,0.05608500265475333
119,0.05578737506860194,0.05608409146172028
120,0.05578225043875574,0.05608231645336414
121,0.05577708151202653,0.05608111615323767
122,0.05577063872578089,0.05607879003623137
123,0.05576632673843289,0.05607749401270767
124,0.05576139478569576,0.05607633972207588
125,0.05575684972010469,0.05607645043611934
126,0.0557521400211875,0.05607486295904929
127,0.05574725735307771,0.05607312087352126
128,0.0557430825858683,0.05607273386309089
129,0.05573757476497545,0.05607119762737402
130,0.05573273018660672,0.05606812446483311
131,0.05572825578886038,0.05606842536419663
132,0.05572359076772253,0.05606715571974317
133,0.05571852767904278,0.05606509057346953
134,0.05571398935025802,0.05606435152364243
135,0.05571085758656281,0.05606403746789045
136,0.05570753159097427,0.05606320755770276
137,0.05570301569624841,0.05606205677263488
138,0.05569901268178938,0.05606109789118165
139,0.05569437731039585,0.05605986907565106
140,0.05568969677286747,0.05605828828424526
141,0.05568584839418945,0.0560585177106674
142,0.05568127401275838,0.0560575669905537
143,0.0556768057030144,0.0560567857788615
144,0.05567183157949334,0.05605466146462762
145,0.05566679786151815,0.05605249828117423
146,0.05566194041517022,0.05605111026743087
147,0.05565715667989125,0.05605039054048827
148,0.0556520172720586,0.05605025510746099
149,0.0556485153880721,0.05604975387259547
150,0.05564428134666069,0.0560487152186934
151,0.05564042412207365,0.05604908943391101
152,0.05563671781610922,0.05604822733470784
153,0.05563166793109313,0.05604754609474908
154,0.0556275472091338,0.05604635953707836
155,0.05562196472292009,0.05604630808401406
156,0.05561831816277416,0.05604564277217419
157,0.05561461210975404,0.05604490628439119
158,0.05560914657818514,0.05604454794692084
159,0.0556055156580923,0.0560448866512606
160,0.05560140474221999,0.05604437199764487
161,0.05559759125198855,0.05604371058515856
162,0.05559485121481509,0.05604232896033499
163,0.05559131926000387,0.0560418239830617
164,0.05558635011209296,0.05604161875784826
165,0.05558283644698653,0.05604105426546862
166,0.05557864760507756,0.05603991283661145
167,0.05557598402476334,0.05603979815760553
168,0.05557215081418642,0.05603891559190258
169,0.05556891118507853,0.05603794617701929
170,0.05556543186079901,0.05603807725372725
171,0.05556151870778335,0.05603804930995629
172,0.05555700572098356,0.05603726290566869
173,0.05555277526608668,0.05603681132501278
174,0.0555490312386516,0.05603616202611839
175,0.05554462076879049,0.0560355470750399
176,0.05554119492589527,0.0560355122107631
177,0.05553871802803234,0.05603502275924847
178,0.05553568485674931,0.05603517406377065
179,0.05553174788167411,0.05603428274677362
180,0.05552827809393718,0.05603401991257163
181,0.05552329771991557,0.05603366319322235
182,0.05551953976908428,0.05603271156338169
183,0.05551559487536606,0.05603291802609572
184,0.05551103709305593,0.05603235841784315
185,0.05550780767743486,0.05603228456853392
186,0.05550311412116578,0.05603201635561048
187,0.0554981883729616,0.05603164506134087
188,0.05549462681248583,0.05603095284885649
189,0.05549024935729082,0.05603157241108165
190,0.05548715484142639,0.05603135017875716
191,0.05548371307210289,0.05603047758740729
192,0.05548021507251866,0.05603048249583611
193,0.05547680978568194,0.05602911256641098
194,0.05547310117679715,0.05602827368547754
195,0.05546914455673744,0.05602752349867585
196,0.05546504416304038,0.05602638142841222
197,0.05546157348401792,0.05602537204264611
198,0.0554574005191497,0.05602496288116281
199,0.05545373826623093,0.0560255570493534
200,0.05545048337241986,0.05602591549517237
201,0.05544716830102492,0.05602529522723652
202,0.05544436854257379,0.05602477074377642
203,0.0554402186967474,0.05602367937958438
204,0.05543787570534731,0.05602323843713494
205,0.05543475961327166,0.05602386504786155
206,0.05543190113676282,0.0560240861685408
207,0.05542823886008734,0.0560236194910287
208,0.05542484148124753,0.05602324904092136
209,0.05542236905137765,0.05602289567109979
210,0.05541888330220019,0.0560223806399193
211,0.05541512632311629,0.05602168799205885
212,0.05541183097732574,0.05602113428780375
213,0.05540794104916052,0.05601999916450216
214,0.05540494771444057,0.05602106401617774
215,0.05540171041052866,0.05602067550027686
216,0.05539621457349309,0.05602031742682542
217,0.05539263924916116,0.05601951904670949
218,0.05538911765004367,0.05601854728717862
219,0.05538459231037172,0.05601894342313757
220,0.05538217283624548,0.05601881957939244
221,0.05537854092458917,0.05601845271533678
222,0.05537501547702949,0.05601819573542523
223,0.05537188218893471,0.05601769892204744
224,0.05536919298217832,0.05601719691952372
225,0.05536623377135891,0.05601702092677441
226,0.0553624639066085,0.05601677795467434
227,0.0553569213791834,0.05601614841328118
228,0.05535417972660335,0.05601636191907218
229,0.05535079940328901,0.0560164413970203
230,0.05534690510944577,0.05601624182194057
231,0.05534405050612951,0.05601628513864142
232,0.05534259112744029,0.05601596069967939
233,0.05533893870550478,0.05601562374009517
234,0.05533583674641161,0.05601510483841231
235,0.05533184463549694,0.05601444210524716
236,0.05532938330347858,0.05601412140334129
237,0.05532597568199243,0.05601461888620549
238,0.05532271185046365,0.05601465415070914
239,0.05531955057751861,0.05601467377322221
240,0.05531594288531216,0.05601405748391581
241,0.0553133295580586,0.05601389850529321
242,0.05531014783446278,0.05601404124046029
243,0.05530759542755811,0.05601412742000238
244,0.05530497667433561,0.05601448918953254
245,0.05530188889224549,0.05601488396496952
246,0.05529924625970734,0.05601478485253159
247,0.05529553327414021,0.05601507202668481
248,0.05529307199518811,0.0560149011198974
249,0.05529021156215278,0.05601580483827075
250,0.05528744444925286,0.05601576480722952
251,0.05528440581563792,0.0560161852187078
252,0.05528138889548244,0.05601640757710829
253,0.05527800392320907,0.05601670170188255
254,0.05527514886724032,0.05601681723439511
255,0.05527215790176113,0.05601674739834051
256,0.05526924859140994,0.05601683510704924
257,0.05526670697273161,0.05601714879015657
258,0.05526288793839057,0.05601721329480137
259,0.05525942163408698,0.05601712585716445
260,0.05525659302600634,0.05601642101890662
261,0.05525319244328775,0.05601580366029536
262,0.05524942577770047,0.05601460386301989
263,0.05524678832222981,0.05601451122118643
264,0.05524341510592005,0.05601495708269598
265,0.05524085259264663,0.05601451207241234
266,0.05523772905144866,0.05601578755871264
267,0.05523415234806822,0.05601538658581805
268,0.0552312266771311,0.05601527572368147
269,0.05522768114172234,0.05601558626676329
270,0.05522505680073819,0.0560169733635128
271,0.05522214493864044,0.0560163329897469
272,0.0552187359674246,0.05601712426765639
273,0.055215632291938,0.05601801879663844
274,0.05521154694819359,0.05601820923814946
275,0.05520730249501882,0.05601807401187225
276,0.05520386069754816,0.05601839014297696
277,0.05520186827986816,0.0560186696888343
278,0.05519945749493078,0.05601827776551627
279,0.05519599694430388,0.05601770286393191
280,0.05519358311719658,0.05601746605150458
281,0.05519061344860532,0.05601689993419601
282,0.05518751567942363,0.05601763745448902
283,0.05518577940945785,0.05601847058956603
284,0.0551832766733889,0.05601830280104132
285,0.05518054567108154,0.05601821393836205
286,0.05517659227180891,0.05601807317511551
287,0.05517392827837492,0.05601877709755855
288,0.05517153604835504,0.05601863386998344
289,0.05516850862551965,0.05601904476613706
290,0.05516574169776629,0.05601904629402025
291,0.05516336304624134,0.05601934862838281
