0,0.15706997420185095,0.1572581772775579
1,0.14913117610557486,0.1493245524109231
2,0.14227964861856696,0.14247758618763923
3,0.1365429146750533,0.13675010284390718
4,0.13165100265590884,0.13185920845602916
5,0.12262288655822773,0.12283116664828819
6,0.11478296010100192,0.11499018035852532
7,0.10799819247138558,0.10820846133785382
8,0.10218040670417734,0.1023726490453892
9,0.09717620940444822,0.09735709810178009
10,0.09289582901689399,0.09307104820381551
11,0.08928878896822194,0.08946234331693304
12,0.08620831368309838,0.08637651880033012
13,0.08370403336455451,0.08385165057235866
14,0.08154792120732358,0.08168668168882567
15,0.07755488158662702,0.07766009191809249
16,0.0741445173452636,0.07421991480146839
17,0.07123328757935514,0.07129066326876392
18,0.06885382334203531,0.06888705679421091
19,0.06680386065707174,0.06682159691658826
20,0.06509158635944946,0.06510044711325144
21,0.0636749367485658,0.06366313116288826
22,0.06247392315427789,0.0624532759899724
23,0.061512288332371864,0.0614819015346205
24,0.06069036879813325,0.06064911308580364
25,0.060013881640250795,0.05996152284768116
26,0.05944949002486825,0.059391747979689866
27,0.05898147651473268,0.0589172236533799
28,0.0586306845736554,0.05856056077802805
29,0.05830819711541694,0.05823578301361672
30,0.05805560457595855,0.057978924916800983
31,0.0578305103075748,0.05775059045559164
32,0.05765246992248528,0.057568389029698346
33,0.05750536560900554,0.05742108107354195
34,0.05738302488629192,0.05729629787051594
35,0.057281720190810806,0.05719396231584301
36,0.0571952960234074,0.057106770811148864
37,0.05712521571007086,0.05703745000808239
38,0.05706204800378875,0.05697202667705157
39,0.057009044847505796,0.056917978527365506
40,0.056965516924379386,0.05687439269150836
41,0.0569274368504172,0.05683613881016024
42,0.056895563302906974,0.05680430506018209
43,0.05686714546967611,0.05677523452017976
44,0.05684414583751023,0.05675231603927713
45,0.056822482753624455,0.05672973706899845
46,0.056802793706140844,0.05671026242889323
47,0.05678660617411417,0.05669375052876142
48,0.05677010074872647,0.05667622484275738
49,0.05675620836225377,0.056662007687838765
50,0.05674477472708422,0.05665147017151827
51,0.05673652671737958,0.05664426171578778
52,0.056726195336466986,0.05663329280111369
53,0.056716386339319635,0.056625004161844225
54,0.056708206343165174,0.056616688764713256
55,0.05669883772629736,0.056606645692398955
56,0.05669155133976113,0.05659887688881571
57,0.056680156517523506,0.05658693162676159
58,0.056672929433272616,0.05657901538318395
59,0.0566682285029258,0.05657564798867405
60,0.05666489269406599,0.056573921064982984
61,0.056660330911545195,0.05656968352558564
62,0.05665591356373463,0.05656609165869998
63,0.05665155124035623,0.05656315226897256
64,0.05664479278321189,0.05655645870043821
65,0.0566416506833986,0.056553334407899926
66,0.05663622939548969,0.05654745732287933
67,0.05663228532912154,0.056543198654114384
68,0.05662440734910203,0.0565346551847765
69,0.05661849972944212,0.056528664191572944
70,0.056616678324309985,0.056527275834518026
71,0.056610993343797905,0.05652257021606377
72,0.056606111701677946,0.05651788416502083
73,0.05659913954129218,0.05651039564208201
74,0.056594288708091696,0.056506383237311816
75,0.05659108948625663,0.056504158103050706
76,0.056583303900656814,0.056495191543287825
77,0.05657977147669395,0.05649126976568787
78,0.056578918956489754,0.056490665646573554
79,0.0565722278205841,0.056489814988349436
80,0.05656832546740655,0.05648639518237268
81,0.05656712970620388,0.05648617464522558
82,0.05656546425873774,0.05648434953982415
83,0.0565653069527124,0.056484409799335195
84,0.05656467633181149,0.056484464170053206
85,0.05656467629806982,0.056484464170486914
86,0.05656006753741642,0.056479739864058964
87,0.056559523576398964,0.05647925762482551
88,0.05655872802527474,0.05647906847700183
89,0.056557428131694926,0.056478584592953414
90,0.056554352595816315,0.056475788750479775
91,0.05655019549807619,0.05647131131213796
92,0.05654365651380395,0.05646568056065104
93,0.05654277210559493,0.056464910854769325
94,0.056538875255601945,0.05646071606224781
95,0.05653375392120865,0.05645503440465794
96,0.0565314736313796,0.05645392604117568
97,0.05653092687964412,0.05645379329910257
98,0.05653071025557583,0.05645361970151238
99,0.05653015448669013,0.05645340403811507
100,0.05652814207007792,0.056452497191269733
101,0.05652426210680424,0.056448120995270905
102,0.05652426200974124,0.056448120994512636
103,0.056517021611431593,0.056444992292222725
104,0.056514336805007524,0.056442791858289175
105,0.05651143900016707,0.05644032777102785
106,0.056507985138569555,0.056436946951109596
107,0.056502836899679935,0.056431727122603914
108,0.05650031305906193,0.056429358507251066
109,0.056497505585895454,0.056427446202805195
110,0.05649671764463893,0.05642717037984989
111,0.05649551104899276,0.056426606169869026
112,0.056489974164017714,0.05642263744365391
113,0.056488704257128,0.05642200660706041
114,0.05648856835721135,0.05642188953873019
115,0.0564857148761709,0.0564188312586209
116,0.05648569406067137,0.05641883124776119
117,0.05648214042029828,0.05641534415565708
118,0.056481276713000524,0.0564150534018636
119,0.056477781850965594,0.056411101474142716
120,0.0564748550988204,0.05640859633732011
121,0.05647102576606989,0.056404662839358924
122,0.0564684768068669,0.05640178991218937
123,0.056466698406805176,0.056400860833657696
124,0.056461484706486695,0.05639633589518196
125,0.05645960337262843,0.056394415824900124
126,0.05645690175093961,0.05639172332298493
127,0.05645686358018365,0.05639162625568852
128,0.05645682207677025,0.056391626259375834
129,0.056452652047607875,0.05638748187784434
130,0.056452490510755106,0.056387324747303215
131,0.056448753910525486,0.05638391002432677
132,0.05644495868437792,0.056380776123725926
133,0.05644149987596071,0.05637735750173644
134,0.05643938632198648,0.05637559355788251
135,0.05643588285715891,0.05637391057508233
136,0.05643297116631672,0.05637174909767513
137,0.05643289523729279,0.056371749126898664
138,0.05643228650675786,0.05637120680066598
139,0.05643101309312422,0.056370341318339616
140,0.05643090989181302,0.056370349099125056
141,0.05642486548302018,0.05636882958804483
142,0.056421208523737644,0.05636559988911928
143,0.056418861561311304,0.056363292005354
144,0.056416609532322595,0.05636101167589817
145,0.05641449683227112,0.05635970265977377
146,0.056411884006150013,0.056357787281883245
147,0.05640854537690668,0.05635508643731246
148,0.05640598586154914,0.0563522789896014
149,0.056404624806774786,0.05635103076794311
150,0.05640188898867426,0.056348758424693515
151,0.05640025371431238,0.05634795960905969
152,0.05639778973821582,0.0563463026235569
153,0.05639532752914531,0.05634434661700067
154,0.056392052018702774,0.05634080007891908
155,0.05639169844924175,0.056340434886245745
156,0.056390831559802304,0.0563393067614988
157,0.05638845480029237,0.0563375386108176
158,0.05638536724965433,0.05633542757477265
159,0.05638207903567592,0.056331832162175716
160,0.05637963208245687,0.05632911004436665
161,0.05637544644051889,0.056325328142682325
162,0.05637299639022882,0.05632291608484223
163,0.05637295757136537,0.056322916128815285
164,0.0563706611344832,0.05632043510275057
165,0.05637054939285361,0.05632012641779751
166,0.05637052110699046,0.05632012676843139
167,0.05636753112986988,0.05631654381102252
168,0.056364511150944784,0.05631414053526263
169,0.05636174995186696,0.05631111795818635
170,0.05636044339667522,0.05631057199785761
171,0.056357857341831026,0.056309498141609064
172,0.056356004331078964,0.056307657046416056
173,0.056355965002550364,0.05630765704795295
174,0.05635358805770553,0.05630549602278824
175,0.056352413938057004,0.056304681319731285
176,0.056350397134935594,0.05630211026694895
177,0.056347577493664126,0.05629892818306885
178,0.05634591081002814,0.05629795079290698
179,0.05634342499185546,0.056295378205159424
180,0.05634339946030507,0.05629537825482164
181,0.0563428689625156,0.056295235343195006
182,0.05634122369223357,0.05629432277649873
183,0.05633977473805042,0.05629333152989939
184,0.05633911225462596,0.05629283732696682
185,0.056336040736975804,0.056290948424005886
186,0.05633334775793868,0.05628930997223366
187,0.056331294367469587,0.05628829483522538
188,0.056329092900280486,0.05628632732489378
189,0.05632689138593435,0.056284294023749334
190,0.05632577117334454,0.0562834469057478
191,0.05632424684720106,0.05628183653619938
192,0.056322332824883956,0.05628031490255612
193,0.05632128948907782,0.056279279780359924
194,0.05631645917313618,0.056274694975032076
195,0.05631638919167194,0.056274694947300564
196,0.05631019068978207,0.056271253256878394
197,0.05630777487346518,0.0562685515929086
198,0.05630596566580585,0.05626692350491801
199,0.0563042293347118,0.05626564372350916
200,0.056301676357287674,0.05626564545554837
201,0.0563016520991085,0.05626564543377326
202,0.056300129242582125,0.056265293165838906
203,0.056297991513788295,0.05626305467610709
204,0.05629537299124763,0.05626092514351437
205,0.05629358467867714,0.05625972256678412
206,0.05629320088627841,0.056259312024079716
207,0.0562914101820542,0.0562586955425282
208,0.056288778755968216,0.05625611679766784
209,0.05628860311834961,0.056256152276349745
210,0.05628687371495577,0.0562549265697684
211,0.05628649882897405,0.056254738748821954
212,0.05628494276102515,0.05625399948290337
213,0.05628285821908275,0.056252368523355044
214,0.05628160967752119,0.056251490580397336
215,0.05628034870739287,0.05625034001682918
216,0.056278569313691455,0.056248676510836065
217,0.05627696713325726,0.05624821633726725
218,0.056275542239202336,0.05624702041231867
219,0.05627215369523796,0.05624385859224963
220,0.05626998814750653,0.05624389338513757
221,0.05626880282467962,0.05624308303612221
222,0.05626848769275145,0.05624266849947433
223,0.05626470166541215,0.05624258645377831
224,0.056263417266329205,0.05624136970451899
225,0.05626255994305844,0.05624027780473761
226,0.05626052379231883,0.05623788268465095
227,0.05625945929134322,0.05623750117385479
228,0.05625856318725966,0.05623678101656619
229,0.056257149942449285,0.056236206679960245
230,0.05625552602469649,0.05623505353612451
231,0.05625541473041225,0.05623505402923301
232,0.05625437500463751,0.05623454595516745
233,0.05625424448225751,0.0562344943444614
234,0.05625086558284376,0.05623115938248171
235,0.05625077731965842,0.05623115965381193
236,0.05624876768897998,0.05622941933473001
237,0.05624798116587942,0.05622870101987053
238,0.056247762944672604,0.05622871306237949
239,0.05624750145906868,0.05622870401612807
240,0.056246564052129806,0.05622796994976466
241,0.05624622902812713,0.05622796267080631
242,0.05624489733156989,0.05622655208290788
243,0.05624383693541917,0.05622531819597667
244,0.05624362153270545,0.05622531832907907
245,0.05624134022560179,0.0562240074345991
246,0.05624012438019946,0.05622326567320769
247,0.05623913497317961,0.05622299979014682
248,0.05623901950868116,0.056223020127796515
249,0.056238274469701324,0.05622272150515046
250,0.056237421344672724,0.05622194729912689
251,0.05623526866119797,0.05622165922583982
252,0.0562344311622462,0.05622109936632996
253,0.05623245053089823,0.05621875019865108
254,0.05623213858096637,0.056218794966594314
255,0.05622986898643877,0.05621581884864004
256,0.056228407321474556,0.05621461742865174
257,0.05622659335855136,0.05621287478914716
258,0.05622588764367751,0.056212543084504414
259,0.05622552406382941,0.05621237444637806
260,0.05622380872195423,0.05621117375326274
261,0.05622330218410142,0.056211036280890074
262,0.05622205174440599,0.05621064731522125
263,0.05622156132436112,0.05621058865756353
264,0.05622145942608735,0.05621045616394791
265,0.05622095073533366,0.05621019664573167
266,0.05621957577394806,0.05620996824275942
267,0.05621840252209919,0.056209148587311665
268,0.056217885489809966,0.056209257989754624
269,0.056217760831881354,0.056209261056392595
270,0.056217095370129574,0.05620940414503865
271,0.05621673204644615,0.056209341937579815
272,0.0562153539687551,0.05620872853759201
273,0.05621381341464009,0.056207205027075435
274,0.0562135230529753,0.05620702570321168
275,0.05621299611682791,0.05620700906803889
276,0.056211554103378664,0.05620579631867879
277,0.05621081762303174,0.05620528006621566
278,0.0562093045403793,0.05620419969142316
279,0.05620862471900437,0.05620343134777046
280,0.05620704090910955,0.056202119134417444
281,0.05620637352880463,0.056201738987809356
282,0.05620422319905813,0.05620011035101522
283,0.05620343148573041,0.05619976033983775
284,0.05620214386801291,0.056198659449755745
285,0.05620064867198722,0.0561966642785152
286,0.056199186567179246,0.05619550867557819
287,0.056198178729282726,0.05619435884729995
288,0.05619664389178783,0.05619338471397618
289,0.05619521617183972,0.05619291729593102
290,0.05619503774780204,0.05619302911363318
291,0.05619327558519103,0.056191376228153324
292,0.05619235933301682,0.056190250845195744
293,0.05619126611160346,0.05619007925954203
294,0.056190793340575404,0.05618977686805523
295,0.05619068662510926,0.056189773506830056
296,0.056189159287870175,0.056188978208617485
297,0.05618848465525935,0.05618886678911544
298,0.05618826865124265,0.056188865420995285
299,0.0561869484884293,0.056187779872143885
300,0.05618575369196883,0.05618766958374751
301,0.05618479306480443,0.056186946288530604
302,0.056183489566427644,0.05618575803630111
303,0.05618115679091058,0.05618390633506003
304,0.056180652606191844,0.05618369756572797
305,0.05617960726083566,0.05618314257768497
306,0.05617923731792618,0.05618313468830966
307,0.05617754180472363,0.05618149245640818
308,0.05617603769988868,0.05618141294760808
309,0.056175391707196626,0.056180974859463585
310,0.05617340138178102,0.05617948333123794
311,0.05617269350486603,0.05617884348376715
312,0.05617181983041842,0.05617870288544959
313,0.05617110325347788,0.056177700274372216
314,0.05616972892102278,0.056176383718358924
315,0.0561678019001443,0.056175624460965974
316,0.05616221283109879,0.056171885305463916
317,0.05616173079298406,0.05617143385752547
318,0.05616166169600885,0.05617143396460735
319,0.05616151926140054,0.056171426412234826
320,0.056160916212552765,0.05617117906200161
321,0.05615933040501175,0.05616950570990237
322,0.05615851459955911,0.05616882236562692
323,0.056158263769194035,0.056168823044794036
324,0.05615768679584893,0.05616830318093359
325,0.056157644850280505,0.05616830591742051
326,0.0561570328021109,0.056168001644139987
327,0.05615607471460905,0.05616698778372857
328,0.0561560311112988,0.05616698669937094
329,0.056154609340911314,0.05616704819634666
330,0.05615356029306198,0.05616604792814
331,0.05615320494229645,0.05616590271818226
332,0.05615227405419855,0.05616526193376739
333,0.05615074706438948,0.05616545976603434
334,0.056149914472207206,0.05616516548584145
335,0.056148837168848366,0.056165005218156296
336,0.056147639167584674,0.05616431338645479
337,0.056147486348416355,0.05616438298694763
338,0.0561460794935023,0.056163155120929946
339,0.056145882304920174,0.056163185357872215
340,0.056144091665228345,0.056163187169688926
341,0.056143745717637125,0.056163249327488556
342,0.05614063926152315,0.056161004352592615
343,0.056140034873348794,0.05616102799132446
344,0.056139346401788894,0.05616023476762331
345,0.05613888481881325,0.05616006743352601
346,0.0561388035208695,0.05616006724298379
347,0.05613809801205724,0.05615998713691571
348,0.05613663984007992,0.05615861773738821
349,0.05613622231156971,0.05615852288821552
350,0.05613585806086471,0.056158247210138734
351,0.05613507587234482,0.05615796398471428
352,0.05613504943010752,0.05615794633978287
353,0.05613502375062634,0.05615794663016392
354,0.05613418223783849,0.05615869532626208
355,0.05613305268097893,0.05615865863391506
356,0.05613299738271468,0.05615865541003788
357,0.05613245832144457,0.05615821119872579
358,0.056132113052068715,0.05615848560805259
359,0.056131510062431174,0.056157990339757734
360,0.05612969778090776,0.05615703838592857
361,0.056129231995894896,0.05615695943249059
362,0.05612904737696339,0.056156967210077124
363,0.05612827836932184,0.056156579857123405
364,0.05612685306572867,0.056155170384295204
365,0.05612584970455051,0.05615455135024601
366,0.05612448887428461,0.05615393220858094
367,0.056123549120765864,0.056153768210661884
368,0.05612343031283133,0.05615371491351857
369,0.05612230982781287,0.056152975605769935
370,0.05612143340336222,0.05615251401479211
371,0.05612034654066177,0.056151765952261574
372,0.056119400565562354,0.056152110529519746
373,0.056118991637593756,0.05615219635107533
374,0.056118244270833055,0.056151705162973145
375,0.056117342704626316,0.056151398476125686
376,0.05611707403889689,0.05615122087051697
377,0.05611698747412339,0.05615117455009082
378,0.05611410674499731,0.05614887284463415
379,0.05611404239557333,0.05614889597084684
380,0.056112951258737644,0.05614735698900178
381,0.056111705296586635,0.05614646148811558
382,0.0561116148715327,0.056146485913733446
383,0.05611072339059464,0.05614653991509056
384,0.0561098945847121,0.056146129292092506
385,0.05610953339490102,0.05614620610609472
386,0.05610948226311157,0.05614620721410254
387,0.056109095493019734,0.056146257542962145
388,0.05610811756579209,0.05614564717755873
389,0.05610681361796732,0.05614491925414808
390,0.05610525526198066,0.05614364543406163
391,0.05610398091988198,0.05614263945845817
392,0.05610258246805462,0.0561420156715763
393,0.056102408132327065,0.056142009811178624
394,0.056102382130214505,0.056142025562446275
395,0.05610131016942695,0.056141502212299924
396,0.05610098592326675,0.05614093106536494
397,0.056099818487425644,0.05614039285054929
398,0.056095539543854864,0.05613757773781186
399,0.056094858445071685,0.05613758964437566
400,0.05609208286530195,0.05613689500317305
401,0.056091107600042135,0.05613617866014862
402,0.05609074627371923,0.05613601391832741
403,0.056089739893637844,0.056135832407468965
404,0.056089424770306005,0.056135799296737815
405,0.05608891845401034,0.056135697547238336
406,0.056087963234068644,0.056134536894133544
407,0.05608793815307655,0.056134536468418206
408,0.056086866496154596,0.05613409986558534
409,0.056086018081267446,0.05613362127659498
410,0.05608105276167467,0.05612905648267553
411,0.056079997109823164,0.05612873671045121
412,0.056079043689692167,0.056128499251809225
413,0.05607852597254927,0.05612905760441871
414,0.0560781230953878,0.05612906194245137
415,0.056076923907357794,0.05612949234120087
416,0.05607599135610691,0.05612841187557894
417,0.056075410964499514,0.056127523407685426
418,0.056074898622251894,0.056127197121568495
419,0.0560748516230017,0.05612720100467661
420,0.056074709143408376,0.05612720795414739
421,0.05607410363803096,0.056126749200993635
422,0.056073614294087616,0.05612644677291585
423,0.05607331159312209,0.05612637079463786
424,0.056073248572977984,0.0561263793519757
425,0.05607272451766663,0.05612594616286742
426,0.05607156770045064,0.056125069360189794
427,0.056070707220145025,0.056125240448651595
428,0.05607033254400011,0.05612510343907281
429,0.05607002501956101,0.05612506323073157
430,0.056069178116884076,0.05612480340125104
431,0.05606913187597776,0.05612480340135414
432,0.056067866614499536,0.05612424128769775
433,0.056067124676839684,0.056124014594740125
434,0.056066966019102854,0.05612404656940604
435,0.05606680987238302,0.05612402234837888
436,0.05606509554101816,0.05612378158930664
437,0.05606484101507277,0.056123305813055996
438,0.05606470313318418,0.056123291638402364
439,0.056064665262173685,0.056123299739751234
440,0.05606458869136315,0.056123280456517016
441,0.05606407708047007,0.056123218082914615
442,0.056064038714183986,0.056123209295686496
443,0.05606371750654233,0.056123277835093625
444,0.05606354916753797,0.056123256790226624
445,0.056063312457809086,0.05612301426131225
446,0.05606311886624363,0.056123065963100065
447,0.05606206263970549,0.05612270634586893
448,0.05606203017900745,0.05612271332869759
449,0.056061695206538045,0.05612265743614538
450,0.0560608879921,0.05612224521240674
451,0.056060161398127605,0.056122092282050076
452,0.056060011099181246,0.05612212959899522
453,0.05605933435809602,0.05612151106131212
454,0.05605785212382198,0.05612025691391894
455,0.05605775816419735,0.05612028323528107
456,0.05605727062493289,0.05612010257710513
457,0.05605708061939343,0.05612010779601849
458,0.056057034266635025,0.056120114233826277
459,0.0560549854221379,0.056118855571000416
460,0.056053688688168325,0.056118742802320015
461,0.056052098005521876,0.05611764539287945
462,0.05605125527684218,0.05611701887368021
463,0.05604983670407084,0.05611626418109354
464,0.05604887746537971,0.05611570281368299
465,0.05604882536568162,0.05611568150723388
466,0.056047549675666976,0.05611451690640952
467,0.05604636630617786,0.056113847374742634
468,0.05604574876327644,0.056113488023855816
469,0.05604479107188449,0.05611282680342581
470,0.05604424845494219,0.05611248700174005
471,0.056044186039951066,0.05611249583150904
472,0.05604369114448013,0.056112890861564055
473,0.056042689394804494,0.05611211015140642
474,0.0560421986128329,0.05611192101819305
475,0.05604153401930518,0.05611144814145708
476,0.056041270205438684,0.056111450011323775
477,0.056040142029371416,0.05611078925132528
478,0.056039753210124166,0.056110614287562685
479,0.056038916714150976,0.05610983617075986
480,0.056037009861333927,0.056108728744529414
481,0.05603662463800677,0.056108628869909166
482,0.05603593411767925,0.05610842784523497
483,0.05603446927215376,0.056108203672913914
484,0.05603418887071258,0.056108202065642605
485,0.056033864028529744,0.05610785800038279
486,0.05603364621799108,0.05610776745126721
487,0.05603261145040777,0.05610734676658257
488,0.05603182121709591,0.05610712447030053
489,0.05603152567960898,0.05610716174606355
490,0.05603056166858971,0.056107310337587465
491,0.056030331298819305,0.0561071798838933
492,0.05603004097403128,0.056107084633623995
493,0.05602987824689768,0.05610708541017483
494,0.056028947167894895,0.05610662505370723
495,0.05602885130248074,0.05610663392163736
496,0.0560285806742741,0.05610644379347298
497,0.056028322040488916,0.056106370726806284
498,0.056027871191401006,0.05610628360150491
499,0.05602741743794813,0.05610625611581764
500,0.05602728760359347,0.05610616432828973
501,0.05602604275434374,0.05610629042208304
502,0.056025112020420466,0.05610592006078333
503,0.05602485126388599,0.05610579825276765
504,0.056024768308249116,0.0561058082657149
505,0.05602432574847883,0.0561053950184652
506,0.0560242831047082,0.05610538981487699
507,0.05602423863673973,0.056105389899804514
508,0.05602319237861492,0.05610483776918004
509,0.05602232732260687,0.05610431156289269
510,0.05602216614287526,0.05610424206903737
511,0.056020619232944296,0.056104172137848886
512,0.05601980529530525,0.05610386624462364
513,0.056019340754707464,0.05610393920399728
514,0.05601923787324636,0.05610391036157397
515,0.05601897133321177,0.05610395569613236
516,0.05601842294382882,0.05610432070827482
517,0.05601836326064682,0.05610432070777484
518,0.05601835074176764,0.05610427608617734
519,0.05601759559068164,0.05610350419937641
520,0.05601657794408008,0.05610305433817782
521,0.056015749271136846,0.05610228240493236
522,0.05601514062311584,0.056101848005639374
523,0.05601500241058056,0.05610178783458812
524,0.056010461826894835,0.05609778292611733
525,0.056009140670088664,0.056096351646136265
526,0.0560090355229026,0.05609635287544605
527,0.05600747692362697,0.05609473168538788
528,0.0560071861519928,0.056094595320610535
529,0.056006550036307216,0.05609441411503957
530,0.05600539664976627,0.05609343768227412
531,0.05600534421110751,0.056093391370490485
532,0.05600525260279249,0.05609343178723219
533,0.0560052191004051,0.05609343178373622
534,0.056005080485036246,0.056093450805179176
535,0.05600435355348687,0.056093341682026815
536,0.05600417969881224,0.05609334348462083
537,0.0560036760379451,0.056093368292860046
538,0.056003250996507985,0.05609317780937995
539,0.05600051002680429,0.05609103912481114
540,0.05600050027247274,0.056091040492415215
541,0.05600041132839985,0.05609108684538829
542,0.05600038604682407,0.056091096364376494
543,0.05600026041882168,0.056091181047448174
544,0.05600002306077078,0.056091180394137574
545,0.05599990293169538,0.05609117419675036
546,0.055999851872718685,0.056091179853816765
547,0.055999816164632475,0.05609118958869313
548,0.05599852331577377,0.05608981853771607
549,0.05599561504543068,0.05608716254685882
550,0.05599535480006057,0.05608706859410107
551,0.05599495123452619,0.056087099166894874
552,0.055994143647101306,0.05608699572600113
553,0.05599361842765339,0.056087264018149036
554,0.05599298370937374,0.056087128973585955
555,0.05599245093730616,0.05608684172253542
556,0.05599221875336866,0.0560868577599925
557,0.0559920954596082,0.05608692156346106
558,0.05599141279681979,0.056086740120510035
559,0.05599045371637388,0.05608618669055725
560,0.0559896748430075,0.056085984665233436
561,0.05598948426250574,0.05608606854941975
562,0.05598934132811593,0.056086118604373514
563,0.055989191625873166,0.056086091259556735
564,0.05598766587703327,0.05608486216127087
565,0.05598632962442068,0.05608347972941284
566,0.05598541875183444,0.056082577872353795
567,0.05598489395025279,0.05608223698282031
568,0.05598405992265406,0.056082022581680636
569,0.055983963567617534,0.056082021850729864
570,0.05598288112552028,0.0560808892405592
571,0.05598267493728292,0.05608093268927762
572,0.05598255167380056,0.05608092637229169
573,0.05598188074057176,0.05608103247486349
574,0.05598089876512457,0.05608052821960639
575,0.05597985273747373,0.05608016348544512
576,0.05597976065895703,0.056080168914580716
577,0.055978620010880456,0.056080105037962874
578,0.05597766929519436,0.056079978893993396
579,0.0559772833343767,0.05608019114625018
580,0.05597718657597424,0.05608018931492852
581,0.055977086470806556,0.05608019133393467
582,0.0559763085451047,0.05607952805929525
583,0.05597555621023693,0.056079966105830215
584,0.0559746080250266,0.05607976609963486
585,0.05597440454014043,0.05607958172077529
586,0.0559743585238905,0.05607958974855988
587,0.055974313005140185,0.0560795917111741
588,0.05597371325643676,0.056079604128412716
589,0.05597210679362767,0.0560789999561473
590,0.05597186344458528,0.05607911405606452
591,0.055971708527364425,0.05607910114358563
592,0.055970272990395274,0.05607807886205841
593,0.05597019066956001,0.056078089319626614
594,0.05596899844334534,0.056077151087429826
595,0.05596879059674404,0.056076894370438446
596,0.05596866916497048,0.05607689523042327
597,0.055967581812104115,0.056075747955352195
598,0.05596474768831799,0.05607441002800089
599,0.05596396603479649,0.05607413794463141
600,0.05596296170847336,0.05607441801084416
601,0.05596186470377662,0.05607364170445164
602,0.05596184972679362,0.05607364200732938
603,0.05596174801522743,0.0560736021462974
604,0.05596161525141392,0.05607363282148001
605,0.05596138560521346,0.05607366907454271
606,0.055960917564063704,0.05607348796683851
607,0.05596003279911376,0.05607320784707667
608,0.0559593811493093,0.05607258375247724
609,0.05595833776460827,0.05607337176314805
610,0.05595758578208654,0.0560731053712844
611,0.05595744954228752,0.056073082502137314
612,0.05595728946375789,0.05607323078583193
613,0.055957188498509905,0.05607320798351076
614,0.055956715429894936,0.05607311520083521
615,0.055956213985657303,0.05607305884348601
616,0.05595517925744781,0.05607317234680958
617,0.05595388878170329,0.05607305063427605
618,0.0559532116460756,0.05607241783126046
619,0.05595208305198262,0.056072636483274665
620,0.05595206487926337,0.05607265092752977
621,0.05595118178528606,0.056071794011102995
622,0.05595107210054276,0.05607191761782916
623,0.05595102825104642,0.05607191823193328
624,0.05594976077173899,0.05607203192150816
625,0.05594929296421795,0.056071940686341755
626,0.055948901247287755,0.05607182519773083
627,0.05594796394097133,0.056071575549255875
628,0.05594789388308728,0.056071572664331014
629,0.05594741356952516,0.056071429177587534
630,0.055947377180543406,0.05607142817198653
631,0.055946222100307606,0.05607017527752284
632,0.05594604344210848,0.05606999219506954
633,0.05594513349498312,0.05606938015596448
634,0.05594415111274597,0.05606888164134358
635,0.05594328417333198,0.056068931383997586
636,0.05594315532135567,0.05606903428318557
637,0.05594309738242517,0.05606903244452094
638,0.05594213870293201,0.05606896383216984
639,0.055941231537427624,0.056069241712756075
640,0.05594069817343957,0.056069543831036336
641,0.055939664584121904,0.056069555628803634
642,0.055939571380805145,0.05606947125412317
643,0.055938806619647174,0.05606921010542743
644,0.05593866421567857,0.0560692370880346
645,0.055938370651324,0.05606906643496438
646,0.05593804997195836,0.05606898504842622
647,0.055937366727438,0.056068838465488886
648,0.05593608808221616,0.0560687511710268
649,0.05593503955757307,0.05606889809143337
650,0.0559346090589971,0.05606872963991294
651,0.055934501275535904,0.056068699505306976
652,0.05593419978604674,0.05606865410510215
653,0.05593374422278729,0.0560686513386388
654,0.05593268290070428,0.05606908836513354
655,0.05593261058452898,0.0560690228575443
656,0.05593255642438775,0.05606905757462195
657,0.055932452061865374,0.056069053584883274
658,0.05593179155973663,0.05606893794931591
659,0.05593153254014071,0.05606889896348982
660,0.05593135854272461,0.056068924613011425
661,0.05593127055540877,0.05606892140511487
662,0.05593028760240977,0.05606789982010066
663,0.0559300498071544,0.056067834021821854
664,0.05592941370759204,0.05606730711250696
665,0.055928750699151465,0.056067146046082206
666,0.0559277644138837,0.056066677782621595
667,0.05592772970570896,0.05606665407606816
668,0.055927525832033684,0.056066606373790344
669,0.05592718665870783,0.0560666653276828
670,0.05592715966954365,0.05606666947094632
671,0.05592711580428499,0.056066671385789794
672,0.055926854138314844,0.05606669164723426
673,0.055926796692757526,0.05606667408417221
674,0.05592672077068429,0.05606667933511925
675,0.055926434945310334,0.056066591743419256
676,0.05592569040483179,0.05606619298850148
677,0.05592475085132133,0.056065732263529774
678,0.055924009902623514,0.056065641570754166
679,0.055922665324057215,0.0560644340078089
680,0.05592176564423524,0.056064174744762635
681,0.055921524029737615,0.056064068250874594
682,0.055921382903592255,0.05606407425583422
683,0.05592065784578523,0.056063792523612335
684,0.0559201513532761,0.05606326902373408
685,0.055918839296008195,0.056062891442383
686,0.05591857936256525,0.05606283998460632
687,0.055917436001846954,0.05606252350617504
688,0.05591661374986585,0.05606237709105234
689,0.055915748364492875,0.05606173382639844
690,0.05591570228409375,0.05606172237049625
691,0.05591563675140824,0.056061715516525605
692,0.05591469668311257,0.05606138308489688
693,0.05591466458191145,0.05606131618969319
694,0.05591311502235041,0.056060350698719355
695,0.055912576797151295,0.05606055893861941
696,0.05591255418206427,0.056060571141537764
697,0.05591161784196772,0.056059981698817776
698,0.055910692193770734,0.05605972003203379
699,0.05591063835446847,0.056059759823964904
700,0.05591003221646433,0.05605959464973311
701,0.05590946398238382,0.056059156869399045
702,0.05590936490402126,0.05605906730726661
703,0.055908467852446124,0.05605899358334044
704,0.055907752488365006,0.056058619796569314
705,0.055907597284921416,0.056058702766108526
706,0.05590730466227433,0.05605868158201653
707,0.05590666756077583,0.056058228029909035
708,0.05590575398539264,0.05605882982419687
709,0.05590548087907034,0.05605866492239195
710,0.05590481202533329,0.056058180504825514
711,0.05590432381372099,0.0560579941534657
712,0.05590381458444313,0.05605760392860986
713,0.05590372740096472,0.05605755292528722
714,0.05590336958547755,0.05605754478694832
715,0.05590133588997271,0.056055713475481585
716,0.0559012614101319,0.05605567269570473
717,0.055901181239099304,0.05605567100423727
718,0.05590111935140855,0.05605565450342171
719,0.05590109082248245,0.05605565833785704
720,0.0559010652587032,0.056055687469532024
721,0.05590019151923061,0.05605570952403907
722,0.055899405610031414,0.05605635002964636
723,0.055898908516053204,0.05605657088080539
724,0.05589812775733145,0.05605667836629581
725,0.0558969878123942,0.05605586961385034
726,0.05589675333239101,0.05605588003443586
727,0.055896098818758816,0.05605583725816546
728,0.05589566215914455,0.05605577638424811
729,0.05589563636585252,0.056055778053754404
730,0.05589561472636362,0.05605578056220783
731,0.05589212843059694,0.056052718646318375
732,0.05589194462267447,0.05605270762988522
733,0.05589162926384441,0.0560528492034181
734,0.05589149958517818,0.056052759808025494
735,0.0558910767665625,0.05605270466258991
736,0.055891040669216914,0.05605270473447119
737,0.055891022061376604,0.05605270716308376
738,0.05589096348861333,0.05605271346330955
739,0.055890708943963904,0.05605279666798534
740,0.05589065392117005,0.05605278505784133
741,0.055890039346074144,0.05605255971304109
742,0.05588974692852415,0.05605226455887402
743,0.055888982928044964,0.05605192081661185
744,0.05588858124158573,0.056051780456940085
745,0.05588829089992021,0.05605131548754342
746,0.055888167080226404,0.05605154370955011
747,0.05588680512529982,0.05605121809136339
748,0.055885806202907055,0.05605100330603388
749,0.055885735071088176,0.056050992018311686
750,0.055885625626422845,0.05605095167365446
751,0.055884497302173604,0.056050657802203474
752,0.055883839336948314,0.05605049515593481
753,0.0558836443416278,0.05605051416192467
754,0.05588322854782416,0.05605052460298363
755,0.055883079256099345,0.056050682696985106
756,0.05588232769091148,0.05605048239689972
757,0.05588213627799822,0.056050473594008596
758,0.05588206852713317,0.05605047405952522
759,0.05588084613598151,0.05604983092909213
760,0.05588018809078447,0.05604934769789263
761,0.055880038968478235,0.056049308378931614
762,0.05587951418101716,0.05604953010107071
763,0.05587911388370867,0.056049387917629104
764,0.055878896869115194,0.05604941068081713
765,0.05587870464411705,0.05604927947349098
766,0.05587830001700544,0.056048991033321595
767,0.055878268958860194,0.05604898890710504
768,0.05587763173610709,0.05604906485728587
769,0.055877588957475,0.05604906601726119
770,0.05587731451676112,0.05604877438984856
771,0.055877081183243686,0.056048958398227725
772,0.05587702263189882,0.056048959742953625
773,0.05587662311781841,0.05604907728863439
774,0.05587662244531345,0.05604907819122066
775,0.055876521283062114,0.05604901482243511
776,0.05587650309139254,0.0560490147066261
777,0.05587565288317754,0.05604865722581199
778,0.0558751008013866,0.05604866790724227
779,0.05587406742952263,0.05604839019164025
780,0.055873514422931335,0.05604848111674546
781,0.05587351068024753,0.056048481141445186
782,0.055872861475855885,0.056047820425043846
783,0.05587276617813508,0.056047875189697546
784,0.055872673569736964,0.056047925110701446
785,0.055872278372743084,0.05604811233288287
786,0.055871063389964656,0.05604708363552304
787,0.055870813022044524,0.05604743338665633
788,0.05587035806944096,0.0560475712054906
789,0.055870184443326816,0.056047630465013626
790,0.05587000555642197,0.05604762084532534
791,0.05586837717530534,0.05604650642756386
792,0.055868328715996306,0.05604650647532112
793,0.05586724673744001,0.05604633298567504
794,0.05586718414158049,0.05604633041468037
795,0.0558656247615367,0.056045446773359105
796,0.055865053256528324,0.05604526434003426
797,0.05586504541028073,0.05604527437864449
798,0.055864727912198806,0.05604551743498668
799,0.055863987786271094,0.05604542638937028
800,0.05586280697390658,0.05604503277957167
801,0.05586217184961546,0.056044849726820646
802,0.05586125456679205,0.05604489444319026
803,0.055861243112602585,0.05604487974653456
804,0.05586113812840764,0.05604479429111036
805,0.055860595717424175,0.056044938049571884
806,0.055860573312667985,0.05604494210517469
807,0.05586047637873562,0.056044942097599824
808,0.05586046720661173,0.05604494221978195
809,0.055860020911079146,0.05604490704870123
810,0.055859989506183184,0.056044924305846414
811,0.05585980179871777,0.05604512754632677
812,0.05585913819280237,0.056045043414302526
813,0.05585909966338668,0.05604503528925853
814,0.05585907834263793,0.056045037102510145
815,0.05585869733500339,0.056044772107590624
816,0.0558586164434355,0.05604475106440793
817,0.055858425898699236,0.056044774844493286
818,0.05585840946528561,0.05604477519753233
819,0.055858114152524244,0.05604457812938092
820,0.05585788246722707,0.05604454178896879
821,0.05585737349045458,0.05604456453493904
822,0.055857312359812256,0.05604449711253332
823,0.05585601354223633,0.05604327412091072
824,0.05585529148958973,0.05604288048049218
825,0.055854913348215594,0.056042658697971745
826,0.05585422796894874,0.05604250113871729
827,0.05585384380754538,0.056042512347392916
828,0.05585268721003417,0.05604157405483203
829,0.055852145041929445,0.05604160568327597
830,0.055851469313393194,0.05604145703836038
831,0.05585029951173579,0.05604057470272117
832,0.05585024929461112,0.05604057940211162
833,0.055849515782747564,0.056040701619013256
834,0.055849425005089784,0.0560407584239763
835,0.05584891978081982,0.05604044513624938
836,0.05584862129487136,0.05604065570143466
837,0.05584842631181545,0.056040741459080036
838,0.05584546074383158,0.056037805088972804
839,0.05584540505187345,0.05603787044213033
840,0.05584522297052569,0.05603778568979034
841,0.05584365546494291,0.056037035517674645
842,0.05584323390313831,0.05603642765593698
843,0.05584265687060403,0.056035978869038224
844,0.055842212182891066,0.05603599750356986
845,0.05584150627159553,0.05603524841958129
846,0.05584026112971725,0.05603498278275608
847,0.05584014836795208,0.05603498863117394
848,0.055839487239814564,0.05603587633982859
849,0.0558391910614493,0.056035849977162704
850,0.05583894869981648,0.05603569290046705
851,0.05583846493114763,0.056035681688352795
852,0.05583838864730024,0.05603572957461929
853,0.05583750573409608,0.0560353411596972
854,0.055837385757700454,0.056035327306147985
855,0.05583706146386499,0.05603521012945252
856,0.055836805743034096,0.056035275334349835
857,0.05583628887817019,0.05603496795759636
858,0.05583465405754961,0.0560349657926817
859,0.055834488975923295,0.056034974099127624
860,0.05583375757541686,0.05603453428821638
861,0.05583324507523414,0.05603485697989892
862,0.05583317437021571,0.056034965567542575
863,0.05583299182588772,0.05603493278640767
864,0.05583297920041832,0.05603493520587005
865,0.055832643897078024,0.0560351114372742
866,0.05583219961516706,0.05603520947060722
867,0.05583183189635116,0.05603519220040486
868,0.05583177591430973,0.05603520542686508
869,0.05583174900690984,0.05603524161403095
870,0.05583117527717911,0.056035167667529404
871,0.055831099896580784,0.05603519686522317
872,0.05583106065947559,0.056035229382403476
873,0.055830318605954096,0.05603458544913354
874,0.05583027378871268,0.05603460630728854
875,0.05583012892508466,0.056034297522653605
876,0.055828996781919146,0.056033542271521915
877,0.05582892364017105,0.056033549492875444
878,0.05582823454093428,0.05603349146167605
879,0.05582768659980153,0.05603340011661056
880,0.05582737611063881,0.05603349903320296
881,0.0558272381880507,0.05603346470281419
882,0.05582580453030187,0.05603357127727272
883,0.05582457631693462,0.056032794056500385
884,0.055824153387681305,0.05603255230672247
885,0.055824138982840034,0.05603255904145628
886,0.05582325207729854,0.056031965920930626
887,0.05582266000179459,0.056032026389945706
888,0.05582217730197189,0.05603210773209265
889,0.055821444867536964,0.05603161312052387
890,0.05582141037255294,0.05603158829525269
891,0.055821402781166894,0.05603159987119146
892,0.05582134632903304,0.05603158771359021
893,0.055820634425068946,0.056031529197911496
894,0.05581985734758614,0.05603114694304242
895,0.05581962728797631,0.05603102955031249
896,0.05581957147180419,0.0560310050299284
897,0.055819424216385076,0.05603101357800022
898,0.05581938583931119,0.056031014149089925
899,0.055819297627158725,0.05603101640447453
900,0.05581885877809298,0.056031005849372276
901,0.055818697114511436,0.05603085647259949
902,0.055818497585846574,0.05603097597294521
903,0.05581842172023974,0.05603095558581714
904,0.05581838552271235,0.05603093983031532
905,0.055818317374654626,0.056030939793416605
906,0.05581827591573176,0.056030940056108265
907,0.055817035937969724,0.05603134913102378
908,0.05581694177101361,0.05603136226132411
909,0.05581652921373572,0.05603140976475514
910,0.055816406138279616,0.056031390262240896
911,0.05581629053966948,0.056031405767129436
912,0.05581625296580116,0.056031419906525146
913,0.05581613710820455,0.05603153260270815
914,0.05581539831482175,0.056031700258777246
915,0.05581445009369455,0.05603084288824211
916,0.05581398927815952,0.05603048266955865
917,0.055813694702070996,0.05603045480827989
918,0.05581368077358362,0.056030454819309426
919,0.05581352807026684,0.056030503913644975
920,0.05581229850206542,0.05602995803821556
921,0.055812100002753114,0.056029962417605855
922,0.055811990767886156,0.05602996954446272
923,0.05581180111556693,0.05602988860248904
924,0.05581178983229354,0.0560298886392602
925,0.055811175904907924,0.0560300587194014
926,0.055810274869308805,0.056029786790927884
927,0.055810181139846295,0.05602977308501742
928,0.05580986040833345,0.0560299278772654
929,0.05580900682028642,0.05602981910188429
930,0.055808476016032046,0.05602969792519742
931,0.055806987765963906,0.05602836305674105
932,0.055806930128059526,0.056028402960327156
933,0.05580632116057344,0.05602842951789104
934,0.05580524532637872,0.05602782888443802
935,0.055804775208567595,0.05602789664281337
936,0.05580474534614935,0.056027897101537494
937,0.05580443094539463,0.05602787198141072
938,0.05580425331654466,0.05602775005444512
939,0.055803992727974955,0.056027709700187174
940,0.05580381936215754,0.05602762307686294
941,0.05580375686879434,0.05602763158923892
942,0.05580369053212819,0.056027637454323063
943,0.05580322398900808,0.05602755334688187
944,0.05580230223238861,0.05602720062667617
945,0.05580208668541652,0.05602724638261884
946,0.05580096290402707,0.05602621038324994
947,0.05580019207712674,0.05602545956808496
948,0.05579778985144712,0.05602308798249024
949,0.05579775810565249,0.05602308108733897
950,0.05579769720917282,0.05602308106882791
951,0.055797635151690034,0.05602308116382628
952,0.055797146823143545,0.056022762681763746
953,0.05579703960652418,0.05602275880612643
954,0.05579694203137025,0.05602275004640225
955,0.0557968516331831,0.05602278455574326
956,0.055796549745068126,0.05602279986616296
957,0.0557958801082377,0.05602300066985914
958,0.05579542334853401,0.05602303542761491
959,0.0557942511785707,0.05602227977173484
960,0.05579388909737769,0.056022237646697205
961,0.05579388055251836,0.05602221537440821
962,0.05579348881007541,0.0560222652419553
963,0.0557932931436294,0.05602225082260044
964,0.05579325378131953,0.05602225169732115
965,0.05579323059747111,0.05602222696474818
966,0.05579317743626833,0.05602216672066513
967,0.05579247882633395,0.056022101800305965
968,0.0557922872843343,0.05602212951239485
969,0.055791309449665635,0.05602194151528348
970,0.05579125520073833,0.05602193188731362
971,0.05579100159688005,0.05602192610054428
972,0.05579094134744011,0.056021916396947986
973,0.05579077067298331,0.05602192042709153
974,0.05579020895334094,0.05602174824079232
975,0.05579003631436094,0.05602173542523122
976,0.055789759825732234,0.05602176693811181
977,0.05578862748791707,0.056020727823948374
978,0.05578858269964929,0.05602072820550246
979,0.05578857408256821,0.05602073024853156
980,0.055788285260281026,0.056020491559478455
981,0.05578823228489013,0.056020499601413656
982,0.05578793390115462,0.05602045164064083
983,0.05578776036609579,0.056020487876166605
984,0.05578755352656888,0.0560205990581343
985,0.055787364954062564,0.056020568607424076
986,0.055786910701842975,0.05602060507987343
987,0.05578673861908575,0.05602062092577938
988,0.05578658946706969,0.05602069277987559
989,0.055786518224990624,0.05602069830124999
990,0.05578570479636635,0.05602086444906316
991,0.055785666313311486,0.05602086073042522
992,0.05578514408966395,0.05602050195124854
993,0.05578512307353716,0.056020502619005055
994,0.05578424537952847,0.05602040148324802
995,0.05578406247417546,0.05602029724915632
996,0.0557837425297633,0.05602026367952023
997,0.05578331261051706,0.056020083143467146
998,0.05578130134313548,0.056018868237099735
999,0.05578014944411829,0.056018447811437715
1000,0.05577967226265375,0.05601834881360332
1001,0.055778438839285994,0.05601827211752853
1002,0.05577764021831276,0.056017640446336454
1003,0.0557771425940825,0.05601739054211036
1004,0.05577699579600189,0.0560173851040069
1005,0.05577678799088254,0.056017296187108295
1006,0.05577631397184568,0.05601763142073071
1007,0.05577582130039641,0.05601741479847587
1008,0.05577557243525128,0.05601744090106736
1009,0.05577547530679334,0.05601744177981651
1010,0.05577475901219384,0.056017030463299054
1011,0.055774487990907236,0.056017100867082906
1012,0.055774362543317156,0.05601704729875456
1013,0.05577435128600625,0.056017052762477766
1014,0.05577421393130313,0.05601691861107548
1015,0.0557736657437237,0.056016859038249815
1016,0.05577354659368413,0.056016861880557926
1017,0.05577353861952311,0.05601686208678102
1018,0.05577348744891911,0.05601685476166205
1019,0.05577312146641461,0.05601680597535746
1020,0.05577299269687141,0.05601704119069695
1021,0.05577213196679062,0.05601658889902059
1022,0.05577202519098472,0.05601662661654453
1023,0.05577067498121464,0.056015675597949476
1024,0.05577045704829932,0.05601562167763689
1025,0.05576971011318498,0.05601546077682022
1026,0.05576923700950312,0.05601547714622706
1027,0.05576886821847919,0.05601527658400587
1028,0.0557685756463191,0.056015100913694674
1029,0.05576854690894795,0.05601510356432408
1030,0.05576766360218927,0.05601466132680344
1031,0.05576749411258783,0.05601489387756874
1032,0.05576744381856299,0.056014872429509095
1033,0.0557673054936033,0.05601487093826272
1034,0.055767200862837,0.05601487008511734
1035,0.05576704353031269,0.05601481062589333
1036,0.05576628170278761,0.05601506494445599
1037,0.05576622842391734,0.05601507440310714
1038,0.05576569268588411,0.05601532814372058
1039,0.05576504703732409,0.05601502077832482
1040,0.05576429508099812,0.05601463812313211
1041,0.05576411745686714,0.05601467993652558
1042,0.055763694755367306,0.05601466684654756
1043,0.05576363418468904,0.056014603702289674
1044,0.05576360169746974,0.05601462988115194
1045,0.055763383036209015,0.05601444955059341
1046,0.05576314601332075,0.05601431829839218
1047,0.055762866177450895,0.056014342877925775
1048,0.05576285718911913,0.05601434822318422
1049,0.055762856789222055,0.05601434823259239
1050,0.0557628098779878,0.0560143595566573
1051,0.0557625610821105,0.05601449175203131
1052,0.05576212135845265,0.05601448413958592
1053,0.05576209802153129,0.056014478575157275
1054,0.05576206010064281,0.0560144763004022
1055,0.0557612874350745,0.0560151344273364
1056,0.05576122805934991,0.05601513642755608
1057,0.05576118459115081,0.056015092124847524
1058,0.055761111241157776,0.056015091543808314
1059,0.05576108164037175,0.05601509031466386
1060,0.05576102679640472,0.05601509052730157
1061,0.05576019221272706,0.0560146783990237
1062,0.055759697371736014,0.056014808033953575
1063,0.05575964797632287,0.05601480802479683
1064,0.05575945275598256,0.05601482280475462
1065,0.05575925634038423,0.056014689772561
1066,0.05575907658530372,0.05601467327367365
1067,0.055758887492662626,0.05601470063378605
1068,0.05575876060850896,0.05601469012383907
1069,0.0557586453621647,0.05601469306533743
1070,0.05575821161819202,0.05601492615006999
1071,0.05575762253880469,0.05601472401571355
1072,0.05575721355008845,0.05601488899932769
1073,0.05575713662745937,0.05601494455060662
1074,0.05575713450529304,0.0560149445767598
1075,0.05575709564906007,0.05601494177031259
1076,0.055756463857694366,0.05601511343958484
1077,0.055756423644589735,0.05601513352610843
1078,0.055755880080108046,0.05601535630520372
1079,0.05575535944172653,0.05601535162562699
1080,0.05575521316355777,0.05601530396355106
1081,0.05575502361362839,0.056015256443468484
1082,0.055754671042131755,0.056015289050570745
1083,0.05575453181150099,0.05601515588445398
1084,0.05575396325850685,0.05601465560704785
1085,0.0557537414592825,0.05601469795220304
1086,0.055753604642618304,0.05601480178860302
1087,0.05575335399485516,0.05601480928806015
1088,0.05575301482554745,0.05601519344566872
1089,0.05575235175209962,0.05601512465319593
1090,0.05575201002739001,0.05601509272076112
1091,0.055751371506091295,0.05601488362486545
1092,0.05575082163866583,0.0560148088224859
1093,0.05575078119072931,0.05601480687483645
1094,0.0557504095243957,0.05601478646521204
1095,0.05574950813203997,0.05601382837791056
1096,0.05574918559245927,0.05601392542569711
1097,0.05574907304441207,0.05601412594272863
1098,0.055749061233544395,0.05601413504678453
1099,0.055748748222147614,0.05601406909686086
1100,0.05574871410275698,0.056014073193974
1101,0.055748256793083026,0.05601403362327669
1102,0.055747024972684044,0.05601302623633938
1103,0.055746924666964175,0.05601295684034401
1104,0.05574564762061823,0.05601219571298016
1105,0.055745530122056144,0.056012228243661914
1106,0.055744666559664195,0.056012066262582885
1107,0.055744112277842706,0.05601227747029075
1108,0.05574352646759934,0.056012319356668616
1109,0.055743004708633574,0.05601246218857406
1110,0.05574219721657956,0.05601257351464869
1111,0.05574218228543653,0.05601257567702323
1112,0.055741461813654476,0.056012707601157244
1113,0.0557411811923875,0.056012603037171954
1114,0.055740747930521556,0.05601250625587132
1115,0.05574062276252504,0.05601245990730818
1116,0.055740590721676746,0.0560124804574349
1117,0.05574057886624683,0.056012475711359276
1118,0.05574042179068786,0.056012480916463714
1119,0.055740412754999295,0.056012480898142696
1120,0.05574009960812894,0.056012596987354765
1121,0.05574009355190986,0.05601259696697363
1122,0.055740039428943684,0.05601259385552489
1123,0.05573971705716019,0.056012593398803184
1124,0.05573965651874549,0.05601261895291639
1125,0.05573877676282702,0.056011820577116664
1126,0.05573872806793226,0.056011771863088804
1127,0.05573864664009668,0.05601175751553917
1128,0.05573863295057102,0.05601176550729963
1129,0.05573819447217516,0.0560114621126396
1130,0.05573809766871919,0.05601141829761841
1131,0.055737934809755536,0.05601140984859419
1132,0.055737236198884474,0.056011272822045106
1133,0.05573696281899378,0.056011282974908955
1134,0.05573656156760314,0.05601101184428104
1135,0.055736542980875416,0.056010985782029184
1136,0.05573640487093962,0.05601097539379867
1137,0.055736127826854685,0.05601087372456672
1138,0.055735883494362946,0.05601097782677215
1139,0.055735747840400404,0.05601095486040252
1140,0.05573479913590495,0.056011233611869986
1141,0.05573476364805688,0.05601123311909289
1142,0.05573436994366079,0.0560110735626763
1143,0.0557336181707347,0.05601078997525865
1144,0.05573265694884313,0.056010459149546415
1145,0.05573204078706206,0.056010535725387764
1146,0.05573179870370777,0.056010599781816814
1147,0.05573154313098393,0.05601059875815164
1148,0.0557313269467672,0.056010637650794066
1149,0.05573100078202621,0.05601073777935504
1150,0.05573077902597823,0.056010639556303754
1151,0.05573072232466465,0.05601063447596147
1152,0.05573004213258151,0.056010407101259374
1153,0.05572966710090389,0.05601061813686489
1154,0.05572948007852492,0.0560106351336019
1155,0.05572929865342062,0.05601058676630124
1156,0.05572875783216797,0.05601056988182343
1157,0.055728657618052006,0.05601062252283263
1158,0.05572863976572834,0.056010622648750806
1159,0.0557269794839651,0.056009045816494664
1160,0.05572623984618286,0.05600876316181415
1161,0.05572615164065047,0.05600876672953704
1162,0.05572595038044206,0.05600877310489837
1163,0.05572588910967299,0.05600886395844287
1164,0.055725684216952884,0.056008939970992225
1165,0.05572531283962299,0.05600887585692271
1166,0.0557248207272201,0.056008694649469844
1167,0.05572457244135099,0.05600857466414761
1168,0.05572422961108927,0.05600849239129539
1169,0.05572404185926183,0.0560085195302714
1170,0.055723697415857754,0.056008861721303455
1171,0.0557230971309084,0.05600869187683738
1172,0.05572256682234727,0.05600843136607443
1173,0.055722206193766714,0.05600803671173912
1174,0.05572203744082189,0.05600807828693639
1175,0.055721369041008266,0.056007884308256844
1176,0.055721238901617016,0.05600788288945301
1177,0.055720622893536964,0.056007988673872466
1178,0.0557199751401892,0.05600813588933341
1179,0.055719624487096865,0.05600817935062038
1180,0.055719548761180134,0.05600816232693831
1181,0.05571919600603281,0.056008411131626586
1182,0.055718595610183365,0.0560080624370398
1183,0.055718364619120456,0.05600788080876816
1184,0.05571829106176,0.056007851332686
1185,0.05571794194413981,0.05600794577603745
1186,0.055717725740961115,0.05600792445871766
1187,0.05571734847998627,0.056007931751437735
1188,0.05571660826051654,0.05600785340472008
1189,0.05571657500925727,0.056007858593328144
1190,0.055716570557137426,0.05600786160054796
1191,0.055716480537309515,0.05600786693624454
1192,0.05571638779266571,0.05600786649196265
1193,0.05571636506760219,0.05600785171694777
1194,0.055716349092911586,0.05600783617316624
1195,0.05571619209804775,0.056007794345521174
1196,0.055716066810715476,0.05600781096878589
1197,0.05571597681974978,0.05600789351993616
1198,0.05571582760553849,0.05600782696762868
1199,0.055715819740818316,0.05600782365600132
1200,0.05571577595708088,0.05600782260276765
1201,0.05571573670450461,0.05600782303748231
1202,0.055714393147731904,0.05600648506728683
1203,0.05571330283538458,0.05600539757377187
1204,0.055712561372674815,0.05600536840204325
1205,0.05571199518613585,0.05600554469532744
1206,0.055711546337281,0.056005497687952065
1207,0.0557112291031357,0.056005493247439066
1208,0.055711032023570965,0.05600548720427322
1209,0.055710935209271936,0.056005507059187304
1210,0.055710924195710186,0.056005521449185636
1211,0.055710906605359184,0.05600552099070919
1212,0.055710801676568146,0.05600556833673647
1213,0.05571053423817216,0.05600553588145507
1214,0.05571012357123734,0.05600553206430186
1215,0.05570955860900825,0.05600560230290212
1216,0.05570938361627432,0.056005513022208374
1217,0.05570866454596814,0.05600522417028776
1218,0.055708416799537704,0.05600523264970416
1219,0.05570781382646945,0.05600525976158996
1220,0.0557077700450039,0.056005260492249756
1221,0.05570757178883089,0.056005263719544854
1222,0.05570746725666403,0.05600526468688965
1223,0.0557073725200584,0.05600522235573745
1224,0.0557072261462723,0.056005222987433934
1225,0.055706521207729696,0.05600464431316424
1226,0.05570632809322009,0.056004398459019104
1227,0.055705706471204784,0.0560040080291926
1228,0.05570518539818805,0.056003505291358655
1229,0.05570516999710246,0.056003485246651656
1230,0.05570465715727507,0.056003379178756064
1231,0.05570410092121222,0.056003658018888715
1232,0.05570405518288727,0.05600361794545351
1233,0.05570337468821523,0.056003586352332727
1234,0.05570228041647751,0.056004312872631176
1235,0.055702235928131755,0.05600431576075741
1236,0.05570217998159106,0.05600432267600885
1237,0.05570182508429535,0.056004299610663125
1238,0.055701750643349555,0.0560042731585763
1239,0.05570144613406098,0.05600412281179965
1240,0.05570138006207222,0.05600414967670939
1241,0.055701123911942305,0.05600398334640454
1242,0.055700846987076384,0.05600375925883473
1243,0.05570080643843309,0.05600380477073891
1244,0.0557002045738254,0.05600412346740416
1245,0.05569930076094948,0.05600443289228283
1246,0.0556991521983023,0.05600439763788637
1247,0.05569856997502963,0.056004406976816766
1248,0.0556985376281937,0.05600440249669892
1249,0.05569805707999706,0.056004511834647074
1250,0.05569768479827833,0.05600424416209768
1251,0.05569720809599929,0.056004126480658875
1252,0.05569653676966849,0.056003724446037705
1253,0.05569635322059942,0.056003624038870006
1254,0.05569604047016368,0.05600334337337344
1255,0.055695984989032644,0.05600334580368531
1256,0.055695880163089864,0.056003336892515146
1257,0.05569587737447109,0.05600333757726757
1258,0.05569577395078993,0.056003357578498156
1259,0.05569561003006585,0.05600328271401246
1260,0.05569454219274011,0.05600225132213396
1261,0.05569397280394575,0.056002197345292395
1262,0.05569377265589617,0.05600202298311537
1263,0.05569357179280939,0.05600185933529196
1264,0.055693094880066615,0.05600142490792121
1265,0.05569308306079453,0.056001433021435745
1266,0.05569288468260356,0.05600146442244571
1267,0.0556928034196005,0.05600146561891266
1268,0.05569195516727443,0.05600114159024933
1269,0.055691915998868226,0.056001112018194944
1270,0.0556912227314476,0.05600113858792124
1271,0.055690592421410626,0.05600093532959634
1272,0.05568997458532917,0.05600043913568685
1273,0.05568968805023507,0.056000281970034246
1274,0.055689634223899,0.05600020172920911
1275,0.055689159646888864,0.056000266923190316
1276,0.05568913005150358,0.05600026692792364
1277,0.05568826725407182,0.055999451009496576
1278,0.05568800138864513,0.05599950346443782
1279,0.05568768578141426,0.05599965345158953
1280,0.0556872824216447,0.05599963120561531
1281,0.05568715063618522,0.05599953509980784
1282,0.0556871427205213,0.05599953512523089
1283,0.05568686674865304,0.05599939606805855
1284,0.055686724874236634,0.05599946561821141
1285,0.055686064357442056,0.05599922866239236
1286,0.05568570696347349,0.055999301854622006
1287,0.05568503803665056,0.05599926556636816
1288,0.05568475233932537,0.05599926670193599
1289,0.055684743155199855,0.05599926909192832
1290,0.05568471757036159,0.05599926769710949
1291,0.055684679943394544,0.05599926504318143
1292,0.05568347282218585,0.05599855278656928
1293,0.05568331026995808,0.05599845917870854
1294,0.05568317055143593,0.055998432319227694
1295,0.05568298244935574,0.0559984212859403
1296,0.055682891179525414,0.05599838330948079
1297,0.05568243023139288,0.05599823605442482
1298,0.0556820265389647,0.055998196325810504
1299,0.05568154328827235,0.05599803607227406
1300,0.05568077565913522,0.05599725456515022
1301,0.055680309874582654,0.05599711168202064
1302,0.05568009210494512,0.055997213496214546
1303,0.055679728559807254,0.05599717865670674
1304,0.05567935249350073,0.05599673977328935
1305,0.05567929721363832,0.055996738475788066
1306,0.05567926232337291,0.05599674381879313
1307,0.055679259589101776,0.05599674384328599
1308,0.055679199345202976,0.05599682939297818
1309,0.05567875584713665,0.055996739566595635
1310,0.05567833864561947,0.05599682515206277
1311,0.05567792764195365,0.055996596057876546
1312,0.05567776083599719,0.0559965995738599
1313,0.0556777249354201,0.055996598834518
1314,0.055677483925296506,0.05599662166971082
1315,0.055677445412913924,0.0559966138491808
1316,0.05567692935533081,0.05599643945394441
1317,0.05567689983881221,0.0559964494986399
1318,0.05567680335316203,0.05599644327944208
1319,0.055676578106466444,0.05599649333039326
1320,0.055676341343539396,0.055996506507725835
1321,0.055676302485942304,0.055996468892288
1322,0.05567591632277365,0.05599639770433185
1323,0.05567588168037262,0.055996418467746945
1324,0.055675837406303,0.055996385162760655
1325,0.05567581974845783,0.05599638927827933
1326,0.05567577623379928,0.055996382817021635
1327,0.055675769705166765,0.055996391482507825
1328,0.05567566936403214,0.05599637369243839
1329,0.055675421831647386,0.05599631844576493
1330,0.05567518264386227,0.055996325921087844
1331,0.05567492291083417,0.05599633004776326
1332,0.05567492166986815,0.05599633623205287
1333,0.0556744013705092,0.05599627903740429
1334,0.055674093506563445,0.05599621894054267
1335,0.05567346635759781,0.05599632033975619
1336,0.05567344681470631,0.05599631796221484
1337,0.055672928497958525,0.055996097862017945
1338,0.05567109800838367,0.05599599300160138
1339,0.055670992521207406,0.0559960008828983
1340,0.05567093615136871,0.0559959429205052
1341,0.0556707598556197,0.05599596626543173
1342,0.05567062780817043,0.05599595224260879
1343,0.055670489894789545,0.05599596503770446
1344,0.055670445569826796,0.05599594211062703
1345,0.05566942243363909,0.05599537930084276
1346,0.05566933205710849,0.055995366251243815
1347,0.05566867947531416,0.05599530040200476
1348,0.0556683209322188,0.05599549116724168
1349,0.05566761556113483,0.05599528707074275
1350,0.05566707239615115,0.05599488645600765
1351,0.055667044230298876,0.055994886464422515
1352,0.05566632930125172,0.055994747515089524
1353,0.05566622380264163,0.055994767166953056
1354,0.05566605555448654,0.05599478707507232
1355,0.05566551454962999,0.05599473438756908
1356,0.05566548915441951,0.055994737603720875
1357,0.055665408354814996,0.055994720141054104
1358,0.0556652499317241,0.055994739287082936
1359,0.055664666562536096,0.055994390589281184
1360,0.05566457713513747,0.05599433906795364
1361,0.05566390409097204,0.05599429411512027
1362,0.055663714571786774,0.05599444765907153
1363,0.055663705172369835,0.055994447614230544
1364,0.05566366336004209,0.05599446183819008
1365,0.05566329733076976,0.05599427251096806
1366,0.05566289209551702,0.055994207243466876
1367,0.05566255305990573,0.0559938586084785
1368,0.055662388675718384,0.055993818156499064
1369,0.05566230445686332,0.055993820409957026
1370,0.05566222353737819,0.055993818310400054
1371,0.055661682062046205,0.05599367133959876
1372,0.055661647517876424,0.055993652585084513
1373,0.05566126807683996,0.05599406657962676
1374,0.05566105070047654,0.05599409284362421
1375,0.05566101265773107,0.05599409253543894
1376,0.0556604360633196,0.05599390724283706
1377,0.05566033882838538,0.05599387628298142
1378,0.05566022495354643,0.05599386298751582
1379,0.055660152913469894,0.05599386314240186
1380,0.05565957548883102,0.055993740717375486
1381,0.055658996603548144,0.05599401643515367
1382,0.055658611201701465,0.05599424614261976
1383,0.055658545051590694,0.05599423119357502
1384,0.05565804284084025,0.05599407178179917
1385,0.05565796098414141,0.05599402382139611
1386,0.055657840021263394,0.05599403230251503
1387,0.05565719397949735,0.055994046727907476
1388,0.055657012169486396,0.05599400459495418
1389,0.05565699411330417,0.05599400504053251
1390,0.055656943692369655,0.05599401424339091
1391,0.05565635714406725,0.05599443082250288
1392,0.05565567672782614,0.05599430243625443
1393,0.05565554818049874,0.05599430365214731
1394,0.055655322819125864,0.05599441320910071
1395,0.05565506666364195,0.05599434867494731
1396,0.05565504999222916,0.05599434830072445
1397,0.05565450386191899,0.055994513761517255
1398,0.05565368102649092,0.05599372096625769
1399,0.0556534738382464,0.055993437142083234
1400,0.05565345774885523,0.05599340906913049
1401,0.05565295963728111,0.055993379071979585
1402,0.05565260356955801,0.055993407154618806
1403,0.05565245879825214,0.05599335080315246
1404,0.055652359482754064,0.0559933410727704
1405,0.05565147438916757,0.05599256157157715
1406,0.05565146340707083,0.05599255970264555
1407,0.05565095160324983,0.055992349776922364
1408,0.05565072038669178,0.055992347472513
1409,0.055650704141919895,0.05599233712047291
1410,0.055650611150245735,0.05599233241627664
1411,0.05565031098041709,0.055992525295570764
1412,0.05564979296379734,0.05599257727675058
1413,0.05564966676289197,0.055992561310271534
1414,0.0556496185547405,0.05599254539590175
1415,0.05564930241910052,0.05599247419689641
1416,0.055649097220511944,0.05599262106232016
1417,0.05564826695403917,0.05599266522121847
1418,0.05564822005766019,0.055992649653511924
1419,0.055647978124498024,0.055992610427051746
1420,0.05564794698808286,0.05599260337726153
1421,0.055647380373822136,0.05599260963033305
1422,0.055647350353905604,0.0559926027639311
1423,0.05564734298797419,0.05599260704868704
1424,0.05564698188673878,0.05599253513461393
1425,0.05564679056208127,0.05599256742346462
1426,0.055646079657773684,0.05599239092735812
1427,0.05564522819835678,0.05599157834105256
1428,0.055645143990314665,0.05599151222562545
1429,0.055644798727566766,0.05599141635649116
1430,0.05564441912902424,0.05599104519580353
1431,0.05564436312400517,0.055991099287951346
1432,0.05564432197945174,0.05599110120803322
1433,0.05564381723674123,0.055990703126240715
1434,0.05564349346802868,0.055990465129391195
1435,0.05564344566485093,0.05599052151361145
1436,0.05564340661794845,0.055990509001393386
1437,0.05564339747877264,0.055990512427253995
1438,0.05564284127919753,0.05599050173936022
1439,0.055642685445701084,0.05599047579888884
1440,0.05564247493283403,0.055990428903472875
1441,0.05564206338074575,0.05599049754330941
1442,0.05564203205652337,0.05599049919349732
1443,0.05564199383593375,0.05599049673177566
1444,0.05564179490961693,0.05599057460182845
1445,0.05564123700945061,0.05599051439666219
1446,0.055641110597433666,0.055990534303784575
1447,0.05564069669057944,0.055990333964463665
1448,0.055640145413925424,0.055989972893490024
1449,0.05563855424844773,0.05598901403542232
1450,0.05563842844647231,0.05598904301696924
1451,0.05563815013748271,0.05598901478652439
1452,0.055638123780391534,0.05598905155991955
1453,0.055637980609806334,0.05598901727690453
1454,0.055637654643822546,0.055988802702782545
1455,0.05563704777292372,0.05598826179950343
1456,0.055636995413077574,0.05598827468143495
1457,0.05563653345457606,0.055988324999791846
1458,0.055636220682401843,0.05598812710089499
1459,0.05563614812254828,0.05598814342388345
1460,0.05563606765672892,0.05598814145260454
1461,0.05563595123303932,0.055988245715780406
1462,0.05563582306050712,0.05598800786253698
1463,0.05563563868062532,0.05598795342458457
1464,0.05563496965981456,0.0559872882041068
1465,0.05563490358051754,0.055987294370073014
1466,0.055634407140397975,0.05598724356018381
1467,0.05563424888106418,0.05598716576463864
1468,0.055634232803236136,0.05598716294623906
1469,0.05563420784969017,0.05598718290162754
1470,0.0556337943397306,0.05598712906816342
1471,0.055633401628425116,0.05598693881020605
1472,0.05563336821847644,0.055986921928237864
1473,0.05563316799546397,0.055987024367794194
1474,0.05563275808912657,0.05598721898393542
1475,0.0556327456880696,0.055987223710473655
1476,0.055632135885704224,0.0559873347810093
1477,0.055632040915778745,0.055987333646915584
1478,0.055631740685738694,0.05598735898657885
1479,0.05563129837102966,0.055987403605446136
1480,0.05563112990180936,0.055987467030139314
1481,0.055630651748796424,0.0559868358202859
1482,0.05563038002899332,0.05598690727526138
1483,0.05563011631905768,0.05598672078526168
1484,0.05562978746139838,0.05598676843951648
1485,0.05562964422977602,0.05598672119868404
1486,0.055629612035819904,0.05598669174191094
1487,0.055629593818754416,0.05598669561913757
1488,0.05562957633215796,0.05598669016727015
1489,0.055629373650941324,0.055986794424776685
1490,0.05562928093877761,0.05598680333626026
1491,0.05562915911183891,0.05598683883552346
1492,0.055628975126920985,0.05598680763904472
1493,0.05562882491086069,0.05598674725910078
1494,0.05562823477659585,0.05598653511435441
1495,0.055628152509653514,0.05598648806866409
1496,0.05562767576715419,0.05598630940293176
1497,0.05562739482336319,0.05598630552144814
1498,0.0556266309968057,0.05598586677453599
1499,0.05562638954493197,0.05598561856466995
1500,0.05562594932013246,0.055985658424642266
1501,0.055625615730342234,0.055985531742517386
1502,0.05562560642112602,0.05598552280339219
1503,0.055625423778341794,0.05598549938830307
1504,0.05562535553556865,0.055985484364138555
1505,0.05562450545869466,0.05598544327736278
1506,0.05562442035272456,0.055985446495048004
1507,0.05562396978312914,0.055985377262430726
1508,0.05562394825182402,0.0559853777938652
1509,0.05562341747234857,0.05598524252624038
1510,0.05562314003426913,0.05598525739261397
1511,0.05562300796353454,0.05598514544417697
1512,0.055622964640917726,0.05598514807270806
1513,0.05562217760529888,0.055984483597388425
1514,0.055622063029277524,0.05598449500880881
1515,0.05562160304268663,0.055984418649171086
1516,0.05562158749988489,0.05598441872298313
1517,0.05562149266402895,0.05598435762843979
1518,0.05562147785361257,0.0559843566670292
1519,0.05562126539204501,0.055984300155653595
1520,0.05562081272434309,0.05598420940553563
1521,0.05562019274940544,0.05598440630323095
1522,0.055619589832716664,0.05598438799796503
1523,0.05561938912934401,0.05598431299616711
1524,0.055618869319529876,0.05598442131691834
1525,0.05561880486430177,0.05598442539421075
1526,0.05561856896451742,0.05598445540882481
1527,0.05561843412750844,0.05598446696303156
1528,0.05561831736952513,0.05598446794852083
1529,0.0556183079387874,0.05598447023174347
1530,0.05561827225281152,0.05598447986014785
1531,0.055618121090823695,0.055984423266329235
1532,0.055617499078205714,0.055984050761704984
1533,0.05561721831416921,0.05598374375319117
1534,0.05561685969489116,0.0559837459523606
1535,0.05561658528105091,0.05598367589771534
1536,0.055616385606303956,0.05598371268403266
1537,0.05561637463319276,0.05598371229683784
1538,0.055616035218498235,0.055983612741928056
1539,0.05561602112893082,0.055983588556698195
1540,0.05561581538303551,0.055983500028893705
1541,0.05561576464698126,0.0559835207433796
1542,0.05561520745206847,0.055983755803534985
1543,0.055614641697169676,0.055983135096104406
1544,0.05561449966035042,0.055983014497726954
1545,0.05561403128320935,0.055982912209213656
1546,0.05561359875170725,0.05598300282801231
1547,0.0556131887767966,0.055982799651613624
1548,0.05561283702572194,0.05598282170380216
1549,0.05561271339886235,0.05598284909754816
1550,0.05561265423474171,0.0559828945987113
1551,0.05561253227215166,0.05598286564269626
1552,0.05561182545129485,0.05598247985186263
1553,0.05561162191017543,0.05598251751443849
1554,0.055611068081121755,0.05598313623490775
1555,0.055610476498372176,0.055983506221196036
1556,0.05561008087857808,0.055983363757687005
1557,0.05561005496049483,0.05598332600519534
1558,0.055609618811990905,0.055983499569388126
1559,0.05560940841605259,0.05598347392976337
1560,0.055608899472892034,0.05598394271914173
1561,0.05560881419838676,0.055983927204140416
1562,0.05560866575714073,0.05598396610278116
1563,0.05560848762631127,0.05598377864193703
1564,0.05560841543267462,0.05598383016058837
1565,0.055608406030040455,0.055983833235905875
1566,0.05560835899490886,0.055983899777768555
1567,0.055608267248108884,0.05598387968602316
1568,0.055608178712724346,0.05598389323835447
1569,0.05560812793006712,0.05598391190064204
1570,0.05560807619829355,0.05598390506459435
1571,0.055607890182620724,0.05598395175811276
1572,0.055607684352102796,0.055983892463223835
1573,0.055607606185849215,0.055983889884534024
1574,0.05560757511419977,0.05598388937263519
1575,0.05560756431087556,0.05598388936437042
1576,0.05560753550734263,0.055983890131528956
1577,0.05560681107648759,0.05598369501866535
1578,0.05560672972850033,0.05598370691688944
1579,0.05560659993691042,0.05598372967449661
1580,0.055606408295410914,0.055983591736503566
1581,0.055605717403926246,0.05598331705141017
1582,0.05560545647170949,0.05598308754538192
1583,0.055605314799761926,0.05598316930088852
1584,0.055605264615514585,0.05598316928434983
1585,0.05560524900245644,0.05598317047207632
1586,0.05560516103910674,0.05598319251073327
1587,0.055605005033528804,0.055983310499040866
1588,0.055604972708710544,0.05598328266598899
1589,0.055604896648581995,0.055983279506108034
1590,0.05560466386634066,0.05598314133019801
1591,0.05560441678877869,0.055983221349809084
1592,0.05560437306871889,0.05598320185310914
1593,0.055604015979900896,0.05598345799541518
1594,0.05560363737154571,0.05598337956325023
1595,0.05560354932794678,0.055983349572899584
1596,0.055602882025873074,0.05598265650868664
1597,0.055602578468404606,0.05598253907251325
1598,0.05560172231200293,0.05598221357053228
1599,0.05560168496688663,0.055982201567096976
1600,0.055601122685565184,0.05598226241370284
1601,0.055601072942705804,0.05598225735735794
1602,0.055600578066686626,0.055982486651628145
1603,0.05560057389040601,0.055982477409312566
1604,0.05560007675835113,0.05598250622097874
1605,0.05560006412355663,0.05598250827549945
1606,0.05559996884642194,0.0559825737058254
1607,0.055599812256845564,0.05598261741262829
1608,0.05559962858377517,0.055982482935628686
1609,0.055598692025291246,0.05598120840623584
1610,0.05559859647748924,0.055981182397838086
1611,0.055598363268455936,0.05598101556330206
1612,0.05559833784368564,0.0559810116983936
1613,0.05559829882680134,0.05598101738400525
1614,0.0555980642199752,0.055980951800593245
1615,0.05559789898800573,0.055980763674364185
1616,0.0555978704497297,0.05598074414942285
1617,0.055597332396472535,0.055980327889469654
1618,0.05559692004359934,0.05598036181254626
1619,0.05559675972904651,0.05598037114369878
1620,0.05559663993396935,0.055980386421978265
1621,0.055596469335814386,0.055980421830637186
1622,0.05559623523332192,0.05598062936391664
1623,0.05559558421276836,0.055980395036901644
1624,0.05559525396941495,0.05598045220041833
1625,0.05559515637652895,0.05598037913558402
1626,0.05559456244025179,0.055980266627891795
1627,0.05559434717063471,0.05598029254184327
1628,0.05559413909924288,0.055980230303438516
1629,0.05559408728849923,0.05598024371627613
1630,0.055594074345586546,0.05598024151716665
1631,0.05559366786984623,0.05598035336576081
1632,0.05559358481558152,0.05598035578586046
1633,0.05559351749573872,0.055980347929384236
1634,0.05559333391236105,0.05598029498110333
1635,0.05559293394095767,0.0559804814962673
1636,0.05559259213318441,0.055980453504458655
1637,0.05559241371515206,0.055980422726462906
1638,0.05559222564779279,0.055980395204179884
1639,0.055592019045035405,0.055980279407279926
1640,0.05559193876670446,0.05598040795228138
1641,0.055591830815954486,0.055980333143482705
1642,0.05559177894241424,0.055980346525633655
1643,0.05559117556608695,0.05598031853862728
1644,0.05559112882766764,0.05598031606352836
1645,0.055590641261530155,0.05597994520422816
1646,0.05559043793066383,0.05597994647522127
1647,0.055589787777392194,0.055979820122059605
1648,0.05558949146255472,0.05597993007125833
1649,0.05558946354043755,0.055979927287750274
1650,0.05558924064994569,0.0559799378944578
1651,0.055589190173293036,0.05597993306588155
1652,0.05558916135937896,0.0559799364263232
1653,0.05558865745867221,0.05598010051013709
1654,0.05558864641306911,0.05598010129604823
1655,0.055588624050790035,0.05598009681189466
1656,0.05558842290019783,0.05598009756004193
1657,0.0555880479795564,0.05597987535293236
1658,0.05558777405872093,0.05597993288342019
1659,0.055587098969504284,0.055979770975727275
1660,0.05558704444199262,0.05597982288239315
1661,0.055587017599516085,0.05597981190374908
1662,0.05558689729342188,0.05597981233362856
1663,0.055586760344586685,0.055979925730494685
1664,0.055586674870897676,0.05597989994090803
1665,0.05558664585663881,0.055979896712087994
1666,0.05558608052227754,0.055979435603897995
1667,0.055585962603877874,0.05597943988735529
1668,0.05558588302990464,0.055979436536276246
1669,0.05558563476120162,0.0559793499370829
1670,0.05558510615401945,0.05597911208535058
1671,0.055585048226418285,0.055979114325350576
1672,0.055584982464943235,0.0559791172369479
1673,0.05558483280147297,0.055979025280261566
1674,0.05558482486538406,0.05597902700356849
1675,0.0555847228812409,0.05597896417632279
1676,0.05558461514451149,0.05597896351601208
1677,0.05558373355911147,0.05597832016730241
1678,0.05558334605068742,0.05597815418756496
1679,0.055582980884547904,0.05597820000042582
1680,0.05558273320417662,0.055978395498656505
1681,0.05558267917756997,0.055978420494421546
1682,0.05558231714049471,0.05597836319327753
1683,0.05558169517517597,0.055978275446339744
1684,0.0555816773096702,0.055978281636339264
1685,0.05558074758705343,0.05597752044952495
1686,0.05558047857428599,0.05597735310283555
1687,0.05557972152251045,0.05597677822740921
1688,0.055579631819620785,0.05597672961536826
1689,0.055579242388211866,0.055976755046903165
1690,0.05557903011586812,0.05597663243406147
1691,0.055578951627679826,0.05597662259887799
1692,0.05557887993524056,0.05597665556260619
1693,0.055578306362274864,0.05597630189217989
1694,0.05557829481342094,0.05597629113289302
1695,0.05557825651127799,0.05597631977833941
1696,0.05557808926240551,0.05597630770928704
1697,0.05557797544000792,0.055976533604776516
1698,0.055577945628227834,0.055976508087968585
1699,0.05557764876144284,0.05597652084271061
1700,0.05557736595760502,0.05597644098911377
1701,0.05557735068758435,0.0559764118339448
1702,0.05557722222710616,0.05597641836100458
1703,0.055576852754527964,0.05597627762791264
1704,0.05557664495554311,0.0559763887198887
1705,0.05557651149192266,0.055976319057166206
1706,0.05557649446019522,0.05597635876132478
1707,0.05557615483664468,0.05597628308613523
1708,0.055576069809601385,0.05597627850403765
1709,0.055575869382397544,0.05597629169436405
1710,0.05557575425909139,0.05597626900617826
1711,0.05557567826845826,0.05597628213319831
1712,0.05557565823343779,0.05597627954761053
1713,0.05557545516353605,0.05597631197221278
1714,0.05557531313025619,0.05597639065200514
1715,0.055575079432119846,0.05597644185766466
1716,0.055574598027087634,0.05597610954910151
1717,0.05557458518040143,0.055976109761807065
1718,0.05557443291301407,0.055976094004070026
1719,0.05557433216923075,0.055976072785903316
1720,0.05557416219847345,0.05597606315524134
1721,0.05557399934244772,0.055976078052358824
1722,0.05557387145122772,0.055976039695162405
1723,0.05557374712283325,0.055976009269787984
1724,0.05557335726860065,0.05597593668650284
1725,0.05557312479025586,0.05597608300811544
1726,0.05557287616088946,0.055976036597019746
1727,0.055572775213186,0.05597605164087063
1728,0.05557269405874024,0.05597600494626989
1729,0.05557231219964468,0.05597551201520965
1730,0.055572223557722046,0.055975516445736125
1731,0.05557217629419687,0.055975516243578785
1732,0.055571846841882995,0.05597548930179349
1733,0.05557151960647492,0.05597545396871812
1734,0.05557133751704996,0.055975619302560196
1735,0.05557132130722321,0.055975589802920285
1736,0.05557128623634448,0.05597559024126087
1737,0.055571282733249364,0.055975597074032594
1738,0.05557105778079793,0.05597547185564285
1739,0.05557038027555771,0.05597509329509192
1740,0.055569765526540235,0.055975010273584876
1741,0.055569614398224526,0.05597511276090753
1742,0.055569602492623216,0.05597511854507813
1743,0.05556952517465705,0.05597511292174512
1744,0.05556950371932577,0.055975121669695156
1745,0.05556914910717984,0.05597502890536581
1746,0.05556899889182414,0.05597502441645528
1747,0.055568953172878965,0.05597498869418395
1748,0.05556894874989151,0.05597498506022469
1749,0.05556889354534922,0.055975028855912025
1750,0.055568386637196404,0.05597486791343813
1751,0.055568113489508575,0.05597487897964938
1752,0.05556773504519923,0.05597496467619607
1753,0.055567453759730136,0.05597492112953147
1754,0.05556682093179397,0.05597484026214527
1755,0.05556677967140402,0.05597482942531774
1756,0.05556665232916661,0.05597480132092702
1757,0.05556594049319982,0.055974809499943164
1758,0.055565925470489184,0.055974795728700656
1759,0.05556582309275058,0.05597478858442165
1760,0.05556549768529625,0.05597493900422432
1761,0.055565186217145915,0.05597495293492727
1762,0.05556489725521169,0.05597490604594897
1763,0.05556475644655871,0.05597481742369498
1764,0.05556420378488338,0.05597430848808912
1765,0.05556378046439023,0.055974237883654535
1766,0.05556368822242843,0.05597424188032145
1767,0.05556367874742147,0.05597424222715633
1768,0.055563016486910075,0.05597387857021521
1769,0.05556277695185835,0.05597396224688798
1770,0.055562767122301286,0.05597395583455466
1771,0.05556276368823883,0.05597395710269173
1772,0.05556264737632048,0.055973999645644486
1773,0.05556226483255705,0.05597395437009376
1774,0.055561959081763014,0.05597385215404837
1775,0.05556166915242031,0.05597386427504042
1776,0.05556143841974289,0.055973901033547026
1777,0.05556141961100704,0.05597389615732602
1778,0.055561384526715114,0.05597389657563495
1779,0.05556135901967796,0.055973928840365776
1780,0.05556086291594506,0.05597406274178035
1781,0.05556085497848427,0.055974072209028794
1782,0.05556021232175488,0.05597341082296775
1783,0.0555597787017714,0.05597332328120463
1784,0.055559739169989804,0.05597328709891555
1785,0.05555925865524414,0.05597317130859107
1786,0.05555916860578571,0.055973177169831766
1787,0.055559160999120435,0.055973181570008954
1788,0.05555912429153718,0.055973185567590046
1789,0.05555894176081426,0.055973170912701584
1790,0.05555858032236951,0.055973281587876594
1791,0.05555832248398522,0.055973336051871506
1792,0.05555829024798242,0.05597335742231947
1793,0.055558040906130805,0.05597308026744939
1794,0.055558033105843785,0.055973081638632134
1795,0.05555740699210483,0.05597308270177697
1796,0.05555728943624074,0.05597308054208545
1797,0.055557213448283176,0.05597307662342007
1798,0.05555680519800517,0.05597316246665967
1799,0.05555680367217693,0.05597316258237119
1800,0.0555565410508668,0.05597303927734952
1801,0.05555625339518678,0.055973447118550894
1802,0.05555581394003588,0.055973355321499337
1803,0.05555567043375643,0.05597328889554307
1804,0.05555534375637594,0.05597324209343776
1805,0.05555507832146178,0.055973528168887066
1806,0.05555492942919887,0.05597344086663905
1807,0.0555547036356225,0.055973575610767975
1808,0.055554399452385016,0.0559735629797894
1809,0.055554336652048585,0.05597353151077323
1810,0.05555422328590512,0.05597368991123973
1811,0.05555405872605075,0.0559738337443621
1812,0.055554048172283765,0.05597384468885135
1813,0.0555540230418064,0.05597384585973968
1814,0.05555395511960742,0.05597383592744088
1815,0.05555341995790922,0.05597387589098192
1816,0.055553386680201294,0.05597387700451815
1817,0.05555318149400325,0.05597384920342404
1818,0.055553126666095,0.055973863172632796
1819,0.05555305150586044,0.055973903835517126
1820,0.055553030648761825,0.055973900317911905
1821,0.05555198787259805,0.0559728352201384
1822,0.055551938861885926,0.05597284076195274
1823,0.05555125112500583,0.05597279415529659
1824,0.05555109070480348,0.05597282326424995
1825,0.05555098783669827,0.05597284877219392
1826,0.055550663609665187,0.05597281980055944
1827,0.05555045938789557,0.05597287756722619
1828,0.05555037770053252,0.055972903054623234
1829,0.055548960029230945,0.055972806865661945
1830,0.05554892477922209,0.0559728122252853
1831,0.05554880974152087,0.05597285086485541
1832,0.055548084315278,0.05597278227023466
1833,0.055547403771013124,0.055972280393241085
1834,0.05554711112352989,0.05597214045786228
1835,0.05554662625501651,0.055971861633758606
1836,0.05554659074211378,0.055971834393176004
1837,0.05554627151521861,0.05597205762348439
1838,0.055546099391335986,0.05597204648572828
1839,0.0555459397336493,0.05597189237550273
1840,0.05554580126209294,0.05597189261328051
1841,0.05554539120885721,0.05597153514926515
1842,0.05554527751626799,0.05597151475014719
1843,0.05554508684181179,0.05597163261494612
1844,0.055545054045466564,0.05597162553043771
1845,0.05554500091242869,0.05597162108595727
1846,0.05554499219759109,0.05597162106956086
1847,0.055544611581914746,0.05597138976578145
1848,0.05554442489213039,0.05597135656388649
1849,0.055544092313807414,0.05597131242577265
1850,0.05554402578872489,0.05597134558818358
1851,0.05554383183901324,0.055971111499382574
1852,0.05554350006128255,0.05597103437843874
1853,0.055543383714756096,0.05597102526698013
1854,0.055543153024698325,0.05597130552179375
1855,0.05554279948270974,0.05597123722803632
1856,0.05554269576198379,0.055971189793377694
1857,0.05554268423741215,0.05597119276602747
1858,0.05554249078920516,0.05597126271169961
1859,0.05554245589366545,0.05597123027048021
1860,0.05554204676342375,0.05597155806019961
1861,0.055542039429440776,0.055971557229241235
1862,0.05554162496015073,0.05597120645417719
1863,0.055541568733634965,0.05597120805503613
1864,0.05554156051145355,0.0559712071648218
1865,0.055541443105397825,0.05597123340657704
1866,0.055541323000712954,0.05597126857487171
1867,0.055541171437918264,0.0559712754210259
1868,0.05554102348993073,0.055971263900588604
1869,0.05554090973650977,0.05597119444312721
1870,0.05554083824371281,0.055971200227716615
1871,0.05554042338206714,0.05597136893132058
1872,0.05553990780838602,0.05597133796052614
1873,0.055539802256300466,0.05597127282920505
1874,0.0555384821845315,0.055969864566899896
1875,0.05553835580426057,0.05596994277392522
1876,0.05553799057809042,0.055969969071564624
1877,0.05553791845137568,0.05596992507865001
1878,0.055537805861712586,0.05596991644400959
1879,0.05553752748204885,0.05597000265749407
1880,0.055537213650369587,0.0559698477186391
1881,0.05553718077153469,0.05596985476558752
1882,0.05553661622938567,0.055970027618939586
1883,0.055536533260012545,0.05597003179368521
1884,0.055536330105535305,0.05596995660851081
1885,0.05553618000516619,0.05596983653642183
1886,0.05553563230425724,0.055969850213525484
1887,0.05553524260394675,0.05596985738410477
1888,0.05553520829201501,0.05596989632660437
1889,0.055534966839277285,0.05596995176242893
1890,0.05553495058308432,0.05596993612733069
1891,0.05553487214634989,0.05596993481631674
1892,0.05553477775368141,0.055969927551131525
1893,0.055534738235379,0.055969929394719835
1894,0.05553459919141243,0.05596995687383452
1895,0.05553456452952195,0.05596995252885343
1896,0.05553387248974725,0.05596981430817645
1897,0.05553382039583992,0.055969802421144445
1898,0.05553364808586893,0.05596977270736591
1899,0.05553356388044672,0.05596971561344466
1900,0.055533464424991325,0.055969750879807344
1901,0.05553309670608422,0.05596973429268612
1902,0.05553284564094546,0.05596976539782521
1903,0.05553258104128298,0.055969561220459464
1904,0.05553256354987554,0.055969583804232115
1905,0.05553201723592077,0.05596968148913538
1906,0.05553175941543139,0.055969474598941436
1907,0.055531654805245835,0.05596954450217557
1908,0.05553128146581427,0.055969230166754064
1909,0.05553127698214634,0.05596922144700922
1910,0.05553083743854194,0.05596929475008424
1911,0.055530340133980484,0.055969287917759784
1912,0.05552956221718185,0.05596914474267641
1913,0.05552922572769971,0.055969182229741815
1914,0.055529145804362454,0.055969225930631805
1915,0.05552901809893418,0.05596923110638052
1916,0.055528961997244934,0.055969195668847116
1917,0.055528673001659146,0.055969175834391906
1918,0.055528583804279184,0.055969147429657605
1919,0.055528311647368975,0.05596917353060661
1920,0.05552818355751099,0.055969195326878
1921,0.05552809677791845,0.055969216410471874
1922,0.055527812128037035,0.05596915715008581
1923,0.055527792638182465,0.05596915240893619
1924,0.055527627430091736,0.0559691740885484
1925,0.055527503148466585,0.055969256030759085
1926,0.055527034098583415,0.05596910474875565
1927,0.055526790097730386,0.05596890407185032
1928,0.05552674977101697,0.055968865940224856
1929,0.055526575985208604,0.05596893130786968
1930,0.0555261450546544,0.05596898160400194
1931,0.055525726115557686,0.05596871253830691
1932,0.055525675463118,0.055968764359026466
1933,0.055525420793665854,0.05596876809155884
1934,0.05552523492975202,0.05596871495213502
1935,0.055525194294026366,0.0559687224915015
1936,0.055524708895408344,0.05596877939258425
1937,0.05552468353653329,0.055968776871177205
1938,0.05552462852373918,0.05596878287099944
1939,0.05552445136659824,0.0559687219955228
1940,0.05552442579159125,0.05596872127022596
1941,0.05552414965230994,0.055968678390395994
1942,0.05552400804382944,0.0559687277024315
1943,0.05552396319407344,0.0559687841344421
1944,0.055523775072605454,0.055968651949491396
1945,0.05552375502187725,0.05596867847739947
1946,0.05552360448454609,0.055968636569931965
1947,0.05552350813406917,0.05596864199848889
1948,0.05552340853691507,0.05596864246001474
1949,0.055523143354975914,0.05596863662382959
1950,0.0555230612206446,0.055968643179749214
1951,0.05552299152132349,0.05596860847316749
1952,0.055522278603299044,0.05596848163361488
1953,0.05552213175183807,0.05596845944848728
1954,0.05552176322080003,0.05596846331881185
1955,0.055521690026858,0.05596843421770116
1956,0.05552163529552663,0.0559684997714608
1957,0.05552161257045169,0.055968526963766155
1958,0.05552158412981691,0.05596852939323015
1959,0.05552143586267327,0.055968499755192594
1960,0.05552135275705157,0.05596847800169788
1961,0.05552127549359479,0.05596841162325267
1962,0.055521133024767494,0.05596843664652886
1963,0.055521076167811156,0.05596843618286724
1964,0.05552086605257012,0.05596842648676976
1965,0.05552076528721206,0.055968436251585596
1966,0.055520407966768485,0.05596854534195484
1967,0.05551994683025468,0.05596857058415881
1968,0.05551982879491484,0.05596857608373314
1969,0.055519751075251436,0.055968574126205865
