0,0.1556009989803466,0.15577434606940763
1,0.14574590898453868,0.14590848984124857
2,0.13666685245954904,0.1368206853031476
3,0.12837979314718714,0.12852027974544644
4,0.12083704440255857,0.12096445963543803
5,0.1140020783510035,0.11412743009146292
6,0.10774990324661986,0.10787346496212281
7,0.10208808295964959,0.10220426377187156
8,0.09696377591089583,0.09707068774699046
9,0.09231627143105792,0.09242379507375809
10,0.08815044163820246,0.08825454870047875
11,0.0844258633899787,0.08452309318515405
12,0.08107113745329925,0.0811656607318585
13,0.07808894914187392,0.07818243159805793
14,0.07543485628645144,0.0755305671457363
15,0.07306609254598534,0.07316050854643026
16,0.07098073577609622,0.07107448404984533
17,0.06912087411551096,0.06921238607367289
18,0.06749896859671997,0.0675926852094328
19,0.06604880273087917,0.06614047339100948
20,0.06478457321581857,0.06487196133530825
21,0.0636857092378717,0.06377447350870596
22,0.0627021443795219,0.06279265197920418
23,0.06184560243979999,0.06193684590665921
24,0.06111342739562582,0.06120430181588453
25,0.06046621683260061,0.06055756859420857
26,0.05990263593365056,0.05999873460446669
27,0.05941235044965221,0.05950801162723948
28,0.05899089207314629,0.05908626073902216
29,0.05862329139574142,0.05871573154615257
30,0.05830680453394434,0.05840173591428967
31,0.05802788666666753,0.05812492466617626
32,0.05778143600917325,0.05787796635085294
33,0.05757018872551856,0.05766829243143462
34,0.05738261331814887,0.05748283463972983
35,0.05722147650602336,0.05732109687760324
36,0.05708205049071443,0.05718479244026643
37,0.05695969258943304,0.05706435178268444
38,0.05685330650520683,0.05696149574082602
39,0.05676087742682021,0.0568710342730234
40,0.0566769958740198,0.05678958805849591
41,0.05660644406831204,0.05672212201678092
42,0.05653881006133697,0.05665584685546035
43,0.05648230985799878,0.05660239384081106
44,0.05643353852770128,0.05655747840819995
45,0.05638587806127683,0.05651162154272626
46,0.05634434633654593,0.05647391094176629
47,0.05630674277798273,0.05644015833935211
48,0.05627006186749565,0.05640486603258352
49,0.0562406350698524,0.05637768738836541
50,0.05621118814056759,0.0563525487813152
51,0.05618509584836128,0.0563297162157512
52,0.05616349745792778,0.0563111752310427
53,0.05614131704182124,0.05629204715488014
54,0.05612011145584828,0.05627584393890808
55,0.05610001567523336,0.05626008197126264
56,0.0560817152654758,0.05624524238759537
57,0.05606553255415336,0.05623345588919244
58,0.0560500803417627,0.05622143658664253
59,0.05603580905780638,0.05621216059009875
60,0.05602144138305028,0.0562013406290167
61,0.05600908653866157,0.05619270874644174
62,0.05599518977367562,0.05618375893362139
63,0.05598415268035914,0.05617632118264963
64,0.05597218222941198,0.05616888837707188
65,0.05596265135522675,0.05616268297013533
66,0.05595115332352402,0.05615625162848648
67,0.05594079055334572,0.0561497472313748
68,0.05592968610745414,0.0561424418492313
69,0.05591971438092794,0.05613525970231976
70,0.05591097165096447,0.05613129259408804
71,0.0558997116210123,0.05612440684229809
72,0.05589238763735468,0.05612003570656512
73,0.05588189836495429,0.0561134530875491
74,0.05587350942466584,0.05611035605053476
75,0.05586453638265901,0.0561053789984118
76,0.05585755005416287,0.0561026902510712
77,0.05585010794957432,0.05609912190560565
78,0.05584237025063137,0.05609635537262535
79,0.0558326970887693,0.05609254844230715
80,0.05582523040565441,0.05609099531093861
81,0.05581622206823976,0.05608830227736627
82,0.05581009605343931,0.05608677389560975
83,0.0558013609649408,0.056086311442391
84,0.05579387463088612,0.05608395955363883
85,0.055786298287263,0.05608225907029523
86,0.05577882098271111,0.05608136256269323
87,0.05577251978135477,0.05608001036626629
88,0.05576529209313109,0.0560792897131946
89,0.05575987207348014,0.05607880001572011
90,0.05575324822989048,0.05607952097878962
91,0.05574731495240656,0.05607798169099563
92,0.05573994897996919,0.05607763155215912
93,0.05573469297550555,0.05607720765308271
94,0.0557278930467291,0.05607706599365368
95,0.0557222415791637,0.05607708645052885
96,0.05571545821151239,0.05607540499442724
97,0.05570910357800714,0.05607284008173781
98,0.05570184798688904,0.05607053298036323
99,0.05569481104567155,0.05606913442118096
100,0.05568858226844838,0.05606893360070764
101,0.05568328132787756,0.05606757075085116
102,0.05567719818115053,0.05606549462528182
103,0.05567101440412344,0.05606523891352438
104,0.05566542949187741,0.05606450027243737
105,0.05565935093102392,0.0560635013420864
106,0.05565422379518129,0.05606249667806058
107,0.0556485896590426,0.05606322669442278
108,0.05564546611856314,0.05606304144810115
109,0.05563987732037208,0.05606296746213255
110,0.05563431962488952,0.05606110356835067
111,0.05562866514164932,0.05606064084755334
112,0.05562341201361994,0.05606067971223255
113,0.05561792153154781,0.05606064978495177
114,0.05561520064540835,0.05606015878439297
115,0.05561011589859492,0.05605948680515442
116,0.0556031531435969,0.05605923715455927
117,0.05560072636963791,0.0560592189270806
118,0.05559713990053166,0.0560601201893374
119,0.05559285028937549,0.05605968560195528
120,0.05558665976211336,0.05606117156816652
121,0.05558182800154488,0.05606068808649618
122,0.05557710678503568,0.05605915500159886
123,0.05557282645852173,0.05605899614855711
124,0.05556992829026897,0.05605851801469084
125,0.05556525399332322,0.05605994986334371
126,0.05556135286229865,0.05605944656943288
127,0.05555541419467276,0.0560589283733056
128,0.0555515402816422,0.0560580415946707
129,0.05554681442801629,0.05605808068287811
130,0.05554147713559197,0.05605677585640327
131,0.05553513766316798,0.05605445687129838
132,0.05552972490246432,0.05605367237666704
133,0.05552408046691903,0.05605291223798139
134,0.05551961837000652,0.05605163257152924
135,0.05551397391859354,0.05604991723024792
136,0.0555117198755725,0.05604941432723958
137,0.05550903090108315,0.05604909812279928
138,0.05550492693349968,0.05604924776079855
139,0.05549901513177517,0.05604820995734922
140,0.05549482270146619,0.05604737368537999
141,0.05549267524117132,0.0560472362496243
142,0.05548869504055533,0.05604767527608539
143,0.05548329503512984,0.05604715416091213
144,0.05547920433930824,0.05604737231537216
145,0.05547364101453193,0.05604562846484271
146,0.05546984831148439,0.05604554333197116
147,0.05546685165255223,0.05604575937986957
148,0.05546241875453344,0.05604547475291396
149,0.05545809363539796,0.05604459393505584
150,0.05545435198777907,0.05604521822270062
151,0.05544979139635994,0.05604547552772757
152,0.05544437393918951,0.05604474929421439
153,0.05544196194202938,0.05604456068175624
154,0.0554373877762055,0.05604447478198465
155,0.05543275931933918,0.05604309673892006
156,0.05542855815915988,0.05604200017945579
157,0.05542393938390414,0.05604147497322183
158,0.05541885812907973,0.05604100506792105
159,0.05541366503498213,0.05604131004081179
160,0.05540980152675655,0.05604150329485079
161,0.05540535415416466,0.05604062782119093
162,0.05540089750922428,0.05604034892484545
163,0.05539557617383545,0.05604003489446896
164,0.05539163828541429,0.05603933504985611
165,0.05538545259303111,0.05604023656636205
166,0.05538035566309851,0.05604042013264933
167,0.05537624095090534,0.05604142873174486
168,0.05537346821672221,0.05604039860848668
169,0.05536904877178287,0.0560401769712654
170,0.05536359842266526,0.05604062874642065
171,0.05536031508491449,0.05604093341307679
172,0.05535619863360254,0.05604137560617223
173,0.05535316094263849,0.05604163202586002
174,0.0553491217288909,0.05604152781175913
175,0.05534492849093552,0.05604246048392102
176,0.05533929250405527,0.05604152306498723
177,0.05533511597367403,0.05604152189938028
178,0.0553305850925719,0.05604122440268167
179,0.05532588253380279,0.05604015463914143
180,0.05532153301176887,0.05604082622548014
181,0.05531858761406203,0.05604001223399106
182,0.05531372766143255,0.05604115935713039
183,0.05531025689118096,0.05604050098590935
184,0.05530612115055404,0.05604115831171278
185,0.0553029818604946,0.05604132331780792
186,0.05530071692966005,0.05604035313362786
187,0.05529667372900996,0.05604173742656614
188,0.05529163570393401,0.05604144851280156
189,0.05528794139759885,0.05604152369468192
190,0.05528366224657038,0.05604223411900952
191,0.05528212556777241,0.05604233045231788
192,0.05527777328218311,0.05604203762247705
193,0.05527610093708667,0.05604218813932688
194,0.05527200133525269,0.05604189361840478
195,0.0552691417604162,0.05604164121986949
196,0.05526446355272764,0.05604123327793054
197,0.05526053969848778,0.05604016863125542
198,0.05525707255205241,0.05604097463829505
199,0.05525275779165523,0.05604117300818217
200,0.0552485096287202,0.0560417401328461
201,0.05524480073851043,0.0560419872504457
202,0.05524303084772874,0.0560420065346132
203,0.05523565631995984,0.05604131063823304
204,0.05523246498402243,0.05604129240830323
205,0.05522982153556056,0.05604114669366997
206,0.05522580292364424,0.05604078569275452
207,0.05522231142592261,0.05604102620750377
208,0.05521779923401888,0.05604071147133118
209,0.05521407734237004,0.05604070599639319
210,0.05521081106947357,0.05604093913467378
211,0.05520682070721407,0.05604023870680451
212,0.05520328182940161,0.05604006629421599
213,0.05520131430137151,0.0560394725722625
214,0.05519702972672261,0.05603959032273322
