0,0.1517972053324625,0.1519686462732412
1,0.1400592183074536,0.14023792065699744
2,0.12920255968065777,0.12939544676290196
3,0.1190385079998013,0.11922544933590601
4,0.11309139086369178,0.11328492418220233
5,0.1080368740140451,0.10823689299169005
6,0.10068594053709173,0.10088223749475088
7,0.0942293009519056,0.09441671034052472
8,0.08859535396059899,0.08878075748162871
9,0.08402789734734098,0.08419755885868896
10,0.08086275734290224,0.08102342046573736
11,0.07718173981635955,0.07733891899454254
12,0.07407720228003921,0.0742358541384105
13,0.07132074915646498,0.07146933307525236
14,0.06894237599894301,0.06908478620091894
15,0.0677916421368507,0.06793800281210012
16,0.06597144944414017,0.06611584767923444
17,0.06426498811358977,0.06439896758855065
18,0.06312381050632898,0.06325512370355325
19,0.06237875731563585,0.06251086068242019
20,0.06134435562718195,0.06146722269764895
21,0.06048967441553413,0.06060774852397925
22,0.0598800120570727,0.05999823293489353
23,0.05930612878847427,0.0594217597135128
24,0.05879554588382743,0.05891255300324147
25,0.05836645626333894,0.05848178015606173
26,0.05803149946297434,0.05814781086611353
27,0.057728764700052664,0.05784389134608516
28,0.05751321860506162,0.05762991109095985
29,0.05736350440785607,0.057483465506509665
30,0.057222821445187616,0.05734815196721375
31,0.057152946846072625,0.05728196270063613
32,0.056958248717113705,0.057089970159209406
33,0.05683091177527786,0.05696317515091008
34,0.05672576141329701,0.05686178298315806
35,0.056609023918049665,0.05674865943529085
36,0.056533283958976235,0.05667593577678329
37,0.05643420874871212,0.056582924862133406
38,0.056381436852113595,0.056535095037157
39,0.05633303676940638,0.05649213361740554
40,0.056287412002553425,0.05645038823012997
41,0.05622802026774277,0.05639861292558471
42,0.05619043349934439,0.05636799810865669
43,0.05614539765936817,0.056329458074521346
44,0.05611985560103369,0.05630798595372705
45,0.05609786611326613,0.05629309614072421
46,0.05607761850448684,0.05627807085835587
47,0.056056648048475904,0.056262865181654007
48,0.05602434923327074,0.056238118119837845
49,0.05599722738582366,0.05621692858200764
50,0.05597655974585383,0.056206274094350916
51,0.05596234972656012,0.0561975460063523
52,0.05593664363264484,0.0561791737478795
53,0.055913852623444935,0.056163025374134194
54,0.05590284881424278,0.056157021060022655
55,0.05588787685856049,0.0561501680407549
56,0.05587622598858306,0.05614603369766188
57,0.055860635067272485,0.056136679797375
58,0.05584756483676413,0.056131579360058706
59,0.05583622993207086,0.0561267200275891
60,0.05581755063858891,0.05611742425695607
61,0.055806636146285664,0.056114384099648015
62,0.055792546673814614,0.0561081070338539
63,0.05577703462224524,0.056102138943695375
64,0.05577203483851151,0.05610153415270333
65,0.05576547661297423,0.05609997381211561
66,0.055755648427726894,0.056098651640492374
67,0.05574593797052781,0.056097937942489545
68,0.05573821256875506,0.05609668901111789
69,0.05572600057718011,0.05609209009392263
70,0.05571742355744529,0.0560906303841336
71,0.05570691619104707,0.05608872567986537
72,0.05569562171457753,0.05608721165459495
73,0.05568586258491362,0.056085512241999876
74,0.055678608239592565,0.05608617950677313
75,0.055673667231565055,0.05608504214639121
76,0.05566327765131558,0.056083050072216215
77,0.05565577873392304,0.05608266470264951
78,0.05564707122659023,0.056081261666982726
79,0.05563918159432147,0.05607979502666449
80,0.055629022393900995,0.05607926232436859
81,0.05561661198704305,0.05607399324951195
82,0.055608829610761426,0.05607272806598387
83,0.05560173186572587,0.05607329609530768
84,0.05559548319449023,0.05607154270338272
85,0.05558630867266421,0.056067799935676836
86,0.055578409987807616,0.05606730066555772
87,0.055570441811638956,0.05606657395681911
88,0.055562239592664674,0.05606589751805032
89,0.055555129330739764,0.056065684809345005
90,0.05554672196397401,0.05606387689995902
91,0.055541413255351633,0.05606283678071287
92,0.055537024827137106,0.056061937349249746
93,0.05552973736398892,0.05606325941929057
94,0.055521700314239954,0.05606229593043462
95,0.05551421074800995,0.05606186514519123
96,0.05550807428146399,0.05606228190153883
97,0.055499274630552355,0.056059972564839876
98,0.055495667830709736,0.05605965512184519
99,0.05548998591256883,0.05605994166558323
100,0.05548344582785076,0.056060682176884515
101,0.05547805066304745,0.05606065235878348
102,0.05547372731934864,0.05606031540656577
103,0.05546625679608984,0.05605890057564292
104,0.05545992733577346,0.05605873385673103
105,0.05545602481196689,0.05605898419317335
106,0.055449394774494294,0.056057868150623635
107,0.05543952160385518,0.056054257346104
108,0.05543559676875098,0.056054897535611645
109,0.05542909055407319,0.056053964689266496
110,0.055421733370509006,0.05605317579596108
111,0.055414575021346994,0.056053924428029915
112,0.0554073139931674,0.056052472880523195
113,0.05540368418638373,0.056053345474172005
114,0.05539723648482107,0.056054205081854144
115,0.05539146745516247,0.05605389152607172
116,0.05538690400649086,0.05605376821581279
117,0.055381411161229396,0.056053451914296275
118,0.05537480822324063,0.05605407219044358
119,0.05537127190870024,0.056053856299687746
120,0.05536397108133931,0.05605466265421739
121,0.05535815064433307,0.056054878308810584
122,0.0553516159712033,0.056055653529570974
123,0.05534628243184529,0.05605470736202287
124,0.05534272272614389,0.05605594617056291
125,0.05533879331953145,0.05605621370715896
126,0.05533257457696078,0.05605649592788286
127,0.055326088875913546,0.05605577006842499
128,0.05531891944745773,0.05605489889286501
129,0.055312947668990475,0.0560546516077819
130,0.055305476155977265,0.05605340426097298
131,0.055299320249802,0.05605333816935535
132,0.055293092733573,0.05605353439740892
133,0.05529021919139676,0.05605392982960027
134,0.055283160801174076,0.056052487982657793
135,0.05527720282816922,0.05605336529717857
136,0.05527187350268875,0.056052377650091134
137,0.05526525374389608,0.05605241883045936
138,0.055259415844744496,0.05605196861822373
139,0.05525363327680668,0.05605127954068431
140,0.055248398205600284,0.056051961427718316
141,0.0552436157646354,0.056052103768286655
142,0.055237640458225525,0.05605208964640749
143,0.0552320563091883,0.05605231330032059
144,0.055226777260361695,0.05605340396720412
145,0.055218732920037164,0.056051822842343536
146,0.05521570365910494,0.05605222824620086
147,0.055210949444580874,0.056053088597663184
148,0.055201174941311625,0.0560525695194646
149,0.055195984490933526,0.05605322321034183
150,0.055190065300179655,0.05605272023294477
151,0.05518423833304257,0.056053743256810916
152,0.05518078400686669,0.05605410182072
153,0.05517662086936942,0.05605510213893472
154,0.05517063709363195,0.05605612666004914
155,0.055163497638255954,0.056055041029472445
156,0.055158651069451635,0.05605508230794465
157,0.05515287872323714,0.05605595228392056
158,0.05514692134454955,0.05605596977109873
159,0.055143135830617154,0.056055451599204185
160,0.05513916037937361,0.05605619911132404
161,0.05513309502155882,0.05605603193027479
162,0.055125755222573104,0.056053742453427625
163,0.05512021116835062,0.056053606670918035
164,0.05511458772983024,0.05605431649374705
165,0.05510841207713032,0.05605381288249931
166,0.05510451544004992,0.056054638556666786
167,0.05510019455652032,0.05605615668513951
168,0.05509589228157048,0.056056014300723774
169,0.05509303114250945,0.056055684843931454
170,0.055086798120684996,0.05605525511826045
171,0.05508158652278195,0.056056246999233277
172,0.05507507196173582,0.056055614371271864
173,0.05507132565550812,0.0560555664989535
174,0.05506794372689594,0.05605621768737682
175,0.055063994628155734,0.05605673868882734
176,0.055057649025119185,0.05605716123949571
177,0.055053495178013126,0.05605659939583194
178,0.05504763455349746,0.056056648702049516
179,0.055043613341171214,0.056057653421197506
180,0.055039175105789394,0.056057801488533544
181,0.055032304144776084,0.05605653465236613
182,0.055025816913912846,0.056056985304742686
183,0.05502100953717588,0.05605775086965636
184,0.055012238818010574,0.0560565532376096
185,0.05500786080798164,0.056056685828771824
186,0.055003753746652624,0.056057855137816893
187,0.054998008141332995,0.05605497478295782
188,0.054991351843076595,0.056055591960761396
189,0.05498815343213677,0.056055421333956634
