0,0.15205399740613615,0.15223068073794496
1,0.13968696558906474,0.13985212795500518
2,0.12841221353876708,0.12857822443553307
3,0.11844014159374572,0.11859611443630441
4,0.10957780634114059,0.10972126016267848
5,0.10189409997823382,0.10202565695596165
6,0.09518077753383632,0.09530445514148297
7,0.08942690660642011,0.0895552205194732
8,0.0842919754461833,0.08440882070566365
9,0.07994083791758744,0.0800497229733733
10,0.07622238285148064,0.07632213909390781
11,0.07310552176621503,0.07320325192421681
12,0.07046983898598429,0.07056627828306221
13,0.06822991845818054,0.06832313227724103
14,0.0662560097546158,0.06634707010101086
15,0.06459375890534452,0.0646775403961015
16,0.06323327284073922,0.06331227965168788
17,0.062127744593453896,0.06219990828964142
18,0.06118117397886612,0.06124686337667799
19,0.06035956090724095,0.06042087031935377
20,0.059670693756050504,0.0597263623671003
21,0.059098392917234475,0.05915162529758643
22,0.05864171044758091,0.05868845934626988
23,0.058248327377249616,0.05829146468813802
24,0.05793501590300323,0.05797563626695905
25,0.057660409059643834,0.057697619182248486
26,0.0574328731760457,0.05746931621923829
27,0.05724272334412157,0.05727768724626003
28,0.05707633644714843,0.057108277495783163
29,0.05694504863751364,0.056975241264366115
30,0.05683832605331863,0.05686855182322884
31,0.05674603732287286,0.05677559857328158
32,0.056657327899825624,0.056688131279531984
33,0.05658281197239888,0.05661730641242377
34,0.0565182208462571,0.05655271716919719
35,0.05645793030503148,0.05649541532266846
36,0.056415485418786715,0.05645262597121102
37,0.056377323374310985,0.05641536984712234
38,0.056340760101871674,0.056383213128429734
39,0.05630307927480952,0.05634932992496712
40,0.056270515760018076,0.05631931000700768
41,0.05624408612168242,0.05629550512045942
42,0.05621919514487926,0.056275409205671964
43,0.05619979251774731,0.05625923094028444
44,0.05618282304763615,0.05624580719093717
45,0.05616720456502123,0.056233383225850885
46,0.05614866946238213,0.05622069148055591
47,0.05613332901136901,0.056209967116671436
48,0.05612022333486757,0.05620008404549111
49,0.05610615663769972,0.05618969411115504
50,0.056094113554532844,0.05618263071063311
51,0.05608176380556513,0.05617542960915781
52,0.056069072452072266,0.056165576404937884
53,0.05605663443983126,0.056157527945624855
54,0.0560474782601027,0.05615455478855019
55,0.05603932468123807,0.05615076776014773
56,0.05602849511191589,0.05614328593839716
57,0.05602041666550871,0.05613973016877173
58,0.056012381011367574,0.05613740166660079
59,0.05600425095916196,0.05613190245975325
60,0.055993748759480495,0.0561262383474975
61,0.05598632521143031,0.05612397616722871
62,0.05597882198019425,0.05612170698457716
63,0.05597052367553614,0.056117831075407056
64,0.05596283848996832,0.05611783813657004
65,0.05595670260093275,0.05611619201121994
66,0.05594995969945396,0.056115176845539176
67,0.055943063100432226,0.05611404537517948
68,0.05593599474125441,0.056110260571931546
69,0.055929798781904586,0.056110402006849185
70,0.055924070873542814,0.05611031968368311
71,0.05591809926756096,0.0561097956763071
72,0.05591062582608416,0.05610677658688294
73,0.05590334828272849,0.05610491353934679
74,0.055895979835066986,0.05610283792991898
75,0.0558905031623636,0.056102913747145336
76,0.055883568074711835,0.05610010770776271
77,0.05587643275863231,0.0560994759517884
78,0.055869594003457576,0.056096679035719514
79,0.05586411136701376,0.056095217447252925
80,0.05585938762416927,0.05609447471736462
81,0.05585194746294698,0.05609257549816848
82,0.055847207375709806,0.056092105790087284
83,0.05583995400165251,0.0560896769123786
84,0.05583358789681713,0.0560889104537736
85,0.05582871703039961,0.05608787073345358
86,0.055822424280126244,0.05608677411903061
87,0.05581606951094893,0.056086148521905174
88,0.05581127121939351,0.05608546743790345
89,0.0558059422536554,0.056085594182106416
90,0.05579859386319381,0.05608267213690188
91,0.0557932134303107,0.056081374729028195
92,0.05578623351468712,0.056081082328952314
93,0.05578114176370672,0.05608156677546095
94,0.055774913342879484,0.05607937293955681
95,0.05577015465952168,0.056079514693758575
96,0.05576448183013473,0.05607798083344359
97,0.05575921870816994,0.056078479622120474
98,0.05575435171884706,0.056077145901934196
99,0.055749771532788636,0.05607829604286327
100,0.05574485768708216,0.05607776541053122
101,0.05574087458859188,0.05607747665362797
102,0.05573675117959758,0.05607722352447769
103,0.05573172333628881,0.05607530808858381
104,0.05572649270037541,0.056074100916149464
105,0.055721078805054405,0.05607414891439125
106,0.055716793292459044,0.056074708193291724
107,0.05571243775221235,0.05607396730181448
108,0.05570773910474939,0.05607188336010818
109,0.05570269004906639,0.05607144317823218
110,0.05569729641171747,0.056071082679859996
111,0.055691538407944996,0.05607173339710679
112,0.05568678112773472,0.05607012045791316
113,0.05568147350068884,0.056068509062277276
114,0.05567574479429842,0.05607139988362196
115,0.055671620900797456,0.05606999661005775
116,0.05566810967987138,0.05607025195174202
117,0.05566350377210718,0.05606812033790033
118,0.05565721429416892,0.0560673899432922
119,0.05565116501504234,0.05606500261652171
120,0.05564587048729524,0.056064601451847315
121,0.055640897196046056,0.05606382876536875
122,0.055636306645385256,0.05606299827873284
123,0.05563280623157312,0.05606287664400968
124,0.05562966594620649,0.05606314859542768
125,0.0556253578522862,0.05606286559948218
126,0.0556213539048686,0.05606291929262398
127,0.05561450058854655,0.056060571363938896
128,0.055609653950186765,0.05605974639893855
129,0.055605536190097254,0.056059091547140956
130,0.05560204685591014,0.05605767906044001
131,0.055596207178753784,0.056056125516150274
132,0.05559289750483491,0.05605653551693593
133,0.05558799901261645,0.056054968648839014
134,0.05558186141782165,0.056053757376325
135,0.055578145803326665,0.05605321265728355
136,0.05557363551999215,0.05605247506312583
137,0.055568832205555835,0.05605325791698854
138,0.05556514745038157,0.056052842239057904
139,0.05556122599002934,0.056053193775690825
140,0.05555654281213231,0.05605312126885829
141,0.055553878686645436,0.05605443791612692
142,0.05555026331921487,0.05605425584536398
143,0.05554509871747867,0.056054199715910594
144,0.05553976324835587,0.05605410075855316
145,0.05553601931857355,0.05605418495650837
146,0.0555325330470269,0.056053886915494434
147,0.05552937117054217,0.056054489115680506
148,0.055525318441808295,0.056053912843110364
149,0.0555191905976365,0.05605183180800306
150,0.05551431374492475,0.0560508523315885
151,0.05550853564673464,0.0560491230915065
152,0.05550311997745409,0.056050132525934805
153,0.055500226459192545,0.056050171622632726
154,0.05549602750206539,0.0560501491602222
155,0.05549180905713987,0.05605140027205018
156,0.055487163360221727,0.05605140269002656
157,0.05548208399262805,0.05605167391196658
158,0.05547884924360333,0.05605192650225795
159,0.05547442046049136,0.05605162909260084
160,0.055469557829449886,0.05605270523555272
161,0.05546638898030922,0.05605224997587572
162,0.055462152872018444,0.05605225809966109
163,0.055457615700166565,0.05605099315090186
164,0.0554537597220004,0.05605097852191657
165,0.0554505337187131,0.056051089338733505
166,0.05544700502921205,0.05605138544373548
167,0.055443114788651764,0.0560516446035557
168,0.05544004288460849,0.05605236330566907
169,0.05543337617070528,0.05605012294211208
170,0.055428423823198875,0.056049566160527545
171,0.05542438557652986,0.05604942736081864
172,0.055420337977964376,0.05604954294649143
173,0.055416980326879285,0.05605021526985132
174,0.05541359847518888,0.05605072371600283
175,0.055409995202859746,0.056051162454410074
176,0.05540440391232781,0.05605008147315731
177,0.05540000147505302,0.056050195092231234
178,0.055394615449718375,0.05605056767620325
179,0.05539159937201673,0.05604963150613529
180,0.05538755468555317,0.056048971289197495
181,0.05538312250248665,0.0560493309169545
182,0.055377975094005494,0.056048261147534986
183,0.055375641116241665,0.056048858594121495
184,0.05537137188087431,0.056048192425215346
185,0.055366205744918046,0.05604787568961875
186,0.05536255275217747,0.05604787027497771
187,0.05535983937756374,0.05604832533609601
188,0.05535457451063992,0.0560479132623466
189,0.05535094462868984,0.05604856699842755
190,0.05534725014737804,0.05604786851835216
191,0.055342770537146806,0.05604778292996318
192,0.05533985676141543,0.05604724251198916
193,0.05533705909916913,0.05604770663715043
194,0.055331306551994926,0.05604753233794578
195,0.05532716130546395,0.05604683654310903
196,0.05532395182655618,0.056046947667959084
197,0.05531965681681614,0.056047736088404236
198,0.055315407472821806,0.05604642494611146
199,0.055311241746779705,0.05604686170577114
200,0.05530768615863941,0.05604663694955066
201,0.05530399676961618,0.05604592835766636
202,0.0553006128761701,0.056045579874297494
203,0.05529750555865465,0.05604549467206527
204,0.05529341849996664,0.056044880680258057
205,0.055288664405768365,0.05604462667481608
206,0.055284804274262224,0.056043594873500135
207,0.055281100507864875,0.056043738273157374
208,0.055277416799505597,0.056042868838971686
209,0.055272355729639476,0.05604210034627041
210,0.055268514733873876,0.056041279848558
211,0.05526384605385845,0.05604174879305115
212,0.05526076060108806,0.05604162470474134
213,0.05525800741192543,0.05604171078703952
214,0.05525481353123705,0.05604235789028804
215,0.05525036594421005,0.05604244563836514
216,0.05524495388017721,0.056041787632122156
217,0.05524074461964193,0.056042745932762164
218,0.05523749737945796,0.05604266319345542
219,0.05523479679179089,0.05604377005329272
220,0.05523115833675006,0.056043759163752586
221,0.05522758233508272,0.05604411881416066
222,0.05522430109479976,0.05604459739053145
223,0.05522021905686726,0.056044651529726604
224,0.05521613767529179,0.05604435220475646
225,0.05521109061905978,0.05604454598220101
226,0.05520688011404151,0.056044461085388554
227,0.055202719702994285,0.05604383599670892
228,0.05519983277933166,0.05604377892437932
229,0.05519674538317517,0.05604356099756887
230,0.05519196549398725,0.05604336047329973
231,0.05518790178563732,0.05604344567482942
232,0.05518188143087784,0.056040859058516565
233,0.055178760918029285,0.056040714667511315
234,0.055175026883689145,0.056040570795965326
235,0.05517128986853716,0.05604062159318326
236,0.05516813208279511,0.05604090302841317
237,0.05516344043898411,0.05604066519776908
238,0.05515739886635339,0.05604027283478501
239,0.055154356151694,0.05603998517119535
240,0.055150537793797395,0.05604010908138144
241,0.05514461872340747,0.05603873385123629
242,0.05514026246772457,0.05603916758655711
243,0.05513700831109892,0.056039329231261904
244,0.055133182365673446,0.05603897884915238
245,0.05512983019373803,0.05604057664450363
246,0.05512636025599228,0.05604092410070703
247,0.05512399383135771,0.05604119306197321
248,0.055120703438984474,0.056041356992299736
249,0.055117100772337405,0.056041116165196206
250,0.055114042499113676,0.05604140699863299
251,0.05511105969780097,0.056042197176196136
252,0.055107688489745475,0.05604258247015034
253,0.055103511118943835,0.05604175882459053
254,0.05509825763986477,0.0560403392048538
255,0.055094833814479945,0.056040496501942996
256,0.05509139604118878,0.05603995344709723
257,0.055087914363010505,0.05604016525533544
258,0.05508541005357227,0.05604122211047385
259,0.05508111532282311,0.056040899043166496
260,0.055077833640036496,0.05604156502479524
261,0.05507589826607829,0.056041501452582215
262,0.05507313348706257,0.05604162777019647
263,0.0550696937401472,0.05604202735070034
264,0.055066922170408324,0.05604222254528803
265,0.0550631623761377,0.05604220759144753
266,0.05506058673960775,0.05604216177949727
267,0.05505759489714957,0.0560410289188989
268,0.055054099324096994,0.056039852321955234
269,0.05505073390541704,0.056039876343803724
270,0.0550467463087998,0.05603953253718032
271,0.05504037792919025,0.05603776567540418
272,0.05503843836305877,0.0560386962347838
273,0.055034750758076054,0.0560384350320139
274,0.055030562216418555,0.056037796856625015
275,0.055026706025623234,0.056037151510229866
276,0.055023118770537255,0.05603684748845374
277,0.055020390735672095,0.05603766041948018
278,0.05501583468396695,0.056037312382219984
279,0.05501156689287019,0.05603751297358623
280,0.055009079702157605,0.05603732748488374
281,0.05500549316177535,0.0560369981800106
282,0.05500195563819597,0.05603644241262404
283,0.05499739286756693,0.05603665253526822
284,0.05499380445601211,0.05603632058358544
285,0.05499094327287979,0.05603774135858117
286,0.054988321991366156,0.05603835404052529
287,0.05498534548307151,0.05603894521042726
288,0.05498101724501273,0.05603912878678208
289,0.05497784597806137,0.05603963193580153
290,0.05497360129891091,0.056040645724260846
291,0.05496862519540956,0.05604052666914724
292,0.05496496247752214,0.05604135509003087
293,0.05496173122870491,0.05604257049099332
294,0.05495729528231808,0.05604321632457463
295,0.05495419850641794,0.05604294704798971
296,0.05495098563071249,0.056042340879860014
297,0.054948264238751356,0.05604263604135907
298,0.054945302183653275,0.05604272037111512
299,0.0549420184348384,0.05604280109280794
300,0.05493985656200747,0.05604295664717976
301,0.05493541297175752,0.056042599206133456
302,0.05493249640457891,0.05604331193451949
303,0.05492907149798055,0.056042682190358094
304,0.054926302088246316,0.05604234620709502
305,0.05492294354849105,0.05604265891656232
306,0.054918008045517275,0.05604096129540245
307,0.05491408362514727,0.05604146713297719
308,0.054911309877449924,0.05604134133106881
309,0.05490776986595545,0.05604198215681247
310,0.0549063641351749,0.05604231713360632
311,0.05490353187928963,0.05604248694828059
312,0.05489926399005805,0.056043351630017106
313,0.05489571955869317,0.056042396561039855
314,0.054891565786244406,0.056042214121787275
315,0.05488859952704283,0.056042615019915976
316,0.05488606620607036,0.05604327956136019
317,0.05488275389534511,0.056043489571288976
318,0.05487944907256957,0.056043360491278386
319,0.054877194488437316,0.0560441536462862
320,0.05487383688215382,0.05604454518414209
321,0.05487034053752486,0.056045031850360416
322,0.05486675560809795,0.056045310983301136
323,0.054863933832268466,0.05604460748960952
324,0.05486076590986306,0.056044411775485456
325,0.0548553469937735,0.05604320879395855
326,0.054853174725370046,0.05604355231007743
327,0.05485113557720032,0.0560442524918497
328,0.054847540893164494,0.056044248451066765
329,0.05484516146551438,0.056044697669573665
330,0.05484222828976141,0.056044699990877606
331,0.05483866242398142,0.05604586718593502
332,0.05483520516749579,0.056047123117236454
333,0.05483150051367477,0.05604747719322449
334,0.05482828749409792,0.056047893944903185
