0,0.15760787329207127,0.15789630011205968
1,0.1460805973557751,0.14636942916387247
2,0.1353784623211586,0.13567752078710565
3,0.12602996873348746,0.12633029630132026
4,0.11813454981587962,0.11842732776795833
5,0.11129293599831706,0.11157847492473572
6,0.10532127427542065,0.1056113513618582
7,0.10004074470355448,0.10032846954405175
8,0.09543617276121713,0.095712802345494
9,0.09161731555545445,0.09188178577861393
10,0.08827231110245166,0.08852281849337489
11,0.08340686485856084,0.08363133904128324
12,0.07925730269680724,0.07945138004075394
13,0.07567761144721266,0.07584688473879321
14,0.07268871631495336,0.07283189024073654
15,0.07010243244549039,0.07022148800990737
16,0.06795128104944977,0.06804914947776244
17,0.06607680265048775,0.06615146200599575
18,0.06458765470397133,0.06465149626956099
19,0.06338267771601516,0.06342814037805676
20,0.06231833450576101,0.06234951313411664
21,0.06141636864311155,0.061432815070758894
22,0.06068284039021137,0.06068585552135519
23,0.060105204892555025,0.060096551885972974
24,0.05955729255274613,0.05954056663251297
25,0.05911560232281539,0.05909175809792728
26,0.05875435487502518,0.05872369557996213
27,0.05849942945568285,0.058465809907344304
28,0.05827071218209202,0.05822810841727418
29,0.058051768581934705,0.05800477455294526
30,0.057873131079222484,0.05782152182339397
31,0.0577269590260827,0.05767472389385461
32,0.05760806011404148,0.05755055874303901
33,0.05750666866296887,0.05744552261554215
34,0.05741915197139156,0.05735508155405939
35,0.05735160027812152,0.057286000606776834
36,0.05730401706482593,0.05723531984587371
37,0.05725284023225038,0.05718358347105916
38,0.05721695303439852,0.057146531617533344
39,0.057179075147607415,0.057107251830890875
40,0.05714302143561935,0.05706895202393987
41,0.057110741102251415,0.057036373733056436
42,0.05706602706247794,0.05699119221739401
43,0.05704714935153608,0.05697353852162224
44,0.057020676877270055,0.056944548878264466
45,0.057003415403341265,0.056925007206901704
46,0.056989927508920984,0.0569107692112917
47,0.056979557841993766,0.05689767260024043
48,0.05695694208704292,0.05687465812879832
49,0.05694619363502168,0.056864164727655
50,0.0569301840859968,0.05684741824246201
51,0.0569157338335176,0.05683373449091351
52,0.05691096862808094,0.0568289278558772
53,0.0568972862642106,0.05681469856253092
54,0.05689373329454696,0.056811775035393086
55,0.05688390856051978,0.05680178697717153
56,0.05687511188935178,0.05679259065591596
57,0.05686691533463046,0.056783763517597174
58,0.05686069952791271,0.05677818167338405
59,0.056854626137513756,0.05677228207104357
60,0.05685229630376916,0.05677068858670142
61,0.05684931627112114,0.056767496834130626
62,0.05684446576011839,0.056762468872768736
63,0.05683685945252577,0.05675463682001639
64,0.05682493734642314,0.05674175728619982
65,0.056822812197654574,0.05674104739415456
66,0.05682036295896746,0.05673936298628704
67,0.05681101941901236,0.05673003626906243
68,0.05680215029702121,0.05672024375378461
69,0.056798007469003,0.056715101409939364
70,0.056792845254757834,0.05671060221330974
71,0.05678881338590134,0.05670730825593289
72,0.056787090040002056,0.05670733931398101
73,0.05678256713882365,0.056702424694866777
74,0.056779083752843504,0.05669785875204912
75,0.05677758739000218,0.05669651819755937
76,0.05677108123701711,0.056689446111015125
77,0.0567680561972368,0.05668729686816182
78,0.05676669422337934,0.05668563427973696
79,0.05676519318836953,0.05668468054277598
80,0.05675898928354861,0.056678173968110174
81,0.05675867674622623,0.05667819016174708
82,0.056753820879989064,0.0566734740423089
83,0.056752826485733744,0.05667226371119718
84,0.056751328019924795,0.05667009256007378
85,0.056748456634036284,0.05666745904547271
86,0.05674697295277206,0.05666555362662395
87,0.056741147871975,0.056659979973167046
88,0.056734772322555894,0.056653488308692504
89,0.05673135068526319,0.05665072266839057
90,0.05672722072703304,0.056646930665307745
91,0.05672590841517738,0.05664596881557627
92,0.05672284968533592,0.05664324698486718
93,0.056718833378705744,0.056640694330612404
94,0.05671714172642263,0.05664161008900331
95,0.05671477537133969,0.0566401608141434
96,0.05671285396104365,0.056639671633489055
97,0.05670793262620867,0.056635607514676584
98,0.056704943516430795,0.05663236388781304
99,0.05670263124408675,0.056630310775989345
100,0.05670162071628636,0.0566294716766656
101,0.05670054071608635,0.056629225614848115
102,0.05669833758250562,0.056627544841129675
103,0.05669734934121813,0.05662730384011883
104,0.05669408904256218,0.05662403878978372
105,0.05669125192567687,0.05662159468042664
106,0.05669019254153865,0.05662161733249619
107,0.056684984117865246,0.056615866368932045
108,0.056682725624725344,0.05661387190485846
109,0.0566806902937365,0.05661232201894027
110,0.056680172285168036,0.05661242962707141
111,0.05667719543833715,0.05661010624365458
112,0.05667669773356596,0.056610175785113244
113,0.056674157444256315,0.05660731046127754
114,0.056666294795939834,0.05660002663502426
115,0.05666281516984531,0.05659759788332741
116,0.056655104050747696,0.05659140084061618
117,0.0566534105295647,0.056590008428972736
118,0.056650801540000156,0.056587576195156954
119,0.05664836584560743,0.05658530138543035
120,0.05664671219906529,0.056584053360768514
121,0.05664653992954729,0.05658384365355478
122,0.05664359690804348,0.05658003430712936
123,0.056643617733678216,0.05658006472305524
124,0.05664250772887457,0.05657838503778243
125,0.05664194371021693,0.05657792132000585
126,0.056639283814594696,0.0565753425244927
127,0.056634780028265115,0.056571309910970695
128,0.05663275202419871,0.05656942706873082
129,0.05662627074645699,0.05656158494739399
130,0.05662649060331493,0.05656217288947904
131,0.056626550546898045,0.056562893077576004
132,0.05662439052122919,0.05656052348861187
133,0.05662162833499803,0.05655816820676837
134,0.056619162282853505,0.05655609677038267
135,0.05661816462340012,0.05655584499569853
136,0.05661494273977345,0.05655255980965749
137,0.05660914493301483,0.05654719994998912
138,0.05660485360289621,0.05654306434053075
139,0.05660374820568678,0.05654244918880643
140,0.056602631968709675,0.056541431656396975
141,0.05659964501624507,0.05653866435093241
142,0.05659930641280395,0.056538652138800036
143,0.05659755138178282,0.056536164154334434
144,0.0565958830499975,0.05653520605910481
145,0.05659274867073785,0.05653296115704727
146,0.056589234547231526,0.05652961638439907
147,0.05658529455046006,0.056525576981511685
148,0.05658362451620676,0.056524110266337656
149,0.0565822617873065,0.056522901534131066
150,0.05658106260835699,0.056521462794007424
151,0.05658080409094988,0.056521291662785314
152,0.05657945558577361,0.056519985652988006
153,0.05657533114092401,0.05651533682217619
154,0.05657346233174139,0.056513900628098385
155,0.05657304631705385,0.056514006509637914
156,0.05657146618017743,0.05651241464168149
157,0.05656559655021971,0.05650765274826146
158,0.056560178344418226,0.05650368700973606
159,0.056557233555309894,0.05650129646828993
160,0.056556355442403554,0.05650062526751944
161,0.05655516660391096,0.05649997984007746
162,0.05655293498762434,0.056498010392187374
163,0.05654639545036786,0.056491412193704287
164,0.05654232943295924,0.05648791352683007
165,0.056540701464719706,0.05648657700401027
166,0.0565386038540367,0.05648533339466519
167,0.0565360898791838,0.05648282835681895
168,0.05653339604726001,0.056479962805715204
169,0.056533043813348206,0.05647882062552319
170,0.05653025481683882,0.05647605280433789
171,0.05652823946971147,0.0564736628946111
172,0.05652791736559073,0.056473294165529465
173,0.05652606628506526,0.05647215961484656
174,0.05652462077677546,0.056469796591475274
175,0.056520352279665585,0.05646731035095745
176,0.05651823404750369,0.05646485638016239
177,0.05651810576258585,0.05646498643531482
178,0.05651459995007128,0.056462525275455026
179,0.05651372086574191,0.056461402379203926
180,0.05651223717923074,0.05645958414862022
181,0.05651277423202461,0.05646036018719904
182,0.05651229669118023,0.05646041395906801
183,0.056509100080401685,0.05645814653619919
184,0.05650747911176383,0.056457257432931784
185,0.05650635357379069,0.05645639439172427
186,0.056503692942771036,0.05645445679553388
187,0.05650193028606666,0.05645338395364255
188,0.056500390759568093,0.05645196172267602
189,0.05649967231605833,0.05645088300001684
190,0.05649865616669909,0.056449933274006964
191,0.05649652803038358,0.05644755526934981
192,0.05649580643123065,0.05644711782610568
193,0.056495412689007714,0.05644688667350256
194,0.056493537211869456,0.056445037616012814
195,0.056491203429031855,0.056443090836961606
196,0.05648933059271204,0.056440908759475814
197,0.05648828339611406,0.05644054177825549
198,0.05648783068657464,0.05644038369415818
199,0.05648728197868544,0.05644030197892524
200,0.05648614565580538,0.05643932273136466
201,0.05648479194681812,0.05643825815390999
202,0.056483600748211044,0.05643680775389422
203,0.05648234066874735,0.05643536182142837
204,0.05648188427715602,0.056435254403139505
205,0.0564801433069012,0.0564337025174557
206,0.05648031206695302,0.05643391562902821
207,0.0564795480566871,0.056433606530974366
208,0.05647863336678537,0.05643319124217108
209,0.05647760072692886,0.05643201534061006
210,0.05647687618092425,0.056432029739512994
211,0.056476690464885404,0.0564318448445485
212,0.05647617715938854,0.05643156964846646
213,0.05647504110990955,0.05643036949384937
214,0.05647281192747091,0.056428140132194084
215,0.056473267731031784,0.05642860131269622
216,0.05647204845096688,0.05642725682338815
217,0.056470640260292075,0.05642568651413843
218,0.056470137993491834,0.05642536778661649
219,0.05646971262911811,0.05642496602251405
220,0.05646926807643324,0.05642468849643327
221,0.05646651424022819,0.05642095747124474
222,0.05646541607733127,0.05642016341289417
223,0.05646435500493287,0.05641917937631905
224,0.056462543623080425,0.05641754650577817
225,0.0564605828769116,0.056416337288529746
226,0.05645741479345214,0.05641359119039977
227,0.056456822198964085,0.056413227939240314
228,0.05645573125126927,0.056411842309700234
229,0.056455479782411756,0.0564119900473966
230,0.05645386757029502,0.05641090319691748
231,0.05645366083848119,0.056410889190467245
232,0.05645169619137812,0.0564097361186625
233,0.056451668099524725,0.05640972263439972
234,0.05645107103054164,0.056409555572582135
235,0.05645019740982785,0.056409033049050816
236,0.05644989977599888,0.05640882581299269
237,0.05644934712812812,0.05640885417835156
238,0.056448935468984635,0.056408131108303304
239,0.056448059090249594,0.05640835555632814
240,0.056444685862451285,0.056404776761993895
241,0.05644466684918016,0.056404783335097096
242,0.0564428985941443,0.056403029563994754
243,0.05644256019380664,0.05640272532402406
244,0.05644221337190765,0.056402887804314086
245,0.05644215376493087,0.056402879731419546
246,0.056441131265655704,0.05640186087366383
247,0.05643996232462451,0.05640079044312645
248,0.0564389436731164,0.056400040112644455
249,0.0564378094450677,0.0563988256076943
250,0.056437406125121395,0.056398754274385315
251,0.05643731168296119,0.056398728016855526
252,0.056436329203221225,0.05639809145374582
253,0.05643513325425221,0.05639678230662126
254,0.05643443943132784,0.05639623345623555
255,0.056435351247672245,0.05639753127337661
256,0.056431609229974714,0.05639406129524741
257,0.056431127899265625,0.0563935669009834
258,0.05643112611130132,0.05639358520011916
259,0.05642947898489202,0.0563919979002055
260,0.05642937653019012,0.056391978831057274
261,0.05642924072823447,0.05639192137834254
262,0.05642923533242265,0.05639192852066738
263,0.05642919653288724,0.056391869860752446
264,0.05642851417145931,0.056391062328374056
265,0.05642650036204048,0.056389294494406626
266,0.056425177693098814,0.05638813942466701
267,0.056420874653395826,0.05638433235053182
268,0.0564198933900869,0.056383786177372996
269,0.05641886922932414,0.05638301766589638
270,0.056417428282103714,0.056381768251443296
271,0.056416974563451044,0.05638125573567202
272,0.05641683096079259,0.05638128670619718
273,0.05641559850973251,0.056379868101241654
274,0.056415621537869304,0.05638003036332366
275,0.056415580824916114,0.05637991525557707
276,0.05641206387376603,0.0563764537640527
277,0.056410806246926085,0.05637477983198603
278,0.05641019066996812,0.056374790942526
279,0.05641017624836369,0.056374791472951075
280,0.05641010123848516,0.056374780101296845
281,0.05640992745707352,0.05637479571608566
282,0.05640983822214586,0.056374732877018746
283,0.0564096377136536,0.05637466763777564
284,0.05641021922770353,0.056375235508238496
285,0.056409385936810885,0.05637522252560597
286,0.05640881322700285,0.056375084915398964
287,0.05640764292966702,0.05637480513519091
288,0.05640745880208412,0.05637462185660663
289,0.05640742456575264,0.056374606589944934
290,0.056407404643917546,0.05637459892756684
291,0.05640712164532932,0.0563744326009696
292,0.056406946777988874,0.056374035640926676
293,0.056403288751406724,0.0563714319781019
294,0.05640309453275942,0.056371447506237245
295,0.05640273454354435,0.05637138048182454
296,0.0564026650523156,0.056371258283724766
297,0.05640266278171503,0.056371256681517365
298,0.056402574747585636,0.0563712683677569
299,0.056402238207435465,0.05637108036663567
300,0.05640148362132082,0.056371047629667964
301,0.05640015441860449,0.05636964653456123
302,0.05639991582932951,0.056369382787461286
303,0.056399567613504356,0.05636951432257886
304,0.05639934383068009,0.0563695327936403
305,0.05639962697607919,0.05636926141681967
306,0.056399166720516015,0.05636883964903084
307,0.05639873197045736,0.05636846246759386
308,0.056397710572202414,0.05636751116808858
309,0.05639764840332481,0.05636769083115719
310,0.056397578083870435,0.05636770565659529
311,0.05639753728785732,0.05636771295966153
312,0.05639752416179929,0.056367733209922964
313,0.05639718529611666,0.05636752247801516
314,0.05639710024517341,0.056367496444765366
315,0.05639525821263578,0.056366995119460944
316,0.05639506105309301,0.056367140802035386
317,0.05639505142122962,0.056367144947586746
318,0.05639504539398188,0.0563671505319913
319,0.056394573428531346,0.05636663037727745
320,0.056394190075840935,0.05636625146697254
321,0.05639416642595313,0.056366220383789675
322,0.05639412284589428,0.056365784207088605
323,0.05639341021038908,0.05636528702038354
324,0.056393388748645974,0.05636530851088492
325,0.05639308018799688,0.05636513956360325
326,0.05639247677530639,0.056364414906958635
327,0.05639247236574704,0.05636441664102954
328,0.05639230157787205,0.05636423177949841
329,0.05639216348050499,0.056364229382398566
330,0.056391678287988925,0.05636380158207151
331,0.05639043007367004,0.056363041757760496
332,0.0563900250154658,0.05636268002100178
333,0.05638976006303337,0.05636268825491544
334,0.05638978404477275,0.05636265638096519
335,0.056388813260445265,0.056360999859891535
336,0.05638857890359491,0.05636103591233918
337,0.056388544110260265,0.05636108524374206
338,0.05638824361842702,0.05636106069239321
339,0.05638760014268938,0.056360495540869394
340,0.05638759418932256,0.056360494678751094
341,0.056386752018242524,0.05635966575385633
342,0.05638601042678436,0.05635957708585206
343,0.05638529902142245,0.05635918337716304
344,0.05638530292248958,0.05635919368298421
345,0.05638361308530295,0.05635822897141448
346,0.05638256150363058,0.05635739463405254
347,0.05638248915224502,0.05635738221702961
348,0.05638045104952511,0.05635542916416293
349,0.05638031536532341,0.0563552955743236
350,0.05638008988590229,0.05635489440577442
351,0.05638019313004975,0.05635479552923074
352,0.056380176361933855,0.05635481865887104
353,0.05638016503534417,0.056354802311556346
354,0.05637999317544442,0.05635465450524772
355,0.05637998033962372,0.05635461364802821
356,0.05637987367970737,0.056354634716849615
357,0.056379874198223656,0.05635463642116979
358,0.05637960888401283,0.056354823411165655
359,0.056378677465457605,0.05635392135960417
360,0.056377736698428334,0.05635398041442646
361,0.056377664936762294,0.05635407536044241
362,0.056377197605723524,0.05635395871840797
363,0.05637655021063718,0.05635327593055267
364,0.05637578417848189,0.05635317751321735
365,0.05637575571497752,0.05635313439517008
366,0.056375746267775334,0.056353209010881714
367,0.05637537537942722,0.05635261011449667
368,0.056375328912988326,0.05635263729389496
369,0.05637533029758298,0.05635260257059107
370,0.056375188290882276,0.05635257970942879
371,0.05637518590416937,0.056352577861989495
372,0.05637543549673092,0.05635317741651372
373,0.05637498361458476,0.056352655997085575
374,0.056374956521612285,0.05635264841783127
375,0.05637493848244591,0.05635264042719937
376,0.05637492798507174,0.05635263432834665
377,0.05637444716447199,0.05635226199804082
378,0.05637401231585073,0.056351908143493244
379,0.05637228733066601,0.0563504458856451
380,0.05636937098926786,0.0563471577870354
381,0.056369362638410074,0.056347154808833275
382,0.05636809910163969,0.05634534999096766
383,0.0563680654565419,0.05634538967523978
384,0.056367988312945705,0.056345335716917966
385,0.05636778146557462,0.05634534172924061
386,0.056367574790659,0.05634542418736785
387,0.05636581963880434,0.056344062808439045
388,0.05636575522368715,0.05634405404455067
389,0.05636544668286743,0.05634404920886663
390,0.05636502932716579,0.056343616759015565
391,0.05636499157300117,0.05634361011795187
392,0.05636432630178373,0.05634287430161865
393,0.05636413334045399,0.05634273832325274
394,0.056363989590279655,0.05634256912799253
395,0.0563637838232616,0.056342410522259564
396,0.05636344609917343,0.056342131947303656
397,0.056363367055176035,0.05634210273331776
398,0.05636326754158273,0.05634201035974907
399,0.05636318922302684,0.05634200168213196
400,0.056362953774659656,0.05634111115840061
401,0.056362631092594144,0.056340724456729226
402,0.05636246545225361,0.05634065942609108
403,0.056362376363956954,0.056340545342886676
404,0.056362169836942026,0.05634038401627288
405,0.056362115916231026,0.056340319133015036
406,0.05636208705201318,0.05634030192875007
407,0.056362051424649416,0.056340290626643176
408,0.056362040179828085,0.056340280081716036
409,0.05636203331034268,0.056340310130650315
410,0.05636171930030475,0.05634001120500291
411,0.056361552363848925,0.05634003447842335
412,0.05636147060228125,0.05634004532870084
413,0.05636136596436674,0.056340008068107315
414,0.056361326440426164,0.05634001166689799
415,0.056360281177927976,0.056339194337330874
416,0.05635988580068617,0.05633877196130457
417,0.0563598699031525,0.05633879136018501
418,0.05635984940600636,0.056338793042879205
419,0.0563597269648163,0.056338802885744034
420,0.05635969010760171,0.05633881255776901
421,0.056359673689768804,0.05633880090910774
422,0.0563594388001547,0.05633860430733684
423,0.05635879561024863,0.056338077944516535
424,0.05635878813367403,0.05633808255972143
425,0.05635872482274654,0.0563380868688808
426,0.056357821552985445,0.056337222118508695
427,0.05635782056625649,0.0563372199655513
428,0.056357173888775015,0.05633672560827814
429,0.05635699372249079,0.05633675138422084
430,0.056355395931251925,0.05633564055321153
431,0.05635543536450088,0.056335683513086175
432,0.05635545774474725,0.05633572683591126
433,0.05635545468251186,0.056335729204462025
434,0.0563547452182992,0.05633524666402514
435,0.05635536032186664,0.056335557466088225
436,0.0563551135287742,0.05633547575255748
437,0.05635503349280101,0.0563355278821309
438,0.056354886261532455,0.05633560842880102
439,0.05635479435567499,0.0563355472273651
440,0.056354684032854804,0.056335529259023534
441,0.05635460029343223,0.05633558733492448
442,0.056354559462585226,0.056335745853194986
443,0.056354424162708805,0.056335914317930995
444,0.0563544445608482,0.05633595066593757
445,0.056354416500509624,0.05633594657441383
446,0.05635420428986683,0.056335908367869045
447,0.05635356849511393,0.05633573705608834
448,0.056353455044886376,0.05633577029935356
449,0.05635355217399283,0.05633582255976747
450,0.05635314450437902,0.05633560878532185
451,0.05635213803970432,0.056334330492952174
452,0.056352095561526365,0.056334406984091354
453,0.05635170013373628,0.056334292868807076
454,0.056351668219224646,0.056334306210331885
455,0.056351156100605114,0.05633373757160881
456,0.056350944416493264,0.05633324163428382
457,0.056349615493457454,0.05633219692179824
458,0.0563495891903107,0.05633221492423705
459,0.056348540680958396,0.056331359520124025
460,0.0563479482836426,0.05633092947252384
461,0.05634652123434544,0.05632976394856748
462,0.05634652569971233,0.05632976939516743
463,0.05634620178457541,0.05632973301354822
464,0.05634618671623778,0.05632973905023434
465,0.056346150121748345,0.056329735582614664
466,0.05634594796907022,0.056329790648008776
467,0.05634588863051571,0.05632980086980333
468,0.05634590187751914,0.056329812195145844
469,0.05634569882481637,0.05632983556389152
470,0.05634573331508119,0.05632991478973783
471,0.05634569353962673,0.05632985149487438
472,0.056345392515631386,0.056329654208433985
473,0.05634540317401038,0.056329663341996225
474,0.05634517783289825,0.05632940512806835
475,0.05634446759813775,0.05632943418003965
476,0.056344444349172074,0.056329431834749026
477,0.0563436602474763,0.05632900235275896
478,0.05634227918005019,0.056328028802740425
479,0.05634228320912032,0.0563280420966771
480,0.05634214294688319,0.05632793922552362
481,0.05634187875722194,0.05632776381861301
482,0.05634185110201763,0.05632776566986564
483,0.05634089959444082,0.05632715932235512
484,0.056340602866518576,0.0563268632917244
485,0.05633968351960598,0.056325876389156516
486,0.056339653550046165,0.0563258752361923
487,0.0563384308700738,0.056325159776416875
488,0.05633840603531091,0.05632518180002317
489,0.056338412005177765,0.05632518681373828
490,0.056338409230653266,0.056325208837507475
491,0.05633889232597952,0.05632561870759074
492,0.05633865879861121,0.05632551277847599
493,0.056338264089271846,0.05632530331614093
494,0.05633690064228473,0.056324945169453015
495,0.056336918146423005,0.05632499072634684
496,0.05633691986908221,0.05632499240972733
497,0.0563369182168124,0.05632499361272826
498,0.056336777849401616,0.05632497659257836
499,0.056336778450817464,0.056324977286930616
500,0.056336775054027614,0.05632499770547983
501,0.05633650560075497,0.05632496477455577
502,0.05633649986797234,0.056324965110502084
503,0.056336342093339126,0.05632520200096423
504,0.05633634513762481,0.05632520249786097
505,0.056336336310852095,0.0563252124275966
506,0.056335561698994174,0.05632455701907334
507,0.05633529759039953,0.05632453193295417
508,0.05633496190506663,0.05632425396002301
509,0.056334608083170847,0.05632396834108425
510,0.05633449185058345,0.05632402209427438
511,0.056334496747456185,0.05632402906343736
512,0.05633385636539834,0.0563235107609929
513,0.05633386474600609,0.056323517962481896
514,0.05633380457817763,0.05632360720645
515,0.056333130811262816,0.0563230453379209
516,0.056333150689864414,0.05632306871603224
517,0.05633313170396173,0.05632305508882665
518,0.056332982336057824,0.05632297998903601
519,0.056332979382855544,0.05632298135580918
520,0.05633298363836437,0.05632298311603311
521,0.05633292709320996,0.0563229870360696
522,0.05633290965380336,0.05632298989671019
523,0.056332912160964636,0.05632299347483491
524,0.05633270505376646,0.056322793804238463
525,0.05633256703332067,0.05632285074769191
526,0.05633281295714121,0.056322888818068455
527,0.056331674786631335,0.056321948204107006
528,0.05633096804339031,0.056321711722233124
529,0.056330969175556085,0.05632171261375192
530,0.05633056744960225,0.05632141227152348
531,0.0563304157092367,0.05632141583436892
532,0.056330379793216895,0.056321417726164225
533,0.05633037331192368,0.056321422331035785
534,0.05633030427313937,0.05632139038382053
535,0.056330168176775455,0.056321238548376895
536,0.056330138506018965,0.05632121569113644
537,0.05633004448894695,0.056321262981745446
538,0.05632994547810404,0.056321171857273464
539,0.05633001566938983,0.0563208886541411
540,0.05632987128465976,0.056321176601231024
541,0.056329878753455,0.05632118225971608
542,0.05632938930065348,0.056320925984489456
543,0.0563293592130548,0.056320964648798336
544,0.05632936887490635,0.05632098943153796
545,0.05632936707717964,0.0563209908240289
546,0.05632935429333818,0.056320997293181324
547,0.056327119351893024,0.05631864956778339
548,0.056326643841780696,0.056318429592425334
549,0.0563266412273235,0.05631842769327034
550,0.05632658336960617,0.05631842616566903
551,0.05632658164705829,0.05631844537136659
552,0.056326579112678146,0.05631844329858538
553,0.056326480372406,0.0563184682975815
554,0.056326427223482516,0.056318605664452084
555,0.05632563722655909,0.05631875699593927
556,0.056324922718244116,0.056317986353825025
557,0.05632475199420513,0.056317969805809116
558,0.05632472304144999,0.05631796577815387
559,0.05632464152404758,0.0563179514656171
560,0.05632441853158979,0.05631790926267529
561,0.056324401354888684,0.05631789508875683
562,0.05632438998553598,0.05631788562936709
563,0.05632411089647369,0.05631783565759833
564,0.05632354164940727,0.05631734974615242
565,0.05632331184357084,0.05631717944759887
566,0.056323254139077863,0.05631714753333951
567,0.05632218334417675,0.0563165068867857
568,0.05632127846834486,0.05631614086481955
569,0.056320645266925644,0.05631604789495107
570,0.056320257597202696,0.0563158262430036
571,0.056319890793208045,0.056315272177123586
572,0.05631859152935409,0.0563145868128801
573,0.056318677737618325,0.05631469652189258
574,0.05631861103487711,0.05631467610111622
575,0.05631860418243356,0.05631470196743587
576,0.056318605075628844,0.056314728044142004
577,0.05631861421337322,0.05631475617624241
578,0.05631862119059134,0.05631476304928968
579,0.05631852618186024,0.056314794482461066
580,0.056318539104900825,0.056314837650668435
581,0.05631833644335147,0.05631465697777179
582,0.05631834337279615,0.05631466273519459
583,0.05631834989887737,0.056314667921158516
584,0.05631828786430697,0.056314713488250845
585,0.05631829629581851,0.056314721988583644
586,0.056318222730875396,0.05631443825923175
587,0.05631792487470561,0.05631427743828073
588,0.05631781941433087,0.05631429300242057
589,0.05631779139351756,0.05631428644108551
590,0.056317348002312674,0.05631393301257635
591,0.056316640755470694,0.0563137608268258
592,0.05631635021931782,0.05631343523970062
593,0.056316335943525225,0.05631353119618368
594,0.0563163373433816,0.056313531523979846
595,0.056316187518613,0.056313360978646775
596,0.056316187929057133,0.05631336536871975
597,0.05631618644630898,0.05631337890062877
598,0.05631616123584385,0.056313368096391536
599,0.05631568034044826,0.056313241518267734
600,0.056315671946034034,0.056313214148712216
601,0.05631567336839622,0.0563131947910902
602,0.056315613567880445,0.05631317136450979
603,0.0563156320038142,0.0563131675056642
604,0.056315252023944724,0.056313018107752216
605,0.056315253236420976,0.05631301918010259
606,0.056315206401099875,0.05631299917596314
607,0.056314870948457094,0.0563126346569744
608,0.056314867006705495,0.056312637552816125
609,0.05631491605036965,0.05631270259743127
610,0.056314823525832926,0.05631256092892657
611,0.056314656453752596,0.05631261370925302
612,0.0563146587577935,0.05631261584921825
613,0.05631432299973639,0.05631262160787628
614,0.056314238815295146,0.056312648696542816
615,0.05631348653220438,0.05631234695156862
616,0.05631348490162244,0.05631237952903855
617,0.056313484343686854,0.0563123876892572
618,0.056313477340875426,0.05631239929771199
619,0.05631300596286522,0.056311928446298926
620,0.05631301379557003,0.05631195562768246
621,0.056312984666168145,0.05631207998408155
622,0.05631288418290774,0.05631209342006775
623,0.05631271227784246,0.05631209929188072
624,0.05631278161258437,0.0563121267320504
625,0.056312769047564944,0.05631210666735261
626,0.05631273637630662,0.05631209266419175
627,0.05631213382913941,0.0563117128193801
628,0.05631212214885243,0.056311698377484835
629,0.056311655839865374,0.05631151765053792
630,0.056311579764173156,0.056311491432225115
631,0.05631158948287681,0.056311487029869954
632,0.056311565911619524,0.05631148686171142
633,0.05631174079987642,0.0563117047978514
634,0.0563113780836712,0.05631179711571778
635,0.05631129724855708,0.056311817784149454
636,0.05631142858780017,0.05631198815599845
637,0.05631133789277685,0.056312016772996736
638,0.05631115749966288,0.05631204699505204
639,0.056311149159782914,0.056312050670442676
640,0.056310073691028785,0.05631129460698137
641,0.056309735716864304,0.05631092927167915
642,0.05630932257695082,0.05631089338754525
643,0.05630897321634695,0.05631063575481371
644,0.056308891296180975,0.05631065659677581
645,0.05630886489224199,0.05631066576238768
646,0.056308834423269644,0.05631064253444477
647,0.05630690621280354,0.056308653099713044
648,0.056306863546868,0.056308658397141324
649,0.05630683627797665,0.056308660099776434
650,0.05630666788057196,0.056308714629557534
651,0.056306431214573516,0.05630886432133617
652,0.05630651090235433,0.056308966915902585
653,0.05630648443814712,0.056308986131954494
654,0.05630571269143307,0.05630884603270389
655,0.05630582005220352,0.05630897043882579
656,0.05630582293457489,0.05630897779057138
657,0.056305738136244905,0.05630897170126886
658,0.056305738484037755,0.056308976782728504
659,0.056305671317544936,0.05630893523601776
660,0.056305067631404124,0.05630813147640418
661,0.056304996252173195,0.05630806185895144
662,0.05630500783106792,0.05630804894370118
663,0.05630494235784665,0.056307985764137675
664,0.056304933170638505,0.05630799709547689
665,0.056304936839676,0.05630799760029338
666,0.056304909682956705,0.05630797802816613
667,0.0563049049463599,0.05630798916336821
668,0.056304937369035836,0.0563079758836757
669,0.05630410014096325,0.056307369944641125
670,0.056304104711047034,0.05630737438257034
671,0.05630410513686216,0.056307376649159746
672,0.05630408476634144,0.05630736034400852
673,0.05630408733388974,0.056307362520488784
674,0.05630312845041012,0.05630606115738147
675,0.05630313436886807,0.05630606583593832
676,0.05629996013258679,0.05630244652320482
677,0.05629998398139156,0.056302472824062665
678,0.056300021827843376,0.05630252712542039
679,0.05629997257438602,0.056302545239295086
680,0.056299826512038506,0.056302461847236654
681,0.056299860954746955,0.05630250225857591
682,0.05629980523655746,0.056302429587161584
683,0.05629990418962383,0.05630224159986329
684,0.05629990319760076,0.05630224096585228
685,0.056299896085226245,0.056302265500687024
686,0.056299881277564454,0.056302291615698954
687,0.05629990142136998,0.05630231711701681
688,0.056299941293279754,0.05630246202480351
689,0.056299923541974536,0.05630246233096759
690,0.05629992062776115,0.0563024575853995
691,0.056299858725188556,0.05630249844820732
692,0.05629983755574768,0.05630245667899145
693,0.05629978501199104,0.05630242349117603
694,0.0562997054477596,0.05630238262001917
695,0.0562997199779044,0.056302494098817275
696,0.056299735986562446,0.056302512917963975
697,0.056299888923963974,0.0563024341306193
698,0.056299914958548546,0.05630246081153814
699,0.05630028268015924,0.05630272954283274
700,0.05630030450324619,0.05630275313702818
701,0.05630031171746276,0.05630275912238275
702,0.056300166303945604,0.05630275571692855
703,0.056300190638674204,0.05630277911961406
704,0.05630012815775572,0.0563028977730852
705,0.05630013324605421,0.056302902410356306
706,0.05630015553081581,0.05630292636361363
707,0.05630014024253205,0.05630291521795144
708,0.05629990507020852,0.056302861745141194
709,0.05629990689133479,0.05630286427883003
710,0.05629988299210717,0.05630284810757257
711,0.05629988599636903,0.056302851100498166
712,0.056299886220639056,0.056302854312583125
713,0.056299846666565734,0.05630281692180924
714,0.056299723090760284,0.05630268861600291
715,0.056299548669290746,0.05630277383693064
716,0.056299391228926625,0.05630252138147505
717,0.05629815399325288,0.056301193937289155
718,0.05629654824080947,0.05630032625288742
719,0.05629612022265963,0.05629978387046943
720,0.056296113534478776,0.056299779479228734
721,0.056296084894639345,0.05629975112668367
722,0.05629570106834602,0.056300094149806704
723,0.05629563419371327,0.05630005930483502
724,0.0562956446421022,0.05630006399622807
725,0.05629565037475384,0.0563000659817018
726,0.056295136528013455,0.056299556292634015
727,0.05629508266997524,0.05629952064089784
728,0.056294154501463904,0.05629829826327364
729,0.05629415425925368,0.0562983420803014
730,0.05629414595992309,0.05629833868503324
731,0.05629414656559045,0.05629833678826464
732,0.05629370757850345,0.05629791051098045
733,0.05629355676486423,0.05629790019836225
734,0.056293550006790996,0.05629789616438856
735,0.05629348065933814,0.05629791355331125
736,0.056293379223086866,0.05629779806595302
737,0.056293449518438246,0.05629781791793042
738,0.056292923255598704,0.056297445731688864
739,0.05629253790320418,0.056297326291642975
740,0.05629248964382047,0.056297271649817376
741,0.05629248214596988,0.05629726820659776
742,0.056292483513003796,0.056297269329986264
743,0.056292362573848044,0.05629731587742478
744,0.056292341196740474,0.05629731608949354
745,0.0562923363774341,0.05629732564886051
746,0.0562921399815713,0.056297315215660074
747,0.056292031793158996,0.05629709643806317
748,0.056292020398947144,0.05629710963487429
749,0.056292019601836114,0.05629711103572574
750,0.056292201479954576,0.056297311343143135
751,0.05629219825617465,0.05629730990406252
752,0.05629213933323292,0.05629722496822719
753,0.056292011515552444,0.056297059027705564
754,0.056292058996540974,0.05629716114946468
755,0.05629203103523304,0.05629714205133057
756,0.05629203007591972,0.056297141263272545
757,0.05629201524122279,0.05629714246325781
758,0.05629198035780128,0.056297156405563806
759,0.05629177208811503,0.05629711593250987
760,0.056291614761685003,0.05629712121170058
761,0.05629160147566394,0.056297115939827426
762,0.056291604791856444,0.05629712110039056
763,0.05629159849612558,0.05629714134729325
764,0.05629154203134783,0.0562971267030811
765,0.05629123580982104,0.05629671557270566
766,0.05629121699136549,0.056296700127631355
767,0.05629134521090801,0.056296829823968574
768,0.05629131492363269,0.05629681164935798
769,0.05629131430169711,0.056296820335940564
770,0.05629124936420678,0.05629681974835827
771,0.05629079681785116,0.05629662298787152
772,0.05629073912056239,0.05629658136235761
773,0.05629073560618528,0.056296574022055235
774,0.0562907365683433,0.05629656820865163
775,0.05629078815693714,0.056296623385806766
776,0.0562907669082428,0.05629661966111955
777,0.0562907672524185,0.05629662069403359
778,0.056290747225511445,0.05629661745090921
779,0.05629075200842492,0.056296620411177625
780,0.056290701494630606,0.056296548410219575
781,0.056290669787352365,0.05629651029459825
782,0.0562906271902984,0.056296451282559994
783,0.056290622283507875,0.05629644768246012
784,0.05629061984959675,0.05629644544451372
785,0.05628973865917179,0.056296166413767695
786,0.0562896913014238,0.056296207639919826
787,0.056289650665638125,0.05629621095194375
788,0.056289645929245666,0.056296233857933795
789,0.05628962037492067,0.056296205662256626
790,0.056287823589117665,0.05629469369533901
791,0.056287720425064226,0.05629460332381784
792,0.05628754968198434,0.056294749216172627
793,0.05628739299525822,0.05629467877672906
794,0.05628736966118362,0.056294641907121495
795,0.05628722474146464,0.05629467317413427
796,0.056287158490653126,0.05629462575997409
797,0.056286654768064555,0.05629420219994114
798,0.056286653241196714,0.05629419912882951
799,0.05628640470431071,0.056294131666164836
800,0.0562864040201263,0.056294128980177036
801,0.05628637440792559,0.056294117525866154
802,0.05628635884265551,0.05629410891777036
803,0.05628631448477819,0.05629410673200159
804,0.05628630973802212,0.05629410459735708
805,0.05628649067925753,0.056294617073614425
806,0.05628670388056295,0.05629468366068076
807,0.056286421979757056,0.05629416749570009
808,0.05628614966358251,0.056294125420613746
809,0.05628600374563381,0.056294087271067175
810,0.056285996863644785,0.05629408172768458
811,0.05628596127156111,0.05629398698910513
812,0.05628594657295925,0.056293984507119
813,0.05628594145436255,0.05629398085106539
814,0.056285922242650346,0.05629400736677705
815,0.05628591092153613,0.05629402511048408
816,0.05628588356392704,0.05629400871310155
817,0.05628588108292239,0.05629400670628736
818,0.05628583852481193,0.0562939692785657
819,0.056284615063580914,0.05629303165546321
820,0.05628457035135454,0.056293015137528796
821,0.05628456508849052,0.05629301306662242
822,0.05628454818506082,0.056293011630405926
823,0.056284535169303165,0.05629302023334056
824,0.05628456167122164,0.05629306060996914
825,0.05628452529957107,0.05629307324050678
826,0.056284091253954796,0.05629294641870273
827,0.05628407091351768,0.05629294423522589
828,0.056284206428739325,0.05629307474012559
829,0.05628416581256674,0.05629304859106504
830,0.05628413510179452,0.05629302602107588
831,0.056284186363002066,0.05629308864488189
832,0.05628417840173891,0.05629308372390784
833,0.056284147709597346,0.05629306981107737
834,0.056284047126318903,0.056293044984487534
835,0.05628403556985006,0.05629304592126416
836,0.05628393706859648,0.05629301554126187
837,0.05628381293468535,0.05629301104524111
838,0.056283492833218915,0.056292627772278704
839,0.056283439233632264,0.05629265074987784
840,0.05628343155167267,0.056292641310520954
841,0.05628342838839055,0.05629264087611791
842,0.056283340998982835,0.056292599059532544
843,0.05628333626905466,0.0562925954874454
844,0.056283274349368716,0.05629258878458534
845,0.056283173726120406,0.05629265452330174
846,0.05628262832714544,0.05629186898244437
847,0.056282606327138766,0.05629185215218915
848,0.05628260763146254,0.05629185302213365
849,0.05628260563220336,0.05629184928096835
850,0.05628261906184547,0.056291848499267536
851,0.056282236287543856,0.056291812868978976
852,0.05628216047194669,0.05629180537306654
853,0.05628216862469831,0.056291819685279985
854,0.05628173038428116,0.056291580169117714
855,0.056281551440834236,0.05629157087452409
856,0.05628113603529745,0.056291519320571505
857,0.056281107082296215,0.05629151635415174
858,0.05628110728562173,0.056291518100116816
859,0.05628108557379329,0.056291488639781624
860,0.05628108530518531,0.05629149048113219
861,0.0562810833935099,0.05629149221403597
862,0.05628080207571194,0.056291767214711345
863,0.056280801328481886,0.0562917675864078
864,0.05628069145870992,0.05629165833551112
865,0.05628075302713711,0.05629170794493718
866,0.05628075001925659,0.05629170537233927
867,0.056280747042224785,0.05629170302596505
868,0.05628072188401771,0.05629171600090182
869,0.056280623208169,0.05629170076551181
870,0.05627995678391371,0.056290908037906824
871,0.05627996225007865,0.05629091254941379
872,0.05627990869695775,0.05629083357392646
873,0.05627983378698172,0.05629083683360099
874,0.056279837156205575,0.05629084137873227
875,0.0562794830321542,0.0562906995519984
876,0.056279170044406315,0.05629079725222686
877,0.05627916630943767,0.056290771877695725
878,0.05627916402507056,0.056290771592696576
879,0.056279143685820376,0.056290884798282176
880,0.05627890892310615,0.05629080929415478
881,0.05627790801641702,0.056290101559318934
882,0.05627798128278945,0.05629017620426385
883,0.056277906530970465,0.05629025455320637
884,0.05627735284480727,0.056289472494721965
885,0.05627729676033542,0.056289499880770845
886,0.05627727775168964,0.056289488238613135
887,0.05627727748944532,0.05628949241158179
888,0.05627727638620962,0.05628950102672475
889,0.05627720853427902,0.05628939636566523
890,0.056276974994921805,0.05628944633171614
891,0.05627692935993165,0.05628943241305805
892,0.056276831654572874,0.056289365489807064
893,0.05627667365397621,0.056289305808386314
894,0.05627661766245143,0.056289291847103906
895,0.05627605338220041,0.05628925319005943
896,0.056276056113855395,0.05628925701682478
897,0.056275985201360235,0.05628917196256133
898,0.05627597039614553,0.0562891734507056
899,0.056275810379582236,0.056289017025816596
900,0.05627579429888474,0.05628902859118837
901,0.05627582937201548,0.0562891158225689
902,0.05627573556618371,0.056289048362863324
903,0.05627523787661176,0.05628858337420088
904,0.056275215020186835,0.05628858173008337
905,0.056275028967973616,0.0562884072818896
906,0.05627489440939693,0.05628844993655865
907,0.056274882025832335,0.056288461053616706
908,0.056274887154976215,0.056288465444849854
909,0.056274829253823586,0.05628845966751646
910,0.05627487860460691,0.05628851619884825
911,0.05627488759980914,0.05628852355361839
912,0.056274874477321934,0.056288541037865215
913,0.056274779500216685,0.056288429998402376
914,0.05627478135790729,0.05628843226494825
915,0.05627436457535954,0.05628800715947335
916,0.0562743654539261,0.05628800845308043
917,0.05627436899174011,0.05628801067867361
918,0.056274312355502884,0.056287697550393034
919,0.05627429693131705,0.05628771915988992
920,0.05627428794511053,0.05628772197014263
921,0.05627413007900358,0.05628751620068412
922,0.056273522620150465,0.05628690907039348
923,0.056273518392370436,0.05628691585592555
924,0.056273440640062566,0.05628687250910355
925,0.05627344457853827,0.056286874339793534
926,0.056273367815127165,0.05628685081682522
927,0.05627336169549728,0.05628685989289484
928,0.056273354647166964,0.05628686358178557
929,0.056273066749134903,0.05628665998027032
930,0.05627307138832277,0.05628666376814493
931,0.056273065634699075,0.05628670936725997
932,0.056273076264399084,0.05628672595055506
933,0.056272887313635916,0.05628674655529544
934,0.05627279812000548,0.05628670495321832
935,0.05627278021734984,0.056286705743782965
936,0.05627268860151724,0.056286611290842115
937,0.05627267686542393,0.056286508855662755
938,0.05627267848741871,0.05628651431325544
939,0.05627268146136676,0.056286516771197406
940,0.05627268118786706,0.05628651961499371
941,0.05627279719619537,0.0562866469171059
942,0.05627279661039226,0.05628664410618521
943,0.05627284921385152,0.05628692927198205
944,0.05627286441470413,0.05628693498440847
945,0.0562728581548608,0.05628693726413977
946,0.0562728340951861,0.05628694719503156
947,0.05627284824754061,0.056286946409144556
948,0.0562727799568899,0.056287036936644975
949,0.056272774091670655,0.05628702713217379
950,0.05627273089076809,0.05628705615031972
951,0.05627248549890343,0.056286916030597614
952,0.05627241846191655,0.05628685861918825
953,0.05627242476855551,0.05628686376434865
954,0.05627247815820541,0.05628698550284234
955,0.056272412203740234,0.05628699029479572
956,0.0562720098128101,0.0562872145088474
957,0.05627200613107995,0.05628723008505388
958,0.05627201380058961,0.05628723638676101
959,0.05627199726631843,0.05628723940056874
960,0.056271753957500205,0.05628713229812573
961,0.0562712804277856,0.056286998506145644
962,0.05627098069155975,0.05628670592898917
963,0.056270976029474534,0.056286785223186364
964,0.05627097270589569,0.05628678617387567
965,0.05627099170544602,0.05628682218230205
966,0.05627126349700034,0.05628700873099751
967,0.05627083298086093,0.05628651755596185
968,0.05627056080059603,0.056286520264584146
969,0.05627056480311601,0.056286526458821595
970,0.05627057032049399,0.056286530966174406
971,0.056270571847421035,0.05628653883573619
972,0.05627057754028206,0.056286545068939965
973,0.056270581752617795,0.05628656281347027
974,0.05627057912315011,0.056286541249245425
975,0.0562704526189922,0.056286478909981175
976,0.0562704633866848,0.05628649049539559
977,0.05627046536345952,0.056286492053185956
978,0.056270472416864524,0.0562865085516466
979,0.05627038172756836,0.05628648621291633
980,0.05627030068943944,0.05628644185572011
981,0.05627030350283128,0.05628644403283429
982,0.0562703120527736,0.056286453653563044
983,0.056270321304128186,0.056286464185265825
984,0.05627029166013991,0.05628646150166779
985,0.05627028109434779,0.05628644835355973
986,0.05627024109142791,0.056286410770760874
987,0.0562702374436244,0.056286410102332124
988,0.05627018475549438,0.05628638284083721
989,0.05627023048514485,0.05628637978159663
990,0.056270234440599046,0.056286383006496715
991,0.05627023731037448,0.05628638534362279
992,0.05626982323534287,0.0562865173933644
993,0.05626976282161558,0.056286476598313595
994,0.056269727798141274,0.05628648700080088
995,0.056269718498687754,0.05628652091361242
996,0.05626984133669713,0.05628666281129316
997,0.05626981604167544,0.056286661608952335
998,0.05626980721140853,0.05628666991150297
999,0.056269502641753316,0.05628650221005201
1000,0.056268700921458185,0.05628545109473917
1001,0.056268162841654416,0.05628499879583599
1002,0.05626817332290938,0.05628495176710737
1003,0.056267753118473256,0.05628436747465088
1004,0.0562677538967589,0.056284367410478715
1005,0.05626760801391826,0.056284317167820806
1006,0.056267609273133165,0.05628431986796715
1007,0.0562675794449365,0.056284539741012767
1008,0.05626758866230974,0.056284547300319024
1009,0.056267589050056244,0.056284558923310225
1010,0.05626758536447303,0.05628455416425371
1011,0.05626758061024723,0.05628454653633324
1012,0.056267584569173655,0.056284551458257656
1013,0.05626702068026647,0.0562840627277731
1014,0.05626699197315753,0.05628406873440533
1015,0.056266994897931084,0.05628407850022531
1016,0.0562669990720807,0.056284087135495306
1017,0.05626693618325207,0.056284029232072715
1018,0.0562668215846041,0.056283868223514444
1019,0.05626644452188986,0.05628375137749201
1020,0.056266419517590094,0.0562837973189385
1021,0.05626610149917839,0.056283777597150954
1022,0.056265754353401205,0.0562835973070414
1023,0.05626574702195673,0.05628359672088303
1024,0.05626557631625798,0.056283291673460856
1025,0.05626443795311868,0.05628230904870024
1026,0.056264392077647274,0.05628231907490405
1027,0.05626439439707848,0.05628231845178663
1028,0.05626429756847975,0.05628224337661734
1029,0.05626427070492772,0.05628225611901422
1030,0.05626427791501671,0.05628227350307381
1031,0.056264261575117484,0.056282280110907634
1032,0.05626426235546884,0.056282283902431056
1033,0.05626426492565672,0.05628228600695443
1034,0.056264265749119344,0.05628228668506644
1035,0.05626423431405376,0.0562822249833439
1036,0.056264228249649335,0.05628223000751061
1037,0.05626422677480431,0.056282232716515904
1038,0.05626406764588641,0.05628221540736912
1039,0.056264070628894186,0.05628222037727314
1040,0.05626407536519073,0.05628223378250731
1041,0.05626362011583572,0.056281670599710704
1042,0.05626361933923099,0.05628166981697922
1043,0.056263587185384815,0.05628166032654541
1044,0.05626358614685159,0.056281660909360855
1045,0.0562634648057958,0.056281662889369
1046,0.05626337671213946,0.05628152054634824
1047,0.056263027856388384,0.05628054599261099
1048,0.056262939984274785,0.056280631510788486
1049,0.05626292557919528,0.05628062778872019
1050,0.05626298005312634,0.05628074450992
1051,0.05626285131270682,0.056280759288778036
1052,0.05626285228943465,0.056280760086493464
1053,0.05626285762213493,0.05628076612147291
1054,0.05626284910281069,0.056280762567453534
1055,0.05626285001696835,0.05628076357672415
1056,0.056262877837542594,0.05628079355839328
1057,0.05626287365294103,0.056280795828994326
1058,0.05626279280562801,0.056280736871829544
1059,0.05626279211845721,0.0562807070188632
1060,0.05626279111657494,0.056280708759212955
1061,0.056262790371931305,0.05628070769878809
1062,0.05626278521208648,0.056280700556671316
1063,0.05626266838974933,0.05628070852491041
1064,0.056262666216085166,0.05628070720559692
1065,0.05626254075819959,0.056280670543385536
1066,0.05626251897752891,0.056280680067621734
1067,0.05626213013376748,0.05627979687921281
1068,0.05626199300144405,0.056279734225717554
1069,0.056261998842299,0.05627976303870634
1070,0.05626199852889089,0.05627976680297939
1071,0.05626199866127788,0.056279767165965625
1072,0.05626133532407947,0.05627918062650056
1073,0.0562613893779327,0.056279281722706145
1074,0.05626141310907248,0.05627929990278997
1075,0.056261408311596435,0.05627927219621944
1076,0.056261406285626286,0.056279271153431676
1077,0.05626132222527675,0.056279232341106725
1078,0.05626131101298842,0.05627920913217804
1079,0.05626117808781594,0.05627911848348241
1080,0.056261177877480646,0.05627911769630505
1081,0.05626051946544123,0.05627844689058401
1082,0.056260518936500185,0.05627846516014291
1083,0.05626040730607449,0.0562783680690807
1084,0.05626040570005108,0.056278364826574445
1085,0.056260382752241836,0.056278382831953175
1086,0.056260383930085985,0.05627838376386013
1087,0.05626030212594277,0.05627832834431942
1088,0.05626030037983584,0.05627832794340687
1089,0.05626018996804883,0.05627828469547621
1090,0.056260185580363324,0.056278285348691316
1091,0.05626018487875801,0.05627828631339775
1092,0.05626018412675973,0.05627828586879148
1093,0.0562602100209174,0.05627832972203388
1094,0.05626020362756354,0.05627832510644339
1095,0.056260204155464934,0.0562783254010235
1096,0.056260194712208354,0.05627831791598749
1097,0.056260188711816504,0.056278314792452856
1098,0.056260194090054026,0.05627832425574562
1099,0.05626018429591635,0.05627830967153588
1100,0.05625995787581012,0.05627819742282564
1101,0.05625995819266283,0.05627818986111258
1102,0.05625930578142106,0.056277696754015755
1103,0.05625930097311325,0.05627771784267421
1104,0.056259344400083636,0.05627772571400968
1105,0.05625935317352362,0.056277740335391756
1106,0.05625934585993518,0.05627774464139036
1107,0.056259042005410084,0.05627754075309805
1108,0.056259049892047254,0.056277543570568744
1109,0.056259048369994145,0.05627754014954582
1110,0.056258865127369946,0.05627742324494846
1111,0.05625882879203637,0.0562774230485536
1112,0.05625866903505773,0.05627735670254057
1113,0.0562584908166174,0.05627730815772772
1114,0.05625840807144828,0.05627735164856998
1115,0.05625840689853347,0.056277350685762416
1116,0.05625840444152175,0.05627734990234943
1117,0.056258260004442284,0.056277191261176605
1118,0.05625825860024127,0.05627719067028524
1119,0.05625825521659347,0.05627719088265738
1120,0.05625824230792339,0.05627718633447968
1121,0.0562582364391766,0.05627718067348161
1122,0.05625821815873187,0.05627718800921827
1123,0.056258221120681136,0.05627719042072546
1124,0.056258199525899034,0.05627716822418508
1125,0.05625820228019099,0.05627717052886559
1126,0.056258201802378914,0.056277174626972654
1127,0.05625820117914239,0.05627717421590373
1128,0.05625820415820513,0.05627717942105992
1129,0.056257121913517824,0.05627646602133856
1130,0.05625714010279373,0.05627650544347736
1131,0.05625700774372452,0.056276440604992685
1132,0.05625666801412416,0.056276350756765674
1133,0.05625666483173562,0.056276358551188455
1134,0.05625666400998483,0.05627635992917265
1135,0.056256665436708514,0.056276361171151444
1136,0.05625667986477282,0.05627637722884554
1137,0.05625721054637149,0.05627682083080499
1138,0.056257051979719225,0.05627680407403855
1139,0.056257052180787685,0.056276806987956784
1140,0.05625709408021149,0.056276849733560244
1141,0.056257096842272813,0.05627685345497718
1142,0.05625709594966767,0.056276854375090724
1143,0.056257081126897535,0.0562768497738939
1144,0.05625708139649064,0.056276851134487514
1145,0.056257085068597404,0.056276856327963955
1146,0.0562570847877541,0.05627685568268175
1147,0.05625686590720676,0.05627674933051003
1148,0.05625673261873712,0.056276658457939305
1149,0.05625662550441573,0.0562765088095099
1150,0.056256506618153575,0.056276405594309076
1151,0.0562565074575637,0.05627640582179578
1152,0.056256506816192806,0.056276407714660366
1153,0.05625650403396675,0.05627640669466395
1154,0.05625626499940373,0.05627670080453198
1155,0.056256220065187844,0.056276629257117586
1156,0.056256242643767565,0.056276654096538925
1157,0.056256075031863084,0.05627610827359605
1158,0.05625605687627135,0.05627613006408692
1159,0.05625554356933636,0.05627602434058901
1160,0.05625554740395948,0.056276027491805526
1161,0.05625555385479974,0.05627610334004836
1162,0.056255551482601654,0.056276097378389914
1163,0.05625540877588019,0.05627587368332913
1164,0.05625476400127375,0.05627533896325614
1165,0.05625476334810052,0.056275338472770595
1166,0.056254221737970234,0.056275189934138575
1167,0.056254232777209486,0.05627519978959195
1168,0.05625422285803391,0.05627520038598981
1169,0.05625422537420381,0.05627520084024177
1170,0.0562542352464527,0.056275221556953074
1171,0.056254240148381485,0.056275221894971916
1172,0.05625419778165554,0.05627511144858051
1173,0.05625417093536196,0.05627510270577037
1174,0.05625417263835056,0.05627510406583444
1175,0.05625417942013455,0.056275109354242014
1176,0.05625438086661631,0.056275283819417495
1177,0.05625432802778307,0.05627522507652942
1178,0.05625433739208096,0.05627525080203367
1179,0.056254341549731905,0.0562752533660265
1180,0.056254222915864655,0.05627525586299942
1181,0.056253673716023356,0.05627489855810599
1182,0.056253646133475846,0.05627487048413328
1183,0.05625364885183719,0.056274870526068416
1184,0.05625360651417122,0.05627481545126348
1185,0.05625360759699357,0.05627481754410979
1186,0.05625360890583431,0.05627481871671911
1187,0.05625360113476644,0.056274804325998976
1188,0.05625359604288774,0.056274803350330346
1189,0.05625359657527855,0.05627480678767373
1190,0.056253581358861306,0.056274809143623775
1191,0.05625350154985148,0.056274682687585634
1192,0.0562534513932971,0.056274728170931265
1193,0.05625301435983483,0.056274573952462784
1194,0.05625287297041612,0.05627449136421783
1195,0.05625287003628161,0.056274493248378195
1196,0.05625286904864414,0.05627451546787175
1197,0.05625250693656151,0.056274167059479824
1198,0.05625250559928178,0.05627416670278998
1199,0.05625246023795565,0.0562741485566662
1200,0.05625225892955372,0.05627418251465787
1201,0.05625226047377622,0.056274189870260026
1202,0.056251731197200304,0.056274123214554835
1203,0.05625170003859745,0.05627413772217747
1204,0.05625168930396947,0.05627409803544108
1205,0.05625169180924235,0.05627409224143514
1206,0.05625166409599597,0.05627408711823305
1207,0.05625154284574044,0.05627403349557755
1208,0.05625143419083807,0.05627419858198488
1209,0.0562514424413735,0.056274205863970375
1210,0.05625145758984174,0.056274211950847496
1211,0.056251459268722666,0.05627421354818075
1212,0.05625145931304589,0.056274211435981214
1213,0.056251452190664866,0.05627420222218809
1214,0.05625139753482504,0.05627417329406139
1215,0.056251403321680285,0.05627417817983321
1216,0.05625139297571982,0.05627416772796301
1217,0.05625134393918794,0.05627418695735603
1218,0.05625129864488301,0.05627419793886158
1219,0.05625103308988375,0.05627417029288285
1220,0.056251047552231724,0.05627424422295768
1221,0.056251048850100946,0.056274245374553104
1222,0.05625098374174519,0.05627430013197207
1223,0.056250724967635966,0.05627435170970694
1224,0.05625073152126605,0.05627436979164187
1225,0.05625070526683625,0.056274356426694344
1226,0.05625081336797647,0.056274463986374874
1227,0.05625044112245789,0.05627450333765121
1228,0.05625036129067216,0.05627453785807437
1229,0.05624943769857491,0.05627386031491002
1230,0.056249278152454965,0.05627378959410696
1231,0.05624922688753464,0.056273802877791684
1232,0.05624920808801233,0.05627380798235486
1233,0.056249179412629996,0.056273794090258025
1234,0.056249134965597226,0.05627371538732855
1235,0.05624911755992222,0.0562737020114533
1236,0.05624887480323887,0.05627369781045837
1237,0.05624877931136914,0.056273657422878764
1238,0.05624876123291358,0.05627360875358321
1239,0.05624861912763875,0.05627369129582584
1240,0.05624867028468347,0.056273722575833136
1241,0.05624844213514815,0.056273544251065594
1242,0.05624843074540873,0.05627354449719047
1243,0.05624830417346173,0.05627346082302664
1244,0.05624830513527459,0.056273463093701265
1245,0.05624816661814617,0.0562734711154099
1246,0.05624817501495239,0.056273480232914425
1247,0.0562481252188529,0.05627348266790977
1248,0.05624812162686192,0.05627353130054247
1249,0.056247974134722746,0.05627341714815777
1250,0.05624790779353854,0.056273397629612976
1251,0.05624783968522536,0.05627327422768549
1252,0.05624773936121197,0.05627322455599045
1253,0.056247560111595686,0.05627310710325575
1254,0.05624754168359582,0.05627310324118554
1255,0.05624712764494009,0.05627341798636895
1256,0.05624714785616979,0.056273434492806446
1257,0.05624715928433385,0.05627347085504065
1258,0.05624715045928606,0.05627350181011535
1259,0.05624716470800519,0.056273556030246294
1260,0.05624720681067115,0.0562735981419159
1261,0.05624720194475556,0.05627360105120415
1262,0.05624722455983994,0.056273629129816656
1263,0.05624706175441319,0.05627367966672473
1264,0.05624704927525036,0.056273713885069306
1265,0.05624707014123161,0.05627373818431188
1266,0.05624697727915538,0.05627365111448299
1267,0.056246981245830385,0.056273650600359985
1268,0.05624704045757155,0.05627373846211718
1269,0.05624704313824729,0.056273746978142664
1270,0.05624702235399467,0.05627376047647924
1271,0.05624702259709823,0.05627376093277148
1272,0.05624702536902215,0.05627377451270529
1273,0.05624714393396583,0.05627391452188159
1274,0.05624714523176599,0.05627391559612226
1275,0.05624714240999916,0.0562739228402161
1276,0.056246647667483544,0.05627361966321809
1277,0.0562465560902581,0.05627353016286412
1278,0.05624655871810803,0.05627354147874748
1279,0.0562465275402565,0.056273564795663804
1280,0.05624645652720056,0.056273539602696654
1281,0.056246456109102,0.056273536977614766
1282,0.05624639251332053,0.0562734351977307
1283,0.0562462626895348,0.05627355121969645
1284,0.056246037935843936,0.05627349164683403
1285,0.05624593846130963,0.056273402815000886
1286,0.05624595099971649,0.05627341036731725
1287,0.05624601531345332,0.056273465670211936
1288,0.05624595159432451,0.05627341219439019
1289,0.05624597382562958,0.05627343472058849
1290,0.056245984366986065,0.05627345112602913
1291,0.05624590024933262,0.05627348029778834
1292,0.05624598536354829,0.05627357487423224
1293,0.05624594175825564,0.0562735210151167
1294,0.05624595731532572,0.056273550811683275
1295,0.056245879511185155,0.05627355270360033
1296,0.056245830759166116,0.05627350681014132
1297,0.056245853927575,0.056273535200740306
1298,0.05624562910128348,0.056273346561548955
1299,0.05624562138941752,0.05627335238508207
1300,0.05624560410185134,0.05627335162424115
1301,0.056245821280437994,0.05627356285337797
1302,0.0562449888591002,0.05627298790108918
1303,0.05624498980580794,0.056272991175249726
1304,0.05624496357908535,0.05627298744085875
1305,0.056244939547425474,0.05627296864187996
1306,0.05624488357176104,0.056272963092663
1307,0.056244882303782114,0.056272963395990847
1308,0.056244886976077615,0.05627296883943823
1309,0.056244885857971084,0.056272965007036914
1310,0.056244872394419734,0.056272955854259836
1311,0.056244658346057304,0.05627298209142744
1312,0.056244658111373795,0.056272982812985796
1313,0.05624464729776014,0.05627298185954629
1314,0.05624444538187614,0.056272748456569606
1315,0.05624227421417773,0.05627087619269675
1316,0.05624227336853175,0.05627087892404189
1317,0.05624228452131541,0.05627095227426886
1318,0.0562420691818117,0.056271001972464305
1319,0.0562420660899393,0.05627100189051537
1320,0.056242068117402885,0.05627100350423363
1321,0.056242076914476066,0.056271112686101694
1322,0.05624207897377043,0.05627116852956688
1323,0.05624212846056472,0.05627124904326775
1324,0.05624213232298403,0.05627125087652527
1325,0.05624213525960377,0.05627125358574069
1326,0.05624213889824781,0.05627125706425228
1327,0.05624214273023208,0.056271260196498064
1328,0.0562421836284088,0.05627131197431571
1329,0.05624198520880185,0.05627132946696876
1330,0.056241977607095706,0.056271329420950415
1331,0.056241965666898895,0.05627130321951048
1332,0.05624197907992387,0.05627131626965842
1333,0.056241970844346206,0.05627131359571616
1334,0.05624182689759526,0.05627123358100586
1335,0.0562416377324923,0.0562711005059707
1336,0.056241640785461795,0.05627111172912151
1337,0.05624154949888489,0.056270942059829215
1338,0.05624145890735555,0.056270849418490955
1339,0.05624144342633996,0.056270929013824696
1340,0.05624145206750262,0.05627094045296213
1341,0.05624141652878324,0.05627094283237617
1342,0.056241418275856436,0.05627094596706086
1343,0.05624142054724962,0.05627094792424714
1344,0.0562413959301404,0.05627090733898381
1345,0.056241395605180024,0.056270907172594545
1346,0.05624127419971189,0.056270840447481325
1347,0.05624127068554678,0.05627083729692399
1348,0.056241288361665434,0.05627095764118488
1349,0.05624122774163466,0.056270944040469534
1350,0.056241214281369266,0.0562709325011591
1351,0.0562412215328713,0.05627094340776945
1352,0.05624121265933175,0.05627093984946723
1353,0.05624120218494465,0.05627092279958909
1354,0.05624118637342383,0.05627092111129508
1355,0.05624118414981535,0.05627092619075094
1356,0.05624118462143202,0.05627092754306808
1357,0.05624111243990422,0.05627081495828995
1358,0.0562408973488864,0.056270781883345784
1359,0.056240882856092085,0.0562707826396295
1360,0.05624083351283442,0.05627073121439152
1361,0.05624083757890354,0.05627073455098008
1362,0.05624083010220801,0.056270722574767125
1363,0.05624074330449364,0.056270683553791764
1364,0.05624073775278106,0.05627069178712271
1365,0.056240746513430556,0.05627070179348969
1366,0.056240747768954436,0.05627070286837498
1367,0.05624074870210869,0.05627070365436208
1368,0.05624075640517707,0.05627070563381404
1369,0.056240187882750675,0.05627074299142383
1370,0.056240182937066785,0.05627074112174788
1371,0.056240184251299445,0.05627074418212406
1372,0.056240064264611915,0.05627065343884969
1373,0.056240065367047766,0.05627065425766916
1374,0.05624007294676825,0.056270662002606504
1375,0.05624010076420297,0.056270710475010345
1376,0.05624010129597502,0.05627071649958597
1377,0.05624009746493798,0.05627071410056836
1378,0.05624001149155964,0.05627061977752839
1379,0.056240035877883565,0.056270701988180676
1380,0.05623995284084126,0.05627070368383247
1381,0.056239953296013535,0.05627071564919462
1382,0.05623986460048107,0.05627067165533218
1383,0.056239874104098586,0.05627067808168243
1384,0.05623953154373156,0.05627042582027965
1385,0.056239512021739685,0.05627042778467704
1386,0.056239509551451315,0.05627042840561345
1387,0.05623950403381543,0.05627042542634082
1388,0.056239511454785195,0.05627044703991938
1389,0.05623937543857152,0.05627044171809919
1390,0.05623938494287592,0.056270452679534594
1391,0.0562393733336732,0.056270472077524274
1392,0.05623934426473514,0.0562704735326206
1393,0.05623934360140217,0.056270472821056246
1394,0.05623931421739573,0.05627047642724724
1395,0.05623931798972394,0.05627047908531308
1396,0.05623884459033107,0.05627028005484149
1397,0.05623881755459813,0.05627030177806056
1398,0.05623881647844548,0.056270305864335964
1399,0.05623880580368405,0.05627027954616968
1400,0.05623836481854819,0.05627021928612955
1401,0.05623837282521546,0.05627022831928994
1402,0.056238370118811554,0.05627022690427566
1403,0.056238454405089636,0.056270324206567385
1404,0.056238162594141314,0.056270080330107476
1405,0.05623814131184921,0.05627006823082173
1406,0.0562380848671867,0.05627006520856832
1407,0.056238068967289376,0.05627006216232135
1408,0.056238068583131864,0.056270062400393416
1409,0.05623807536671054,0.05627009403456747
1410,0.05623810111832822,0.05627014310439945
1411,0.056238083994434605,0.05627013868729013
1412,0.05623786873144943,0.056270007404968035
1413,0.05623786483907043,0.05627000280726449
1414,0.05623783289913715,0.05626996020061772
1415,0.056237878929967816,0.056270020308664355
1416,0.05623787251226787,0.056270020054218925
1417,0.056237876221420145,0.05627002082803258
1418,0.05623787115233714,0.056270017625906506
1419,0.05623786994059815,0.05627001676540219
1420,0.056237863848759846,0.056270015620175896
1421,0.0562378624718489,0.05627001460100946
1422,0.05623785301335726,0.056270014132142755
1423,0.05623779995137689,0.056269956182914305
1424,0.056237741598375884,0.056269958670884204
1425,0.05623774232959911,0.05626995924341113
1426,0.05623776061975437,0.05626998747864827
1427,0.056237739458239365,0.056269975808836525
1428,0.05623773730237764,0.056269974059176615
1429,0.056237648225593274,0.056269881947765665
1430,0.05623755471983222,0.056269825632957106
1431,0.05623755768804045,0.05626982874940935
1432,0.05623737329998425,0.05626963165102998
1433,0.0562373720772419,0.05626963070343129
1434,0.05623749108350533,0.05626973480498614
1435,0.05623752075306156,0.05626976903670457
1436,0.05623718619967864,0.05626958210691586
1437,0.056237190725840096,0.05626958640543064
1438,0.05623720789667185,0.05626960414650874
1439,0.05623721393484362,0.056269611293719574
1440,0.05623721906163849,0.05626961440771625
1441,0.056237204111706136,0.05626962115103548
1442,0.05623718326203665,0.05626962493687055
1443,0.05623719873256855,0.056269645795678655
1444,0.05623719825600804,0.05626964468947308
1445,0.05623719837254099,0.056269644998658094
1446,0.05623719092386304,0.05626964557631014
1447,0.05623705607665981,0.05626956824033979
1448,0.05623700803160177,0.05626956688858602
1449,0.056237048336717686,0.056269607025692676
1450,0.056237045202225416,0.05626960542035671
1451,0.05623703491383651,0.05626960017890629
1452,0.0562370391007906,0.056269604920195254
1453,0.05623700736387495,0.056269562227038036
1454,0.056236857655482135,0.0562694879753282
1455,0.056236810823528084,0.05626960381239918
1456,0.05623663991573873,0.05626946584036577
1457,0.056236639335623784,0.0562694653954466
1458,0.05623660602965501,0.056269492152946514
1459,0.05623617938403122,0.05626934425875919
1460,0.056236111269240135,0.05626927363781719
1461,0.0562360001388572,0.056269326369952986
1462,0.05623599581048912,0.056269340359442845
1463,0.05623602767734271,0.05626941768978928
1464,0.05623575189473476,0.05626919065828097
1465,0.05623564169110702,0.05626922547157328
1466,0.05623564548849547,0.05626923612945794
1467,0.05623564794274563,0.05626923818200506
1468,0.05623563894554014,0.05626922731643
1469,0.05623563835269386,0.05626925182482453
1470,0.05623558612762627,0.056269145923253196
1471,0.056235572705784644,0.05626913595757409
1472,0.05623557405891754,0.05626913662559715
1473,0.05623556851863561,0.05626912924033011
1474,0.05623556536336249,0.05626912482475133
1475,0.05623555309276855,0.056269108723505865
1476,0.056235243068518105,0.05626893707063525
1477,0.05623524085263813,0.05626893670186205
1478,0.05623524332311939,0.05626893870624301
1479,0.05623502852726315,0.05626903530334774
1480,0.056235024541212465,0.05626902870552984
1481,0.0562349844075439,0.056268985821835024
1482,0.05623497938675448,0.05626898830462943
1483,0.056234957132086066,0.056268987753620686
1484,0.05623488780403412,0.05626895956790503
1485,0.05623477788966306,0.05626911365941763
1486,0.05623477695051608,0.05626911288851661
1487,0.056234816015631336,0.056269173847571664
1488,0.05623481577686606,0.05626917380789201
1489,0.05623481801848546,0.056269175777675116
1490,0.05623480632928962,0.05626916796703665
1491,0.056234796521972386,0.05626916051667649
1492,0.05623479669725489,0.056269160973878164
1493,0.056234819720621575,0.05626917621745221
1494,0.056234794491238985,0.05626917482109188
1495,0.0562347971718081,0.05626917906910741
1496,0.05623478691058467,0.056269171272556734
1497,0.056234786646636656,0.056269171006193476
1498,0.05623483653731662,0.056269184728328994
1499,0.056234839353094264,0.05626918713080113
1500,0.056234842172514496,0.056269190654859455
1501,0.05623465668856889,0.05626918498540032
1502,0.05623462539897438,0.05626914929600884
1503,0.056234583795128225,0.056269174572955515
1504,0.05623434764595426,0.05626900630855788
1505,0.05623435522053011,0.056269030360058876
1506,0.05623434358458571,0.056269036001792665
1507,0.05623434679853968,0.056269038641522655
1508,0.05623396746851011,0.05626839357120327
1509,0.056232721306109804,0.056267230876553706
1510,0.05623272682780078,0.0562672359351688
1511,0.05623265688271518,0.056267298957798695
1512,0.056232632076480514,0.05626722044562526
1513,0.056232630979738324,0.05626721978490665
1514,0.05623259177459513,0.05626718634994814
1515,0.056232674346369006,0.05626733305602997
1516,0.05623273131084109,0.05626738862066945
1517,0.05623207869280382,0.05626763132601215
1518,0.05623208065014354,0.056267633202951174
1519,0.05623187534377176,0.05626765905077728
1520,0.05623183001152262,0.056267720928293824
1521,0.05623183208391771,0.056267754147192026
1522,0.05623158238569356,0.056267589220885345
1523,0.056231580511316465,0.056267586401073016
1524,0.05623150690273859,0.05626790141047538
1525,0.056230039922609616,0.056266441520451314
1526,0.05622999338301599,0.05626638543502387
1527,0.0562299955660363,0.0562663872638158
1528,0.05622998973354603,0.0562663878744695
1529,0.05622998496404644,0.056266391416119166
1530,0.05622997962306805,0.056266392173953274
1531,0.05622993862135882,0.056266359701348724
1532,0.0562298509020945,0.05626633465385457
1533,0.05622997385266902,0.05626646413080502
1534,0.05622981290211733,0.05626647405612545
1535,0.05622979923405499,0.056266473242600604
1536,0.056229764066292084,0.056266420038836605
1537,0.056229762501809284,0.056266406922264985
1538,0.056229725444252164,0.0562664127630284
1539,0.056229852522122266,0.0562665318626174
1540,0.05622967728485594,0.056266407869179406
1541,0.056229571043391484,0.05626635130291401
1542,0.05622957129761163,0.056266351519730876
1543,0.05622944581608657,0.056266374559174936
1544,0.05622924303858414,0.05626640815285636
1545,0.05622924657182418,0.05626641659023491
1546,0.05622922977488853,0.05626648593635427
1547,0.056229229998728474,0.05626653996171068
1548,0.05622798228965666,0.0562655681412704
1549,0.05622797776810328,0.05626555909503836
1550,0.05622822364449306,0.05626568987851675
1551,0.05622822296758088,0.056265689192009985
1552,0.05622818781872585,0.05626568783435252
1553,0.05622818990860322,0.05626569034976619
1554,0.05622818967884891,0.05626569024277222
1555,0.056228127423509716,0.05626563556805619
1556,0.056227378765194895,0.05626477233537554
1557,0.056227379389950885,0.056264772563536763
1558,0.056227370258380344,0.056264840591696674
1559,0.056227353962809125,0.05626482571136875
1560,0.05622735568987562,0.056264827367000156
1561,0.05622735830168532,0.05626482851410987
1562,0.05622735801190301,0.05626482827797634
1563,0.056227360633094525,0.05626482795496169
1564,0.05622736001349659,0.05626482719299432
1565,0.056227184675059216,0.056264699821876936
1566,0.05622718192776886,0.05626469788693671
1567,0.056227177205771015,0.056264699720570945
1568,0.05622713933764833,0.05626465253823809
1569,0.056227125706883624,0.0562646527714143
1570,0.05622709707120547,0.056264650593979434
1571,0.0562270957087456,0.05626464928085769
1572,0.05622700476009583,0.05626454246694871
1573,0.05622700576627141,0.05626454330073258
1574,0.056227005873758305,0.056264543477075296
1575,0.05622698208391707,0.056264562121083064
1576,0.056227055279286973,0.05626462375852356
1577,0.05622699881297645,0.05626459519009267
1578,0.05622691009677246,0.05626469295833378
1579,0.05622691136162499,0.056264693611191643
1580,0.0562269085259572,0.05626469269019035
1581,0.05622605616070188,0.05626424090388438
1582,0.056225986964668524,0.05626420279221499
1583,0.056225993782799036,0.0562641758902168
1584,0.056225970798249376,0.05626414660067529
1585,0.05622468161479943,0.056262779452323684
1586,0.056224679538605736,0.05626277429296212
1587,0.05622465005685247,0.05626275904858304
1588,0.05622461908722778,0.05626276502512004
1589,0.05622460230051377,0.05626275559988557
1590,0.05622466378832617,0.05626281958815494
1591,0.0562246530735841,0.05626280594713727
1592,0.05622463638278414,0.056262793391783424
1593,0.056224676156758,0.056262839349140614
1594,0.05622467208974723,0.056262837012520356
1595,0.05622466693468312,0.056262836079302554
1596,0.056224611794423465,0.05626281079313792
1597,0.056224605021431756,0.05626280469091176
1598,0.05622458195600975,0.056262806053697746
1599,0.05622458039561815,0.05626280138028555
1600,0.056224531306418475,0.056262751650731704
1601,0.056224545165528654,0.056262773046052685
1602,0.05622442961123515,0.05626275193608629
1603,0.0562244305934251,0.056262752739478325
1604,0.05622448210901808,0.05626279172167897
1605,0.0562244815319121,0.05626279261429688
1606,0.05622448369669541,0.05626279498415651
1607,0.056223941698568765,0.056262523586076
1608,0.056223932114684114,0.05626251147813363
1609,0.05622390234153985,0.05626246854610664
1610,0.056223893775252706,0.056262459377855074
1611,0.056223893235351104,0.056262459001320486
1612,0.05622389003715612,0.056262455591349896
1613,0.05622388548270029,0.05626245109079673
1614,0.0562238854452942,0.05626245121177149
1615,0.05622388906288506,0.05626246795353672
1616,0.056223883378640156,0.056262461886119206
1617,0.056223883022726476,0.05626246162635373
1618,0.05622388009497024,0.0562624592729521
1619,0.05622384631587123,0.05626244101430249
1620,0.056223847742446355,0.056262442179586154
1621,0.056223733661190295,0.05626266617680367
1622,0.05622372590115995,0.056262654661342136
1623,0.056223696909700645,0.05626264711960628
1624,0.05622369946235956,0.05626264920677113
1625,0.0562238089324008,0.0562627812995005
1626,0.05622380876953571,0.05626277993921895
1627,0.056223807249562684,0.056262778715214734
1628,0.05622378510922822,0.056262778860471124
1629,0.05622378297256435,0.05626277712557966
1630,0.05622377429655651,0.05626276820504578
1631,0.05622377478337448,0.05626276860235252
1632,0.056223808836320235,0.05626282568677464
1633,0.056223805993226024,0.05626282376352027
1634,0.05622378732207656,0.05626282579858481
1635,0.056223767784811446,0.05626282568885807
1636,0.05622375587431203,0.0562628194981787
1637,0.05622375683997445,0.056262820295086766
1638,0.05622375783018058,0.0562628210994554
1639,0.0562237370645681,0.05626281812459481
1640,0.056223737624642486,0.05626281862149542
1641,0.05622373508967689,0.05626282017368496
1642,0.05622373353629274,0.05626281896244359
1643,0.0562237943328946,0.05626304647925379
1644,0.05622379699128416,0.05626309697038919
1645,0.056223768587208164,0.056263102078179514
1646,0.056223768425052785,0.056263101795942995
1647,0.05622376890345335,0.056263102125539574
1648,0.056221035222451136,0.056261786058237916
1649,0.05622103267921388,0.05626178694283993
1650,0.05622104873910062,0.056261813866085704
1651,0.05622048799626383,0.056261508723894266
1652,0.05621979860436385,0.05626104830915172
1653,0.05621979590171153,0.056261052988312826
1654,0.05621976757204237,0.05626103243353371
1655,0.05621974969891903,0.05626101427253388
1656,0.056219728905582994,0.05626100470568094
1657,0.0562191967810836,0.05626036511703714
1658,0.05621919002472395,0.05626036106762634
1659,0.056219188105550884,0.05626035949788967
1660,0.05621918525338713,0.05626035913385499
1661,0.05621916474434173,0.0562603347058303
1662,0.05621916765236673,0.05626033689047032
1663,0.05621903446186491,0.05626031009399674
1664,0.056219037087616525,0.056260302144000934
1665,0.0562190157660781,0.056260297300534425
1666,0.05621901285229319,0.056260300527478074
1667,0.05621900958144535,0.05626029935386145
1668,0.05621898067819851,0.05626026162693802
1669,0.05621895173220943,0.05626023367826956
1670,0.05621906247296187,0.056260346982040466
1671,0.056219056170200926,0.056260343022034365
1672,0.05621905603723908,0.05626034189782708
1673,0.05621908602109078,0.056260374769365094
1674,0.05621907500618687,0.0562603554164402
1675,0.056219070452851065,0.05626034543513126
1676,0.056218969155380216,0.056260344766998184
1677,0.056218965202662785,0.0562603522202564
1678,0.05621892020419607,0.05626030526174489
1679,0.0562189244490808,0.05626031022573318
1680,0.05621881558227089,0.05626027412755387
1681,0.05621880175762614,0.056260659827444055
1682,0.05621878329174796,0.05626065756444153
1683,0.056218768716129845,0.05626064703060312
1684,0.05621873524171765,0.05626063635863066
1685,0.05621873105306771,0.05626063343621581
1686,0.05621873112879061,0.056260633504513734
1687,0.056218439006148806,0.056260410042561014
1688,0.05621795495599422,0.05625986881332817
1689,0.056217902634968425,0.056259855032420356
1690,0.056217899765496696,0.0562598525313867
1691,0.05621790626405262,0.056259854657126684
1692,0.056217884032817605,0.05625983643391746
1693,0.05621796548387878,0.05625988367607442
1694,0.05621795075744046,0.05625988189396336
1695,0.05621796655171197,0.056259917065544764
1696,0.056217768677630085,0.056259933984275076
1697,0.05621692868627534,0.05625926107195313
1698,0.05621692649063365,0.056259256636312066
1699,0.056216922976230696,0.05625922078364333
1700,0.05621618741976472,0.05625867090804418
1701,0.05621581481261055,0.05625836767805838
1702,0.056215817015539564,0.056258375480657374
1703,0.05621582871012652,0.05625838401142477
1704,0.05621571584446419,0.056258284452094465
1705,0.05621571067960958,0.05625828686974778
1706,0.05621571064031186,0.05625828956146376
1707,0.056215714271836276,0.05625828735487236
1708,0.056215653111554145,0.0562582739446439
1709,0.05621562233512517,0.05625827883943188
1710,0.05621559801078413,0.05625824310818352
1711,0.05621559763449948,0.05625824279617656
1712,0.056215135459582476,0.05625768894706404
1713,0.05621429796694215,0.05625695291094644
1714,0.056214215408566505,0.0562568813910337
1715,0.056214001537672455,0.05625696269797921
1716,0.0562139902890777,0.0562569526391668
1717,0.056213988156306356,0.05625695100491013
1718,0.05621395975479786,0.05625694823818284
1719,0.05621389808156369,0.056256982716289414
1720,0.05621389298682059,0.05625697863179677
1721,0.056213804404617373,0.05625692316101549
1722,0.0562137912004079,0.0562569075133262
1723,0.05621379852967288,0.05625691508991388
1724,0.05621379131529329,0.05625691328741006
1725,0.05621373522588087,0.05625681581522773
1726,0.05621371974474248,0.056256799427196705
1727,0.056213647980917054,0.0562567657544861
1728,0.05621364245850472,0.056256763231327764
1729,0.05621363897576276,0.05625676042842074
1730,0.05621362956991031,0.05625675937829401
1731,0.05621362732436716,0.05625675792708855
1732,0.05621180415440877,0.05625482283073653
1733,0.05621180070178313,0.05625481685574066
1734,0.05621178035078361,0.05625479785143601
1735,0.05621169593918321,0.05625469290116469
1736,0.056211691188343405,0.05625471489386577
1737,0.05621166421493185,0.05625475407720917
1738,0.05621154825322312,0.056254611880615334
1739,0.05621154086696041,0.05625460693580604
1740,0.05621154231073775,0.05625461121183145
1741,0.05621154269568597,0.056254611936022485
1742,0.05621153003141282,0.05625460114178883
1743,0.05621152711161576,0.05625459710011065
1744,0.05621152722513316,0.056254597457376286
1745,0.05621152170783901,0.056254587540406346
1746,0.05621152179438194,0.05625458736078253
1747,0.05621151626537266,0.05625458079822422
1748,0.056211501808424554,0.056254576656723225
1749,0.056211503764470046,0.056254578239687596
1750,0.05621153239886446,0.056254606552796425
1751,0.05621152468017295,0.056254603356052556
1752,0.05621152665710996,0.05625460440619117
1753,0.056211418489114214,0.056254585749977416
1754,0.056211398104399624,0.05625458267077087
1755,0.056211382518187275,0.056254580583421955
1756,0.056211384135297124,0.05625458114478651
1757,0.05621072521136186,0.05625393414737075
1758,0.05621072601033651,0.056253941105670044
1759,0.05621067311881286,0.056253973699301456
1760,0.05621066976153974,0.05625397165920836
1761,0.056210617154326015,0.05625392635697947
1762,0.056210623064636665,0.056253930417547504
1763,0.05621060977833601,0.056253941196631393
1764,0.056210612616465476,0.05625394316670216
1765,0.05621057688139412,0.05625389588581474
1766,0.05621057883842066,0.05625389746399615
1767,0.05621058075838045,0.056253899078268645
1768,0.05621060228548417,0.05625392682993617
1769,0.0562106005623182,0.05625392558507398
1770,0.05621060041393098,0.05625392400793165
1771,0.05621059768667869,0.056253923785500135
1772,0.05621059983783708,0.05625393867183439
1773,0.05621059982585824,0.05625393764243813
1774,0.0562099910285731,0.05625370561482751
1775,0.05620959802031209,0.056253415820416104
1776,0.056209595555319555,0.056253417117080325
1777,0.056209480560050054,0.05625336503897436
1778,0.056209482056522986,0.056253366243220936
1779,0.056209477973068425,0.0562533664410296
1780,0.056209478323983965,0.05625336681849523
1781,0.05620948506146479,0.056253371381577
1782,0.05620942571423902,0.05625330981910018
1783,0.056209379314318936,0.05625331058178614
1784,0.05620939139084841,0.05625335471124603
1785,0.05620940134875212,0.05625336449077311
1786,0.05620932893951309,0.05625328701980126
1787,0.05620927004302355,0.056253188216068256
1788,0.05620921709992389,0.056253211181156906
1789,0.05620922394898787,0.05625321743626311
