0,0.1389205423434381,0.13911091042969304
1,0.11976685154107647,0.11999914347181975
2,0.1056495764843843,0.10589133875696201
3,0.09322275873913144,0.09345347111211481
4,0.08428071561399346,0.08445637107579863
5,0.07848095148303326,0.07865193876556746
6,0.07159412256725467,0.07173303600210168
7,0.06743493096689185,0.0675651896195037
8,0.06493450373490285,0.06505777765815725
9,0.062228256310326094,0.06231967633923514
10,0.060409918942021655,0.06047170260704797
11,0.059209523034797186,0.059251045084234816
12,0.058644616375170655,0.058684556644664286
13,0.058168982005704244,0.058206478751699695
14,0.05764688299580128,0.05768060523469722
15,0.057429199458961265,0.0574590653599476
16,0.05727313763341568,0.05730336868191219
17,0.05712474211162616,0.0571519751159845
18,0.05702553823997159,0.057054569641179526
19,0.056829020617565715,0.056860901783918234
20,0.05670385852380434,0.056734257633075394
21,0.056622175721801095,0.05665429567689501
22,0.056591415755296255,0.05662842180683182
23,0.056550094871340294,0.056590500019368356
24,0.05649121746920613,0.056540711841252825
25,0.05645663511631624,0.05651240658087397
26,0.05640015502563805,0.05646079401747041
27,0.056370409874491684,0.05643379472378661
28,0.056313427577860266,0.0563816301838702
29,0.05626784067278705,0.056342151768607004
30,0.056253537926319555,0.056332372647237845
31,0.05624104235799308,0.056331000636420166
32,0.056230835251231195,0.0563278988498161
33,0.05621201020233779,0.05631741542968472
34,0.05617995233767043,0.05629264044351283
35,0.05616450451408205,0.056283729058944305
36,0.056151018976359365,0.05628074547575458
37,0.05613944173189448,0.05627624462674639
38,0.056121076048575864,0.05626516724182361
39,0.05611111619664837,0.05626279494810402
40,0.056082245858998445,0.056239371684926286
41,0.05605836874730775,0.05622506043007936
42,0.05605025378616018,0.05622569985790805
43,0.05603522591674041,0.05621588099202254
44,0.05601772843992005,0.05620494066319607
45,0.056005461034643496,0.05619686462759463
46,0.05599700135701525,0.05619473471541196
47,0.05598588298310005,0.05619579756896339
48,0.05597742547822176,0.05619637886514704
49,0.055965456578437676,0.05618967117640902
50,0.05594886825605644,0.05617841804804677
51,0.05594211452966308,0.05617853159919963
52,0.055933903972319336,0.056176507649206515
53,0.055920794639744635,0.056172034431883656
54,0.05590933935999882,0.05616610644020843
55,0.05590243085692357,0.05616421174521286
56,0.05589650875235479,0.05616415249424067
57,0.055887911495117557,0.056166151276754554
58,0.055878342769783956,0.05616641816817627
59,0.055870660884933594,0.05616719020335849
60,0.05586453954709787,0.05616667182494626
61,0.05585510524751373,0.05616329275510546
62,0.05584761146597979,0.056161387602499155
63,0.055842152540132424,0.056160617089310305
64,0.05582962430391298,0.05615379475614087
65,0.055823047274177806,0.05615296242618964
66,0.055815666001610136,0.056151702800085995
67,0.05580154859986373,0.056143844365093454
68,0.055797014775744065,0.0561422163355202
69,0.05578999909064851,0.05614132124215525
70,0.055779953192006695,0.056137774969146924
71,0.055771516401586264,0.05613490009803432
72,0.05576719388007042,0.05613400313477646
73,0.05575767362753663,0.056131680901339694
74,0.05575297515248139,0.05613043929272188
75,0.05574738145937314,0.05613029346225433
76,0.055741172967193706,0.0561301448428235
77,0.0557364213120979,0.05613299411928125
78,0.05573014682181002,0.05613331994294459
79,0.05572209243553721,0.05613015731930441
80,0.055715921358048134,0.056128522925194435
81,0.055709276358725794,0.05612834609407921
82,0.05570156115940464,0.05612744116059983
83,0.05569572386651612,0.056125158135787216
84,0.05568741260988746,0.05612411549175092
85,0.055681581005397295,0.05612849621573124
86,0.05567740576882548,0.05612931851519251
87,0.055672835682145295,0.056129754284132395
88,0.05566664166684517,0.05612900683638528
89,0.05566301178086198,0.05612959639583961
90,0.05566005219668143,0.05613015149575452
91,0.05565298725349428,0.05612783060253542
92,0.05564513966585292,0.056129216539790784
93,0.05564186048447942,0.05612886488954202
94,0.055636315793831735,0.05613148429010713
95,0.055626452618166886,0.0561273885241406
96,0.05562016788674897,0.05612721997331102
97,0.055615351370754545,0.05612674746550612
98,0.055610362168927695,0.05612623063988416
99,0.055604998464610846,0.056126007149986036
100,0.055599603030140145,0.056126130090252045
101,0.0555921107253701,0.0561250413030612
102,0.055585249757097006,0.05612562646494845
103,0.05558090796935884,0.05612785456003075
104,0.055577529030685635,0.05612863413640258
105,0.05557144260610542,0.05612896535544816
106,0.05556481177552505,0.05612879375138421
107,0.05556107735332111,0.056128794350397596
108,0.05555213861639761,0.05612441184089948
109,0.05554454740484498,0.05612410275794845
110,0.05554015897504092,0.05612375722071134
111,0.055535668658938046,0.05612426405814602
112,0.05553161196833013,0.05612469956579689
113,0.0555248907767799,0.056121382872175385
114,0.055521330360812915,0.05612077470553648
115,0.05551698081683331,0.05612202692053988
116,0.05551389328309108,0.056123709607928084
117,0.055509338816341715,0.05612452830882343
118,0.05550648393117584,0.0561256251283435
119,0.055494850327601826,0.05611981992204019
120,0.055488264479442884,0.056121188176865656
121,0.05548208399832193,0.056120760045904015
122,0.055475455851697685,0.05611719370197061
123,0.055469101601063185,0.05611773519364546
124,0.055462392310793904,0.056120499901958366
125,0.055457270813302664,0.05612117500814804
126,0.05545102134629619,0.0561223198991344
127,0.0554475414543317,0.056122822041275465
128,0.05543975091458622,0.05612139061468672
129,0.05543361402190834,0.05612099003891165
130,0.055425287540932865,0.05611789554635674
131,0.055419178816899735,0.056118217982934045
132,0.055414503281054954,0.05611872605800512
133,0.055410846308951156,0.05611719698415901
134,0.05540556306587663,0.05611555339857145
135,0.055399108060328175,0.056115976893893534
136,0.05539216634314445,0.05611625731213546
137,0.055386415986170404,0.0561167704649112
138,0.055382419843618066,0.0561177490364872
139,0.05537950486564603,0.05611864920362935
140,0.0553726093661504,0.056117651149437155
141,0.05536873598716079,0.05611817602018192
142,0.055363556127371844,0.0561193063721817
143,0.0553600575768235,0.05611936452395282
144,0.055352793767104315,0.05611764597822254
145,0.05534657738491626,0.05611809170005717
146,0.0553433890867225,0.056117777623877686
147,0.05533602079859463,0.05611742672750787
148,0.05533080024321327,0.05611740788173001
149,0.055326385541624716,0.05611891636308746
150,0.055321993712543566,0.05611916770473726
151,0.05531694758062726,0.0561193076347498
152,0.05531114255879621,0.056120903072709026
153,0.05530593077552086,0.056121849542953586
154,0.055300790711007033,0.05612255159977018
155,0.055294547143405336,0.056123391738809876
156,0.05528793633592939,0.05612330425366813
157,0.055284096872377404,0.05612205301336834
158,0.05527737242649126,0.05612315260495003
159,0.055274045124206625,0.05612299712707683
160,0.05526960210221667,0.05612313431538164
161,0.05526258870060533,0.05612601196515092
162,0.05525826878496789,0.056125554729182896
163,0.05525497134236658,0.0561253198311563
164,0.0552492112100146,0.05612400423931836
165,0.055244460595595915,0.05612403824859707
166,0.055239412381945796,0.056123627758009935
167,0.05523598291379034,0.05612508277696474
168,0.05523016109991229,0.05612336923728933
169,0.05522415571691041,0.05612269621657601
170,0.055220168938672175,0.05612213320237289
171,0.05521502984655064,0.056123594936048495
172,0.055210130769544716,0.05612490554482313
173,0.05520575363158522,0.05612477370355476
174,0.055200435993252,0.05612473324895007
175,0.05519431024390317,0.05612448803704326
176,0.05518961710614147,0.056125437596503666
177,0.05518452625761021,0.05612599851092778
178,0.05518009614952268,0.05612671628726803
179,0.05517366062131892,0.056126816369297845
180,0.055169049134531405,0.05612646770710783
181,0.055165448840468416,0.05612667656508655
182,0.05516023117321969,0.05612579068581097
183,0.0551560024418328,0.05612759720418479
184,0.05515140846919917,0.056128711498106575
