0,0.15996649606731167,0.16015175134612203
1,0.15395898468787322,0.15415893872571015
2,0.1482945171564091,0.14850172297515293
3,0.1429682215759476,0.1431790680034349
4,0.1379186094143086,0.1381345264165834
5,0.133151584499411,0.1333745925909805
6,0.12868332981000127,0.12891114810361454
7,0.12444335442557959,0.12468006101790644
8,0.12044102619226242,0.1206921642584766
9,0.11649052373067824,0.11673924389531634
10,0.11292283999764026,0.1131561997208117
11,0.10951850309626708,0.1097528749053135
12,0.1063149471790715,0.10654324696517964
13,0.10319790984796864,0.10343044674091588
14,0.10038849391612835,0.10062184996520655
15,0.0975807206665085,0.09781331403690784
16,0.09503139729853707,0.09526721698409926
17,0.092620122838458,0.09285566390741529
18,0.09038581564028907,0.09062364804327398
19,0.08828101222415498,0.08851396812288345
20,0.08631582948838941,0.08654168554649816
21,0.08441885977258512,0.08463940841066345
22,0.08266773430254434,0.08287731130841898
23,0.08104740177628422,0.08125034810165721
24,0.07949902197407555,0.07970332073963572
25,0.0780763879921508,0.07827858185587327
26,0.07672264385418284,0.07691754626869303
27,0.07547419505124045,0.07566231054612796
28,0.07431481893218833,0.07449157855364337
29,0.07319143445437351,0.07336324547140405
30,0.0721278086019634,0.07229180839579898
31,0.07115223365298487,0.0713081349193712
32,0.07025559470724994,0.0704018352335505
33,0.0694365006859184,0.06957238289070465
34,0.06865667403010849,0.06878165882577586
35,0.06789798062949468,0.06802166251032045
36,0.06715679745398963,0.06727482185183857
37,0.0665194804603629,0.06663239145237242
38,0.06587971894697107,0.06598539574773683
39,0.06528517863541586,0.06538610709577065
40,0.06473945296853785,0.06483261694156368
41,0.06425260759917432,0.06434151320306522
42,0.06380787503178742,0.06388899341266129
43,0.06336833969645354,0.06344354163551871
44,0.06296957823050296,0.06304341434720576
45,0.06260872335739101,0.0626802238899353
46,0.06225938208710657,0.062328293925021344
47,0.061947786478690064,0.0620119292466439
48,0.06164367342977802,0.06170298071366501
49,0.061337801403226866,0.061390291660352356
50,0.061061391774430894,0.06111056279806988
51,0.060769597606305334,0.06081634776198663
52,0.060534660248918376,0.06057731767315402
53,0.060283347348016554,0.06032628390015908
54,0.060079188185158956,0.06011893037243843
55,0.05986679023142879,0.059906106933176655
56,0.05969012123527795,0.05972543099853621
57,0.05951289738721211,0.05954765945273425
58,0.05936421467861031,0.05939477965546429
59,0.05920962460828815,0.05923854867609283
60,0.05908053796705151,0.059106013653250446
61,0.05896025561018852,0.058981989300301914
62,0.05883382647125647,0.05885405839517811
63,0.05872655107536707,0.058745053389155914
64,0.05861754585056867,0.058635679428495936
65,0.05852959574222947,0.05854442517754875
66,0.05843492346593705,0.05844940404057119
67,0.05835328240536766,0.05836520742764554
68,0.05827205127066211,0.058282021974385034
69,0.05819977541237802,0.058207029968124865
70,0.05813270033919294,0.058139352754715434
71,0.05806418594766726,0.058070743036868676
72,0.05800482953011539,0.05801057236917013
73,0.057942865655038804,0.05794602993470335
74,0.05788867002500759,0.05788929780658174
75,0.05783839099711877,0.05783907663005477
76,0.057788845665548594,0.05778916060726975
77,0.05774840458160054,0.057745964078828455
78,0.057700867052535645,0.0576989910178253
79,0.05765884391554082,0.05765650883103522
80,0.05761952956178149,0.057614129613714184
81,0.05757978926402155,0.057573821766225323
82,0.05753948654776641,0.0575317476587481
83,0.05749867006104474,0.05749185638924562
84,0.05746680850759564,0.057458465477077926
85,0.05743397612506698,0.05742543330657215
86,0.0574044229716041,0.057394420164841746
87,0.05737231159708178,0.05736200848476047
88,0.05734574903459003,0.05733303677415147
89,0.057319819768582504,0.057308231275748106
90,0.05729745973000464,0.057282746126772685
91,0.057271753536653654,0.05725734524958258
92,0.057248203576842176,0.05723354290614205
93,0.0572293501384918,0.05721307103988603
94,0.05720777723826885,0.05719129419725199
95,0.05718676720761291,0.057170060723055416
96,0.05716821304219489,0.05714987873808501
97,0.057150347502056824,0.057132350507538385
98,0.05713206021279585,0.0571142694707526
99,0.05711748852229507,0.0570989716085333
100,0.057100315944667475,0.05708186627484618
101,0.05708691982338744,0.05706844701196765
102,0.05707367684298819,0.05705592233764275
103,0.05706166142559874,0.05704206231494906
104,0.05704774124379355,0.05702881859902324
105,0.05703521231680733,0.05701413215120056
106,0.057019703998876854,0.05699924348445034
107,0.05700782698558073,0.056987569664482575
108,0.05699303033124134,0.05697362087530091
109,0.056983333974908366,0.05696381337356932
110,0.05696923661956699,0.05695062280930368
111,0.05695926444994808,0.056940628788650624
112,0.05694878121912311,0.05692872642614368
113,0.05694142046063627,0.056922117259884865
114,0.056932371817722066,0.05691202471337355
115,0.05692177034412428,0.056901514837751827
116,0.056914905912983184,0.05689570586580611
117,0.056904870425638736,0.0568859658660715
118,0.056894379737028565,0.05687621933565262
119,0.056888168255267275,0.05686885610787532
120,0.056878087013885685,0.0568600232514763
121,0.056873110488366796,0.056853961601333845
122,0.056862739634417986,0.05684413906393995
123,0.056853183330204914,0.05683516865843879
124,0.05683945684889371,0.05682137385912369
125,0.056833341411812247,0.05681487495063586
126,0.0568254113316854,0.056806630077065316
127,0.056818052992467456,0.05679911957857637
128,0.05681030599352183,0.05679208867014392
129,0.05679930622383768,0.05678128730286527
130,0.056794438274318085,0.056776798201114614
131,0.05678809540771644,0.05677010442839083
132,0.05677906529260991,0.056760663002571606
133,0.05677240247516109,0.05675383253964964
134,0.056767561048038435,0.05674801556635469
135,0.05676279275930205,0.05674377391072557
136,0.05675791200463092,0.05673862818265258
137,0.0567544926112604,0.05673510798374891
138,0.05674627912889014,0.05672681101039
139,0.05674216389832668,0.056723344150924324
140,0.05673889236141284,0.05672011844358943
141,0.05673358929281994,0.05671497914389449
142,0.05672677731233882,0.05670878631407248
143,0.056722766382796545,0.05670441563819482
144,0.05671967085036734,0.05670186043051165
145,0.05671671216998788,0.05669949172328785
146,0.056712878978684926,0.056696323301591696
147,0.056707692169414424,0.05669051794941864
148,0.05670229070796915,0.05668515703248853
149,0.056696507993525685,0.05667903952027847
150,0.05669390639894996,0.05667711675883366
151,0.05669115435622118,0.05667430784985083
152,0.05668493499892196,0.056668528990878556
153,0.05668158846040087,0.056664779296024634
154,0.05667823095346244,0.05666208750025127
155,0.05667540516146335,0.056659137032255245
156,0.05667089746697888,0.05665396787391456
157,0.05666728445712453,0.05665102554366621
158,0.05666414539232342,0.05664897273704033
159,0.056658162949278515,0.056643732785004376
160,0.056654132838703374,0.05663905478422528
161,0.056649116105803185,0.05663464102940156
162,0.05664669421631362,0.05663291682670273
163,0.056642077850811934,0.05662838460782974
164,0.0566385230751085,0.05662504735225761
165,0.056635557736118405,0.056621927040125516
166,0.056633728433597486,0.05662093074902036
167,0.056627317625541816,0.05661488728584259
168,0.056624597155276735,0.056612203245399575
169,0.05661999002726637,0.056607651595746086
170,0.05661425588498222,0.056601780774349734
171,0.05661054607275602,0.056598211732921434
172,0.05660742007463212,0.05659542295771288
173,0.05660535839831479,0.05659377074100799
174,0.05660305898966984,0.05659236516561618
175,0.05659991645488223,0.05658946863955318
176,0.05659302561523621,0.05658277990941254
177,0.05659075109611588,0.05658098238071834
178,0.056584488978205554,0.05657462063964318
179,0.05658227684688412,0.056572556983135756
180,0.05657857854335054,0.05656895829985671
181,0.05657535951617264,0.05656614487380756
182,0.056573706955802695,0.05656510087637871
183,0.05657182267531793,0.05656363520746054
184,0.056568451484590165,0.05656095671193941
185,0.05656681076586535,0.056559573420872804
186,0.05656353134219793,0.05655689315003223
187,0.056558176688812044,0.05655163525153386
188,0.056556271788159196,0.05655017669242531
189,0.05655303059445909,0.05654711052555674
190,0.05654810377234284,0.05654256877600071
191,0.05654619352002306,0.056541141367386916
192,0.05654354891621725,0.05653911197328449
193,0.05654169274951836,0.056537574876896944
194,0.05653767121002396,0.05653425003511199
195,0.056534869849654654,0.05653194181917134
196,0.056533084307618345,0.056530238112596255
197,0.05652847170965568,0.056525784331093475
198,0.0565256822858768,0.05652386659489241
199,0.056524061984002144,0.05652266262932516
200,0.05652246943704845,0.05652168048532261
201,0.05651923052354827,0.05651887780713851
202,0.056513893096944046,0.0565134444875411
203,0.056511038242049255,0.056510993680620125
204,0.05650946707065854,0.05650950041732739
205,0.05650710611529569,0.056507273335050165
206,0.05650593298393729,0.05650611540112924
207,0.056503844394508375,0.05650463706211215
208,0.05650233035844058,0.05650364243700189
209,0.056500884961698805,0.0565025483753726
210,0.05649627904159083,0.05649815398372092
211,0.05649420347247324,0.05649688281357544
212,0.05649218447571404,0.05649511242608097
213,0.05648968935303613,0.05649252954061864
214,0.0564879130160165,0.056491343774011396
215,0.05648652240647738,0.05649031888634828
216,0.056485111490397186,0.056489306344704615
217,0.056481205865132354,0.05648562207883222
218,0.05647957059751469,0.05648456855148962
219,0.056476735038473176,0.05648207952390952
220,0.05647400282393927,0.056478854100226655
221,0.05647281495163158,0.05647827293341665
222,0.05646886219071742,0.05647470875504112
223,0.05646725097517242,0.0564738041974002
224,0.056464736553019576,0.05647207412897325
225,0.05646269422550288,0.05647056617900142
226,0.05646088173891594,0.0564690181541274
227,0.05645897870216477,0.056467645218721954
228,0.0564569786589851,0.05646650430667494
229,0.056454906601669894,0.05646534205886714
230,0.056453532007973775,0.05646428461088469
231,0.056451331063757514,0.05646281066984105
232,0.056446995939692796,0.05645894647109874
233,0.056445005442135564,0.056456888067664183
234,0.05644140004093167,0.056453624841858056
235,0.05643970108093671,0.05645291403615811
236,0.056438247598632675,0.05645174840093828
237,0.05643643792389384,0.05645047518502068
238,0.056434551773894115,0.05644913299999422
239,0.05643253667000391,0.056447618238704096
240,0.05643136665289651,0.0564468035939942
241,0.05643005751683222,0.05644571854128121
242,0.05642846847780467,0.05644434623095628
243,0.05642724267274647,0.05644359019924927
244,0.05642605354432318,0.056443055421511144
245,0.056424333553374624,0.05644236309047551
246,0.056420939733278476,0.05643919551401162
247,0.056419650727369194,0.05643840708025822
248,0.05641615991901672,0.05643537454239003
249,0.0564143492148354,0.05643358819174377
250,0.0564131332052114,0.05643311021021268
251,0.05641133513517906,0.05643218210468352
252,0.0564079353279667,0.05642943303340228
253,0.056406864328826974,0.05642901293121263
254,0.05640546939767898,0.056427556286942064
255,0.056403901718646725,0.05642681815327363
256,0.05640254177079033,0.05642555290594186
257,0.05640104801704017,0.056424538834861634
258,0.056399745906464904,0.056423706018693405
259,0.05639850349302853,0.0564230671784838
260,0.05639357609975063,0.05641826313418585
261,0.056390764637058985,0.05641574453164774
262,0.0563880014900515,0.05641326959458182
263,0.05638653252520997,0.0564116319795825
264,0.05638335347633736,0.05640889490128129
265,0.05638140957372256,0.05640795366098868
266,0.05637903331656591,0.05640555469222967
267,0.05637743371612931,0.056404802178118184
268,0.05637457879909572,0.056402579322643864
269,0.05637252603701884,0.056400431847588486
270,0.05637146980118616,0.05639990398113004
271,0.05636990501300824,0.056399023556150604
272,0.05636850615444696,0.056398360443428316
273,0.05636545285380273,0.05639536778975206
274,0.05636434348327664,0.05639480193510732
275,0.05636273732126395,0.0563936685240674
276,0.05636147620257303,0.056392899447927136
277,0.05635949516787979,0.05639051605969223
278,0.05635821826778699,0.05638970550520848
279,0.05635543630415532,0.056387551427174956
280,0.0563538860985603,0.056386258045385516
281,0.05635182717085798,0.0563844829658582
282,0.05635056484260736,0.05638455064864808
283,0.05634817502244255,0.05638231677458902
284,0.05634693174648,0.05638191409293972
285,0.05634607200993854,0.05638126638727103
286,0.056344166042270945,0.05638005718343907
287,0.05634138239820665,0.056377348639453255
288,0.056339994327260855,0.056376515112911384
289,0.05633891659444103,0.05637617727829291
290,0.05633786097469017,0.05637572450616652
291,0.05633702957226688,0.056375337147998875
292,0.056335766830701274,0.05637470713383097
293,0.0563338984061738,0.05637341889365294
294,0.05633249276501797,0.05637199198990957
295,0.05633136509808057,0.05637156207444444
296,0.056327601306327905,0.056367957650400986
297,0.05632520425348136,0.05636639054362522
298,0.05632453058224181,0.05636583017793904
299,0.056323427148670016,0.05636527597850787
300,0.056321641444497424,0.056363321155525344
301,0.056320579748111735,0.05636261775317632
302,0.056318236201379684,0.05636044945996071
303,0.056317159307060445,0.056359791245341406
304,0.056315136711141765,0.05635807199210095
305,0.05631302933144421,0.056356886218901434
306,0.05631028375864992,0.056354342077193954
307,0.05630822990840636,0.0563523819379809
308,0.05630703183234172,0.05635120652729866
309,0.05630575745884604,0.05635010636069472
310,0.05630452310358932,0.056349781308434814
311,0.056303528241090736,0.056349391882620545
312,0.0563023243238674,0.05634846193837239
313,0.056300322403126615,0.056346797876336556
314,0.05629960821986892,0.05634665208175114
315,0.05629866514576435,0.056346219584958335
316,0.05629794966016146,0.0563458198858324
317,0.05629647188888204,0.05634492709913152
318,0.05629550071854484,0.056344513155899424
319,0.05629469094766727,0.05634397034862269
320,0.056292765655506186,0.05634229228343201
321,0.056291649849838594,0.05634149440858117
322,0.05629027790553073,0.05634036891625283
323,0.0562891720457217,0.05634042868432551
324,0.056287135615616754,0.0563384666280921
325,0.056286069033969356,0.056337558982360245
326,0.056284090017696756,0.05633606935575947
327,0.056282247090026584,0.056334246935885623
328,0.056280747437099876,0.056333502540306765
329,0.05627957954114734,0.05633255432499854
330,0.056278677538049375,0.05633228541955099
331,0.05627793454969109,0.05633173241549008
332,0.05627714494894473,0.05633153639889238
333,0.05627609434566469,0.05633143654669531
334,0.05627296213321881,0.0563287867668033
335,0.056271098326427654,0.056327632511489666
336,0.0562703779445375,0.056327433086025204
337,0.056269438086887065,0.05632661765224373
338,0.056268538079635305,0.05632604329325895
339,0.05626776817941002,0.056325507854007084
340,0.05626585383331705,0.05632361461599869
341,0.05626497920431147,0.05632301762616967
342,0.05626333863489392,0.05632173869601161
343,0.05626053302231085,0.0563188824627738
344,0.05625886299478394,0.05631723198907096
345,0.05625801444326726,0.05631670404415707
346,0.0562567187612223,0.05631580348492847
347,0.05625609902734001,0.056315436132269726
348,0.05625526090509736,0.05631532377202673
349,0.056254296323620605,0.056314734297140276
350,0.05625325214454999,0.056314117836436396
351,0.05625217171958299,0.056313835090843194
352,0.05625044873375511,0.056312498735394116
353,0.056248259788787634,0.056310966183298033
354,0.056246788555660815,0.05630986515534584
355,0.05624535583983313,0.05630854001851418
356,0.056244499159414874,0.05630800108873073
357,0.05624302608520765,0.056307042990276196
358,0.05624126394440015,0.0563058498634602
359,0.05623986700743393,0.0563047483353233
360,0.05623761368912373,0.05630303790927241
361,0.056235659452549935,0.05630181567211462
362,0.0562348308121093,0.05630173176165772
363,0.056233339641175495,0.05630059469602722
364,0.05623229261057454,0.05630031379217136
365,0.05623068966749827,0.05629887560873522
366,0.05622782076997165,0.05629679671020834
367,0.05622643929511873,0.05629569661568109
368,0.05622526433638297,0.056294876867557006
369,0.05622372437416539,0.05629394428234431
370,0.0562222591490485,0.05629289124650525
371,0.05622149747669039,0.056292734302914704
372,0.05621993440651061,0.056291412568987356
373,0.056218994794475494,0.05629116771930115
374,0.05621763905119068,0.056290119255614154
375,0.05621596153252535,0.05628884497897617
376,0.056215041554147235,0.05628844939248534
377,0.056213448574742524,0.05628720122189976
378,0.056212021534981726,0.05628608357014879
379,0.05621124940702855,0.05628562421054327
380,0.056210172811227914,0.05628473560585629
381,0.056208365704111994,0.056283437525563584
382,0.056207078650386065,0.05628243206965547
383,0.05620578382955745,0.05628149945182755
384,0.056203986547964636,0.056280019638603414
385,0.05620290485210565,0.05627945640594262
386,0.05620169053812976,0.05627849342532828
387,0.05620075593594954,0.05627784939413704
388,0.05619987104269509,0.056277436647015545
389,0.056198332841909795,0.05627671300814694
390,0.05619749309362794,0.05627591364883091
391,0.056196551912945064,0.05627514710573513
392,0.05619558290874315,0.05627492090195748
393,0.05619422595138561,0.05627369247441943
394,0.0561924481959753,0.05627263287412398
395,0.056190918860603525,0.05627164461895635
396,0.05619022648196631,0.05627158693416225
397,0.05618875181452434,0.05627042292051972
398,0.05618806025372889,0.05626988135173266
399,0.05618739823796744,0.056270029491470266
400,0.056186352065078195,0.05626918438378582
401,0.05618496492951133,0.05626801783800414
402,0.05618356647204952,0.05626704930594339
403,0.05618276060492633,0.05626679879059994
404,0.05618132637395094,0.05626579728200084
405,0.05617987589509768,0.05626448472949987
406,0.05617851918388049,0.05626344360195395
407,0.05617788204287241,0.0562634161658424
408,0.056177233553743704,0.056263164605219934
409,0.05617659360962738,0.0562629916233298
410,0.056175928251149955,0.05626253949105338
411,0.0561753344840403,0.0562624827887636
412,0.05617453036905903,0.056262160417066304
413,0.0561739231779155,0.05626191881703914
414,0.05617293373256357,0.05626114483660469
415,0.05617140855330768,0.056260166979017014
416,0.056169648597563245,0.05625940045060568
417,0.056169096199440736,0.056259461688628255
418,0.056167864530390924,0.05625865378038497
419,0.05616654195938831,0.05625759847327486
420,0.056165864530719256,0.05625726073054422
421,0.05616500633231964,0.05625723521082758
422,0.05616428628728362,0.0562570045279714
423,0.05616379808456044,0.05625702801264288
424,0.056163109958259884,0.05625652147444474
425,0.05616237094050204,0.05625621259656852
426,0.05616135778336227,0.056255435703584274
427,0.05616002065974389,0.056254618611120945
428,0.05615893335477275,0.056253981831473183
429,0.056157699112789235,0.05625303569088055
430,0.056156614406547956,0.05625233880717386
431,0.05615537807008756,0.05625163190842616
432,0.056154585382661146,0.05625141857224737
433,0.05615370212141498,0.05625133459089943
434,0.056152044685425576,0.056249498025350286
435,0.05615088625529626,0.0562487304566774
436,0.056149329486060384,0.056248068555365606
437,0.056148769441794935,0.05624810429355592
438,0.05614772411146192,0.05624758209654382
439,0.05614663694302536,0.05624725798742245
440,0.056145949296971566,0.05624718608325213
441,0.05614462319026579,0.05624630776730058
442,0.05614388580886025,0.056246337769186104
443,0.056142641544016485,0.05624537618013318
444,0.056141753279630974,0.05624498462329982
445,0.05614129191545314,0.05624471636002475
446,0.056139107614586195,0.05624259448754104
447,0.05613783254515014,0.05624154181098521
448,0.05613671489649154,0.05624091715240405
449,0.05613490262497226,0.05623963830300914
450,0.05613388559782959,0.05623899905715567
451,0.05613336931343877,0.056238693371286654
452,0.05613240081463213,0.05623830816395056
453,0.05613094714148428,0.05623695226939905
454,0.05613004825532105,0.05623624853868246
455,0.05612852978397476,0.05623513483946707
456,0.05612794945558069,0.0562348890518641
457,0.05612696109800368,0.05623432200106593
458,0.05612643381120877,0.0562340804668303
459,0.0561257934823265,0.05623389770388648
460,0.056125045466128155,0.05623370209757242
461,0.05612440968859956,0.05623337403866987
462,0.0561238582607393,0.05623358035979654
463,0.05612276365227922,0.05623298534554672
464,0.05612085104181017,0.05623131316098608
465,0.0561188644458734,0.05622968543735137
466,0.056117819072786096,0.0562289663237737
467,0.05611719877012261,0.056228780824354486
468,0.05611574665278597,0.056227443962333146
469,0.05611513798764457,0.0562272385022242
470,0.05611424187607207,0.05622672732003306
471,0.056113728177893625,0.05622652334227167
472,0.056112901538666396,0.05622594670032732
473,0.05611246490581585,0.056225963902389715
474,0.05611138424925472,0.056225303641450605
475,0.05611080233253415,0.05622502779805117
476,0.0561098905604477,0.05622464211108417
477,0.05610913863889738,0.05622408668315325
478,0.05610867828756596,0.056224106112071286
479,0.05610729943904806,0.056223620558729655
480,0.05610576060149741,0.05622218702686836
481,0.056105159974237206,0.056221997243389374
482,0.056104462677093195,0.05622210922707628
483,0.05610338535132276,0.056221274014565094
484,0.05610138994731266,0.05621943775622501
485,0.056100334774820584,0.05621882856877395
486,0.05609971722225977,0.05621877167635429
487,0.05609900220773349,0.0562183712251371
488,0.05609827881477252,0.05621812148767049
489,0.056097629791121026,0.05621820973363788
490,0.05609660305212199,0.056217269566087844
491,0.05609576828265601,0.05621686346691381
492,0.05609399004443,0.05621543854535508
493,0.056093423165473257,0.05621529108935422
494,0.05609257149287751,0.056214619730180125
495,0.056091963827770305,0.05621435173280812
496,0.05609132976244134,0.056214924891892296
497,0.05609034722377852,0.056214039057963204
498,0.05608905908655786,0.056213421687818205
499,0.05608746666400972,0.0562122095523693
500,0.05608624739549197,0.056211746685809603
501,0.05608527838710005,0.05621153582528859
502,0.056084675746217984,0.05621106464656449
503,0.056083905226025625,0.05621072238571298
504,0.05608331265044768,0.05621051447862988
505,0.05608231936546639,0.056209890240475895
506,0.05608186731725123,0.05620992055034838
507,0.05608094859150203,0.056209441498385256
508,0.056080387208836395,0.05620929167913503
509,0.05607946348722891,0.056208907566860714
510,0.056078898030652816,0.056208726522057835
511,0.05607782614421409,0.056207947166556194
512,0.0560772526265796,0.05620796999080029
513,0.0560763172756856,0.05620734942643768
514,0.056075753855629164,0.05620711117008003
515,0.056075223336864245,0.05620708224331513
516,0.056074635795935426,0.056206778367549705
517,0.05607401659423731,0.05620705465095903
518,0.05607341270964415,0.0562071303698759
519,0.05607293034163031,0.05620704739236482
520,0.05607219467473359,0.0562067612309721
521,0.056071464648517214,0.056206497955162485
522,0.056070607822145895,0.056205848165729565
523,0.056069220237474224,0.056204645331359424
524,0.056068391804530826,0.0562039837556861
525,0.056067559928914185,0.05620329231367874
526,0.05606714494905777,0.056203437898844015
527,0.05606662613632123,0.056203259907949436
528,0.05606590819206803,0.05620332950965043
529,0.05606540468841511,0.056203141045526456
530,0.05606478408697729,0.056202978657870974
531,0.05606417631933418,0.056202858528599485
532,0.05606355162001498,0.05620266592038918
533,0.05606288256554069,0.056202196801383095
534,0.05606191853040579,0.056201332857903796
535,0.05606134708276901,0.05620142194705955
536,0.05606079751833297,0.05620135849856192
537,0.056059834295606854,0.056200871877787134
538,0.05605906890794937,0.056200445521644125
539,0.05605812235634524,0.056199834018966784
540,0.056057491709610545,0.05619964065949622
541,0.056056350414000415,0.05619886488366662
542,0.056055385086687705,0.05619811557084172
543,0.05605434303072683,0.05619727194793096
544,0.05605343744821549,0.05619658339012858
545,0.056052657544278885,0.05619619505472952
546,0.05605214940832889,0.056195927352006673
547,0.056050532926396106,0.056195102584604195
548,0.05604960187134251,0.05619442893853897
549,0.056049014316126924,0.05619419345701334
550,0.05604843723575159,0.05619433208659205
551,0.05604715962530083,0.05619300965019253
552,0.05604646547641329,0.05619282562278341
553,0.05604561423548197,0.056192248680302224
554,0.056045082049179726,0.056192136272470425
555,0.05604457146247951,0.05619224758789831
556,0.05604381993115446,0.05619164880405615
557,0.05604335488278509,0.05619158171064136
558,0.05604284780485676,0.05619199770886342
559,0.05604157942807887,0.056191502111884936
560,0.05604107468758637,0.056191238976619304
561,0.05603987129993795,0.05619072826991348
562,0.056039247370257284,0.05619056220784895
563,0.056038439736455926,0.056190089893936014
564,0.056038001044490145,0.05619017186264504
565,0.05603736341379259,0.056189906940927695
566,0.05603686535839489,0.05618980995609504
567,0.05603565928239557,0.056189035390813664
568,0.05603492516112102,0.05618852318324466
569,0.05603428399991685,0.05618815623528386
570,0.05603311513195694,0.05618727361776009
571,0.05603263541071361,0.05618780163129305
572,0.0560321771456158,0.05618765141444043
573,0.056031401381871716,0.05618687777248345
574,0.05603087198984213,0.056186706351913404
575,0.05602993979714789,0.05618623544341798
576,0.05602930014907495,0.05618602750564169
577,0.056028342684042755,0.05618561691315577
578,0.056027533266372206,0.05618528160995834
579,0.05602674760826134,0.056185127731431375
580,0.05602581944881176,0.056184735135783696
581,0.05602532571404306,0.05618467258517303
582,0.05602479529238502,0.056184661973336256
583,0.056024038851991816,0.056184328784121614
584,0.056023384338398,0.05618401998952321
585,0.05602279445832361,0.05618372478638794
586,0.05602228316339846,0.05618380201068893
587,0.05602170126564672,0.05618359501447561
588,0.056020914003374486,0.05618338427768285
589,0.056019641613854344,0.05618282212919626
590,0.05601924835543215,0.05618284721756342
591,0.056018174342355224,0.056182461732032556
592,0.056017528997069695,0.056182314424477665
593,0.05601679837572571,0.05618169773097305
594,0.05601572855183558,0.05618068442559845
595,0.05601485763378063,0.056179857001069006
596,0.05601411426104157,0.056179474440356605
597,0.05601315094179146,0.05617885672804667
598,0.056012512657159313,0.05617836759845713
599,0.05601170240069788,0.0561773472476684
600,0.056011137840767895,0.056177297682468305
601,0.05601038187688057,0.056176986792225415
602,0.05600939096984597,0.05617644240141561
603,0.05600879829159753,0.05617619931376005
604,0.05600800602008868,0.05617617941673079
605,0.05600752186899066,0.056176116589003525
606,0.0560068460755529,0.05617592630676808
607,0.056005601956570845,0.05617467968540206
608,0.056004570063541745,0.056173904141763285
609,0.056003446259647156,0.05617302935985367
610,0.056002713936364995,0.05617291844078278
611,0.056002134648202424,0.056172522721594384
612,0.05600132751033884,0.05617216692826678
613,0.05600055605216089,0.056171693566082
614,0.0559996666174524,0.05617117523768328
615,0.055999040383596294,0.056170849709326544
616,0.05599829340898063,0.0561702198100609
617,0.05599778731468067,0.05617014961968149
618,0.0559972335556991,0.05616995191402891
619,0.05599644281117117,0.05616918675583637
620,0.05599587307842871,0.05616929252564053
621,0.05599411235007779,0.056168041890084945
622,0.05599349358030269,0.05616781545221708
623,0.05599304913375793,0.056167757761079184
624,0.055992438624569034,0.05616778649661457
625,0.05599183052037112,0.05616804600437929
626,0.05599124742077673,0.056168222023233495
627,0.05599068200348309,0.05616794803029133
628,0.055989930171668284,0.0561677907747462
629,0.05598897640998917,0.056166869109528006
630,0.05598834260303952,0.05616639431436556
631,0.05598782279708902,0.056166214594356445
632,0.05598729773076402,0.05616597047129952
633,0.055986902129277684,0.056165909084094336
634,0.05598635146299041,0.05616592979810575
635,0.05598590193572429,0.056165863442439345
636,0.055985189853507374,0.056165176850452816
637,0.05598463793859435,0.056165046857956785
638,0.055984019774777606,0.05616488630890433
639,0.055983356386187226,0.056164339219972055
640,0.05598276282700079,0.056164114131557266
641,0.055981675849386264,0.056163468886490694
642,0.05598103973479932,0.056162994850962836
643,0.05598044145475576,0.05616254336981646
644,0.05597983287672142,0.056162389815284576
645,0.05597945656688385,0.05616214244702198
646,0.055978644497739496,0.056161906077384194
647,0.05597773577371389,0.0561617431210889
648,0.05597690587361812,0.056161667271567746
649,0.055976213730838616,0.056161272825912996
650,0.05597539075743278,0.056160885003031756
651,0.05597485272080936,0.056160731933451606
652,0.055974494748732395,0.056160692273906646
653,0.05597400417704971,0.05616083365244968
654,0.0559735455601503,0.05616070415109286
655,0.05597278889166886,0.056160406900711723
656,0.055971746988955774,0.05615960137586482
657,0.05597090752920267,0.05615890935475158
658,0.055970278283026094,0.05615843372910757
659,0.05596977296303831,0.05615835725425041
660,0.05596930197439585,0.056158121354608646
661,0.05596876270029581,0.05615780790325768
662,0.05596779150950814,0.0561571248073587
663,0.05596701892000007,0.05615697715050563
664,0.05596612039758504,0.0561563012633196
665,0.05596535623528389,0.05615642940767501
666,0.05596435355397692,0.05615552772797127
667,0.055963505886689545,0.056154965142870855
668,0.05596301404151219,0.056154744567903404
669,0.05596246286108211,0.05615448738763404
670,0.05596170817470603,0.056154223030309716
671,0.05596109248593346,0.05615366663682844
672,0.05595883155579422,0.05615213269331018
673,0.05595812318628947,0.0561515830220094
674,0.05595695821623166,0.05615098719529736
675,0.055956433839148306,0.056150733695164025
676,0.05595600503610935,0.056150702032172845
677,0.05595544028613913,0.05615034657989336
678,0.0559544058067951,0.05615003063222941
679,0.055953841234454314,0.05614984712400268
680,0.055953391764719404,0.05614979576316117
681,0.05595272860635438,0.0561496944077778
682,0.0559520038986285,0.05614917330128331
683,0.05595134108434057,0.056148752685626184
684,0.05595103082259057,0.056148802923112605
685,0.055950417455623624,0.05614861136156654
686,0.05595002193731643,0.056148520556203445
687,0.05594939936635865,0.056148452096894536
688,0.05594885458698913,0.056148404048672544
689,0.0559483210327275,0.05614850941388649
690,0.05594787433142112,0.056148507411866076
691,0.0559475317144811,0.05614844444274068
692,0.05594698829033263,0.05614807541288566
693,0.055946478033149886,0.05614797560399574
694,0.055945864754122686,0.05614749560414633
695,0.055944942125121334,0.05614685336866528
696,0.0559442815489351,0.056146566671199084
697,0.05594319939015928,0.056145932304678084
698,0.0559412208190286,0.05614403345055982
699,0.05594042600066665,0.05614377595391541
700,0.05593954469268115,0.05614328081925793
701,0.05593896108243024,0.05614299974294515
702,0.055938429642456954,0.056143323988732806
703,0.05593801888643388,0.05614332254151091
704,0.055937385723983275,0.05614328752377307
705,0.05593680424960124,0.05614336181778819
706,0.055935658342624525,0.05614311153493185
707,0.055934910928974714,0.056142780366290126
708,0.05593412930668456,0.05614205995618019
709,0.055933856447890326,0.05614202750846594
710,0.05593329440305506,0.05614178329875432
711,0.055932512389732784,0.05614124146651277
712,0.055931894909744366,0.05614095765892484
713,0.055931388428386644,0.05614088775804905
714,0.05593097653284108,0.05614098237952043
715,0.055930290863482536,0.05614095029065991
716,0.0559297211322469,0.05614079706571203
717,0.055929165085998024,0.056140390754539235
718,0.05592867942929058,0.05614036309207353
719,0.055928097038333305,0.05614029940168783
720,0.05592708872835274,0.05614003886356194
721,0.05592656673774301,0.056139745916926775
722,0.055925707872409525,0.056139251734417035
723,0.05592531319530093,0.05613921014547
724,0.05592482538049341,0.0561390837996183
725,0.05592413527887244,0.0561387985499133
726,0.0559238249587098,0.05613871563268307
727,0.05592310728638541,0.05613818032626774
728,0.05592230168198864,0.05613793425229061
729,0.05592144266024915,0.0561376986875769
730,0.05592094033154385,0.05613746109034752
731,0.05591914130427376,0.05613577109713765
732,0.05591846807789548,0.056135290277152874
733,0.055917812091841546,0.05613481914677818
734,0.05591725294685124,0.05613478480993955
735,0.05591686825103977,0.05613483233156408
736,0.05591614943538551,0.05613501660879931
737,0.055915586667485195,0.05613488769994578
738,0.05591506454073775,0.056134877515630725
739,0.05591476627832271,0.05613482758356425
740,0.055914238501439575,0.05613490529402813
741,0.05591372942332298,0.056134924810397106
742,0.05591321616349713,0.056134871718998364
743,0.055912434253735044,0.056134634842977565
744,0.05591203294287279,0.05613453653053077
745,0.05591166008279856,0.0561344086555137
746,0.0559111933449412,0.0561340706300607
747,0.05591061391126876,0.056134032068203416
748,0.05590911453605735,0.05613291092544446
749,0.055908125332831765,0.056132508548206846
750,0.05590730007947975,0.056131929508683204
751,0.05590641600069118,0.05613164718536783
752,0.0559059918663021,0.0561315930116225
753,0.05590565904263024,0.056131418709983366
754,0.055904840893951646,0.056130580383629135
755,0.05590319644517829,0.056128928164143325
756,0.05590242158244232,0.05612897438836135
757,0.0559016724857189,0.05612892619817499
758,0.055901338762381354,0.05612899270248593
759,0.05590065515301081,0.05612858651458691
760,0.055900013549258,0.05612866601279529
761,0.05589945676591121,0.05612843694146406
762,0.05589877330562012,0.05612813972978526
763,0.055898061122626345,0.05612803175926451
764,0.05589753980791174,0.05612789772176235
765,0.05589717047192475,0.05612786888590825
766,0.05589658270527496,0.056127657313482376
767,0.05589608994290278,0.056127566624685855
768,0.05589566293928787,0.056127552214216815
769,0.05589507082982192,0.056127485260125336
770,0.055894709847841034,0.056127531508020766
771,0.055894223564267737,0.05612734432685657
772,0.05589364269282482,0.05612738255134046
773,0.05589305412433456,0.05612719689532476
774,0.055892632413668444,0.056127042566546374
775,0.05589182755479544,0.05612695175475811
776,0.05589130075992167,0.056126849588648116
777,0.05589076102354199,0.056126794434692
778,0.0558903319020818,0.05612680268582685
779,0.0558900089801265,0.05612676087291075
780,0.05588939862212955,0.0561264938737564
781,0.055888826760291464,0.05612640470151996
782,0.05588830605197537,0.056126394108295855
783,0.055887801711211264,0.056126376983335474
784,0.05588723535395748,0.05612602867686022
785,0.05588666257190174,0.05612561927696611
786,0.05588590330089765,0.056125061964283636
787,0.055885286713120264,0.056124600177899324
788,0.05588468666682326,0.056124394209393684
789,0.05588403805122765,0.056123982504706384
790,0.05588370744328229,0.056124042519031046
791,0.05588318180389709,0.0561237710896464
792,0.05588282470312351,0.056123845473234305
793,0.055882117129021476,0.05612383637487238
794,0.05588163254791199,0.05612384513527059
795,0.05588123902092266,0.05612379835105559
796,0.05588082476054805,0.05612365906964881
797,0.05588008620732626,0.056123291458423145
798,0.05587961670206765,0.0561232847970959
799,0.05587881052648171,0.05612313169728535
800,0.05587825258196565,0.05612283762884444
801,0.05587767650772559,0.056122819705601366
802,0.05587721816157997,0.05612267043585599
803,0.05587672142731713,0.05612241729773856
804,0.055876299558630105,0.05612229642168688
805,0.05587574762339139,0.056122058275614
806,0.05587523681363704,0.05612195125796241
807,0.05587461024792635,0.05612153519739419
808,0.05587422337030466,0.056121464873692906
809,0.05587372899936061,0.05612142665160208
810,0.055873000245025846,0.05612141653412906
811,0.05587215602464319,0.05612120777066943
812,0.055871510157876204,0.05612088574231788
813,0.05587101438304505,0.05612067138308115
814,0.05587041905874511,0.05612027859003511
815,0.055869968846596646,0.05612011659553101
816,0.05586931458990588,0.05611980117723332
817,0.05586896586139281,0.0561196339419132
818,0.055868017708250124,0.056119256159062374
819,0.05586751353708001,0.056118941785972154
820,0.055866187935588243,0.056117885065254954
821,0.05586519535584717,0.05611765973459662
822,0.05586456356943937,0.056117338246827846
823,0.05586416500585535,0.05611716921741317
824,0.055863842071473116,0.056117307510700105
825,0.05586330620124133,0.05611725753986211
826,0.055862207231679915,0.05611716008040588
827,0.055861522438263075,0.05611708930357329
828,0.0558606814400567,0.056116785201947184
829,0.05586017395676928,0.05611684454233975
830,0.05585986546702386,0.0561168911419354
831,0.05585851260936617,0.056116058436791606
832,0.055857854690676306,0.05611554729895026
833,0.05585681271710973,0.05611490311800541
834,0.05585625177947003,0.056114538698487725
835,0.0558556924556295,0.05611419642719332
836,0.05585520479147286,0.05611419014914102
837,0.05585443236183907,0.056113957436994544
838,0.055853778388496284,0.056113548202804966
839,0.055853351793853014,0.05611363529609015
840,0.0558527366298849,0.0561130105744503
841,0.055852225899068686,0.056112966269834724
842,0.055851513438799405,0.056112438164671555
843,0.05585121427161573,0.05611242458449476
844,0.05585075592373576,0.05611240536725597
845,0.05585009434680545,0.0561123186378193
846,0.05584934290918211,0.056111891979796755
847,0.055848977046126604,0.05611188217901034
848,0.055848644041909326,0.05611183373386082
849,0.0558481183453325,0.05611161340621839
850,0.0558472594310785,0.05611116012740994
851,0.055846770211253026,0.05611090412454938
852,0.05584630485194822,0.05611085806160332
853,0.055845958838004486,0.05611087414800185
854,0.05584558634932574,0.05611085848090552
855,0.05584520466434748,0.05611096206704447
856,0.05584463724774495,0.056110567278573005
857,0.055844207108830354,0.05611075020340395
858,0.055843614031579024,0.05611034909321548
859,0.05584290372680506,0.056109813987369944
860,0.055842269053916975,0.05610967327710669
861,0.05584165898558239,0.05610956830102419
862,0.055841228055101395,0.056109705125781104
863,0.05584081376193023,0.05610962709673158
864,0.05584044976556713,0.05610969092818006
865,0.05583994271798649,0.05610963644365067
866,0.0558394409082115,0.056109598574708555
867,0.055839164435493714,0.05610969554101794
868,0.055838869407380747,0.05610969893236572
869,0.05583823482438603,0.056109275396064515
870,0.05583776391542701,0.05610920403741923
871,0.055837356667193645,0.05610915418426277
872,0.05583685679415624,0.0561090759590969
873,0.055836428856931956,0.05610908402947114
874,0.055835597154221844,0.056108778467182395
875,0.0558351236729371,0.05610864943771504
876,0.05583458688927757,0.056108469591198494
877,0.0558341051667924,0.05610830164010528
878,0.055833429220677876,0.056107691698817
879,0.05583272293632412,0.05610707030788617
880,0.05583206231797226,0.05610670996226936
881,0.055831361178529756,0.05610654676864567
882,0.05583053135878801,0.05610615383379748
883,0.05582983938251007,0.056105872524584856
884,0.05582927705597837,0.056105849971879854
885,0.05582880583831358,0.056105712878818846
886,0.05582832448069356,0.056105471998369884
887,0.05582783651323221,0.0561052120978816
888,0.055827070365967464,0.05610511053056645
889,0.05582676023423214,0.0561051567451362
890,0.05582632615495852,0.05610499779398912
891,0.05582578992960244,0.056104766442892834
892,0.05582521877716064,0.056104301317192906
893,0.05582437907996094,0.056103480953277385
894,0.05582391417514008,0.056103386320077143
895,0.05582324712348449,0.05610288697283881
896,0.05582203059390037,0.05610198345042007
897,0.05582155622941719,0.05610182348229686
898,0.05582089112917308,0.05610151392318708
899,0.05582027982949044,0.056101710640561464
900,0.05581979092586195,0.05610158811561124
901,0.05581884131028696,0.05610135285239659
902,0.05581850465603493,0.05610137787687241
903,0.05581813223522954,0.05610127457826035
904,0.055817496329485246,0.05610072300331801
905,0.055816745771783485,0.05610035490907039
906,0.05581614243591187,0.05609994051058878
907,0.05581571161114042,0.05609975796524384
908,0.05581506948062136,0.0560995431279342
909,0.05581438856468655,0.0560991925569932
910,0.055813968296997994,0.05609906245071196
911,0.05581360968794654,0.056098922191064805
912,0.05581316150377051,0.05609883426786775
913,0.05581279151786903,0.056098899758335354
914,0.055812371427277165,0.05609879743705996
915,0.055811904403224595,0.05609884960451125
916,0.05581147678013889,0.056098700442547306
917,0.05581052864514187,0.05609834744522174
918,0.055810072231767184,0.0560983869146819
919,0.05580927744834163,0.05609810046696359
920,0.055808916588335186,0.05609834200191936
921,0.05580843435243606,0.056098034304340585
922,0.05580796774969833,0.05609800626723798
923,0.055807587526606195,0.05609775049112613
924,0.055807234278353775,0.05609763924309337
925,0.05580683447951974,0.056097545682355664
926,0.055806358126774196,0.05609766370657583
927,0.0558052321867061,0.056096999588288295
928,0.05580473791847259,0.05609686339553201
929,0.05580405154883443,0.056096767238421205
930,0.05580348512549908,0.05609662413483398
931,0.05580241251178316,0.0560957851697481
932,0.055801907222506934,0.056095480439129694
933,0.05580118702209699,0.056095316048509355
934,0.05580059597448039,0.05609514269617596
935,0.05580012996391412,0.05609497085249576
936,0.055799535555453035,0.056094839611735545
937,0.0557989308838616,0.05609429370164804
938,0.055797087797144276,0.05609287750372305
939,0.055796330874618064,0.05609247609965261
940,0.055796031599338276,0.05609242065508481
941,0.05579556566232608,0.05609232179250935
942,0.05579497458084486,0.056092192323165695
943,0.05579463455054362,0.05609206765805901
944,0.055794315941811314,0.05609196090669393
945,0.05579396838436979,0.056091931380585096
946,0.05579311361171019,0.056091664221290936
947,0.0557927501502553,0.056091693435008055
948,0.05579176107330579,0.0560911390773793
949,0.05579115767655952,0.05609109056314309
950,0.055790578687709244,0.05609100460052173
951,0.055790318509823356,0.056091055120694046
952,0.05579007102092913,0.056091056724795765
953,0.05578974036260964,0.05609106415043552
954,0.055789271550263114,0.056090823830974884
955,0.05578891187299587,0.05609069019910955
956,0.05578856328127788,0.05609056345200983
957,0.05578823003924346,0.05609060157535067
958,0.05578751300840943,0.056090279949371734
959,0.05578674470877746,0.056089884007322593
960,0.05578603119450977,0.0560895752210497
961,0.055785485066215015,0.056089129771726934
962,0.055784983325173905,0.0560890689860746
963,0.055784074483953026,0.05608892767665142
964,0.0557833628108182,0.056088938531891244
965,0.05578279384786793,0.05608892747155835
966,0.055782254049952615,0.05608895519933202
967,0.055781922572164376,0.05608885205011187
968,0.05578160771852388,0.05608886479912197
969,0.05578123784571594,0.05608908547468045
970,0.05578059315100734,0.05608885465383846
971,0.055780192087009337,0.05608882913670029
972,0.055779558356835166,0.056088508681172385
973,0.05577889123605424,0.05608815399122893
974,0.055778473911618984,0.05608816591302808
975,0.05577785051710291,0.056087727077935204
976,0.05577730667434636,0.05608738337584098
977,0.055776370092468476,0.05608655579986018
978,0.05577599569518157,0.05608647013896358
979,0.05577508426093648,0.05608576826636278
980,0.05577463640488944,0.056085704144036096
981,0.05577412627267544,0.05608567564240642
982,0.055773848580717406,0.056085759962076646
983,0.055773573470590664,0.05608578166102151
984,0.055772758258282,0.056085053865793565
985,0.055772159452842945,0.05608503743975883
986,0.05577163321207227,0.05608487927948681
987,0.055771256018264034,0.056084901691205294
988,0.05577077054728034,0.056084841945336805
989,0.05577008145650545,0.05608450510567306
990,0.05576842975264806,0.05608297805899429
991,0.055767983473887464,0.05608296011286274
992,0.055767665921019005,0.056082910732467246
993,0.05576725344219527,0.056082705967413715
994,0.05576679766973761,0.056082939780100226
995,0.05576633034388179,0.05608298366603774
996,0.055765847914952586,0.05608308894135367
997,0.055765418652821405,0.056082958392108063
998,0.05576466643869582,0.05608271310436637
999,0.055764397193482265,0.05608272667209159
1000,0.05576370024689541,0.05608232486006622
1001,0.05576319496565059,0.05608214694187831
1002,0.05576263009966534,0.056082064051952166
1003,0.05576231406927441,0.056082125345019565
1004,0.05576189393766427,0.05608206130503468
1005,0.05576128436833847,0.056082214135488084
1006,0.05576102972208689,0.05608228815492098
1007,0.05576042571509932,0.05608219590358568
1008,0.0557596902213161,0.05608203092348247
1009,0.055759402051042586,0.05608209066179254
1010,0.05575868502505781,0.0560814806069251
1011,0.05575830060268504,0.056081501274101525
1012,0.05575777801475081,0.05608106312858289
1013,0.055757461176105735,0.05608101588551006
1014,0.05575679902868343,0.056081061397054245
1015,0.055756420849817835,0.056080991399303434
1016,0.055755961098107376,0.056080892848615234
1017,0.05575547825449099,0.056080530326673574
1018,0.055755084758042375,0.05608044371291168
1019,0.055754472681344126,0.056080213291273835
1020,0.05575406817840831,0.05608022176632088
1021,0.05575374738255141,0.05608033851960844
1022,0.055753433761131045,0.05608015384718602
1023,0.0557531462731727,0.056080268099844045
1024,0.05575253621925473,0.05608002798763478
1025,0.05575213765163033,0.05608009129796898
1026,0.055751611314245705,0.05607978026423535
1027,0.055750762007541414,0.056079391428076206
1028,0.05575022712190427,0.05607953358993677
1029,0.05574986789812515,0.056079496803074266
1030,0.05574936322863348,0.05607917517255821
1031,0.0557489557149407,0.056079178856950136
1032,0.05574871762928333,0.0560792118399167
1033,0.05574815759068041,0.05607917864348072
1034,0.055747861835561845,0.056079071313692844
1035,0.05574744300748215,0.056079181944751734
1036,0.05574715085164473,0.05607910997299334
1037,0.05574686002799871,0.056079124563777394
1038,0.05574647570798653,0.056078913683242936
1039,0.05574624156370957,0.0560789205524462
1040,0.0557457877083903,0.05607879964909852
1041,0.05574535471465988,0.056078798145033804
1042,0.05574486051508842,0.05607865685485907
1043,0.05574437815310387,0.05607828672214537
1044,0.05574399216844429,0.05607824748521982
1045,0.055743646204976634,0.05607815598504141
1046,0.0557433288098968,0.056078086984968585
1047,0.05574304220877833,0.056078041465572576
1048,0.05574247574983231,0.056078206428869175
1049,0.055742086164082896,0.056077934307241686
1050,0.0557416545965397,0.05607813792820065
1051,0.05574086361219778,0.05607772955387161
1052,0.05574034672500603,0.05607781394004748
1053,0.055739817299501226,0.05607775872825398
1054,0.05573935368851711,0.05607745640025218
1055,0.05573891592335842,0.0560773795212031
1056,0.055738574130744054,0.05607737192858019
1057,0.055737842592812115,0.056077047778746315
1058,0.055737451540946045,0.0560771617383669
1059,0.05573686486714469,0.056076999414986776
1060,0.05573633723206892,0.05607678602504892
1061,0.05573586648508828,0.05607691622609392
1062,0.055735526818771024,0.05607717573312041
1063,0.05573504724608369,0.05607697151461119
1064,0.05573473575085985,0.0560769648552187
1065,0.05573432475624391,0.05607686694672797
1066,0.05573400744495088,0.05607695412267453
1067,0.05573355114465289,0.05607663676148074
1068,0.05573318245158103,0.05607658902893478
1069,0.055732736320556725,0.05607640919366737
1070,0.05573239437333067,0.05607637543244147
1071,0.05573175337490338,0.0560764719344038
1072,0.055731153177271744,0.05607621973838075
1073,0.05573075800553184,0.0560760809910379
1074,0.055730379514754694,0.05607599934305763
1075,0.05573009202128094,0.05607598634845841
1076,0.0557295107620327,0.056076058708421896
1077,0.05572906392596163,0.05607621781987566
1078,0.055728592800939176,0.05607598708043071
1079,0.05572793893249167,0.05607591310783383
1080,0.05572747973658698,0.05607570865213248
1081,0.05572697216884209,0.05607582839227779
1082,0.05572607373084417,0.05607504148625396
1083,0.055725701443097284,0.05607486156646045
1084,0.05572524191501033,0.056074991686572394
1085,0.055724866762925894,0.0560749753191896
1086,0.05572439675000444,0.05607503247075004
1087,0.05572386952083806,0.05607502809033321
1088,0.0557234783824688,0.05607461502014351
1089,0.055722408738220215,0.05607342568808631
1090,0.05572189303534927,0.05607306243541986
1091,0.0557210587748057,0.056072429159955854
1092,0.05572035233349524,0.056071831728265145
1093,0.05571986087617648,0.05607171338381757
1094,0.05571940045584429,0.05607167142790134
1095,0.05571794628066944,0.05607055736591892
1096,0.055717623703763854,0.05607041946927386
1097,0.05571732697018986,0.056070483706074085
1098,0.055716897005693294,0.05607010802943052
1099,0.05571652624008151,0.056070062000134285
1100,0.05571600607999488,0.05606995760182283
1101,0.055715589191925194,0.056070057550110984
1102,0.055714779207022704,0.056069673073862465
1103,0.05571411554504346,0.056068993646071506
1104,0.055713588653235654,0.05606911845931233
1105,0.05571340506690077,0.056069092431531596
1106,0.05571306067655928,0.05606908357034623
1107,0.05571274187706775,0.05606892392035802
1108,0.05571245233990722,0.05606877949061988
1109,0.05571198694009915,0.05606872637755962
1110,0.05571149194588641,0.056068649020251514
1111,0.0557108731582413,0.056068347611712026
1112,0.05571042964502234,0.05606824494540218
1113,0.0557099764538539,0.05606840819829781
1114,0.05570963596780233,0.05606838453143931
1115,0.055709335891456914,0.056068461244735364
1116,0.055709066940357675,0.05606835077214485
1117,0.055708644435277725,0.056068188762105904
1118,0.05570799123806865,0.05606769601824754
1119,0.05570760766978707,0.05606746037116142
1120,0.05570708908514265,0.05606725551900923
1121,0.05570684020857156,0.05606718690448047
1122,0.05570624790948059,0.05606721064693831
1123,0.05570582375885934,0.056067249613722614
1124,0.0557055006288765,0.0560673049146284
1125,0.05570502138553974,0.056067032301624575
1126,0.0557046567346251,0.05606683170302521
1127,0.05570425337743952,0.05606681678471143
1128,0.05570394058814507,0.056066794030558635
1129,0.05570361390968767,0.05606664730956784
1130,0.05570317472579719,0.056066615217279576
1131,0.05570289949270054,0.056066711706615785
1132,0.055702568118663594,0.056066749929155155
1133,0.055701998455460956,0.05606655555382775
1134,0.05570167630522387,0.05606669423377233
1135,0.055701238737335554,0.05606654146814709
1136,0.05570056391078552,0.05606637025147639
1137,0.05570007330407487,0.05606633446813399
1138,0.055699706131713184,0.056066231307598066
1139,0.055699384508762224,0.056066107661821775
1140,0.05569899442600805,0.056066145705785324
1141,0.055698300850762605,0.05606621535089134
1142,0.055697768737281085,0.05606623526670419
1143,0.05569728014178036,0.056065793938943724
1144,0.055696936105600656,0.05606585426936428
1145,0.05569669589117684,0.05606591679567857
1146,0.05569624513089359,0.056065861307538795
1147,0.05569555992328162,0.056065666832680584
1148,0.05569505694725479,0.05606519264783163
1149,0.05569472978105511,0.05606511150189737
1150,0.05569419780813537,0.05606495273870228
1151,0.05569389290990129,0.056064999745899874
1152,0.0556934173739401,0.056065138450092075
1153,0.055693025468001506,0.056065080815132506
1154,0.05569249218602362,0.056064805698148056
1155,0.05569200391018537,0.05606459728283233
1156,0.05569162614738279,0.05606442150545543
1157,0.05569112884186119,0.05606447635546877
1158,0.05569080595378365,0.05606460562728341
1159,0.05569026649561151,0.056064606368406086
1160,0.055689913829194894,0.056064498530479775
1161,0.05568927869345691,0.05606418020292694
1162,0.05568888709232961,0.056063842184529034
1163,0.05568830697740609,0.05606389292818366
1164,0.05568774001684851,0.056063828410668815
1165,0.055686748613247114,0.05606334567806217
1166,0.055686417744351055,0.05606340042453544
1167,0.05568547610356392,0.056063332708248495
1168,0.055685045156831106,0.0560633303910674
1169,0.05568481633304714,0.056063407541973524
1170,0.05568348451587258,0.056062380697053354
1171,0.05568307939251341,0.056062271050975346
1172,0.05568242535280901,0.056061896963686395
1173,0.05568197502119029,0.056061714352762596
1174,0.05568140419346066,0.05606170664988898
1175,0.05568091569255636,0.056061677974697445
1176,0.05568052784565726,0.05606162434753632
1177,0.055680179345963705,0.056061628983920433
1178,0.055679318929249426,0.05606157617461404
1179,0.05567912152303225,0.05606159012085304
1180,0.05567848116353873,0.05606135777208794
1181,0.05567795695198143,0.05606104300999973
1182,0.05567745127960425,0.0560610952592763
1183,0.05567713847535107,0.05606106272823696
1184,0.05567639975963453,0.05606061574959126
1185,0.055675839321292234,0.0560606931702248
1186,0.05567537583064726,0.056060641004610244
1187,0.055674831836230405,0.05606048639093231
1188,0.05567462929829108,0.056060501413918405
1189,0.05567418901346539,0.05606026229230603
1190,0.05567372118199235,0.05606007765955113
1191,0.055673261462048415,0.05606027147728944
1192,0.05567269819993423,0.05606015605755377
1193,0.055672213440853345,0.05605987322743341
1194,0.05567196052721586,0.05606001517937461
1195,0.05567163560363296,0.05606027332700048
1196,0.05567130431646678,0.056060201643931475
1197,0.05567099686184476,0.056060306445455975
1198,0.05567058156320805,0.05606042272479207
1199,0.055670050660222584,0.05606048883430291
1200,0.0556694492823785,0.05606050153002629
1201,0.05566885926736249,0.05606029036395256
1202,0.05566857615906551,0.05606034112715653
1203,0.055667696883245264,0.056060164408011294
1204,0.05566728806907803,0.056060133035029915
1205,0.05566699915244453,0.056060119665992635
1206,0.055666577907942265,0.05606005015230078
1207,0.05566616926897094,0.056060027496756225
1208,0.05566582374883263,0.05606000623164845
1209,0.05566531252615118,0.056059929754616405
1210,0.05566506832937373,0.056059975853987254
1211,0.05566469982625018,0.056060106098721085
1212,0.055664318904517944,0.05606015898433892
1213,0.05566374523516332,0.056059716456074535
1214,0.05566331718366607,0.05605966786196839
1215,0.055662976890698254,0.05605937281163744
1216,0.055662340462546304,0.05605912564768977
1217,0.0556619832263615,0.05605912279796099
1218,0.05566162605531182,0.056059063765862414
1219,0.055661313573835546,0.056058968117788516
1220,0.055660927828476744,0.056059070097064775
1221,0.05566050127471682,0.056059114566643774
1222,0.055660084685011414,0.05605884259690475
1223,0.055659699456874934,0.056058684826619555
1224,0.05565922946175242,0.05605864628397482
1225,0.05565885369932982,0.056058407074337194
1226,0.05565847005081563,0.05605843155851324
1227,0.055657677842614134,0.05605830820640279
1228,0.05565717271858158,0.056058158668519924
1229,0.055656673448420985,0.056058203444111984
1230,0.05565644745729703,0.056058372836102224
1231,0.055656005345832156,0.056058150605567805
1232,0.055655488973511406,0.056058140440942504
1233,0.05565482081430182,0.05605809950318943
1234,0.05565438779232868,0.056058009173388615
1235,0.05565413304162682,0.056057983743944884
1236,0.05565358835152337,0.05605797908824337
1237,0.05565306263744233,0.056058003647155456
1238,0.05565262392743209,0.05605790965408017
1239,0.055652351829617155,0.056057899712088806
1240,0.05565199335334482,0.05605768078320535
1241,0.05565159502300047,0.056057491175766166
1242,0.055651263729348886,0.056057408385224806
1243,0.05565081965419432,0.05605725211933503
1244,0.05565057143076444,0.05605765725337405
1245,0.05565022195771878,0.05605808005011469
1246,0.05564986834220827,0.05605818926451809
1247,0.05564943006197493,0.05605801426860833
1248,0.055649008982201265,0.05605782001679402
1249,0.05564868676072044,0.05605780609772617
1250,0.05564828187378953,0.056057564806803024
1251,0.055648097424638304,0.05605770757143314
1252,0.05564768831637594,0.056057568088568474
1253,0.05564722007787057,0.056057617569513794
1254,0.055646925393775255,0.05605748551801811
1255,0.05564649684722688,0.05605724928874507
1256,0.05564609418675271,0.05605737073923942
1257,0.05564582483482027,0.05605749690533689
1258,0.055645552679166016,0.05605763415188823
1259,0.055645311818964066,0.0560576990149988
1260,0.05564506193227995,0.05605766340756526
1261,0.05564435022605769,0.056057585609026093
1262,0.05564399352921077,0.056057694616986446
1263,0.055643333560261674,0.056057844614614466
1264,0.055642713359007515,0.05605781716329932
1265,0.055642281250695556,0.056058010925265675
1266,0.0556417286257561,0.05605827881386154
1267,0.05564128620853957,0.056058422923866306
1268,0.055641040548421526,0.05605868381792276
1269,0.0556407462028544,0.05605879582232373
1270,0.05564042455096915,0.05605874978132516
1271,0.055639930924953465,0.05605865185903054
1272,0.05563953933838501,0.05605863607508106
1273,0.055639056708191706,0.056058413797643564
1274,0.05563852539840176,0.05605865668201091
1275,0.055638170741934834,0.05605874394394732
1276,0.05563770122992029,0.05605875706405592
1277,0.055637258146500994,0.05605891190137832
1278,0.05563677346048321,0.05605877228027219
1279,0.055636418290551035,0.056058846419856916
1280,0.05563600323186423,0.05605852835055539
1281,0.055635549367153064,0.056058485956295284
1282,0.05563510690152564,0.05605851281588762
1283,0.05563443199462048,0.05605840990348726
1284,0.055634033123597715,0.056058247743950525
1285,0.055633531920196225,0.05605825513130263
1286,0.05563326126387146,0.056058199237501084
1287,0.055632942076953115,0.05605830147789453
1288,0.05563260435589217,0.05605838201097702
1289,0.05563227145114767,0.056058463564930806
1290,0.05563195599829654,0.056058424765711025
1291,0.05563163263732778,0.056058401565615465
1292,0.055631044669165526,0.05605833596963769
1293,0.055630616888357395,0.05605842339272465
1294,0.0556302117112602,0.05605846720274105
1295,0.05562983350940774,0.056058707769451085
1296,0.055629377493457,0.05605866560326246
1297,0.05562892143615612,0.056058460476562516
1298,0.05562867031429948,0.05605852615470456
1299,0.055628229963090775,0.05605832794551104
1300,0.055627663555110576,0.05605798688675041
1301,0.05562714535496201,0.056057813847121135
1302,0.05562657318097428,0.056057658361934104
1303,0.05562625134948741,0.056057614573816666
1304,0.05562582984367581,0.056057587191433667
1305,0.05562559598999945,0.05605767079118016
